Archive member included to satisfy reference by file (symbol)

C:/Program Files (x86)/Arm GNU Toolchain arm-none-eabi/13.3 rel1/bin/../lib/gcc/arm-none-eabi/13.3.1/thumb/v7e-m+fp/hard\libm.a(libm_a-w_asin.o)
                              GCC/build/inv_mpu.o (asin)
C:/Program Files (x86)/Arm GNU Toolchain arm-none-eabi/13.3 rel1/bin/../lib/gcc/arm-none-eabi/13.3.1/thumb/v7e-m+fp/hard\libm.a(libm_a-w_atan2.o)
                              GCC/build/OLED.o (atan2)
C:/Program Files (x86)/Arm GNU Toolchain arm-none-eabi/13.3 rel1/bin/../lib/gcc/arm-none-eabi/13.3.1/thumb/v7e-m+fp/hard\libm.a(libm_a-s_fabs.o)
                              C:/Program Files (x86)/Arm GNU Toolchain arm-none-eabi/13.3 rel1/bin/../lib/gcc/arm-none-eabi/13.3.1/thumb/v7e-m+fp/hard\libm.a(libm_a-w_asin.o) (fabs)
C:/Program Files (x86)/Arm GNU Toolchain arm-none-eabi/13.3 rel1/bin/../lib/gcc/arm-none-eabi/13.3.1/thumb/v7e-m+fp/hard\libm.a(libm_a-wf_asin.o)
                              GCC/build/Control_Task.o (asinf)
C:/Program Files (x86)/Arm GNU Toolchain arm-none-eabi/13.3 rel1/bin/../lib/gcc/arm-none-eabi/13.3.1/thumb/v7e-m+fp/hard\libm.a(libm_a-wf_sqrt.o)
                              GCC/build/control.o (sqrtf)
C:/Program Files (x86)/Arm GNU Toolchain arm-none-eabi/13.3 rel1/bin/../lib/gcc/arm-none-eabi/13.3.1/thumb/v7e-m+fp/hard\libm.a(libm_a-sf_atan.o)
                              GCC/build/control.o (atanf)
C:/Program Files (x86)/Arm GNU Toolchain arm-none-eabi/13.3 rel1/bin/../lib/gcc/arm-none-eabi/13.3.1/thumb/v7e-m+fp/hard\libm.a(libm_a-sf_cos.o)
                              GCC/build/Control_Task.o (cosf)
C:/Program Files (x86)/Arm GNU Toolchain arm-none-eabi/13.3 rel1/bin/../lib/gcc/arm-none-eabi/13.3.1/thumb/v7e-m+fp/hard\libm.a(libm_a-sf_fabs.o)
                              C:/Program Files (x86)/Arm GNU Toolchain arm-none-eabi/13.3 rel1/bin/../lib/gcc/arm-none-eabi/13.3.1/thumb/v7e-m+fp/hard\libm.a(libm_a-wf_asin.o) (fabsf)
C:/Program Files (x86)/Arm GNU Toolchain arm-none-eabi/13.3 rel1/bin/../lib/gcc/arm-none-eabi/13.3.1/thumb/v7e-m+fp/hard\libm.a(libm_a-sf_sin.o)
                              GCC/build/Control_Task.o (sinf)
C:/Program Files (x86)/Arm GNU Toolchain arm-none-eabi/13.3 rel1/bin/../lib/gcc/arm-none-eabi/13.3.1/thumb/v7e-m+fp/hard\libm.a(libm_a-sf_tan.o)
                              GCC/build/control.o (tanf)
C:/Program Files (x86)/Arm GNU Toolchain arm-none-eabi/13.3 rel1/bin/../lib/gcc/arm-none-eabi/13.3.1/thumb/v7e-m+fp/hard\libm.a(libm_a-s_nan.o)
                              C:/Program Files (x86)/Arm GNU Toolchain arm-none-eabi/13.3 rel1/bin/../lib/gcc/arm-none-eabi/13.3.1/thumb/v7e-m+fp/hard\libm.a(libm_a-w_asin.o) (nan)
C:/Program Files (x86)/Arm GNU Toolchain arm-none-eabi/13.3 rel1/bin/../lib/gcc/arm-none-eabi/13.3.1/thumb/v7e-m+fp/hard\libm.a(libm_a-sf_nan.o)
                              C:/Program Files (x86)/Arm GNU Toolchain arm-none-eabi/13.3 rel1/bin/../lib/gcc/arm-none-eabi/13.3.1/thumb/v7e-m+fp/hard\libm.a(libm_a-wf_asin.o) (nanf)
C:/Program Files (x86)/Arm GNU Toolchain arm-none-eabi/13.3 rel1/bin/../lib/gcc/arm-none-eabi/13.3.1/thumb/v7e-m+fp/hard\libm.a(libm_a-ef_sqrt.o)
                              C:/Program Files (x86)/Arm GNU Toolchain arm-none-eabi/13.3 rel1/bin/../lib/gcc/arm-none-eabi/13.3.1/thumb/v7e-m+fp/hard\libm.a(libm_a-wf_sqrt.o) (__ieee754_sqrtf)
C:/Program Files (x86)/Arm GNU Toolchain arm-none-eabi/13.3 rel1/bin/../lib/gcc/arm-none-eabi/13.3.1/thumb/v7e-m+fp/hard\libm.a(libm_a-s_round.o)
                              GCC/build/OLED.o (round)
C:/Program Files (x86)/Arm GNU Toolchain arm-none-eabi/13.3 rel1/bin/../lib/gcc/arm-none-eabi/13.3.1/thumb/v7e-m+fp/hard\libm.a(libm_a-e_asin.o)
                              C:/Program Files (x86)/Arm GNU Toolchain arm-none-eabi/13.3 rel1/bin/../lib/gcc/arm-none-eabi/13.3.1/thumb/v7e-m+fp/hard\libm.a(libm_a-w_asin.o) (__ieee754_asin)
C:/Program Files (x86)/Arm GNU Toolchain arm-none-eabi/13.3 rel1/bin/../lib/gcc/arm-none-eabi/13.3.1/thumb/v7e-m+fp/hard\libm.a(libm_a-e_atan2.o)
                              C:/Program Files (x86)/Arm GNU Toolchain arm-none-eabi/13.3 rel1/bin/../lib/gcc/arm-none-eabi/13.3.1/thumb/v7e-m+fp/hard\libm.a(libm_a-w_atan2.o) (__ieee754_atan2)
C:/Program Files (x86)/Arm GNU Toolchain arm-none-eabi/13.3 rel1/bin/../lib/gcc/arm-none-eabi/13.3.1/thumb/v7e-m+fp/hard\libm.a(libm_a-s_atan.o)
                              C:/Program Files (x86)/Arm GNU Toolchain arm-none-eabi/13.3 rel1/bin/../lib/gcc/arm-none-eabi/13.3.1/thumb/v7e-m+fp/hard\libm.a(libm_a-e_atan2.o) (atan)
C:/Program Files (x86)/Arm GNU Toolchain arm-none-eabi/13.3 rel1/bin/../lib/gcc/arm-none-eabi/13.3.1/thumb/v7e-m+fp/hard\libm.a(libm_a-kf_cos.o)
                              C:/Program Files (x86)/Arm GNU Toolchain arm-none-eabi/13.3 rel1/bin/../lib/gcc/arm-none-eabi/13.3.1/thumb/v7e-m+fp/hard\libm.a(libm_a-sf_cos.o) (__kernel_cosf)
[...]
Memory Configuration

Name             Origin             Length             Attributes
RAM              0x20000000         0x00020000         xrw
CCMRAM           0x10000000         0x00010000         xrw
FLASH            0x08000000         0x00100000         xr
*default*        0x00000000         0xffffffff

Linker script and memory map

LOAD C:/Program Files (x86)/Arm GNU Toolchain arm-none-eabi/13.3 rel1/bin/../lib/gcc/arm-none-eabi/13.3.1/thumb/v7e-m+fp/hard/crti.o
LOAD C:/Program Files (x86)/Arm GNU Toolchain arm-none-eabi/13.3 rel1/bin/../lib/gcc/arm-none-eabi/13.3.1/thumb/v7e-m+fp/hard/crtbegin.o
LOAD C:/Program Files (x86)/Arm GNU Toolchain arm-none-eabi/13.3 rel1/bin/../lib/gcc/arm-none-eabi/13.3.1/thumb/v7e-m+fp/hard/crt0.o
LOAD GCC/build/system_stm32f4xx.o
LOAD GCC/build/stm32f4xx_it.o
LOAD GCC/build/main.o
LOAD GCC/build/delay.o
LOAD GCC/build/sys.o
LOAD GCC/build/usart.o
LOAD GCC/build/shell.o
LOAD GCC/build/misc.o
LOAD GCC/build/stm32f4xx_adc.o
LOAD GCC/build/stm32f4xx_iwdg.o
LOAD GCC/build/stm32f4xx_cryp.o
LOAD GCC/build/stm32f4xx_cryp_aes.o
LOAD GCC/build/stm32f4xx_dcmi.o
LOAD GCC/build/stm32f4xx_usart.o
LOAD GCC/build/stm32f4xx_crc.o
LOAD GCC/build/stm32f4xx_syscfg.o
LOAD GCC/build/stm32f4xx_ltdc.o
LOAD GCC/build/stm32f4xx_rcc.o
LOAD GCC/build/stm32f4xx_sdio.o
LOAD GCC/build/stm32f4xx_gpio.o
LOAD GCC/build/stm32f4xx_i2c.o
LOAD GCC/build/stm32f4xx_pwr.o
LOAD GCC/build/stm32f4xx_rtc.o
LOAD GCC/build/stm32f4xx_dbgmcu.o
LOAD GCC/build/stm32f4xx_cryp_tdes.o
LOAD GCC/build/stm32f4xx_fsmc.o
LOAD GCC/build/stm32f4xx_exti.o
LOAD GCC/build/stm32f4xx_spi.o
LOAD GCC/build/stm32f4xx_flash_ramfunc.o
LOAD GCC/build/stm32f4xx_rng.o
LOAD GCC/build/stm32f4xx_hash_md5.o
LOAD GCC/build/stm32f4xx_hash_sha1.o
LOAD GCC/build/stm32f4xx_cryp_des.o
LOAD GCC/build/stm32f4xx_dma2d.o
LOAD GCC/build/stm32f4xx_flash.o
LOAD GCC/build/stm32f4xx_can.o
LOAD GCC/build/stm32f4xx_dac.o
LOAD GCC/build/stm32f4xx_dma.o
LOAD GCC/build/stm32f4xx_hash.o
LOAD GCC/build/stm32f4xx_sai.o
LOAD GCC/build/stm32f4xx_wwdg.o
LOAD GCC/build/stm32f4xx_tim.o
LOAD GCC/build/control.o
LOAD GCC/build/OLED_Data.o
LOAD GCC/build/OLED.o
LOAD GCC/build/NVIC.o
LOAD GCC/build/Control_Task.o
LOAD GCC/build/bsp.o
LOAD GCC/build/myiic.o
LOAD GCC/build/mpu6050.o
LOAD GCC/build/inv_mpu_dmp_motion_driver.o
LOAD GCC/build/inv_mpu.o
LOAD GCC/build/timers.o
LOAD GCC/build/tasks.o
LOAD GCC/build/event_groups.o
LOAD GCC/build/list.o
LOAD GCC/build/croutine.o
LOAD GCC/build/queue.o
LOAD GCC/build/stream_buffer.o
LOAD GCC/build/port.o
LOAD GCC/build/heap_4.o
LOAD GCC/build/startup_stm32f407xx.o
LOAD C:/Program Files (x86)/Arm GNU Toolchain arm-none-eabi/13.3 rel1/bin/../lib/gcc/arm-none-eabi/13.3.1/thumb/v7e-m+fp/hard\libnosys.a
LOAD C:/Program Files (x86)/Arm GNU Toolchain arm-none-eabi/13.3 rel1/bin/../lib/gcc/arm-none-eabi/13.3.1/thumb/v7e-m+fp/hard\libstdc++_nano.a
LOAD C:/Program Files (x86)/Arm GNU Toolchain arm-none-eabi/13.3 rel1/bin/../lib/gcc/arm-none-eabi/13.3.1/thumb/v7e-m+fp/hard\libm.a
LOAD C:/Program Files (x86)/Arm GNU Toolchain arm-none-eabi/13.3 rel1/bin/../lib/gcc/arm-none-eabi/13.3.1/thumb/v7e-m+fp/hard\libc_nano.a
START GROUP
LOAD C:/Program Files (x86)/Arm GNU Toolchain arm-none-eabi/13.3 rel1/bin/../lib/gcc/arm-none-eabi/13.3.1/thumb/v7e-m+fp/hard\libgcc.a
LOAD C:/Program Files (x86)/Arm GNU Toolchain arm-none-eabi/13.3 rel1/bin/../lib/gcc/arm-none-eabi/13.3.1/thumb/v7e-m+fp/hard\libc_nano.a
END GROUP
START GROUP
LOAD C:/Program Files (x86)/Arm GNU Toolchain arm-none-eabi/13.3 rel1/bin/../lib/gcc/arm-none-eabi/13.3.1/thumb/v7e-m+fp/hard\libgcc.a
LOAD C:/Program Files (x86)/Arm GNU Toolchain arm-none-eabi/13.3 rel1/bin/../lib/gcc/arm-none-eabi/13.3.1/thumb/v7e-m+fp/hard\libc_nano.a
LOAD C:/Program Files (x86)/Arm GNU Toolchain arm-none-eabi/13.3 rel1/bin/../lib/gcc/arm-none-eabi/13.3.1/thumb/v7e-m+fp/hard\libnosys.a
END GROUP
START GROUP
LOAD C:/Program Files (x86)/Arm GNU Toolchain arm-none-eabi/13.3 rel1/bin/../lib/gcc/arm-none-eabi/13.3.1/thumb/v7e-m+fp/hard\libgcc.a
LOAD C:/Program Files (x86)/Arm GNU Toolchain arm-none-eabi/13.3 rel1/bin/../lib/gcc/arm-none-eabi/13.3.1/thumb/v7e-m+fp/hard\libc_nano.a
LOAD C:/Program Files (x86)/Arm GNU Toolchain arm-none-eabi/13.3 rel1/bin/../lib/gcc/arm-none-eabi/13.3.1/thumb/v7e-m+fp/hard\libnosys.a
END GROUP
LOAD C:/Program Files (x86)/Arm GNU Toolchain arm-none-eabi/13.3 rel1/bin/../lib/gcc/arm-none-eabi/13.3.1/thumb/v7e-m+fp/hard/crtend.o
LOAD C:/Program Files (x86)/Arm GNU Toolchain arm-none-eabi/13.3 rel1/bin/../lib/gcc/arm-none-eabi/13.3.1/thumb/v7e-m+fp/hard/crtn.o
                0x20020000                        _estack = (ORIGIN (RAM) + LENGTH (RAM))
                0x00000200                        _Min_Heap_Size = 0x200
                0x00000400                        _Min_Stack_Size = 0x400

.isr_vector     0x08000000      0x188
                0x08000000                        . = ALIGN (0x4)
 *(.isr_vector)
 .isr_vector    0x08000000      0x188 GCC/build/startup_stm32f407xx.o
                0x08000000                g_pfnVectors
                0x08000188                        . = ALIGN (0x4)

.text           0x08000190     0xb6e8
                0x08000190                        . = ALIGN (0x4)
 *(.text)
 .text          0x08000190       0xa0 C:/Program Files (x86)/Arm GNU Toolchain arm-none-eabi/13.3 rel1/bin/../lib/gcc/arm-none-eabi/13.3.1/thumb/v7e-m+fp/hard\libc_nano.a(libc_a-memchr.o)
                0x08000190                memchr
 .text          0x08000230       0x10 C:/Program Files (x86)/Arm GNU Toolchain arm-none-eabi/13.3 rel1/bin/../lib/gcc/arm-none-eabi/13.3.1/thumb/v7e-m+fp/hard\libc_nano.a(libc_a-strlen.o)
                0x08000230                strlen
 .text          0x08000240      0x378 C:/Program Files (x86)/Arm GNU Toolchain arm-none-eabi/13.3 rel1/bin/../lib/gcc/arm-none-eabi/13.3.1/thumb/v7e-m+fp/hard\libgcc.a(_arm_addsubdf3.o)
                0x08000240                __aeabi_drsub
                0x08000248                __aeabi_dsub
                0x08000248                __subdf3
                0x0800024c                __aeabi_dadd
                0x0800024c                __adddf3
                0x080004c4                __floatunsidf
                0x080004c4                __aeabi_ui2d
                0x080004e4                __floatsidf
                0x080004e4                __aeabi_i2d
                0x08000508                __aeabi_f2d
                0x08000508                __extendsfdf2
                0x0800054c                __floatundidf
                0x0800054c                __aeabi_ul2d
                0x0800055c                __floatdidf
                0x0800055c                __aeabi_l2d
 .text          0x080005b8      0x424 C:/Program Files (x86)/Arm GNU Toolchain arm-none-eabi/13.3 rel1/bin/../lib/gcc/arm-none-eabi/13.3.1/thumb/v7e-m+fp/hard\libgcc.a(_arm_muldivdf3.o)
                0x080005b8                __aeabi_dmul
                0x080005b8                __muldf3
                0x0800080c                __divdf3
                0x0800080c                __aeabi_ddiv
 .text          0x080009dc      0x110 C:/Program Files (x86)/Arm GNU Toolchain arm-none-eabi/13.3 rel1/bin/../lib/gcc/arm-none-eabi/13.3.1/thumb/v7e-m+fp/hard\libgcc.a(_arm_cmpdf2.o)
                0x080009dc                __gtdf2
                0x080009dc                __gedf2
                0x080009e4                __ltdf2
                0x080009e4                __ledf2
                0x080009ec                __nedf2
                0x080009ec                __eqdf2
                0x080009ec                __cmpdf2
                0x08000a68                __aeabi_cdrcmple
                0x08000a78                __aeabi_cdcmpeq
                0x08000a78                __aeabi_cdcmple
                0x08000a88                __aeabi_dcmpeq
                0x08000a9c                __aeabi_dcmplt
                0x08000ab0                __aeabi_dcmple
                0x08000ac4                __aeabi_dcmpge
                0x08000ad8                __aeabi_dcmpgt
 .text          0x08000aec       0x2c C:/Program Files (x86)/Arm GNU Toolchain arm-none-eabi/13.3 rel1/bin/../lib/gcc/arm-none-eabi/13.3.1/thumb/v7e-m+fp/hard\libgcc.a(_arm_unorddf2.o)
                0x08000aec                __unorddf2
                0x08000aec                __aeabi_dcmpun
 .text          0x08000b18       0x50 C:/Program Files (x86)/Arm GNU Toolchain arm-none-eabi/13.3 rel1/bin/../lib/gcc/arm-none-eabi/13.3.1/thumb/v7e-m+fp/hard\libgcc.a(_arm_fixdfsi.o)
                0x08000b18                __aeabi_d2iz
                0x08000b18                __fixdfsi
 .text          0x08000b68       0x40 C:/Program Files (x86)/Arm GNU Toolchain arm-none-eabi/13.3 rel1/bin/../lib/gcc/arm-none-eabi/13.3.1/thumb/v7e-m+fp/hard\libgcc.a(_arm_fixunsdfsi.o)
                0x08000b68                __aeabi_d2uiz
                0x08000b68                __fixunsdfsi
 .text          0x08000ba8       0xa0 C:/Program Files (x86)/Arm GNU Toolchain arm-none-eabi/13.3 rel1/bin/../lib/gcc/arm-none-eabi/13.3.1/thumb/v7e-m+fp/hard\libgcc.a(_arm_truncdfsf2.o)
                0x08000ba8                __truncdfsf2
                0x08000ba8                __aeabi_d2f
 .text          0x08000c48       0xa0 C:/Program Files (x86)/Arm GNU Toolchain arm-none-eabi/13.3 rel1/bin/../lib/gcc/arm-none-eabi/13.3.1/thumb/v7e-m+fp/hard\libgcc.a(_aeabi_ldivmod.o)
                0x08000c48                __aeabi_ldivmod
 .text          0x08000ce8        0x4 C:/Program Files (x86)/Arm GNU Toolchain arm-none-eabi/13.3 rel1/bin/../lib/gcc/arm-none-eabi/13.3.1/thumb/v7e-m+fp/hard\libgcc.a(_dvmd_tls.o)
                0x08000ce8                __aeabi_idiv0
                0x08000ce8                __aeabi_ldiv0
 *(.text*)
 .text.deregister_tm_clones
                0x08000cec       0x1c C:/Program Files (x86)/Arm GNU Toolchain arm-none-eabi/13.3 rel1/bin/../lib/gcc/arm-none-eabi/13.3.1/thumb/v7e-m+fp/hard/crtbegin.o
 .text.register_tm_clones
                0x08000d08       0x24 C:/Program Files (x86)/Arm GNU Toolchain arm-none-eabi/13.3 rel1/bin/../lib/gcc/arm-none-eabi/13.3.1/thumb/v7e-m+fp/hard/crtbegin.o
 .text.__do_global_dtors_aux
                0x08000d2c       0x28 C:/Program Files (x86)/Arm GNU Toolchain arm-none-eabi/13.3 rel1/bin/../lib/gcc/arm-none-eabi/13.3.1/thumb/v7e-m+fp/hard/crtbegin.o
 .text.frame_dummy
                0x08000d54       0x24 C:/Program Files (x86)/Arm GNU Toolchain arm-none-eabi/13.3 rel1/bin/../lib/gcc/arm-none-eabi/13.3.1/thumb/v7e-m+fp/hard/crtbegin.o
 .text.SetSysClock
                0x08000d78       0xc4 GCC/build/system_stm32f4xx.o
 .text.SystemInit
                0x08000e3c       0x50 GCC/build/system_stm32f4xx.o
                0x08000e3c                SystemInit
 .text.NMI_Handler
                0x08000e8c        0x2 GCC/build/stm32f4xx_it.o
                0x08000e8c                NMI_Handler
 .text.HardFault_Handler
                0x08000e8e        0x2 GCC/build/stm32f4xx_it.o
                0x08000e8e                HardFault_Handler
 .text.MemManage_Handler
                0x08000e90        0x2 GCC/build/stm32f4xx_it.o
                0x08000e90                MemManage_Handler
 .text.BusFault_Handler
                0x08000e92        0x2 GCC/build/stm32f4xx_it.o
                0x08000e92                BusFault_Handler
 .text.UsageFault_Handler
                0x08000e94        0x2 GCC/build/stm32f4xx_it.o
                0x08000e94                UsageFault_Handler
 .text.DebugMon_Handler
                0x08000e96        0x2 GCC/build/stm32f4xx_it.o
                0x08000e96                DebugMon_Handler
 .text.main     0x08000e98       0x90 GCC/build/main.o
                0x08000e98                main
 .text.delay_init
                0x08000f28       0x24 GCC/build/delay.o
                0x08000f28                delay_init
 .text.delay_us
                0x08000f4c       0x40 GCC/build/delay.o
                0x08000f4c                delay_us
 .text.delay_ms
                0x08000f8c       0x10 GCC/build/delay.o
                0x08000f8c                delay_ms
 .text._write   0x08000f9c       0x34 GCC/build/usart.o
                0x08000f9c                _write
 .text.usart1_init
                0x08000fd0       0x94 GCC/build/usart.o
                0x08000fd0                usart1_init
 .text.usart2_init
                0x08001064       0x80 GCC/build/usart.o
                0x08001064                usart2_init
 .text.USART1_IRQHandler
                0x080010e4       0x7c GCC/build/usart.o
                0x080010e4                USART1_IRQHandler
 .text.USART_Send_Data
                0x08001160       0x16 GCC/build/usart.o
                0x08001160                USART_Send_Data
 .text.USART_Send_String
                0x08001176       0x26 GCC/build/usart.o
                0x08001176                USART_Send_String
 .text.U2printf
                0x0800119c       0x2c GCC/build/usart.o
                0x0800119c                U2printf
 .text.USART2_IRQHandler
                0x080011c8       0x98 GCC/build/usart.o
                0x080011c8                USART2_IRQHandler
 .text.NVIC_PriorityGroupConfig
                0x08001260       0x14 GCC/build/misc.o
                0x08001260                NVIC_PriorityGroupConfig
 .text.NVIC_Init
                0x08001274       0x64 GCC/build/misc.o
                0x08001274                NVIC_Init
 .text.ADC_GetConversionValue
                0x080012d8        0x6 GCC/build/stm32f4xx_adc.o
                0x080012d8                ADC_GetConversionValue
 .text.ADC_GetITStatus
                0x080012de       0x24 GCC/build/stm32f4xx_adc.o
                0x080012de                ADC_GetITStatus
 .text.ADC_ClearITPendingBit
                0x08001302        0x8 GCC/build/stm32f4xx_adc.o
                0x08001302                ADC_ClearITPendingBit
 *fill*         0x0800130a        0x2 
 .text.USART_Init
                0x0800130c       0xcc GCC/build/stm32f4xx_usart.o
                0x0800130c                USART_Init
 .text.USART_Cmd
                0x080013d8       0x1c GCC/build/stm32f4xx_usart.o
                0x080013d8                USART_Cmd
 .text.USART_SendData
                0x080013f4        0x8 GCC/build/stm32f4xx_usart.o
                0x080013f4                USART_SendData
 .text.USART_ReceiveData
                0x080013fc        0x8 GCC/build/stm32f4xx_usart.o
                0x080013fc                USART_ReceiveData
 .text.USART_ITConfig
                0x08001404       0x36 GCC/build/stm32f4xx_usart.o
                0x08001404                USART_ITConfig
 .text.USART_GetFlagStatus
                0x0800143a        0xe GCC/build/stm32f4xx_usart.o
                0x0800143a                USART_GetFlagStatus
 .text.USART_GetITStatus
                0x08001448       0x4a GCC/build/stm32f4xx_usart.o
                0x08001448                USART_GetITStatus
 .text.USART_ClearITPendingBit
                0x08001492       0x10 GCC/build/stm32f4xx_usart.o
                0x08001492                USART_ClearITPendingBit
 *fill*         0x080014a2        0x2 
 .text.SYSCFG_EXTILineConfig
                0x080014a4       0x38 GCC/build/stm32f4xx_syscfg.o
                0x080014a4                SYSCFG_EXTILineConfig
 .text.RCC_GetClocksFreq
                0x080014dc       0xb8 GCC/build/stm32f4xx_rcc.o
                0x080014dc                RCC_GetClocksFreq
 .text.RCC_AHB1PeriphClockCmd
                0x08001594       0x1c GCC/build/stm32f4xx_rcc.o
                0x08001594                RCC_AHB1PeriphClockCmd
 .text.RCC_APB1PeriphClockCmd
                0x080015b0       0x1c GCC/build/stm32f4xx_rcc.o
                0x080015b0                RCC_APB1PeriphClockCmd
 .text.RCC_APB2PeriphClockCmd
                0x080015cc       0x1c GCC/build/stm32f4xx_rcc.o
                0x080015cc                RCC_APB2PeriphClockCmd
 .text.GPIO_Init
                0x080015e8       0xa4 GCC/build/stm32f4xx_gpio.o
                0x080015e8                GPIO_Init
 .text.GPIO_WriteBit
                0x0800168c        0xa GCC/build/stm32f4xx_gpio.o
                0x0800168c                GPIO_WriteBit
 .text.GPIO_PinAFConfig
                0x08001696       0x32 GCC/build/stm32f4xx_gpio.o
                0x08001696                GPIO_PinAFConfig
 .text.EXTI_Init
                0x080016c8       0x90 GCC/build/stm32f4xx_exti.o
                0x080016c8                EXTI_Init
 .text.EXTI_GetITStatus
                0x08001758       0x14 GCC/build/stm32f4xx_exti.o
                0x08001758                EXTI_GetITStatus
 .text.EXTI_ClearITPendingBit
                0x0800176c        0xc GCC/build/stm32f4xx_exti.o
                0x0800176c                EXTI_ClearITPendingBit
 .text.TIM_TimeBaseInit
                0x08001778       0x7c GCC/build/stm32f4xx_tim.o
                0x08001778                TIM_TimeBaseInit
 .text.TIM_ARRPreloadConfig
                0x080017f4       0x1c GCC/build/stm32f4xx_tim.o
                0x080017f4                TIM_ARRPreloadConfig
 .text.TIM_Cmd  0x08001810       0x1c GCC/build/stm32f4xx_tim.o
                0x08001810                TIM_Cmd
 .text.TIM_OC1Init
                0x0800182c       0x7c GCC/build/stm32f4xx_tim.o
                0x0800182c                TIM_OC1Init
 .text.TIM_OC2Init
                0x080018a8       0x98 GCC/build/stm32f4xx_tim.o
                0x080018a8                TIM_OC2Init
 .text.TIM_OC3Init
                0x08001940       0x94 GCC/build/stm32f4xx_tim.o
                0x08001940                TIM_OC3Init
 .text.TIM_OC4Init
                0x080019d4       0x7c GCC/build/stm32f4xx_tim.o
                0x080019d4                TIM_OC4Init
 .text.TIM_OC1PreloadConfig
                0x08001a50        0xe GCC/build/stm32f4xx_tim.o
                0x08001a50                TIM_OC1PreloadConfig
 .text.TIM_OC2PreloadConfig
                0x08001a5e       0x12 GCC/build/stm32f4xx_tim.o
                0x08001a5e                TIM_OC2PreloadConfig
 .text.TIM_OC3PreloadConfig
                0x08001a70        0xe GCC/build/stm32f4xx_tim.o
                0x08001a70                TIM_OC3PreloadConfig
 .text.TIM_OC4PreloadConfig
                0x08001a7e       0x12 GCC/build/stm32f4xx_tim.o
                0x08001a7e                TIM_OC4PreloadConfig
 .text.TIM_CtrlPWMOutputs
                0x08001a90       0x24 GCC/build/stm32f4xx_tim.o
                0x08001a90                TIM_CtrlPWMOutputs
 .text.TIM_ITConfig
                0x08001ab4       0x18 GCC/build/stm32f4xx_tim.o
                0x08001ab4                TIM_ITConfig
 .text.TIM_GetITStatus
                0x08001acc       0x18 GCC/build/stm32f4xx_tim.o
                0x08001acc                TIM_GetITStatus
 .text.TIM_ClearITPendingBit
                0x08001ae4        0x8 GCC/build/stm32f4xx_tim.o
                0x08001ae4                TIM_ClearITPendingBit
 *fill*         0x08001aec        0x4 
 .text.GetPolar
                0x08001af0      0x208 GCC/build/control.o
                0x08001af0                GetPolar
 .text.PidControl_Stop
                0x08001cf8       0xd8 GCC/build/control.o
                0x08001cf8                PidControl_Stop
 .text.PidControl_LineMove
                0x08001dd0       0xd8 GCC/build/control.o
                0x08001dd0                PidControl_LineMove
 .text.Motor_PWM_TIM8_Init
                0x08001ea8      0x104 GCC/build/control.o
                0x08001ea8                Motor_PWM_TIM8_Init
 .text.Motor_Cmd
                0x08001fac       0xc0 GCC/build/control.o
                0x08001fac                Motor_Cmd
 .text.T3Motor_CmdCombination
                0x0800206c      0x110 GCC/build/control.o
                0x0800206c                T3Motor_CmdCombination
 .text.T5Motor_CmdCombination
                0x0800217c      0x360 GCC/build/control.o
                0x0800217c                T5Motor_CmdCombination
 .text.OLED_W_D0
                0x080024dc       0x14 GCC/build/OLED.o
                0x080024dc                OLED_W_D0
 .text.OLED_W_D1
                0x080024f0       0x14 GCC/build/OLED.o
                0x080024f0                OLED_W_D1
 .text.OLED_W_RES
                0x08002504       0x14 GCC/build/OLED.o
                0x08002504                OLED_W_RES
 .text.OLED_W_DC
                0x08002518       0x14 GCC/build/OLED.o
                0x08002518                OLED_W_DC
 .text.OLED_W_CS
                0x0800252c       0x14 GCC/build/OLED.o
                0x0800252c                OLED_W_CS
 .text.OLED_GPIO_Init
                0x08002540       0xa0 GCC/build/OLED.o
                0x08002540                OLED_GPIO_Init
 .text.OLED_SPI_SendByte
                0x080025e0       0x2e GCC/build/OLED.o
                0x080025e0                OLED_SPI_SendByte
 .text.OLED_WriteCommand
                0x0800260e       0x1e GCC/build/OLED.o
                0x0800260e                OLED_WriteCommand
 .text.OLED_WriteData
                0x0800262c       0x2c GCC/build/OLED.o
                0x0800262c                OLED_WriteData
 .text.OLED_SetCursor
                0x08002658       0x20 GCC/build/OLED.o
                0x08002658                OLED_SetCursor
 .text.OLED_Update
                0x08002678       0x28 GCC/build/OLED.o
                0x08002678                OLED_Update
 .text.OLED_Clear
                0x080026a0       0x2c GCC/build/OLED.o
                0x080026a0                OLED_Clear
 .text.OLED_Init
                0x080026cc       0x9a GCC/build/OLED.o
                0x080026cc                OLED_Init
 *fill*         0x08002766        0x2 
 .text.OLED_ClearArea
                0x08002768       0x88 GCC/build/OLED.o
                0x08002768                OLED_ClearArea
 .text.OLED_ShowImage
                0x080027f0       0xdc GCC/build/OLED.o
                0x080027f0                OLED_ShowImage
 .text.OLED_ShowChar
                0x080028cc       0x48 GCC/build/OLED.o
                0x080028cc                OLED_ShowChar
 .text.OLED_ShowString
                0x08002914       0x2c GCC/build/OLED.o
                0x08002914                OLED_ShowString
 .text.OLED_Printf
                0x08002940       0x30 GCC/build/OLED.o
                0x08002940                OLED_Printf
 .text.BSP_NVIC_IT_Config
                0x08002970       0x90 GCC/build/NVIC.o
                0x08002970                BSP_NVIC_IT_Config
 .text.Task4_StopFast
                0x08002a00       0x2c GCC/build/Control_Task.o
                0x08002a00                Task4_StopFast
 *fill*         0x08002a2c        0x4 
 .text.Task1_LineMove
                0x08002a30      0x200 GCC/build/Control_Task.o
                0x08002a30                Task1_LineMove
 .text.Task3_AngleMove
                0x08002c30      0x81c GCC/build/Control_Task.o
                0x08002c30                Task3_AngleMove
 .text.EXTI15_10_IRQHandler
                0x0800344c       0x84 GCC/build/Control_Task.o
                0x0800344c                EXTI15_10_IRQHandler
 .text.Task5_CircleMove
                0x080034d0      0x314 GCC/build/Control_Task.o
                0x080034d0                Task5_CircleMove
 .text.TIM2_IRQHandler
                0x080037e4       0x28 GCC/build/Control_Task.o
                0x080037e4                TIM2_IRQHandler
 .text.LED_Init
                0x0800380c       0x2c GCC/build/bsp.o
                0x0800380c                LED_Init
 .text.GPIO_Config
                0x08003838       0x26 GCC/build/bsp.o
                0x08003838                GPIO_Config
 *fill*         0x0800385e        0x2 
 .text.EXIT15_Init
                0x08003860       0x5c GCC/build/bsp.o
                0x08003860                EXIT15_Init
 .text.TIM2_Init
                0x080038bc       0x4e GCC/build/bsp.o
                0x080038bc                TIM2_Init
 *fill*         0x0800390a        0x2 
 .text.BSP_Init
                0x0800390c      0x110 GCC/build/bsp.o
                0x0800390c                BSP_Init
 *fill*         0x08003a1c        0x4 
 .text.ADCvalue_convert
                0x08003a20       0x3c GCC/build/bsp.o
                0x08003a20                ADCvalue_convert
 .text.ADC_IRQHandler
                0x08003a5c       0x4c GCC/build/bsp.o
                0x08003a5c                ADC_IRQHandler
 .text.IIC_Init
                0x08003aa8       0x44 GCC/build/myiic.o
                0x08003aa8                IIC_Init
 .text.IIC_Start
                0x08003aec       0x40 GCC/build/myiic.o
                0x08003aec                IIC_Start
 .text.IIC_Stop
                0x08003b2c       0x40 GCC/build/myiic.o
                0x08003b2c                IIC_Stop
 .text.IIC_Wait_Ack
                0x08003b6c       0x54 GCC/build/myiic.o
                0x08003b6c                IIC_Wait_Ack
 .text.IIC_Ack  0x08003bc0       0x40 GCC/build/myiic.o
                0x08003bc0                IIC_Ack
 .text.IIC_NAck
                0x08003c00       0x40 GCC/build/myiic.o
                0x08003c00                IIC_NAck
 .text.IIC_Send_Byte
                0x08003c40       0x5c GCC/build/myiic.o
                0x08003c40                IIC_Send_Byte
 .text.IIC_Read_Byte
                0x08003c9c       0x64 GCC/build/myiic.o
                0x08003c9c                IIC_Read_Byte
 .text.MPU_Write_Len
                0x08003d00       0x62 GCC/build/mpu6050.o
                0x08003d00                MPU_Write_Len
 .text.MPU_Read_Len
                0x08003d62       0x6c GCC/build/mpu6050.o
                0x08003d62                MPU_Read_Len
 .text.MPU_Write_Byte
                0x08003dce       0x46 GCC/build/mpu6050.o
                0x08003dce                MPU_Write_Byte
 .text.MPU_Set_Gyro_Fsr
                0x08003e14       0x10 GCC/build/mpu6050.o
                0x08003e14                MPU_Set_Gyro_Fsr
 .text.MPU_Set_Accel_Fsr
                0x08003e24       0x10 GCC/build/mpu6050.o
                0x08003e24                MPU_Set_Accel_Fsr
 .text.MPU_Set_LPF
                0x08003e34       0x34 GCC/build/mpu6050.o
                0x08003e34                MPU_Set_LPF
 .text.MPU_Set_Rate
                0x08003e68       0x32 GCC/build/mpu6050.o
                0x08003e68                MPU_Set_Rate
 .text.MPU_Read_Byte
                0x08003e9a       0x3a GCC/build/mpu6050.o
                0x08003e9a                MPU_Read_Byte
 .text.MPU_Init
                0x08003ed4       0x84 GCC/build/mpu6050.o
                0x08003ed4                MPU_Init
 .text.decode_gesture
                0x08003f58       0x3c GCC/build/inv_mpu_dmp_motion_driver.o
 .text.dmp_load_motion_driver_firmware
                0x08003f94       0x18 GCC/build/inv_mpu_dmp_motion_driver.o
                0x08003f94                dmp_load_motion_driver_firmware
 .text.dmp_set_orientation
                0x08003fac      0x14c GCC/build/inv_mpu_dmp_motion_driver.o
                0x08003fac                dmp_set_orientation
 .text.dmp_set_gyro_bias
                0x080040f8      0x110 GCC/build/inv_mpu_dmp_motion_driver.o
                0x080040f8                dmp_set_gyro_bias
 .text.dmp_set_accel_bias
                0x08004208       0xf4 GCC/build/inv_mpu_dmp_motion_driver.o
                0x08004208                dmp_set_accel_bias
 .text.dmp_set_fifo_rate
                0x080042fc       0x68 GCC/build/inv_mpu_dmp_motion_driver.o
                0x080042fc                dmp_set_fifo_rate
 .text.dmp_set_tap_thresh
                0x08004364      0x1d4 GCC/build/inv_mpu_dmp_motion_driver.o
                0x08004364                dmp_set_tap_thresh
 .text.dmp_set_tap_axes
                0x08004538       0x4e GCC/build/inv_mpu_dmp_motion_driver.o
                0x08004538                dmp_set_tap_axes
 .text.dmp_set_tap_count
                0x08004586       0x2c GCC/build/inv_mpu_dmp_motion_driver.o
                0x08004586                dmp_set_tap_count
 *fill*         0x080045b2        0x2 
 .text.dmp_set_tap_time
                0x080045b4       0x30 GCC/build/inv_mpu_dmp_motion_driver.o
                0x080045b4                dmp_set_tap_time
 .text.dmp_set_tap_time_multi
                0x080045e4       0x30 GCC/build/inv_mpu_dmp_motion_driver.o
                0x080045e4                dmp_set_tap_time_multi
 .text.dmp_set_shake_reject_thresh
                0x08004614       0x44 GCC/build/inv_mpu_dmp_motion_driver.o
                0x08004614                dmp_set_shake_reject_thresh
 .text.dmp_set_shake_reject_time
                0x08004658       0x2c GCC/build/inv_mpu_dmp_motion_driver.o
                0x08004658                dmp_set_shake_reject_time
 .text.dmp_set_shake_reject_timeout
                0x08004684       0x2c GCC/build/inv_mpu_dmp_motion_driver.o
                0x08004684                dmp_set_shake_reject_timeout
 .text.dmp_enable_gyro_cal
                0x080046b0       0x44 GCC/build/inv_mpu_dmp_motion_driver.o
                0x080046b0                dmp_enable_gyro_cal
 .text.dmp_enable_lp_quat
                0x080046f4       0x3c GCC/build/inv_mpu_dmp_motion_driver.o
                0x080046f4                dmp_enable_lp_quat
 .text.dmp_enable_6x_lp_quat
                0x08004730       0x3c GCC/build/inv_mpu_dmp_motion_driver.o
                0x08004730                dmp_enable_6x_lp_quat
 .text.dmp_enable_feature
                0x0800476c      0x218 GCC/build/inv_mpu_dmp_motion_driver.o
                0x0800476c                dmp_enable_feature
 .text.dmp_read_fifo
                0x08004984      0x1ec GCC/build/inv_mpu_dmp_motion_driver.o
                0x08004984                dmp_read_fifo
 .text.get_accel_prod_shift
                0x08004b70       0xcc GCC/build/inv_mpu.o
 .text.accel_self_test
                0x08004c3c       0xac GCC/build/inv_mpu.o
 .text.gyro_self_test
                0x08004ce8      0x104 GCC/build/inv_mpu.o
 .text.set_int_enable
                0x08004dec       0x98 GCC/build/inv_mpu.o
 .text.get_st_biases
                0x08004e84      0x428 GCC/build/inv_mpu.o
 .text.mpu_reset_fifo
                0x080052ac      0x1f8 GCC/build/inv_mpu.o
                0x080052ac                mpu_reset_fifo
 .text.mpu_get_gyro_fsr
                0x080054a4       0x3c GCC/build/inv_mpu.o
                0x080054a4                mpu_get_gyro_fsr
 .text.mpu_set_gyro_fsr
                0x080054e0       0x98 GCC/build/inv_mpu.o
                0x080054e0                mpu_set_gyro_fsr
 .text.mpu_get_accel_fsr
                0x08005578       0x44 GCC/build/inv_mpu.o
                0x08005578                mpu_get_accel_fsr
 .text.mpu_set_accel_fsr
                0x080055bc       0x94 GCC/build/inv_mpu.o
                0x080055bc                mpu_set_accel_fsr
 .text.mpu_get_lpf
                0x08005650       0x44 GCC/build/inv_mpu.o
                0x08005650                mpu_get_lpf
 .text.mpu_set_lpf
                0x08005694       0x94 GCC/build/inv_mpu.o
                0x08005694                mpu_set_lpf
 .text.mpu_get_sample_rate
                0x08005728       0x1c GCC/build/inv_mpu.o
                0x08005728                mpu_get_sample_rate
 .text.mpu_get_gyro_sens
                0x08005744       0x4c GCC/build/inv_mpu.o
                0x08005744                mpu_get_gyro_sens
 .text.mpu_get_accel_sens
                0x08005790       0x4c GCC/build/inv_mpu.o
                0x08005790                mpu_get_accel_sens
 .text.mpu_get_fifo_config
                0x080057dc       0x10 GCC/build/inv_mpu.o
                0x080057dc                mpu_get_fifo_config
 .text.mpu_configure_fifo
                0x080057ec       0x64 GCC/build/inv_mpu.o
                0x080057ec                mpu_configure_fifo
 .text.mpu_read_fifo_stream
                0x08005850       0xc0 GCC/build/inv_mpu.o
                0x08005850                mpu_read_fifo_stream
 .text.mpu_set_bypass
                0x08005910      0x168 GCC/build/inv_mpu.o
                0x08005910                mpu_set_bypass
 .text.mpu_set_int_latched
                0x08005a78       0x74 GCC/build/inv_mpu.o
                0x08005a78                mpu_set_int_latched
 .text.mpu_lp_accel_mode
                0x08005aec       0xdc GCC/build/inv_mpu.o
                0x08005aec                mpu_lp_accel_mode
 .text.mpu_set_sample_rate
                0x08005bc8       0xa0 GCC/build/inv_mpu.o
                0x08005bc8                mpu_set_sample_rate
 .text.mpu_set_sensors
                0x08005c68       0xe4 GCC/build/inv_mpu.o
                0x08005c68                mpu_set_sensors
 .text.mpu_init
                0x08005d4c      0x19c GCC/build/inv_mpu.o
                0x08005d4c                mpu_init
 .text.mpu_write_mem
                0x08005ee8       0x74 GCC/build/inv_mpu.o
                0x08005ee8                mpu_write_mem
 .text.mpu_read_mem
                0x08005f5c       0x74 GCC/build/inv_mpu.o
                0x08005f5c                mpu_read_mem
 .text.mpu_load_firmware
                0x08005fd0       0xb4 GCC/build/inv_mpu.o
                0x08005fd0                mpu_load_firmware
 .text.mpu_set_dmp_state
                0x08006084       0x94 GCC/build/inv_mpu.o
                0x08006084                mpu_set_dmp_state
 .text.mpu_run_self_test
                0x08006118      0x104 GCC/build/inv_mpu.o
                0x08006118                mpu_run_self_test
 .text.run_self_test
                0x0800621c       0x92 GCC/build/inv_mpu.o
                0x0800621c                run_self_test
 .text.inv_row_2_scale
                0x080062ae       0x3a GCC/build/inv_mpu.o
                0x080062ae                inv_row_2_scale
 .text.inv_orientation_matrix_to_scalar
                0x080062e8       0x24 GCC/build/inv_mpu.o
                0x080062e8                inv_orientation_matrix_to_scalar
 .text.mget_ms  0x0800630c        0x2 GCC/build/inv_mpu.o
                0x0800630c                mget_ms
 *fill*         0x0800630e        0x2 
 .text.mpu_dmp_init
                0x08006310       0xb0 GCC/build/inv_mpu.o
                0x08006310                mpu_dmp_init
 .text.mpu_dmp_get_data
                0x080063c0      0x18c GCC/build/inv_mpu.o
                0x080063c0                mpu_dmp_get_data
 .text.prvResetNextTaskUnblockTime
                0x0800654c       0x28 GCC/build/tasks.o
 .text.xTaskIncrementTick
                0x08006574      0x17c GCC/build/tasks.o
                0x08006574                xTaskIncrementTick
 .text.vTaskSwitchContext
                0x080066f0       0x98 GCC/build/tasks.o
                0x080066f0                vTaskSwitchContext
 *fill*         0x08006788        0x8 
 .text.SVC_Handler
                0x08006790       0x24 GCC/build/port.o
                0x08006790                SVC_Handler
 *fill*         0x080067b4        0xc 
 .text.PendSV_Handler
                0x080067c0       0x64 GCC/build/port.o
                0x080067c0                PendSV_Handler
 .text.SysTick_Handler
                0x08006824       0x2c GCC/build/port.o
                0x08006824                SysTick_Handler
 .text.Reset_Handler
                0x08006850       0x50 GCC/build/startup_stm32f407xx.o
                0x08006850                Reset_Handler
 .text.Default_Handler
                0x080068a0        0x2 GCC/build/startup_stm32f407xx.o
                0x080068a0                RTC_Alarm_IRQHandler
                0x080068a0                HASH_RNG_IRQHandler
                0x080068a0                EXTI2_IRQHandler
                0x080068a0                TIM8_CC_IRQHandler
                0x080068a0                TIM1_CC_IRQHandler
                0x080068a0                DMA2_Stream5_IRQHandler
                0x080068a0                DMA1_Stream5_IRQHandler
                0x080068a0                PVD_IRQHandler
                0x080068a0                SDIO_IRQHandler
                0x080068a0                TAMP_STAMP_IRQHandler
                0x080068a0                CAN2_RX1_IRQHandler
                0x080068a0                EXTI3_IRQHandler
                0x080068a0                TIM8_TRG_COM_TIM14_IRQHandler
                0x080068a0                TIM1_UP_TIM10_IRQHandler
                0x080068a0                TIM8_UP_TIM13_IRQHandler
                0x080068a0                I2C3_ER_IRQHandler
                0x080068a0                EXTI0_IRQHandler
                0x080068a0                I2C2_EV_IRQHandler
                0x080068a0                DMA1_Stream2_IRQHandler
                0x080068a0                CAN1_RX0_IRQHandler
                0x080068a0                FPU_IRQHandler
                0x080068a0                OTG_HS_WKUP_IRQHandler
                0x080068a0                CAN2_SCE_IRQHandler
                0x080068a0                DMA2_Stream2_IRQHandler
                0x080068a0                SPI1_IRQHandler
                0x080068a0                TIM6_DAC_IRQHandler
                0x080068a0                TIM1_BRK_TIM9_IRQHandler
                0x080068a0                DCMI_IRQHandler
                0x080068a0                CAN2_RX0_IRQHandler
                0x080068a0                DMA2_Stream3_IRQHandler
                0x080068a0                USART6_IRQHandler
                0x080068a0                USART3_IRQHandler
                0x080068a0                CAN1_RX1_IRQHandler
                0x080068a0                UART5_IRQHandler
                0x080068a0                DMA2_Stream0_IRQHandler
                0x080068a0                TIM4_IRQHandler
                0x080068a0                I2C1_EV_IRQHandler
                0x080068a0                DMA1_Stream6_IRQHandler
                0x080068a0                DMA1_Stream1_IRQHandler
                0x080068a0                UART4_IRQHandler
                0x080068a0                TIM3_IRQHandler
                0x080068a0                RCC_IRQHandler
                0x080068a0                TIM8_BRK_TIM12_IRQHandler
                0x080068a0                Default_Handler
                0x080068a0                DMA1_Stream7_IRQHandler
                0x080068a0                TIM7_IRQHandler
                0x080068a0                CAN2_TX_IRQHandler
                0x080068a0                TIM5_IRQHandler
                0x080068a0                DMA2_Stream7_IRQHandler
                0x080068a0                I2C3_EV_IRQHandler
                0x080068a0                EXTI9_5_IRQHandler
                0x080068a0                RTC_WKUP_IRQHandler
                0x080068a0                ETH_WKUP_IRQHandler
                0x080068a0                SPI2_IRQHandler
                0x080068a0                OTG_HS_EP1_IN_IRQHandler
                0x080068a0                DMA1_Stream0_IRQHandler
                0x080068a0                CAN1_TX_IRQHandler
                0x080068a0                EXTI4_IRQHandler
                0x080068a0                FSMC_IRQHandler
                0x080068a0                ETH_IRQHandler
                0x080068a0                OTG_HS_EP1_OUT_IRQHandler
                0x080068a0                WWDG_IRQHandler
                0x080068a0                OTG_FS_WKUP_IRQHandler
                0x080068a0                TIM1_TRG_COM_TIM11_IRQHandler
                0x080068a0                OTG_HS_IRQHandler
                0x080068a0                EXTI1_IRQHandler
                0x080068a0                I2C2_ER_IRQHandler
                0x080068a0                DMA2_Stream1_IRQHandler
                0x080068a0                CAN1_SCE_IRQHandler
                0x080068a0                FLASH_IRQHandler
                0x080068a0                DMA2_Stream4_IRQHandler
                0x080068a0                OTG_FS_IRQHandler
                0x080068a0                SPI3_IRQHandler
                0x080068a0                DMA1_Stream4_IRQHandler
                0x080068a0                I2C1_ER_IRQHandler
                0x080068a0                DMA2_Stream6_IRQHandler
                0x080068a0                DMA1_Stream3_IRQHandler
 *fill*         0x080068a2        0x2 
 .text.asin     0x080068a4       0x68 C:/Program Files (x86)/Arm GNU Toolchain arm-none-eabi/13.3 rel1/bin/../lib/gcc/arm-none-eabi/13.3.1/thumb/v7e-m+fp/hard\libm.a(libm_a-w_asin.o)
                0x080068a4                asin
 .text.atan2    0x0800690c        0x4 C:/Program Files (x86)/Arm GNU Toolchain arm-none-eabi/13.3 rel1/bin/../lib/gcc/arm-none-eabi/13.3.1/thumb/v7e-m+fp/hard\libm.a(libm_a-w_atan2.o)
                0x0800690c                atan2
 .text.fabs     0x08006910       0x10 C:/Program Files (x86)/Arm GNU Toolchain arm-none-eabi/13.3 rel1/bin/../lib/gcc/arm-none-eabi/13.3.1/thumb/v7e-m+fp/hard\libm.a(libm_a-s_fabs.o)
                0x08006910                fabs
 .text.asinf    0x08006920       0x58 C:/Program Files (x86)/Arm GNU Toolchain arm-none-eabi/13.3 rel1/bin/../lib/gcc/arm-none-eabi/13.3.1/thumb/v7e-m+fp/hard\libm.a(libm_a-wf_asin.o)
                0x08006920                asinf
 .text.sqrtf    0x08006978       0x44 C:/Program Files (x86)/Arm GNU Toolchain arm-none-eabi/13.3 rel1/bin/../lib/gcc/arm-none-eabi/13.3.1/thumb/v7e-m+fp/hard\libm.a(libm_a-wf_sqrt.o)
                0x08006978                sqrtf
 .text.atanf    0x080069bc      0x1ac C:/Program Files (x86)/Arm GNU Toolchain arm-none-eabi/13.3 rel1/bin/../lib/gcc/arm-none-eabi/13.3.1/thumb/v7e-m+fp/hard\libm.a(libm_a-sf_atan.o)
                0x080069bc                atanf
 .text.cosf     0x08006b68       0x70 C:/Program Files (x86)/Arm GNU Toolchain arm-none-eabi/13.3 rel1/bin/../lib/gcc/arm-none-eabi/13.3.1/thumb/v7e-m+fp/hard\libm.a(libm_a-sf_cos.o)
                0x08006b68                cosf
 .text.fabsf    0x08006bd8       0x10 C:/Program Files (x86)/Arm GNU Toolchain arm-none-eabi/13.3 rel1/bin/../lib/gcc/arm-none-eabi/13.3.1/thumb/v7e-m+fp/hard\libm.a(libm_a-sf_fabs.o)
                0x08006bd8                fabsf
 .text.sinf     0x08006be8       0x74 C:/Program Files (x86)/Arm GNU Toolchain arm-none-eabi/13.3 rel1/bin/../lib/gcc/arm-none-eabi/13.3.1/thumb/v7e-m+fp/hard\libm.a(libm_a-sf_sin.o)
                0x08006be8                sinf
 .text.tanf     0x08006c5c       0x54 C:/Program Files (x86)/Arm GNU Toolchain arm-none-eabi/13.3 rel1/bin/../lib/gcc/arm-none-eabi/13.3.1/thumb/v7e-m+fp/hard\libm.a(libm_a-sf_tan.o)
                0x08006c5c                tanf
 .text.nan      0x08006cb0       0x10 C:/Program Files (x86)/Arm GNU Toolchain arm-none-eabi/13.3 rel1/bin/../lib/gcc/arm-none-eabi/13.3.1/thumb/v7e-m+fp/hard\libm.a(libm_a-s_nan.o)
                0x08006cb0                nan
 .text.nanf     0x08006cc0        0xc C:/Program Files (x86)/Arm GNU Toolchain arm-none-eabi/13.3 rel1/bin/../lib/gcc/arm-none-eabi/13.3.1/thumb/v7e-m+fp/hard\libm.a(libm_a-sf_nan.o)
                0x08006cc0                nanf
 .text.__ieee754_sqrtf
                0x08006ccc        0x8 C:/Program Files (x86)/Arm GNU Toolchain arm-none-eabi/13.3 rel1/bin/../lib/gcc/arm-none-eabi/13.3.1/thumb/v7e-m+fp/hard\libm.a(libm_a-ef_sqrt.o)
                0x08006ccc                __ieee754_sqrtf
 *fill*         0x08006cd4        0x4 
 .text.__ieee754_asin
                0x08006cd8      0x484 C:/Program Files (x86)/Arm GNU Toolchain arm-none-eabi/13.3 rel1/bin/../lib/gcc/arm-none-eabi/13.3.1/thumb/v7e-m+fp/hard\libm.a(libm_a-e_asin.o)
                0x08006cd8                __ieee754_asin
 *fill*         0x0800715c        0x4 
 .text.__ieee754_atan2
                0x08007160      0x1ac C:/Program Files (x86)/Arm GNU Toolchain arm-none-eabi/13.3 rel1/bin/../lib/gcc/arm-none-eabi/13.3.1/thumb/v7e-m+fp/hard\libm.a(libm_a-e_atan2.o)
                0x08007160                __ieee754_atan2
 *fill*         0x0800730c        0x4 
 .text.atan     0x08007310      0x350 C:/Program Files (x86)/Arm GNU Toolchain arm-none-eabi/13.3 rel1/bin/../lib/gcc/arm-none-eabi/13.3.1/thumb/v7e-m+fp/hard\libm.a(libm_a-s_atan.o)
                0x08007310                atan
 .text.__kernel_cosf
                0x08007660      0x104 C:/Program Files (x86)/Arm GNU Toolchain arm-none-eabi/13.3 rel1/bin/../lib/gcc/arm-none-eabi/13.3.1/thumb/v7e-m+fp/hard\libm.a(libm_a-kf_cos.o)
                0x08007660                __kernel_cosf
 .text.__kernel_sinf
                0x08007764       0x90 C:/Program Files (x86)/Arm GNU Toolchain arm-none-eabi/13.3 rel1/bin/../lib/gcc/arm-none-eabi/13.3.1/thumb/v7e-m+fp/hard\libm.a(libm_a-kf_sin.o)
                0x08007764                __kernel_sinf
 .text.__kernel_tanf
                0x080077f4      0x1c0 C:/Program Files (x86)/Arm GNU Toolchain arm-none-eabi/13.3 rel1/bin/../lib/gcc/arm-none-eabi/13.3.1/thumb/v7e-m+fp/hard\libm.a(libm_a-kf_tan.o)
                0x080077f4                __kernel_tanf
 .text.__ieee754_asinf
                0x080079b4      0x1f8 C:/Program Files (x86)/Arm GNU Toolchain arm-none-eabi/13.3 rel1/bin/../lib/gcc/arm-none-eabi/13.3.1/thumb/v7e-m+fp/hard\libm.a(libm_a-ef_asin.o)
                0x080079b4                __ieee754_asinf
 .text.__ieee754_rem_pio2f
                0x08007bac      0x260 C:/Program Files (x86)/Arm GNU Toolchain arm-none-eabi/13.3 rel1/bin/../lib/gcc/arm-none-eabi/13.3.1/thumb/v7e-m+fp/hard\libm.a(libm_a-ef_rem_pio2.o)
                0x08007bac                __ieee754_rem_pio2f
 .text.__ieee754_sqrt
                0x08007e0c      0x1ec C:/Program Files (x86)/Arm GNU Toolchain arm-none-eabi/13.3 rel1/bin/../lib/gcc/arm-none-eabi/13.3.1/thumb/v7e-m+fp/hard\libm.a(libm_a-e_sqrt.o)
                0x08007e0c                __ieee754_sqrt
 .text.__kernel_rem_pio2f
                0x08007ff8      0x63c C:/Program Files (x86)/Arm GNU Toolchain arm-none-eabi/13.3 rel1/bin/../lib/gcc/arm-none-eabi/13.3.1/thumb/v7e-m+fp/hard\libm.a(libm_a-kf_rem_pio2.o)
                0x08007ff8                __kernel_rem_pio2f
 .text.scalbnf  0x08008634       0xe4 C:/Program Files (x86)/Arm GNU Toolchain arm-none-eabi/13.3 rel1/bin/../lib/gcc/arm-none-eabi/13.3.1/thumb/v7e-m+fp/hard\libm.a(libm_a-sf_scalbn.o)
                0x08008634                scalbnf
 .text.floorf   0x08008718       0x94 C:/Program Files (x86)/Arm GNU Toolchain arm-none-eabi/13.3 rel1/bin/../lib/gcc/arm-none-eabi/13.3.1/thumb/v7e-m+fp/hard\libm.a(libm_a-sf_floor.o)
                0x08008718                floorf
 .text.__cvt    0x080087ac       0xca C:/Program Files (x86)/Arm GNU Toolchain arm-none-eabi/13.3 rel1/bin/../lib/gcc/arm-none-eabi/13.3.1/thumb/v7e-m+fp/hard\libc_nano.a(libc_a-nano-vfprintf_float.o)
                0x080087ac                __cvt
 .text.__exponent
                0x08008876       0x74 C:/Program Files (x86)/Arm GNU Toolchain arm-none-eabi/13.3 rel1/bin/../lib/gcc/arm-none-eabi/13.3.1/thumb/v7e-m+fp/hard\libc_nano.a(libc_a-nano-vfprintf_float.o)
                0x08008876                __exponent
 *fill*         0x080088ea        0x2 
 .text._printf_float
                0x080088ec      0x454 C:/Program Files (x86)/Arm GNU Toolchain arm-none-eabi/13.3 rel1/bin/../lib/gcc/arm-none-eabi/13.3.1/thumb/v7e-m+fp/hard\libc_nano.a(libc_a-nano-vfprintf_float.o)
                0x080088ec                _printf_float
 .text._printf_common
                0x08008d40       0xda C:/Program Files (x86)/Arm GNU Toolchain arm-none-eabi/13.3 rel1/bin/../lib/gcc/arm-none-eabi/13.3.1/thumb/v7e-m+fp/hard\libc_nano.a(libc_a-nano-vfprintf_i.o)
                0x08008d40                _printf_common
 *fill*         0x08008e1a        0x2 
 .text._printf_i
                0x08008e1c      0x23c C:/Program Files (x86)/Arm GNU Toolchain arm-none-eabi/13.3 rel1/bin/../lib/gcc/arm-none-eabi/13.3.1/thumb/v7e-m+fp/hard\libc_nano.a(libc_a-nano-vfprintf_i.o)
                0x08008e1c                _printf_i
 .text.std      0x08009058       0x6c C:/Program Files (x86)/Arm GNU Toolchain arm-none-eabi/13.3 rel1/bin/../lib/gcc/arm-none-eabi/13.3.1/thumb/v7e-m+fp/hard\libc_nano.a(libc_a-findfp.o)
 .text.stdio_exit_handler
                0x080090c4       0x18 C:/Program Files (x86)/Arm GNU Toolchain arm-none-eabi/13.3 rel1/bin/../lib/gcc/arm-none-eabi/13.3.1/thumb/v7e-m+fp/hard\libc_nano.a(libc_a-findfp.o)
 .text.cleanup_stdio
                0x080090dc       0x40 C:/Program Files (x86)/Arm GNU Toolchain arm-none-eabi/13.3 rel1/bin/../lib/gcc/arm-none-eabi/13.3.1/thumb/v7e-m+fp/hard\libc_nano.a(libc_a-findfp.o)
 .text.global_stdio_init.part.0
                0x0800911c       0x3c C:/Program Files (x86)/Arm GNU Toolchain arm-none-eabi/13.3 rel1/bin/../lib/gcc/arm-none-eabi/13.3.1/thumb/v7e-m+fp/hard\libc_nano.a(libc_a-findfp.o)
 .text.__sfp_lock_acquire
                0x08009158        0xc C:/Program Files (x86)/Arm GNU Toolchain arm-none-eabi/13.3 rel1/bin/../lib/gcc/arm-none-eabi/13.3.1/thumb/v7e-m+fp/hard\libc_nano.a(libc_a-findfp.o)
                0x08009158                __sfp_lock_acquire
 .text.__sfp_lock_release
                0x08009164        0xc C:/Program Files (x86)/Arm GNU Toolchain arm-none-eabi/13.3 rel1/bin/../lib/gcc/arm-none-eabi/13.3.1/thumb/v7e-m+fp/hard\libc_nano.a(libc_a-findfp.o)
                0x08009164                __sfp_lock_release
 .text.__sinit  0x08009170       0x30 C:/Program Files (x86)/Arm GNU Toolchain arm-none-eabi/13.3 rel1/bin/../lib/gcc/arm-none-eabi/13.3.1/thumb/v7e-m+fp/hard\libc_nano.a(libc_a-findfp.o)
                0x08009170                __sinit
 .text._fwalk_sglue
                0x080091a0       0x3c C:/Program Files (x86)/Arm GNU Toolchain arm-none-eabi/13.3 rel1/bin/../lib/gcc/arm-none-eabi/13.3.1/thumb/v7e-m+fp/hard\libc_nano.a(libc_a-fwalk.o)
                0x080091a0                _fwalk_sglue
 .text.printf   0x080091dc       0x24 C:/Program Files (x86)/Arm GNU Toolchain arm-none-eabi/13.3 rel1/bin/../lib/gcc/arm-none-eabi/13.3.1/thumb/v7e-m+fp/hard\libc_nano.a(libc_a-printf.o)
                0x080091dc                iprintf
                0x080091dc                printf
 .text._puts_r  0x08009200       0xaa C:/Program Files (x86)/Arm GNU Toolchain arm-none-eabi/13.3 rel1/bin/../lib/gcc/arm-none-eabi/13.3.1/thumb/v7e-m+fp/hard\libc_nano.a(libc_a-puts.o)
                0x08009200                _puts_r
 *fill*         0x080092aa        0x2 
 .text.puts     0x080092ac       0x10 C:/Program Files (x86)/Arm GNU Toolchain arm-none-eabi/13.3 rel1/bin/../lib/gcc/arm-none-eabi/13.3.1/thumb/v7e-m+fp/hard\libc_nano.a(libc_a-puts.o)
                0x080092ac                puts
 .text.__sread  0x080092bc       0x22 C:/Program Files (x86)/Arm GNU Toolchain arm-none-eabi/13.3 rel1/bin/../lib/gcc/arm-none-eabi/13.3.1/thumb/v7e-m+fp/hard\libc_nano.a(libc_a-stdio.o)
                0x080092bc                __sread
 .text.__swrite
                0x080092de       0x38 C:/Program Files (x86)/Arm GNU Toolchain arm-none-eabi/13.3 rel1/bin/../lib/gcc/arm-none-eabi/13.3.1/thumb/v7e-m+fp/hard\libc_nano.a(libc_a-stdio.o)
                0x080092de                __swrite
 .text.__sseek  0x08009316       0x24 C:/Program Files (x86)/Arm GNU Toolchain arm-none-eabi/13.3 rel1/bin/../lib/gcc/arm-none-eabi/13.3.1/thumb/v7e-m+fp/hard\libc_nano.a(libc_a-stdio.o)
                0x08009316                __sseek
 .text.__sclose
                0x0800933a        0x8 C:/Program Files (x86)/Arm GNU Toolchain arm-none-eabi/13.3 rel1/bin/../lib/gcc/arm-none-eabi/13.3.1/thumb/v7e-m+fp/hard\libc_nano.a(libc_a-stdio.o)
                0x0800933a                __sclose
 *fill*         0x08009342        0x2 
 .text._vsprintf_r
                0x08009344       0x2c C:/Program Files (x86)/Arm GNU Toolchain arm-none-eabi/13.3 rel1/bin/../lib/gcc/arm-none-eabi/13.3.1/thumb/v7e-m+fp/hard\libc_nano.a(libc_a-vsprintf.o)
                0x08009344                _vsprintf_r
                0x08009344                _vsiprintf_r
 .text.vsprintf
                0x08009370       0x14 C:/Program Files (x86)/Arm GNU Toolchain arm-none-eabi/13.3 rel1/bin/../lib/gcc/arm-none-eabi/13.3.1/thumb/v7e-m+fp/hard\libc_nano.a(libc_a-vsprintf.o)
                0x08009370                vsiprintf
                0x08009370                vsprintf
 .text.__swbuf_r
                0x08009384       0x7c C:/Program Files (x86)/Arm GNU Toolchain arm-none-eabi/13.3 rel1/bin/../lib/gcc/arm-none-eabi/13.3.1/thumb/v7e-m+fp/hard\libc_nano.a(libc_a-wbuf.o)
                0x08009384                __swbuf_r
 .text.__swsetup_r
                0x08009400       0xac C:/Program Files (x86)/Arm GNU Toolchain arm-none-eabi/13.3 rel1/bin/../lib/gcc/arm-none-eabi/13.3.1/thumb/v7e-m+fp/hard\libc_nano.a(libc_a-wsetup.o)
                0x08009400                __swsetup_r
 .text.memcmp   0x080094ac       0x20 C:/Program Files (x86)/Arm GNU Toolchain arm-none-eabi/13.3 rel1/bin/../lib/gcc/arm-none-eabi/13.3.1/thumb/v7e-m+fp/hard\libc_nano.a(libc_a-memcmp.o)
                0x080094ac                memcmp
 .text.memset   0x080094cc       0x10 C:/Program Files (x86)/Arm GNU Toolchain arm-none-eabi/13.3 rel1/bin/../lib/gcc/arm-none-eabi/13.3.1/thumb/v7e-m+fp/hard\libc_nano.a(libc_a-memset.o)
                0x080094cc                memset
 .text._localeconv_r
                0x080094dc        0x8 C:/Program Files (x86)/Arm GNU Toolchain arm-none-eabi/13.3 rel1/bin/../lib/gcc/arm-none-eabi/13.3.1/thumb/v7e-m+fp/hard\libc_nano.a(libc_a-localeconv.o)
                0x080094dc                _localeconv_r
 .text._close_r
                0x080094e4       0x20 C:/Program Files (x86)/Arm GNU Toolchain arm-none-eabi/13.3 rel1/bin/../lib/gcc/arm-none-eabi/13.3.1/thumb/v7e-m+fp/hard\libc_nano.a(libc_a-closer.o)
                0x080094e4                _close_r
 .text._lseek_r
                0x08009504       0x24 C:/Program Files (x86)/Arm GNU Toolchain arm-none-eabi/13.3 rel1/bin/../lib/gcc/arm-none-eabi/13.3.1/thumb/v7e-m+fp/hard\libc_nano.a(libc_a-lseekr.o)
                0x08009504                _lseek_r
 .text._read_r  0x08009528       0x24 C:/Program Files (x86)/Arm GNU Toolchain arm-none-eabi/13.3 rel1/bin/../lib/gcc/arm-none-eabi/13.3.1/thumb/v7e-m+fp/hard\libc_nano.a(libc_a-readr.o)
                0x08009528                _read_r
 .text._write_r
                0x0800954c       0x24 C:/Program Files (x86)/Arm GNU Toolchain arm-none-eabi/13.3 rel1/bin/../lib/gcc/arm-none-eabi/13.3.1/thumb/v7e-m+fp/hard\libc_nano.a(libc_a-writer.o)
                0x0800954c                _write_r
 .text.__errno  0x08009570        0xc C:/Program Files (x86)/Arm GNU Toolchain arm-none-eabi/13.3 rel1/bin/../lib/gcc/arm-none-eabi/13.3.1/thumb/v7e-m+fp/hard\libc_nano.a(libc_a-errno.o)
                0x08009570                __errno
 .text.__libc_init_array
                0x0800957c       0x48 C:/Program Files (x86)/Arm GNU Toolchain arm-none-eabi/13.3 rel1/bin/../lib/gcc/arm-none-eabi/13.3.1/thumb/v7e-m+fp/hard\libc_nano.a(libc_a-init.o)
                0x0800957c                __libc_init_array
 .text.__retarget_lock_init_recursive
                0x080095c4        0x2 C:/Program Files (x86)/Arm GNU Toolchain arm-none-eabi/13.3 rel1/bin/../lib/gcc/arm-none-eabi/13.3.1/thumb/v7e-m+fp/hard\libc_nano.a(libc_a-lock.o)
                0x080095c4                __retarget_lock_init_recursive
 .text.__retarget_lock_acquire_recursive
                0x080095c6        0x2 C:/Program Files (x86)/Arm GNU Toolchain arm-none-eabi/13.3 rel1/bin/../lib/gcc/arm-none-eabi/13.3.1/thumb/v7e-m+fp/hard\libc_nano.a(libc_a-lock.o)
                0x080095c6                __retarget_lock_acquire_recursive
 .text.__retarget_lock_release_recursive
                0x080095c8        0x2 C:/Program Files (x86)/Arm GNU Toolchain arm-none-eabi/13.3 rel1/bin/../lib/gcc/arm-none-eabi/13.3.1/thumb/v7e-m+fp/hard\libc_nano.a(libc_a-lock.o)
                0x080095c8                __retarget_lock_release_recursive
 .text.memcpy   0x080095ca       0x1c C:/Program Files (x86)/Arm GNU Toolchain arm-none-eabi/13.3 rel1/bin/../lib/gcc/arm-none-eabi/13.3.1/thumb/v7e-m+fp/hard\libc_nano.a(libc_a-memcpy-stub.o)
                0x080095ca                memcpy
 .text.quorem   0x080095e6      0x110 C:/Program Files (x86)/Arm GNU Toolchain arm-none-eabi/13.3 rel1/bin/../lib/gcc/arm-none-eabi/13.3.1/thumb/v7e-m+fp/hard\libc_nano.a(libc_a-dtoa.o)
 *fill*         0x080096f6        0x2 
 .text._dtoa_r  0x080096f8      0xb74 C:/Program Files (x86)/Arm GNU Toolchain arm-none-eabi/13.3 rel1/bin/../lib/gcc/arm-none-eabi/13.3.1/thumb/v7e-m+fp/hard\libc_nano.a(libc_a-dtoa.o)
                0x080096f8                _dtoa_r
 .text._free_r  0x0800a26c       0x94 C:/Program Files (x86)/Arm GNU Toolchain arm-none-eabi/13.3 rel1/bin/../lib/gcc/arm-none-eabi/13.3.1/thumb/v7e-m+fp/hard\libc_nano.a(libc_a-freer.o)
                0x0800a26c                _free_r
 .text.malloc   0x0800a300       0x10 C:/Program Files (x86)/Arm GNU Toolchain arm-none-eabi/13.3 rel1/bin/../lib/gcc/arm-none-eabi/13.3.1/thumb/v7e-m+fp/hard\libc_nano.a(libc_a-malloc.o)
                0x0800a300                malloc
 .text.sbrk_aligned
                0x0800a310       0x44 C:/Program Files (x86)/Arm GNU Toolchain arm-none-eabi/13.3 rel1/bin/../lib/gcc/arm-none-eabi/13.3.1/thumb/v7e-m+fp/hard\libc_nano.a(libc_a-mallocr.o)
 .text._malloc_r
                0x0800a354      0x100 C:/Program Files (x86)/Arm GNU Toolchain arm-none-eabi/13.3 rel1/bin/../lib/gcc/arm-none-eabi/13.3.1/thumb/v7e-m+fp/hard\libc_nano.a(libc_a-mallocr.o)
                0x0800a354                _malloc_r
 .text.__malloc_lock
                0x0800a454        0xc C:/Program Files (x86)/Arm GNU Toolchain arm-none-eabi/13.3 rel1/bin/../lib/gcc/arm-none-eabi/13.3.1/thumb/v7e-m+fp/hard\libc_nano.a(libc_a-mlock.o)
                0x0800a454                __malloc_lock
 .text.__malloc_unlock
                0x0800a460        0xc C:/Program Files (x86)/Arm GNU Toolchain arm-none-eabi/13.3 rel1/bin/../lib/gcc/arm-none-eabi/13.3.1/thumb/v7e-m+fp/hard\libc_nano.a(libc_a-mlock.o)
                0x0800a460                __malloc_unlock
 .text._Balloc  0x0800a46c       0x80 C:/Program Files (x86)/Arm GNU Toolchain arm-none-eabi/13.3 rel1/bin/../lib/gcc/arm-none-eabi/13.3.1/thumb/v7e-m+fp/hard\libc_nano.a(libc_a-mprec.o)
                0x0800a46c                _Balloc
 .text._Bfree   0x0800a4ec       0x44 C:/Program Files (x86)/Arm GNU Toolchain arm-none-eabi/13.3 rel1/bin/../lib/gcc/arm-none-eabi/13.3.1/thumb/v7e-m+fp/hard\libc_nano.a(libc_a-mprec.o)
                0x0800a4ec                _Bfree
 .text.__multadd
                0x0800a530       0x8c C:/Program Files (x86)/Arm GNU Toolchain arm-none-eabi/13.3 rel1/bin/../lib/gcc/arm-none-eabi/13.3.1/thumb/v7e-m+fp/hard\libc_nano.a(libc_a-mprec.o)
                0x0800a530                __multadd
 .text.__hi0bits
                0x0800a5bc       0x3e C:/Program Files (x86)/Arm GNU Toolchain arm-none-eabi/13.3 rel1/bin/../lib/gcc/arm-none-eabi/13.3.1/thumb/v7e-m+fp/hard\libc_nano.a(libc_a-mprec.o)
                0x0800a5bc                __hi0bits
 .text.__lo0bits
                0x0800a5fa       0x5a C:/Program Files (x86)/Arm GNU Toolchain arm-none-eabi/13.3 rel1/bin/../lib/gcc/arm-none-eabi/13.3.1/thumb/v7e-m+fp/hard\libc_nano.a(libc_a-mprec.o)
                0x0800a5fa                __lo0bits
 .text.__i2b    0x0800a654       0x2c C:/Program Files (x86)/Arm GNU Toolchain arm-none-eabi/13.3 rel1/bin/../lib/gcc/arm-none-eabi/13.3.1/thumb/v7e-m+fp/hard\libc_nano.a(libc_a-mprec.o)
                0x0800a654                __i2b
 .text.__multiply
                0x0800a680      0x144 C:/Program Files (x86)/Arm GNU Toolchain arm-none-eabi/13.3 rel1/bin/../lib/gcc/arm-none-eabi/13.3.1/thumb/v7e-m+fp/hard\libc_nano.a(libc_a-mprec.o)
                0x0800a680                __multiply
 .text.__pow5mult
                0x0800a7c4       0xb4 C:/Program Files (x86)/Arm GNU Toolchain arm-none-eabi/13.3 rel1/bin/../lib/gcc/arm-none-eabi/13.3.1/thumb/v7e-m+fp/hard\libc_nano.a(libc_a-mprec.o)
                0x0800a7c4                __pow5mult
 .text.__lshift
                0x0800a878       0xd8 C:/Program Files (x86)/Arm GNU Toolchain arm-none-eabi/13.3 rel1/bin/../lib/gcc/arm-none-eabi/13.3.1/thumb/v7e-m+fp/hard\libc_nano.a(libc_a-mprec.o)
                0x0800a878                __lshift
 .text.__mcmp   0x0800a950       0x36 C:/Program Files (x86)/Arm GNU Toolchain arm-none-eabi/13.3 rel1/bin/../lib/gcc/arm-none-eabi/13.3.1/thumb/v7e-m+fp/hard\libc_nano.a(libc_a-mprec.o)
                0x0800a950                __mcmp
 *fill*         0x0800a986        0x2 
 .text.__mdiff  0x0800a988      0x128 C:/Program Files (x86)/Arm GNU Toolchain arm-none-eabi/13.3 rel1/bin/../lib/gcc/arm-none-eabi/13.3.1/thumb/v7e-m+fp/hard\libc_nano.a(libc_a-mprec.o)
                0x0800a988                __mdiff
 .text.__d2b    0x0800aab0       0xb0 C:/Program Files (x86)/Arm GNU Toolchain arm-none-eabi/13.3 rel1/bin/../lib/gcc/arm-none-eabi/13.3.1/thumb/v7e-m+fp/hard\libc_nano.a(libc_a-mprec.o)
                0x0800aab0                __d2b
 .text.__ssputs_r
                0x0800ab60       0xb6 C:/Program Files (x86)/Arm GNU Toolchain arm-none-eabi/13.3 rel1/bin/../lib/gcc/arm-none-eabi/13.3.1/thumb/v7e-m+fp/hard\libc_nano.a(libc_a-nano-svfprintf.o)
                0x0800ab60                __ssputs_r
 *fill*         0x0800ac16        0x2 
 .text._svfprintf_r
                0x0800ac18      0x1f8 C:/Program Files (x86)/Arm GNU Toolchain arm-none-eabi/13.3 rel1/bin/../lib/gcc/arm-none-eabi/13.3.1/thumb/v7e-m+fp/hard\libc_nano.a(libc_a-nano-svfprintf.o)
                0x0800ac18                _svfiprintf_r
                0x0800ac18                _svfprintf_r
 .text.__sfputc_r
                0x0800ae10       0x2e C:/Program Files (x86)/Arm GNU Toolchain arm-none-eabi/13.3 rel1/bin/../lib/gcc/arm-none-eabi/13.3.1/thumb/v7e-m+fp/hard\libc_nano.a(libc_a-nano-vfprintf.o)
 .text.__sfputs_r
                0x0800ae3e       0x24 C:/Program Files (x86)/Arm GNU Toolchain arm-none-eabi/13.3 rel1/bin/../lib/gcc/arm-none-eabi/13.3.1/thumb/v7e-m+fp/hard\libc_nano.a(libc_a-nano-vfprintf.o)
                0x0800ae3e                __sfputs_r
 *fill*         0x0800ae62        0x2 
 .text._vfprintf_r
                0x0800ae64      0x230 C:/Program Files (x86)/Arm GNU Toolchain arm-none-eabi/13.3 rel1/bin/../lib/gcc/arm-none-eabi/13.3.1/thumb/v7e-m+fp/hard\libc_nano.a(libc_a-nano-vfprintf.o)
                0x0800ae64                _vfprintf_r
                0x0800ae64                _vfiprintf_r
 .text.__sflush_r
                0x0800b094      0x108 C:/Program Files (x86)/Arm GNU Toolchain arm-none-eabi/13.3 rel1/bin/../lib/gcc/arm-none-eabi/13.3.1/thumb/v7e-m+fp/hard\libc_nano.a(libc_a-fflush.o)
                0x0800b094                __sflush_r
 .text._fflush_r
                0x0800b19c       0x50 C:/Program Files (x86)/Arm GNU Toolchain arm-none-eabi/13.3 rel1/bin/../lib/gcc/arm-none-eabi/13.3.1/thumb/v7e-m+fp/hard\libc_nano.a(libc_a-fflush.o)
                0x0800b19c                _fflush_r
 .text.__swhatbuf_r
                0x0800b1ec       0x4c C:/Program Files (x86)/Arm GNU Toolchain arm-none-eabi/13.3 rel1/bin/../lib/gcc/arm-none-eabi/13.3.1/thumb/v7e-m+fp/hard\libc_nano.a(libc_a-makebuf.o)
                0x0800b1ec                __swhatbuf_r
 .text.__smakebuf_r
                0x0800b238       0x78 C:/Program Files (x86)/Arm GNU Toolchain arm-none-eabi/13.3 rel1/bin/../lib/gcc/arm-none-eabi/13.3.1/thumb/v7e-m+fp/hard\libc_nano.a(libc_a-makebuf.o)
                0x0800b238                __smakebuf_r
 .text.memmove  0x0800b2b0       0x34 C:/Program Files (x86)/Arm GNU Toolchain arm-none-eabi/13.3 rel1/bin/../lib/gcc/arm-none-eabi/13.3.1/thumb/v7e-m+fp/hard\libc_nano.a(libc_a-memmove.o)
                0x0800b2b0                memmove
 .text._fstat_r
                0x0800b2e4       0x24 C:/Program Files (x86)/Arm GNU Toolchain arm-none-eabi/13.3 rel1/bin/../lib/gcc/arm-none-eabi/13.3.1/thumb/v7e-m+fp/hard\libc_nano.a(libc_a-fstatr.o)
                0x0800b2e4                _fstat_r
 .text._isatty_r
                0x0800b308       0x20 C:/Program Files (x86)/Arm GNU Toolchain arm-none-eabi/13.3 rel1/bin/../lib/gcc/arm-none-eabi/13.3.1/thumb/v7e-m+fp/hard\libc_nano.a(libc_a-isattyr.o)
                0x0800b308                _isatty_r
 .text._sbrk_r  0x0800b328       0x20 C:/Program Files (x86)/Arm GNU Toolchain arm-none-eabi/13.3 rel1/bin/../lib/gcc/arm-none-eabi/13.3.1/thumb/v7e-m+fp/hard\libc_nano.a(libc_a-sbrkr.o)
                0x0800b328                _sbrk_r
 .text.__assert_func
                0x0800b348       0x3c C:/Program Files (x86)/Arm GNU Toolchain arm-none-eabi/13.3 rel1/bin/../lib/gcc/arm-none-eabi/13.3.1/thumb/v7e-m+fp/hard\libc_nano.a(libc_a-assert.o)
                0x0800b348                __assert_func
 .text._calloc_r
                0x0800b384       0x28 C:/Program Files (x86)/Arm GNU Toolchain arm-none-eabi/13.3 rel1/bin/../lib/gcc/arm-none-eabi/13.3.1/thumb/v7e-m+fp/hard\libc_nano.a(libc_a-callocr.o)
                0x0800b384                _calloc_r
 .text.__ascii_mbtowc
                0x0800b3ac       0x24 C:/Program Files (x86)/Arm GNU Toolchain arm-none-eabi/13.3 rel1/bin/../lib/gcc/arm-none-eabi/13.3.1/thumb/v7e-m+fp/hard\libc_nano.a(libc_a-mbtowc_r.o)
                0x0800b3ac                __ascii_mbtowc
 .text._realloc_r
                0x0800b3d0       0x5c C:/Program Files (x86)/Arm GNU Toolchain arm-none-eabi/13.3 rel1/bin/../lib/gcc/arm-none-eabi/13.3.1/thumb/v7e-m+fp/hard\libc_nano.a(libc_a-reallocr.o)
                0x0800b3d0                _realloc_r
 .text.__ascii_wctomb
                0x0800b42c       0x1a C:/Program Files (x86)/Arm GNU Toolchain arm-none-eabi/13.3 rel1/bin/../lib/gcc/arm-none-eabi/13.3.1/thumb/v7e-m+fp/hard\libc_nano.a(libc_a-wctomb_r.o)
                0x0800b42c                __ascii_wctomb
 *fill*         0x0800b446        0x2 
 .text.fprintf  0x0800b448       0x24 C:/Program Files (x86)/Arm GNU Toolchain arm-none-eabi/13.3 rel1/bin/../lib/gcc/arm-none-eabi/13.3.1/thumb/v7e-m+fp/hard\libc_nano.a(libc_a-fprintf.o)
                0x0800b448                fiprintf
                0x0800b448                fprintf
 .text.abort    0x0800b46c        0xe C:/Program Files (x86)/Arm GNU Toolchain arm-none-eabi/13.3 rel1/bin/../lib/gcc/arm-none-eabi/13.3.1/thumb/v7e-m+fp/hard\libc_nano.a(libc_a-abort.o)
                0x0800b46c                abort
 .text._malloc_usable_size_r
                0x0800b47a       0x10 C:/Program Files (x86)/Arm GNU Toolchain arm-none-eabi/13.3 rel1/bin/../lib/gcc/arm-none-eabi/13.3.1/thumb/v7e-m+fp/hard\libc_nano.a(libc_a-msizer.o)
                0x0800b47a                _malloc_usable_size_r
 .text._raise_r
                0x0800b48a       0x50 C:/Program Files (x86)/Arm GNU Toolchain arm-none-eabi/13.3 rel1/bin/../lib/gcc/arm-none-eabi/13.3.1/thumb/v7e-m+fp/hard\libc_nano.a(libc_a-signal.o)
                0x0800b48a                _raise_r
 *fill*         0x0800b4da        0x2 
 .text.raise    0x0800b4dc       0x10 C:/Program Files (x86)/Arm GNU Toolchain arm-none-eabi/13.3 rel1/bin/../lib/gcc/arm-none-eabi/13.3.1/thumb/v7e-m+fp/hard\libc_nano.a(libc_a-signal.o)
                0x0800b4dc                raise
 .text._kill_r  0x0800b4ec       0x24 C:/Program Files (x86)/Arm GNU Toolchain arm-none-eabi/13.3 rel1/bin/../lib/gcc/arm-none-eabi/13.3.1/thumb/v7e-m+fp/hard\libc_nano.a(libc_a-signalr.o)
                0x0800b4ec                _kill_r
 .text._getpid_r
                0x0800b510        0x4 C:/Program Files (x86)/Arm GNU Toolchain arm-none-eabi/13.3 rel1/bin/../lib/gcc/arm-none-eabi/13.3.1/thumb/v7e-m+fp/hard\libc_nano.a(libc_a-signalr.o)
                0x0800b510                _getpid_r
 .text.__udivmoddi4
                0x0800b514      0x2bc C:/Program Files (x86)/Arm GNU Toolchain arm-none-eabi/13.3 rel1/bin/../lib/gcc/arm-none-eabi/13.3.1/thumb/v7e-m+fp/hard\libgcc.a(_udivmoddi4.o)
                0x0800b514                __udivmoddi4
 .text._close   0x0800b7d0       0x10 C:/Program Files (x86)/Arm GNU Toolchain arm-none-eabi/13.3 rel1/bin/../lib/gcc/arm-none-eabi/13.3.1/thumb/v7e-m+fp/hard\libnosys.a(close.o)
                0x0800b7d0                _close
 .text._fstat   0x0800b7e0       0x10 C:/Program Files (x86)/Arm GNU Toolchain arm-none-eabi/13.3 rel1/bin/../lib/gcc/arm-none-eabi/13.3.1/thumb/v7e-m+fp/hard\libnosys.a(fstat.o)
                0x0800b7e0                _fstat
 .text._getpid  0x0800b7f0       0x10 C:/Program Files (x86)/Arm GNU Toolchain arm-none-eabi/13.3 rel1/bin/../lib/gcc/arm-none-eabi/13.3.1/thumb/v7e-m+fp/hard\libnosys.a(getpid.o)
                0x0800b7f0                _getpid
 .text._isatty  0x0800b800       0x10 C:/Program Files (x86)/Arm GNU Toolchain arm-none-eabi/13.3 rel1/bin/../lib/gcc/arm-none-eabi/13.3.1/thumb/v7e-m+fp/hard\libnosys.a(isatty.o)
                0x0800b800                _isatty
 .text._kill    0x0800b810       0x10 C:/Program Files (x86)/Arm GNU Toolchain arm-none-eabi/13.3 rel1/bin/../lib/gcc/arm-none-eabi/13.3.1/thumb/v7e-m+fp/hard\libnosys.a(kill.o)
                0x0800b810                _kill
 .text._lseek   0x0800b820       0x10 C:/Program Files (x86)/Arm GNU Toolchain arm-none-eabi/13.3 rel1/bin/../lib/gcc/arm-none-eabi/13.3.1/thumb/v7e-m+fp/hard\libnosys.a(lseek.o)
                0x0800b820                _lseek
 .text._read    0x0800b830       0x10 C:/Program Files (x86)/Arm GNU Toolchain arm-none-eabi/13.3 rel1/bin/../lib/gcc/arm-none-eabi/13.3.1/thumb/v7e-m+fp/hard\libnosys.a(read.o)
                0x0800b830                _read
 .text._sbrk    0x0800b840       0x1c C:/Program Files (x86)/Arm GNU Toolchain arm-none-eabi/13.3 rel1/bin/../lib/gcc/arm-none-eabi/13.3.1/thumb/v7e-m+fp/hard\libnosys.a(sbrk.o)
                0x0800b840                _sbrk
 .text._exit    0x0800b85c        0x4 C:/Program Files (x86)/Arm GNU Toolchain arm-none-eabi/13.3 rel1/bin/../lib/gcc/arm-none-eabi/13.3.1/thumb/v7e-m+fp/hard\libnosys.a(_exit.o)
                0x0800b85c                _exit
 *(.glue_7)
 .glue_7        0x0800b860        0x0 linker stubs
 *(.glue_7t)
 .glue_7t       0x0800b860        0x0 linker stubs
 *(.eh_frame)
 .eh_frame      0x0800b860        0x0 C:/Program Files (x86)/Arm GNU Toolchain arm-none-eabi/13.3 rel1/bin/../lib/gcc/arm-none-eabi/13.3.1/thumb/v7e-m+fp/hard/crtbegin.o
 *(.init)
 .init          0x0800b860        0x4 C:/Program Files (x86)/Arm GNU Toolchain arm-none-eabi/13.3 rel1/bin/../lib/gcc/arm-none-eabi/13.3.1/thumb/v7e-m+fp/hard/crti.o
                0x0800b860                _init
 .init          0x0800b864        0x8 C:/Program Files (x86)/Arm GNU Toolchain arm-none-eabi/13.3 rel1/bin/../lib/gcc/arm-none-eabi/13.3.1/thumb/v7e-m+fp/hard/crtn.o
 *(.fini)
 .fini          0x0800b86c        0x4 C:/Program Files (x86)/Arm GNU Toolchain arm-none-eabi/13.3 rel1/bin/../lib/gcc/arm-none-eabi/13.3.1/thumb/v7e-m+fp/hard/crti.o
                0x0800b86c                _fini
 .fini          0x0800b870        0x8 C:/Program Files (x86)/Arm GNU Toolchain arm-none-eabi/13.3 rel1/bin/../lib/gcc/arm-none-eabi/13.3.1/thumb/v7e-m+fp/hard/crtn.o
                0x0800b878                        . = ALIGN (0x4)
                0x0800b878                        _etext = .

.vfp11_veneer   0x0800b878        0x0
 .vfp11_veneer  0x0800b878        0x0 linker stubs

.v4_bx          0x0800b878        0x0
 .v4_bx         0x0800b878        0x0 linker stubs

.iplt           0x0800b878        0x0
 .iplt          0x0800b878        0x0 C:/Program Files (x86)/Arm GNU Toolchain arm-none-eabi/13.3 rel1/bin/../lib/gcc/arm-none-eabi/13.3.1/thumb/v7e-m+fp/hard/crtbegin.o

.rodata         0x0800b878     0x1fa4
                0x0800b878                        . = ALIGN (0x4)
 *(.rodata)
 *(.rodata*)
 .rodata.main.str1.4
                0x0800b878      0x336 GCC/build/main.o
                                 0x4b (size before relaxing)
 .rodata.USART2_IRQHandler.str1.4
                0x0800bbae        0xf GCC/build/usart.o
 *fill*         0x0800bbae        0x2 
 .rodata.APBAHBPrescTable
                0x0800bbb0       0x10 GCC/build/stm32f4xx_rcc.o
 .rodata.Motor_PWM_TIM8_Init.str1.4
                0x0800bbc0       0x4c GCC/build/control.o
 .rodata.OLED_F6x8
                0x0800bbc0      0x23a GCC/build/OLED_Data.o
                0x0800bbc0                OLED_F6x8
 *fill*         0x0800bdfa        0x2 
 .rodata.OLED_F8x16
                0x0800bdfc      0x5f0 GCC/build/OLED_Data.o
                0x0800bdfc                OLED_F8x16
 .rodata.Task3_AngleMove.str1.4
                0x0800c3ec        0x8 GCC/build/Control_Task.o
 .rodata.BSP_Init.str1.4
                0x0800c3ec      0x175 GCC/build/bsp.o
 .rodata.ADC_IRQHandler.str1.4
                0x0800c3ec        0xf GCC/build/bsp.o
 .rodata.MPU_Init.str1.4
                0x0800c3ec       0x11 GCC/build/mpu6050.o
 .rodata.dmp_set_orientation.str1.4
                0x0800c3ec       0x10 GCC/build/inv_mpu_dmp_motion_driver.o
 .rodata.dmp_set_fifo_rate.str1.4
                0x0800c3ec        0xd GCC/build/inv_mpu_dmp_motion_driver.o
 .rodata.dmp_enable_gyro_cal.str1.4
                0x0800c3ec       0x16 GCC/build/inv_mpu_dmp_motion_driver.o
 .rodata.dmp_memory
                0x0800c3ec      0xbf6 GCC/build/inv_mpu_dmp_motion_driver.o
 .rodata.mpu_init.str1.4
                0x0800cfe2       0x91 GCC/build/inv_mpu.o
 *fill*         0x0800cfe2        0x2 
 .rodata.test   0x0800cfe4       0x28 GCC/build/inv_mpu.o
                0x0800cfe4                test
 .rodata.hw     0x0800d00c        0xc GCC/build/inv_mpu.o
                0x0800d00c                hw
 .rodata.reg    0x0800d018       0x1b GCC/build/inv_mpu.o
                0x0800d018                reg
 .rodata.prvTaskIsTaskSuspended.str1.4
                0x0800d033       0x1e GCC/build/tasks.o
 .rodata.asin.str1.4
                0x0800d033        0x1 C:/Program Files (x86)/Arm GNU Toolchain arm-none-eabi/13.3 rel1/bin/../lib/gcc/arm-none-eabi/13.3.1/thumb/v7e-m+fp/hard\libm.a(libm_a-w_asin.o)
 .rodata.asinf.str1.4
                0x0800d033        0x1 C:/Program Files (x86)/Arm GNU Toolchain arm-none-eabi/13.3 rel1/bin/../lib/gcc/arm-none-eabi/13.3.1/thumb/v7e-m+fp/hard\libm.a(libm_a-wf_asin.o)
 *fill*         0x0800d033        0x1 
 .rodata.atanlo
                0x0800d034       0x10 C:/Program Files (x86)/Arm GNU Toolchain arm-none-eabi/13.3 rel1/bin/../lib/gcc/arm-none-eabi/13.3.1/thumb/v7e-m+fp/hard\libm.a(libm_a-sf_atan.o)
 .rodata.atanhi
                0x0800d044       0x10 C:/Program Files (x86)/Arm GNU Toolchain arm-none-eabi/13.3 rel1/bin/../lib/gcc/arm-none-eabi/13.3.1/thumb/v7e-m+fp/hard\libm.a(libm_a-sf_atan.o)
 *fill*         0x0800d054        0x4 
 .rodata.CSWTCH.9
                0x0800d058       0x18 C:/Program Files (x86)/Arm GNU Toolchain arm-none-eabi/13.3 rel1/bin/../lib/gcc/arm-none-eabi/13.3.1/thumb/v7e-m+fp/hard\libm.a(libm_a-e_atan2.o)
 .rodata.CSWTCH.8
                0x0800d070       0x18 C:/Program Files (x86)/Arm GNU Toolchain arm-none-eabi/13.3 rel1/bin/../lib/gcc/arm-none-eabi/13.3.1/thumb/v7e-m+fp/hard\libm.a(libm_a-e_atan2.o)
 .rodata.atanlo
                0x0800d088       0x20 C:/Program Files (x86)/Arm GNU Toolchain arm-none-eabi/13.3 rel1/bin/../lib/gcc/arm-none-eabi/13.3.1/thumb/v7e-m+fp/hard\libm.a(libm_a-s_atan.o)
 .rodata.atanhi
                0x0800d0a8       0x20 C:/Program Files (x86)/Arm GNU Toolchain arm-none-eabi/13.3 rel1/bin/../lib/gcc/arm-none-eabi/13.3.1/thumb/v7e-m+fp/hard\libm.a(libm_a-s_atan.o)
 .rodata.npio2_hw
                0x0800d0c8       0x80 C:/Program Files (x86)/Arm GNU Toolchain arm-none-eabi/13.3 rel1/bin/../lib/gcc/arm-none-eabi/13.3.1/thumb/v7e-m+fp/hard\libm.a(libm_a-ef_rem_pio2.o)
 .rodata.two_over_pi
                0x0800d148      0x318 C:/Program Files (x86)/Arm GNU Toolchain arm-none-eabi/13.3 rel1/bin/../lib/gcc/arm-none-eabi/13.3.1/thumb/v7e-m+fp/hard\libm.a(libm_a-ef_rem_pio2.o)
 .rodata.tiny   0x0800d460        0x8 C:/Program Files (x86)/Arm GNU Toolchain arm-none-eabi/13.3 rel1/bin/../lib/gcc/arm-none-eabi/13.3.1/thumb/v7e-m+fp/hard\libm.a(libm_a-e_sqrt.o)
 .rodata.one    0x0800d468        0x8 C:/Program Files (x86)/Arm GNU Toolchain arm-none-eabi/13.3 rel1/bin/../lib/gcc/arm-none-eabi/13.3.1/thumb/v7e-m+fp/hard\libm.a(libm_a-e_sqrt.o)
 .rodata.PIo2   0x0800d470       0x2c C:/Program Files (x86)/Arm GNU Toolchain arm-none-eabi/13.3 rel1/bin/../lib/gcc/arm-none-eabi/13.3.1/thumb/v7e-m+fp/hard\libm.a(libm_a-kf_rem_pio2.o)
 .rodata.init_jk
                0x0800d49c        0xc C:/Program Files (x86)/Arm GNU Toolchain arm-none-eabi/13.3 rel1/bin/../lib/gcc/arm-none-eabi/13.3.1/thumb/v7e-m+fp/hard\libm.a(libm_a-kf_rem_pio2.o)
 .rodata._printf_float.str1.1
                0x0800d4a8      0x173 C:/Program Files (x86)/Arm GNU Toolchain arm-none-eabi/13.3 rel1/bin/../lib/gcc/arm-none-eabi/13.3.1/thumb/v7e-m+fp/hard\libc_nano.a(libc_a-nano-vfprintf_float.o)
                                 0x12 (size before relaxing)
 .rodata._printf_i.str1.1
                0x0800d61b       0x22 C:/Program Files (x86)/Arm GNU Toolchain arm-none-eabi/13.3 rel1/bin/../lib/gcc/arm-none-eabi/13.3.1/thumb/v7e-m+fp/hard\libc_nano.a(libc_a-nano-vfprintf_i.o)
 .rodata._dtoa_r.str1.1
                0x0800d61b       0x90 C:/Program Files (x86)/Arm GNU Toolchain arm-none-eabi/13.3 rel1/bin/../lib/gcc/arm-none-eabi/13.3.1/thumb/v7e-m+fp/hard\libc_nano.a(libc_a-dtoa.o)
 .rodata._Balloc.str1.1
                0x0800d61b       0x71 C:/Program Files (x86)/Arm GNU Toolchain arm-none-eabi/13.3 rel1/bin/../lib/gcc/arm-none-eabi/13.3.1/thumb/v7e-m+fp/hard\libc_nano.a(libc_a-mprec.o)
 .rodata.__multadd.str1.1
                0x0800d61b       0x11 C:/Program Files (x86)/Arm GNU Toolchain arm-none-eabi/13.3 rel1/bin/../lib/gcc/arm-none-eabi/13.3.1/thumb/v7e-m+fp/hard\libc_nano.a(libc_a-mprec.o)
 *fill*         0x0800d61b        0x1 
 .rodata.p05.0  0x0800d61c        0xc C:/Program Files (x86)/Arm GNU Toolchain arm-none-eabi/13.3 rel1/bin/../lib/gcc/arm-none-eabi/13.3.1/thumb/v7e-m+fp/hard\libc_nano.a(libc_a-mprec.o)
 .rodata.__mprec_bigtens
                0x0800d628       0x28 C:/Program Files (x86)/Arm GNU Toolchain arm-none-eabi/13.3 rel1/bin/../lib/gcc/arm-none-eabi/13.3.1/thumb/v7e-m+fp/hard\libc_nano.a(libc_a-mprec.o)
                0x0800d628                __mprec_bigtens
 .rodata.__mprec_tens
                0x0800d650       0xc8 C:/Program Files (x86)/Arm GNU Toolchain arm-none-eabi/13.3 rel1/bin/../lib/gcc/arm-none-eabi/13.3.1/thumb/v7e-m+fp/hard\libc_nano.a(libc_a-mprec.o)
                0x0800d650                __mprec_tens
 .rodata._svfprintf_r.str1.1
                0x0800d718       0x11 C:/Program Files (x86)/Arm GNU Toolchain arm-none-eabi/13.3 rel1/bin/../lib/gcc/arm-none-eabi/13.3.1/thumb/v7e-m+fp/hard\libc_nano.a(libc_a-nano-svfprintf.o)
 .rodata._vfprintf_r.str1.1
                0x0800d718       0x11 C:/Program Files (x86)/Arm GNU Toolchain arm-none-eabi/13.3 rel1/bin/../lib/gcc/arm-none-eabi/13.3.1/thumb/v7e-m+fp/hard\libc_nano.a(libc_a-nano-vfprintf.o)
 .rodata._setlocale_r.str1.1
                0x0800d718        0x9 C:/Program Files (x86)/Arm GNU Toolchain arm-none-eabi/13.3 rel1/bin/../lib/gcc/arm-none-eabi/13.3.1/thumb/v7e-m+fp/hard\libc_nano.a(libc_a-locale.o)
 .rodata.str1.1
                0x0800d718        0x2 C:/Program Files (x86)/Arm GNU Toolchain arm-none-eabi/13.3 rel1/bin/../lib/gcc/arm-none-eabi/13.3.1/thumb/v7e-m+fp/hard\libc_nano.a(libc_a-locale.o)
 .rodata.__assert_func.str1.1
                0x0800d718       0x3d C:/Program Files (x86)/Arm GNU Toolchain arm-none-eabi/13.3 rel1/bin/../lib/gcc/arm-none-eabi/13.3.1/thumb/v7e-m+fp/hard\libc_nano.a(libc_a-assert.o)
 .rodata._ctype_
                0x0800d718      0x101 C:/Program Files (x86)/Arm GNU Toolchain arm-none-eabi/13.3 rel1/bin/../lib/gcc/arm-none-eabi/13.3.1/thumb/v7e-m+fp/hard\libc_nano.a(libc_a-ctype_.o)
                0x0800d718                _ctype_
                0x0800d81c                        . = ALIGN (0x4)
 *fill*         0x0800d819        0x3 

.ARM.extab
 *(.ARM.extab* .gnu.linkonce.armextab.*)

.ARM            0x0800d81c        0x8
                0x0800d81c                        __exidx_start = .
 *(.ARM.exidx*)
 .ARM.exidx     0x0800d81c        0x8 C:/Program Files (x86)/Arm GNU Toolchain arm-none-eabi/13.3 rel1/bin/../lib/gcc/arm-none-eabi/13.3.1/thumb/v7e-m+fp/hard\libc_nano.a(libc_a-memchr.o)
 .ARM.exidx     0x0800d824        0x0 C:/Program Files (x86)/Arm GNU Toolchain arm-none-eabi/13.3 rel1/bin/../lib/gcc/arm-none-eabi/13.3.1/thumb/v7e-m+fp/hard\libc_nano.a(libc_a-strlen.o)
                                  0x8 (size before relaxing)
 .ARM.exidx.text.__udivmoddi4
                0x0800d824        0x0 C:/Program Files (x86)/Arm GNU Toolchain arm-none-eabi/13.3 rel1/bin/../lib/gcc/arm-none-eabi/13.3.1/thumb/v7e-m+fp/hard\libgcc.a(_udivmoddi4.o)
                                  0x8 (size before relaxing)
                0x0800d824                        __exidx_end = .

.rel.dyn        0x0800d824        0x0
 .rel.iplt      0x0800d824        0x0 C:/Program Files (x86)/Arm GNU Toolchain arm-none-eabi/13.3 rel1/bin/../lib/gcc/arm-none-eabi/13.3.1/thumb/v7e-m+fp/hard/crtbegin.o

.preinit_array  0x0800d824        0x0
                0x0800d824                        PROVIDE (__preinit_array_start = .)
 *(.preinit_array*)
                0x0800d824                        PROVIDE (__preinit_array_end = .)

.init_array     0x0800d824        0x4
                0x0800d824                        PROVIDE (__init_array_start = .)
 *(SORT_BY_NAME(.init_array.*))
 *(.init_array*)
 .init_array    0x0800d824        0x4 C:/Program Files (x86)/Arm GNU Toolchain arm-none-eabi/13.3 rel1/bin/../lib/gcc/arm-none-eabi/13.3.1/thumb/v7e-m+fp/hard/crtbegin.o
                0x0800d828                        PROVIDE (__init_array_end = .)

.fini_array     0x0800d828        0x4
                [!provide]                        PROVIDE (__fini_array_start = .)
 *(SORT_BY_NAME(.fini_array.*))
 *(.fini_array*)
 .fini_array    0x0800d828        0x4 C:/Program Files (x86)/Arm GNU Toolchain arm-none-eabi/13.3 rel1/bin/../lib/gcc/arm-none-eabi/13.3.1/thumb/v7e-m+fp/hard/crtbegin.o
                [!provide]                        PROVIDE (__fini_array_end = .)
                0x0800d82c                        _sidata = LOADADDR (.data)

.data           0x20000000      0x2f4 load address 0x0800d82c
                0x20000000                        . = ALIGN (0x4)
                0x20000000                        _sdata = .
 *(.data)
 *(.data*)
 .data.Taks5Pid2.1
                0x20000000       0x10 GCC/build/Control_Task.o
 .data.Taks5Pid.3
                0x20000010       0x10 GCC/build/Control_Task.o
 .data.Taks3Pid8.8
                0x20000020       0x10 GCC/build/Control_Task.o
 .data.Taks3Pid7.9
                0x20000030       0x10 GCC/build/Control_Task.o
 .data.Taks3Pid6.10
                0x20000040       0x10 GCC/build/Control_Task.o
 .data.Taks3Pid5.11
                0x20000050       0x10 GCC/build/Control_Task.o
 .data.Taks3Pid4.12
                0x20000060       0x10 GCC/build/Control_Task.o
 .data.Taks3Pid3.13
                0x20000070       0x10 GCC/build/Control_Task.o
 .data.Taks3Pid2.15
                0x20000080       0x10 GCC/build/Control_Task.o
 .data.Taks3Pid1.17
                0x20000090       0x10 GCC/build/Control_Task.o
 .data.Taks1Pid2.23
                0x200000a0       0x10 GCC/build/Control_Task.o
 .data.Taks1Pid1.26
                0x200000b0       0x10 GCC/build/Control_Task.o
 .data.Taks4Pid.30
                0x200000c0       0x10 GCC/build/Control_Task.o
 .data.Target_angle
                0x200000d0        0x4 GCC/build/Control_Task.o
                0x200000d0                Target_angle
 .data.Target_dis
                0x200000d4        0x4 GCC/build/Control_Task.o
                0x200000d4                Target_dis
 .data.de       0x200000d8       0x1c GCC/build/Control_Task.o
                0x200000d8                de
 .data.gyro_orientation
                0x200000f4        0x9 GCC/build/inv_mpu.o
 *fill*         0x200000fd        0x3 
 .data.st       0x20000100       0x2c GCC/build/inv_mpu.o
 .data.__sglue  0x2000012c        0xc C:/Program Files (x86)/Arm GNU Toolchain arm-none-eabi/13.3 rel1/bin/../lib/gcc/arm-none-eabi/13.3.1/thumb/v7e-m+fp/hard\libc_nano.a(libc_a-findfp.o)
                0x2000012c                __sglue
 .data._impure_ptr
                0x20000138        0x4 C:/Program Files (x86)/Arm GNU Toolchain arm-none-eabi/13.3 rel1/bin/../lib/gcc/arm-none-eabi/13.3.1/thumb/v7e-m+fp/hard\libc_nano.a(libc_a-impure.o)
                0x20000138                _impure_ptr
 .data._impure_data
                0x2000013c       0x4c C:/Program Files (x86)/Arm GNU Toolchain arm-none-eabi/13.3 rel1/bin/../lib/gcc/arm-none-eabi/13.3.1/thumb/v7e-m+fp/hard\libc_nano.a(libc_a-impure.o)
                0x2000013c                _impure_data
 .data.__global_locale
                0x20000188      0x16c C:/Program Files (x86)/Arm GNU Toolchain arm-none-eabi/13.3 rel1/bin/../lib/gcc/arm-none-eabi/13.3.1/thumb/v7e-m+fp/hard\libc_nano.a(libc_a-locale.o)
                0x20000188                __global_locale
                0x200002f4                        . = ALIGN (0x4)
                0x200002f4                        _edata = .
                0x0800db20                        _siccmram = LOADADDR (.ccmram)

.tm_clone_table
                0x200002f4        0x0 load address 0x0800db20
 .tm_clone_table
                0x200002f4        0x0 C:/Program Files (x86)/Arm GNU Toolchain arm-none-eabi/13.3 rel1/bin/../lib/gcc/arm-none-eabi/13.3.1/thumb/v7e-m+fp/hard/crtbegin.o
 .tm_clone_table
                0x200002f4        0x0 C:/Program Files (x86)/Arm GNU Toolchain arm-none-eabi/13.3 rel1/bin/../lib/gcc/arm-none-eabi/13.3.1/thumb/v7e-m+fp/hard/crtend.o

.igot.plt       0x200002f4        0x0 load address 0x0800db20
 .igot.plt      0x200002f4        0x0 C:/Program Files (x86)/Arm GNU Toolchain arm-none-eabi/13.3 rel1/bin/../lib/gcc/arm-none-eabi/13.3.1/thumb/v7e-m+fp/hard/crtbegin.o

.ccmram         0x10000000        0x0 load address 0x0800db20
                0x10000000                        . = ALIGN (0x4)
                0x10000000                        _sccmram = .
 *(.ccmram)
 *(.ccmram*)
                0x10000000                        . = ALIGN (0x4)
                0x10000000                        _eccmram = .
                0x10000000                        . = ALIGN (0x4)

.bss            0x200002f4      0x994
                0x200002f4                        _sbss = .
                0x200002f4                        __bss_start__ = _sbss
 *(.bss)
 *(.bss*)
 .bss.completed.1
                0x200002f4        0x1 C:/Program Files (x86)/Arm GNU Toolchain arm-none-eabi/13.3 rel1/bin/../lib/gcc/arm-none-eabi/13.3.1/thumb/v7e-m+fp/hard/crtbegin.o
 *fill*         0x200002f5        0x3 
 .bss.object.0  0x200002f8       0x18 C:/Program Files (x86)/Arm GNU Toolchain arm-none-eabi/13.3 rel1/bin/../lib/gcc/arm-none-eabi/13.3.1/thumb/v7e-m+fp/hard/crtbegin.o
 .bss.mode      0x20000310        0x1 GCC/build/main.o
                0x20000310                mode
 *fill*         0x20000311        0x3 
 .bss.abspitch  0x20000314        0x4 GCC/build/main.o
                0x20000314                abspitch
 .bss.absroll   0x20000318        0x4 GCC/build/main.o
                0x20000318                absroll
 .bss.Opolar    0x2000031c        0x4 GCC/build/main.o
                0x2000031c                Opolar
 .bss.polar     0x20000320        0x4 GCC/build/main.o
                0x20000320                polar
 .bss.dis       0x20000324        0x4 GCC/build/main.o
                0x20000324                dis
 .bss.def       0x20000328        0x4 GCC/build/main.o
                0x20000328                def
 .bss.yaw       0x2000032c        0x4 GCC/build/main.o
                0x2000032c                yaw
 .bss.roll      0x20000330        0x4 GCC/build/main.o
                0x20000330                roll
 .bss.pitch     0x20000334        0x4 GCC/build/main.o
                0x20000334                pitch
 .bss.g_fac_us  0x20000338        0x4 GCC/build/delay.o
 .bss.Res.0     0x2000033c        0x2 GCC/build/usart.o
 .bss.USART_RX_STA
                0x2000033e        0x2 GCC/build/usart.o
                0x2000033e                USART_RX_STA
 .bss.USART_RX_BUF
                0x20000340       0xc8 GCC/build/usart.o
                0x20000340                USART_RX_BUF
 .bss.output.0  0x20000408        0x4 GCC/build/control.o
 .bss.T1Lderivative.1
                0x2000040c        0x4 GCC/build/control.o
 .bss.T1LlastError.2
                0x20000410        0x4 GCC/build/control.o
 .bss.T1Lintegral.5
                0x20000414        0x4 GCC/build/control.o
 .bss.T1Lerror.6
                0x20000418        0x4 GCC/build/control.o
 .bss.output.7  0x2000041c        0x4 GCC/build/control.o
 .bss.T4Sderivative.8
                0x20000420        0x4 GCC/build/control.o
 .bss.T4SlastError.9
                0x20000424        0x4 GCC/build/control.o
 .bss.T4Sintegral.12
                0x20000428        0x4 GCC/build/control.o
 .bss.T4Serror.13
                0x2000042c        0x4 GCC/build/control.o
 .bss.OLED_DisplayBuf
                0x20000430      0x400 GCC/build/OLED.o
                0x20000430                OLED_DisplayBuf
 .bss.LOutput.0
                0x20000830        0x4 GCC/build/Control_Task.o
 .bss.VOutput.2
                0x20000834        0x4 GCC/build/Control_Task.o
 .bss.Ltarget_angle.4
                0x20000838        0x4 GCC/build/Control_Task.o
 .bss.Vtarget_angle.5
                0x2000083c        0x4 GCC/build/Control_Task.o
 .bss.time.6    0x20000840        0x4 GCC/build/Control_Task.o
 .bss.A.7       0x20000844        0x4 GCC/build/Control_Task.o
 .bss.LOutput.14
                0x20000848        0x4 GCC/build/Control_Task.o
 .bss.VOutput.16
                0x2000084c        0x4 GCC/build/Control_Task.o
 .bss.Ltarget_angle.18
                0x20000850        0x4 GCC/build/Control_Task.o
 .bss.Vtarget_angle.19
                0x20000854        0x4 GCC/build/Control_Task.o
 .bss.time.20   0x20000858        0x4 GCC/build/Control_Task.o
 .bss.target_pitch.21
                0x2000085c        0x4 GCC/build/Control_Task.o
 .bss.target_roll.22
                0x20000860        0x4 GCC/build/Control_Task.o
 .bss.LOutput.24
                0x20000864        0x4 GCC/build/Control_Task.o
 .bss.VOutput.25
                0x20000868        0x4 GCC/build/Control_Task.o
 .bss.time.27   0x2000086c        0x4 GCC/build/Control_Task.o
 .bss.A.28      0x20000870        0x4 GCC/build/Control_Task.o
 .bss.Output.29
                0x20000874        0x4 GCC/build/Control_Task.o
 .bss.target_angle
                0x20000878        0x4 GCC/build/Control_Task.o
                0x20000878                target_angle
 .bss.adcValue.0
                0x2000087c        0x2 GCC/build/bsp.o
 *fill*         0x2000087e        0x2 
 .bss.dmp       0x20000880       0x10 GCC/build/inv_mpu_dmp_motion_driver.o
 .bss.uxSchedulerSuspended
                0x20000890        0x4 GCC/build/tasks.o
 .bss.xNextTaskUnblockTime
                0x20000894        0x4 GCC/build/tasks.o
 .bss.xNumOfOverflows
                0x20000898        0x4 GCC/build/tasks.o
 .bss.xYieldPending
                0x2000089c        0x4 GCC/build/tasks.o
 .bss.xPendedTicks
                0x200008a0        0x4 GCC/build/tasks.o
 .bss.uxTopReadyPriority
                0x200008a4        0x4 GCC/build/tasks.o
 .bss.xTickCount
                0x200008a8        0x4 GCC/build/tasks.o
 .bss.pxOverflowDelayedTaskList
                0x200008ac        0x4 GCC/build/tasks.o
 .bss.pxDelayedTaskList
                0x200008b0        0x4 GCC/build/tasks.o
 .bss.pxReadyTasksLists
                0x200008b4      0x280 GCC/build/tasks.o
 .bss.pxCurrentTCB
                0x20000b34        0x4 GCC/build/tasks.o
                0x20000b34                pxCurrentTCB
 .bss.__sf      0x20000b38      0x138 C:/Program Files (x86)/Arm GNU Toolchain arm-none-eabi/13.3 rel1/bin/../lib/gcc/arm-none-eabi/13.3.1/thumb/v7e-m+fp/hard\libc_nano.a(libc_a-findfp.o)
                0x20000b38                __sf
 .bss.__stdio_exit_handler
                0x20000c70        0x4 C:/Program Files (x86)/Arm GNU Toolchain arm-none-eabi/13.3 rel1/bin/../lib/gcc/arm-none-eabi/13.3.1/thumb/v7e-m+fp/hard\libc_nano.a(libc_a-findfp.o)
                0x20000c70                __stdio_exit_handler
 .bss.errno     0x20000c74        0x4 C:/Program Files (x86)/Arm GNU Toolchain arm-none-eabi/13.3 rel1/bin/../lib/gcc/arm-none-eabi/13.3.1/thumb/v7e-m+fp/hard\libc_nano.a(libc_a-reent.o)
                0x20000c74                errno
 .bss.__lock___malloc_recursive_mutex
                0x20000c78        0x1 C:/Program Files (x86)/Arm GNU Toolchain arm-none-eabi/13.3 rel1/bin/../lib/gcc/arm-none-eabi/13.3.1/thumb/v7e-m+fp/hard\libc_nano.a(libc_a-lock.o)
                0x20000c78                __lock___malloc_recursive_mutex
 .bss.__lock___sfp_recursive_mutex
                0x20000c79        0x1 C:/Program Files (x86)/Arm GNU Toolchain arm-none-eabi/13.3 rel1/bin/../lib/gcc/arm-none-eabi/13.3.1/thumb/v7e-m+fp/hard\libc_nano.a(libc_a-lock.o)
                0x20000c79                __lock___sfp_recursive_mutex
 *fill*         0x20000c7a        0x2 
 .bss.__malloc_sbrk_start
                0x20000c7c        0x4 C:/Program Files (x86)/Arm GNU Toolchain arm-none-eabi/13.3 rel1/bin/../lib/gcc/arm-none-eabi/13.3.1/thumb/v7e-m+fp/hard\libc_nano.a(libc_a-mallocr.o)
                0x20000c7c                __malloc_sbrk_start
 .bss.__malloc_free_list
                0x20000c80        0x4 C:/Program Files (x86)/Arm GNU Toolchain arm-none-eabi/13.3 rel1/bin/../lib/gcc/arm-none-eabi/13.3.1/thumb/v7e-m+fp/hard\libc_nano.a(libc_a-mallocr.o)
                0x20000c80                __malloc_free_list
 .bss.heap_end.0
                0x20000c84        0x4 C:/Program Files (x86)/Arm GNU Toolchain arm-none-eabi/13.3 rel1/bin/../lib/gcc/arm-none-eabi/13.3.1/thumb/v7e-m+fp/hard\libnosys.a(sbrk.o)
 *(COMMON)
                0x20000c88                        . = ALIGN (0x4)
                0x20000c88                        _ebss = .
                0x20000c88                        __bss_end__ = _ebss

._user_heap_stack
                0x20000c88      0x600
                0x20000c88                        . = ALIGN (0x8)
                0x20000c88                        PROVIDE (end = .)
                [!provide]                        PROVIDE (_end = .)
                0x20000e88                        . = (. + _Min_Heap_Size)