Component: ARM Compiler 5.06 update 7 (build 960) Tool: armlink [4d3601]

==============================================================================

Section Cross References

    main.o(.text) refers to bsp.o(.text) for BSP_Init
    main.o(.text) refers to printfa.o(i.__0printf) for __2printf
    main.o(.text) refers to oled.o(.text) for OLED_Clear
    main.o(.text) refers to f2d.o(.text) for __aeabi_f2d
    main.o(.text) refers to main.o(.data) for .data
    system_stm32f4xx.o(.text) refers to system_stm32f4xx.o(.data) for .data
    bsp.o(.text) refers to stm32f4xx_rcc.o(.text) for RCC_APB1PeriphClockCmd
    bsp.o(.text) refers to stm32f4xx_tim.o(.text) for TIM_TimeBaseInit
    bsp.o(.text) refers to stm32f4xx_syscfg.o(.text) for SYSCFG_EXTILineConfig
    bsp.o(.text) refers to stm32f4xx_gpio.o(.text) for GPIO_Init
    bsp.o(.text) refers to stm32f4xx_exti.o(.text) for EXTI_Init
    bsp.o(.text) refers to usart.o(.text) for usart1_init
    bsp.o(.text) refers to printfa.o(i.__0printf) for __2printf
    bsp.o(.text) refers to delay.o(.text) for delay_init
    bsp.o(.text) refers to nvic.o(.text) for BSP_NVIC_IT_Config
    bsp.o(.text) refers to control.o(.text) for Motor_PWM_TIM8_Init
    bsp.o(.text) refers to oled.o(.text) for OLED_Init
    bsp.o(.text) refers to mpu6050.o(.text) for MPU_Init
    bsp.o(.text) refers to inv_mpu.o(.text) for mpu_dmp_init
    bsp.o(.text) refers to stm32f4xx_adc.o(.text) for ADC_Init
    bsp.o(.text) refers to misc.o(.text) for NVIC_Init
    bsp.o(.text) refers to dfltui.o(.text) for __aeabi_ui2d
    bsp.o(.text) refers to ddiv.o(.text) for __aeabi_ddiv
    bsp.o(.text) refers to dmul.o(.text) for __aeabi_dmul
    bsp.o(.text) refers to dfixui.o(.text) for __aeabi_d2uiz
    bsp.o(.text) refers to bsp.o(.conststring) for .conststring
    bsp.o(.text) refers to bsp.o(.data) for .data
    control_task.o(.text) refers to f2d.o(.text) for __aeabi_f2d
    control_task.o(.text) refers to dmul.o(.text) for __aeabi_dmul
    control_task.o(.text) refers to ddiv.o(.text) for __aeabi_ddiv
    control_task.o(.text) refers to d2f.o(.text) for __aeabi_d2f
    control_task.o(.text) refers to cosf.o(i.__hardfp_cosf) for __hardfp_cosf
    control_task.o(.text) refers to atanf.o(i.__hardfp_atanf) for __hardfp_atanf
    control_task.o(.text) refers to sinf.o(i.__hardfp_sinf) for __hardfp_sinf
    control_task.o(.text) refers to dadd.o(.text) for __aeabi_dadd
    control_task.o(.text) refers to control.o(i.T3Motor_CmdCombination) for T3Motor_CmdCombination
    control_task.o(.text) refers to printfa.o(i.__0printf) for __2printf
    control_task.o(.text) refers to control_task.o(.data) for .data
    control_task.o(.text) refers to main.o(.data) for dis
    control_task.o(.text) refers to main.o(.data) for roll
    control_task.o(.text) refers to control.o(.text) for Motor_Cmd
    control_task.o(.text) refers to stm32f4xx_exti.o(.text) for EXTI_GetITStatus
    control_task.o(.text) refers to inv_mpu.o(.text) for mpu_dmp_get_data
    control_task.o(.text) refers to main.o(.data) for yaw
    control_task.o(.text) refers to main.o(.data) for mode
    control_task.o(.text) refers to asinf.o(i.__hardfp_asinf) for __hardfp_asinf
    control_task.o(.text) refers to stm32f4xx_tim.o(.text) for TIM_GetITStatus
    control_task.o(.text) refers to main.o(.data) for polar
    control_task.o(.text) refers to main.o(.data) for absroll
    control_task.o(.text) refers to main.o(.data) for abspitch
    control_task.o(.data) refers to control.o(.text) for PidControl_Stop
    control.o(.text) refers to f2d.o(.text) for __aeabi_f2d
    control.o(.text) refers to dmul.o(.text) for __aeabi_dmul
    control.o(.text) refers to d2f.o(.text) for __aeabi_d2f
    control.o(.text) refers to tanf.o(i.__hardfp_tanf) for __hardfp_tanf
    control.o(.text) refers to sqrtf.o(i.__hardfp_sqrtf) for __hardfp_sqrtf
    control.o(.text) refers to atanf.o(i.__hardfp_atanf) for __hardfp_atanf
    control.o(.text) refers to ddiv.o(.text) for __aeabi_ddiv
    control.o(.text) refers to stm32f4xx_rcc.o(.text) for RCC_APB2PeriphClockCmd
    control.o(.text) refers to bsp.o(.text) for GPIO_Config
    control.o(.text) refers to stm32f4xx_gpio.o(.text) for GPIO_PinAFConfig
    control.o(.text) refers to stm32f4xx_tim.o(.text) for TIM_TimeBaseInit
    control.o(.text) refers to printfa.o(i.__0printf) for __2printf
    control.o(.text) refers to main.o(.data) for absroll
    control.o(.text) refers to main.o(.data) for abspitch
    control.o(.text) refers to main.o(.data) for def
    control.o(.text) refers to main.o(.data) for dis
    control.o(.text) refers to main.o(.data) for Opolar
    control.o(.text) refers to main.o(.data) for polar
    control.o(.text) refers to control.o(.data) for .data
    control.o(.text) refers to usart.o(.data) for Stop_flag
    nvic.o(.text) refers to misc.o(.text) for NVIC_PriorityGroupConfig
    myiic.o(.text) refers to stm32f4xx_rcc.o(.text) for RCC_AHB1PeriphClockCmd
[...]
    T1LlastError                             0x200001a0   Data           4  control.o(.data)
    T1Lintegral                              0x200001a4   Data           4  control.o(.data)
    T1Lderivative                            0x200001a8   Data           4  control.o(.data)
    T1LintegralMin                           0x200001ac   Data           4  control.o(.data)
    T1LintegralMax                           0x200001b0   Data           4  control.o(.data)
    output                                   0x200001b4   Data           4  control.o(.data)
    .data                                    0x200001b8   Section       53  inv_mpu.o(.data)
    st                                       0x200001b8   Data          44  inv_mpu.o(.data)
    gyro_orientation                         0x200001e4   Data           9  inv_mpu.o(.data)
    .data                                    0x200001f0   Section        4  delay.o(.data)
    g_fac_us                                 0x200001f0   Data           4  delay.o(.data)
    .data                                    0x200001f4   Section        1  usart.o(.data)
    .data                                    0x200001f6   Section        4  usart.o(.data)
    Res                                      0x200001f8   Data           2  usart.o(.data)
    .data                                    0x200001fc   Section        4  usart.o(.data)
    .data                                    0x20000200   Section       16  stm32f4xx_rcc.o(.data)
    APBAHBPrescTable                         0x20000200   Data          16  stm32f4xx_rcc.o(.data)
    .data                                    0x20000210   Section        4  errno.o(.data)
    _errno                                   0x20000210   Data           4  errno.o(.data)
    .bss                                     0x20000214   Section       16  inv_mpu_dmp_motion_driver.o(.bss)
    dmp                                      0x20000214   Data          16  inv_mpu_dmp_motion_driver.o(.bss)
    .bss                                     0x20000224   Section     1024  oled.o(.bss)
    .bss                                     0x20000624   Section      200  usart.o(.bss)
    STACK                                    0x200006f0   Section     1024  startup_stm32f40_41xxx.o(STACK)

    Global Symbols

    Symbol Name                              Value     Ov Type        Size  Object(Section)

    BuildAttributes$$THM_ISAv4$E$P$D$K$B$S$7EM$VFPi3$EXTD16$VFPS$VFMA$PE$A:L22UL41UL21$X:L11$S22US41US21$IEEE1$IW$USESV6$~STKCKD$USESV7$~SHL$OTIME$ROPI$IEEEX$EBA8$MICROLIB$REQ8$PRES8$EABIv2 0x00000000   Number         0  anon$$obj.o ABSOLUTE
    __ARM_use_no_argv                        0x00000000   Number         0  main.o ABSOLUTE
    __use_no_errno                           0x00000000   Number         0  useno.o ABSOLUTE
    __use_no_exception_handling              0x00000000   Number         0  useno.o ABSOLUTE
    __use_no_fp                              0x00000000   Number         0  useno.o ABSOLUTE
    __use_no_heap                            0x00000000   Number         0  useno.o ABSOLUTE
    __use_no_heap_region                     0x00000000   Number         0  useno.o ABSOLUTE
    __use_no_semihosting                     0x00000000   Number         0  useno.o ABSOLUTE
    __use_no_semihosting_swi                 0x00000000   Number         0  useno.o ABSOLUTE
    __use_no_signal_handling                 0x00000000   Number         0  useno.o ABSOLUTE
    _printf_a                                0x00000000   Number         0  stubs.o ABSOLUTE
    _printf_c                                0x00000000   Number         0  stubs.o ABSOLUTE
    _printf_charcount                        0x00000000   Number         0  stubs.o ABSOLUTE
    _printf_d                                0x00000000   Number         0  stubs.o ABSOLUTE
    _printf_e                                0x00000000   Number         0  stubs.o ABSOLUTE
    _printf_f                                0x00000000   Number         0  stubs.o ABSOLUTE
    _printf_flags                            0x00000000   Number         0  stubs.o ABSOLUTE
    _printf_fp_dec                           0x00000000   Number         0  stubs.o ABSOLUTE
    _printf_fp_hex                           0x00000000   Number         0  stubs.o ABSOLUTE
    _printf_g                                0x00000000   Number         0  stubs.o ABSOLUTE
    _printf_i                                0x00000000   Number         0  stubs.o ABSOLUTE
    _printf_int_dec                          0x00000000   Number         0  stubs.o ABSOLUTE
    _printf_l                                0x00000000   Number         0  stubs.o ABSOLUTE
    _printf_lc                               0x00000000   Number         0  stubs.o ABSOLUTE
    _printf_ll                               0x00000000   Number         0  stubs.o ABSOLUTE
    _printf_lld                              0x00000000   Number         0  stubs.o ABSOLUTE
    _printf_lli                              0x00000000   Number         0  stubs.o ABSOLUTE
    _printf_llo                              0x00000000   Number         0  stubs.o ABSOLUTE
    _printf_llu                              0x00000000   Number         0  stubs.o ABSOLUTE
    _printf_llx                              0x00000000   Number         0  stubs.o ABSOLUTE
    _printf_longlong_dec                     0x00000000   Number         0  stubs.o ABSOLUTE
    _printf_longlong_hex                     0x00000000   Number         0  stubs.o ABSOLUTE
    _printf_longlong_oct                     0x00000000   Number         0  stubs.o ABSOLUTE
    _printf_ls                               0x00000000   Number         0  stubs.o ABSOLUTE
    _printf_mbtowc                           0x00000000   Number         0  stubs.o ABSOLUTE
    _printf_n                                0x00000000   Number         0  stubs.o ABSOLUTE
    _printf_o                                0x00000000   Number         0  stubs.o ABSOLUTE
    _printf_p                                0x00000000   Number         0  stubs.o ABSOLUTE
    _printf_percent                          0x00000000   Number         0  stubs.o ABSOLUTE
    _printf_pre_padding                      0x00000000   Number         0  stubs.o ABSOLUTE
    _printf_return_value                     0x00000000   Number         0  stubs.o ABSOLUTE
    _printf_s                                0x00000000   Number         0  stubs.o ABSOLUTE
    _printf_sizespec                         0x00000000   Number         0  stubs.o ABSOLUTE
    _printf_str                              0x00000000   Number         0  stubs.o ABSOLUTE
    _printf_truncate_signed                  0x00000000   Number         0  stubs.o ABSOLUTE
    _printf_truncate_unsigned                0x00000000   Number         0  stubs.o ABSOLUTE
    _printf_u                                0x00000000   Number         0  stubs.o ABSOLUTE
    _printf_wc                               0x00000000   Number         0  stubs.o ABSOLUTE
    _printf_wctomb                           0x00000000   Number         0  stubs.o ABSOLUTE
    _printf_widthprec                        0x00000000   Number         0  stubs.o ABSOLUTE
    _printf_x                                0x00000000   Number         0  stubs.o ABSOLUTE
    __arm_fini_                               - Undefined Weak Reference
    __cpp_initialize__aeabi_                  - Undefined Weak Reference
    __cxa_finalize                            - Undefined Weak Reference
    _clock_init                               - Undefined Weak Reference
    _microlib_exit                            - Undefined Weak Reference
    __Vectors_Size                           0x00000188   Number         0  startup_stm32f40_41xxx.o ABSOLUTE
    __Vectors                                0x08000000   Data           4  startup_stm32f40_41xxx.o(RESET)
    __Vectors_End                            0x08000188   Data           0  startup_stm32f40_41xxx.o(RESET)
    __main                                   0x08000189   Thumb Code     0  entry.o(.ARM.Collect$$$$00000000)
    _main_stk                                0x08000189   Thumb Code     0  entry2.o(.ARM.Collect$$$$00000001)
    _main_scatterload                        0x0800018d   Thumb Code     0  entry5.o(.ARM.Collect$$$$00000004)
    __main_after_scatterload                 0x08000191   Thumb Code     0  entry5.o(.ARM.Collect$$$$00000004)
    _main_clock                              0x08000191   Thumb Code     0  entry7b.o(.ARM.Collect$$$$00000008)
    _main_cpp_init                           0x08000191   Thumb Code     0  entry8b.o(.ARM.Collect$$$$0000000A)
    _main_init                               0x08000191   Thumb Code     0  entry9a.o(.ARM.Collect$$$$0000000B)
    __rt_lib_shutdown_fini                   0x08000199   Thumb Code     0  entry12b.o(.ARM.Collect$$$$0000000E)
    __rt_final_cpp                           0x0800019d   Thumb Code     0  entry10a.o(.ARM.Collect$$$$0000000F)
    __rt_final_exit                          0x0800019d   Thumb Code     0  entry11a.o(.ARM.Collect$$$$00000011)
    main                                     0x080001a1   Thumb Code   104  main.o(.text)
    NMI_Handler                              0x08000259   Thumb Code     2  stm32f4xx_it.o(.text)
    HardFault_Handler                        0x0800025b   Thumb Code     2  stm32f4xx_it.o(.text)
    MemManage_Handler                        0x0800025d   Thumb Code     2  stm32f4xx_it.o(.text)
    BusFault_Handler                         0x0800025f   Thumb Code     2  stm32f4xx_it.o(.text)
    UsageFault_Handler                       0x08000261   Thumb Code     2  stm32f4xx_it.o(.text)
    DebugMon_Handler                         0x08000263   Thumb Code     2  stm32f4xx_it.o(.text)
    SystemInit                               0x0800030d   Thumb Code    74  system_stm32f4xx.o(.text)
    SystemCoreClockUpdate                    0x08000357   Thumb Code   122  system_stm32f4xx.o(.text)
    TIM2_Init                                0x080003f5   Thumb Code    78  bsp.o(.text)
    EXIT15_Init                              0x08000443   Thumb Code    82  bsp.o(.text)
    GPIO_Config                              0x08000495   Thumb Code    32  bsp.o(.text)
    LED_Init                                 0x080004b5   Thumb Code    42  bsp.o(.text)
    BSP_Init                                 0x080004df   Thumb Code   192  bsp.o(.text)
    ADC_Config                               0x0800059f   Thumb Code   156  bsp.o(.text)
    ADCvalue_convert                         0x0800063b   Thumb Code    38  bsp.o(.text)
    ADC_IRQHandler                           0x08000661   Thumb Code    64  bsp.o(.text)
    Task4_StopFast                           0x08000809   Thumb Code    28  control_task.o(.text)
    Task3_AngleMove                          0x08000825   Thumb Code  1718  control_task.o(.text)
    Task1_LineMove                           0x08000edb   Thumb Code   376  control_task.o(.text)
    EXTI15_10_IRQHandler                     0x08001053   Thumb Code   168  control_task.o(.text)
    Task5_CircleMove                         0x080010fb   Thumb Code   568  control_task.o(.text)
    TIM2_IRQHandler                          0x08001333   Thumb Code    36  control_task.o(.text)
    GetPolar                                 0x080013b9   Thumb Code   498  control.o(.text)
    PidControl_Stop                          0x080015ab   Thumb Code   128  control.o(.text)
    PidControl_LineMove                      0x0800162b   Thumb Code   128  control.o(.text)
    Motor_PWM_TIM8_Init                      0x080016ab   Thumb Code   244  control.o(.text)
    Motor_Cmd                                0x0800179f   Thumb Code   298  control.o(.text)
    T5Motor_CmdCombination                   0x080018c9   Thumb Code   742  control.o(.text)
    StopAllMotor                             0x08001baf   Thumb Code    30  control.o(.text)
    BSP_NVIC_IT_Config                       0x08001bd5   Thumb Code   140  nvic.o(.text)
    IIC_Init                                 0x08001c61   Thumb Code    52  myiic.o(.text)
    IIC_Start                                0x08001c95   Thumb Code    48  myiic.o(.text)
    IIC_Stop                                 0x08001cc5   Thumb Code    50  myiic.o(.text)
    IIC_Wait_Ack                             0x08001cf7   Thumb Code    74  myiic.o(.text)
    IIC_Ack                                  0x08001d41   Thumb Code    48  myiic.o(.text)
    IIC_NAck                                 0x08001d71   Thumb Code    48  myiic.o(.text)
    IIC_Send_Byte                            0x08001da1   Thumb Code    86  myiic.o(.text)
    IIC_Read_Byte                            0x08001df7   Thumb Code    96  myiic.o(.text)
    MPU_Write_Byte                           0x08001e65   Thumb Code    68  mpu6050.o(.text)
    MPU_Set_LPF                              0x08001ea9   Thumb Code    46  mpu6050.o(.text)
    MPU_Set_Rate                             0x08001ed7   Thumb Code    42  mpu6050.o(.text)
    MPU_Read_Byte                            0x08001f01   Thumb Code    58  mpu6050.o(.text)
    MPU_Set_Accel_Fsr                        0x08001f3b   Thumb Code     8  mpu6050.o(.text)
    MPU_Set_Gyro_Fsr                         0x08001f43   Thumb Code     8  mpu6050.o(.text)
    MPU_Init                                 0x08001f4b   Thumb Code   126  mpu6050.o(.text)
    MPU_Read_Len                             0x08001fc9   Thumb Code   112  mpu6050.o(.text)
    MPU_Get_Temperature                      0x08002039   Thumb Code    84  mpu6050.o(.text)
    MPU_Get_Gyroscope                        0x0800208d   Thumb Code    68  mpu6050.o(.text)
    MPU_Get_Accelerometer                    0x080020d1   Thumb Code    68  mpu6050.o(.text)
    MPU_Write_Len                            0x08002115   Thumb Code    88  mpu6050.o(.text)
    mpu_reg_dump                             0x08002205   Thumb Code    70  inv_mpu.o(.text)
    mpu_read_reg                             0x0800224b   Thumb Code    56  inv_mpu.o(.text)
    mpu_set_int_latched                      0x08002283   Thumb Code    92  inv_mpu.o(.text)
    mpu_set_sensors                          0x080022df   Thumb Code   172  inv_mpu.o(.text)
    mpu_set_bypass                           0x0800238b   Thumb Code   276  inv_mpu.o(.text)
    mpu_reset_fifo                           0x0800249f   Thumb Code   378  inv_mpu.o(.text)
    mpu_configure_fifo                       0x08002619   Thumb Code    92  inv_mpu.o(.text)
    mpu_set_lpf                              0x08002675   Thumb Code   120  inv_mpu.o(.text)
    mpu_lp_accel_mode                        0x080026ed   Thumb Code   206  inv_mpu.o(.text)
    mpu_set_sample_rate                      0x080027bb   Thumb Code   128  inv_mpu.o(.text)
    mpu_set_accel_fsr                        0x0800283b   Thumb Code   112  inv_mpu.o(.text)
    mpu_set_gyro_fsr                         0x080028ab   Thumb Code   118  inv_mpu.o(.text)
    mpu_init                                 0x08002921   Thumb Code   388  inv_mpu.o(.text)
    mget_ms                                  0x08002aa5   Thumb Code     2  inv_mpu.o(.text)
    mpu_get_gyro_reg                         0x08002aa7   Thumb Code   100  inv_mpu.o(.text)
    mpu_get_accel_reg                        0x08002b0b   Thumb Code    98  inv_mpu.o(.text)
    mpu_get_temperature                      0x08002b6d   Thumb Code   134  inv_mpu.o(.text)
    mpu_set_accel_bias                       0x08002bf3   Thumb Code   302  inv_mpu.o(.text)
    mpu_get_gyro_fsr                         0x08002d21   Thumb Code    58  inv_mpu.o(.text)
    mpu_get_accel_fsr                        0x08002d5b   Thumb Code    62  inv_mpu.o(.text)
    mpu_get_lpf                              0x08002d99   Thumb Code    64  inv_mpu.o(.text)
    mpu_get_sample_rate                      0x08002dd9   Thumb Code    24  inv_mpu.o(.text)
    mpu_get_compass_sample_rate              0x08002df1   Thumb Code     8  inv_mpu.o(.text)
    mpu_set_compass_sample_rate              0x08002df9   Thumb Code     6  inv_mpu.o(.text)
    mpu_get_gyro_sens                        0x08002dff   Thumb Code   124  inv_mpu.o(.text)
    mpu_get_accel_sens                       0x08002e7b   Thumb Code    70  inv_mpu.o(.text)
    mpu_get_fifo_config                      0x08002ec1   Thumb Code    10  inv_mpu.o(.text)
    mpu_get_power_state                      0x08002ecb   Thumb Code    22  inv_mpu.o(.text)
    mpu_get_int_status                       0x08002ee1   Thumb Code    60  inv_mpu.o(.text)
    mpu_read_fifo                            0x08002f1d   Thumb Code   416  inv_mpu.o(.text)
    mpu_read_fifo_stream                     0x080030bd   Thumb Code   166  inv_mpu.o(.text)
    mpu_set_int_level                        0x08003163   Thumb Code    10  inv_mpu.o(.text)
    mpu_set_dmp_state                        0x08003767   Thumb Code   118  inv_mpu.o(.text)
    mpu_run_self_test                        0x080037dd   Thumb Code   244  inv_mpu.o(.text)
    mpu_write_mem                            0x080038d1   Thumb Code   104  inv_mpu.o(.text)
    mpu_read_mem                             0x08003939   Thumb Code   104  inv_mpu.o(.text)
    mpu_load_firmware                        0x080039a1   Thumb Code   174  inv_mpu.o(.text)
    mpu_get_dmp_state                        0x08003a4f   Thumb Code    12  inv_mpu.o(.text)
    setup_compass                            0x08003a5b   Thumb Code     6  inv_mpu.o(.text)
    mpu_get_compass_reg                      0x08003a61   Thumb Code     6  inv_mpu.o(.text)
    mpu_get_compass_fsr                      0x08003a67   Thumb Code     6  inv_mpu.o(.text)
    mpu_lp_motion_interrupt                  0x08003a6d   Thumb Code   450  inv_mpu.o(.text)
    run_self_test                            0x08003c2f   Thumb Code   136  inv_mpu.o(.text)
    inv_row_2_scale                          0x08003cb7   Thumb Code    72  inv_mpu.o(.text)
    inv_orientation_matrix_to_scalar         0x08003cff   Thumb Code    36  inv_mpu.o(.text)
    mpu_dmp_init                             0x08003d23   Thumb Code   154  inv_mpu.o(.text)
    mpu_dmp_get_data                         0x08003dbd   Thumb Code   344  inv_mpu.o(.text)
    dmp_load_motion_driver_firmware          0x08003f25   Thumb Code    16  inv_mpu_dmp_motion_driver.o(.text)
    dmp_set_orientation                      0x08003f35   Thumb Code   260  inv_mpu_dmp_motion_driver.o(.text)
    dmp_set_gyro_bias                        0x08004039   Thumb Code   256  inv_mpu_dmp_motion_driver.o(.text)
    dmp_set_accel_bias                       0x08004139   Thumb Code   260  inv_mpu_dmp_motion_driver.o(.text)
    dmp_set_fifo_rate                        0x0800423d   Thumb Code    96  inv_mpu_dmp_motion_driver.o(.text)
    dmp_get_fifo_rate                        0x0800429d   Thumb Code    10  inv_mpu_dmp_motion_driver.o(.text)
    dmp_set_tap_thresh                       0x080042a7   Thumb Code   428  inv_mpu_dmp_motion_driver.o(.text)
    dmp_set_tap_axes                         0x08004453   Thumb Code    56  inv_mpu_dmp_motion_driver.o(.text)
    dmp_set_tap_count                        0x0800448b   Thumb Code    34  inv_mpu_dmp_motion_driver.o(.text)
    dmp_set_tap_time                         0x080044ad   Thumb Code    32  inv_mpu_dmp_motion_driver.o(.text)
    dmp_set_tap_time_multi                   0x080044cd   Thumb Code    32  inv_mpu_dmp_motion_driver.o(.text)
    dmp_set_shake_reject_thresh              0x080044ed   Thumb Code    48  inv_mpu_dmp_motion_driver.o(.text)
    dmp_set_shake_reject_time                0x0800451d   Thumb Code    32  inv_mpu_dmp_motion_driver.o(.text)
    dmp_set_shake_reject_timeout             0x0800453d   Thumb Code    32  inv_mpu_dmp_motion_driver.o(.text)
    dmp_get_pedometer_step_count             0x0800455d   Thumb Code    68  inv_mpu_dmp_motion_driver.o(.text)
    dmp_set_pedometer_step_count             0x080045a1   Thumb Code    38  inv_mpu_dmp_motion_driver.o(.text)
    dmp_get_pedometer_walk_time              0x080045c7   Thumb Code    74  inv_mpu_dmp_motion_driver.o(.text)
    dmp_set_pedometer_walk_time              0x08004611   Thumb Code    44  inv_mpu_dmp_motion_driver.o(.text)
    dmp_enable_6x_lp_quat                    0x0800463d   Thumb Code    60  inv_mpu_dmp_motion_driver.o(.text)
    dmp_enable_lp_quat                       0x08004679   Thumb Code    60  inv_mpu_dmp_motion_driver.o(.text)
    dmp_enable_gyro_cal                      0x080046b5   Thumb Code    62  inv_mpu_dmp_motion_driver.o(.text)
    dmp_enable_feature                       0x080046f3   Thumb Code   534  inv_mpu_dmp_motion_driver.o(.text)
    dmp_get_enabled_features                 0x08004909   Thumb Code    10  inv_mpu_dmp_motion_driver.o(.text)
    dmp_set_interrupt_mode                   0x0800494b   Thumb Code    76  inv_mpu_dmp_motion_driver.o(.text)
    dmp_read_fifo                            0x08004997   Thumb Code   384  inv_mpu_dmp_motion_driver.o(.text)
    dmp_register_tap_cb                      0x08004b17   Thumb Code     8  inv_mpu_dmp_motion_driver.o(.text)
    dmp_register_android_orient_cb           0x08004b1f   Thumb Code     8  inv_mpu_dmp_motion_driver.o(.text)
    OLED_W_D0                                0x08004b49   Thumb Code    10  oled.o(.text)
    OLED_W_D1                                0x08004b53   Thumb Code    10  oled.o(.text)
    OLED_W_RES                               0x08004b5d   Thumb Code    10  oled.o(.text)
    OLED_W_DC                                0x08004b67   Thumb Code    10  oled.o(.text)
    OLED_W_CS                                0x08004b71   Thumb Code    10  oled.o(.text)
    OLED_GPIO_Init                           0x08004b7b   Thumb Code   146  oled.o(.text)
    OLED_SPI_SendByte                        0x08004c0d   Thumb Code    44  oled.o(.text)
    OLED_WriteCommand                        0x08004c39   Thumb Code    30  oled.o(.text)
    OLED_WriteData                           0x08004c57   Thumb Code    44  oled.o(.text)
    OLED_SetCursor                           0x08004c83   Thumb Code    32  oled.o(.text)
    OLED_Update                              0x08004ca3   Thumb Code    34  oled.o(.text)
    OLED_Clear                               0x08004cc5   Thumb Code    34  oled.o(.text)
    OLED_Init                                0x08004ce7   Thumb Code   154  oled.o(.text)
    OLED_Pow                                 0x08004d81   Thumb Code    16  oled.o(.text)
    OLED_pnpoly                              0x08004d91   Thumb Code   112  oled.o(.text)
    OLED_IsInAngle                           0x08004e01   Thumb Code   112  oled.o(.text)
    OLED_UpdateArea                          0x08004e71   Thumb Code    98  oled.o(.text)
    OLED_ClearArea                           0x08004ed3   Thumb Code   110  oled.o(.text)
    OLED_Reverse                             0x08004f41   Thumb Code    36  oled.o(.text)
    OLED_ReverseArea                         0x08004f65   Thumb Code    86  oled.o(.text)
    OLED_ShowImage                           0x08004fbb   Thumb Code   176  oled.o(.text)
    OLED_ShowChar                            0x0800506b   Thumb Code    52  oled.o(.text)
    OLED_ShowString                          0x0800509f   Thumb Code    42  oled.o(.text)
    OLED_ShowNum                             0x080050c9   Thumb Code    72  oled.o(.text)
    OLED_ShowSignedNum                       0x08005111   Thumb Code   102  oled.o(.text)
    OLED_ShowHexNum                          0x08005177   Thumb Code    90  oled.o(.text)
    OLED_ShowBinNum                          0x080051d1   Thumb Code    66  oled.o(.text)
    OLED_ShowFloatNum                        0x08005213   Thumb Code   222  oled.o(.text)
    OLED_ShowChinese                         0x080052f1   Thumb Code   166  oled.o(.text)
    OLED_Printf                              0x08005397   Thumb Code    42  oled.o(.text)
    OLED_DrawPoint                           0x080053c1   Thumb Code    46  oled.o(.text)
    OLED_GetPoint                            0x080053ef   Thumb Code    52  oled.o(.text)
    OLED_DrawLine                            0x08005423   Thumb Code   330  oled.o(.text)
    OLED_DrawRectangle                       0x0800556d   Thumb Code   122  oled.o(.text)
    OLED_DrawTriangle                        0x080055e7   Thumb Code   194  oled.o(.text)
    OLED_DrawCircle                          0x080056a9   Thumb Code   336  oled.o(.text)
    OLED_DrawEllipse                         0x080057f9   Thumb Code   758  oled.o(.text)
    OLED_DrawArc                             0x08005aef   Thumb Code   604  oled.o(.text)
    Reset_Handler                            0x08005d4d   Thumb Code     8  startup_stm32f40_41xxx.o(.text)
    SVC_Handler                              0x08005d5f   Thumb Code     2  startup_stm32f40_41xxx.o(.text)
    PendSV_Handler                           0x08005d63   Thumb Code     2  startup_stm32f40_41xxx.o(.text)
    SysTick_Handler                          0x08005d65   Thumb Code     2  startup_stm32f40_41xxx.o(.text)
    CAN1_RX0_IRQHandler                      0x08005d67   Thumb Code     0  startup_stm32f40_41xxx.o(.text)
    CAN1_RX1_IRQHandler                      0x08005d67   Thumb Code     0  startup_stm32f40_41xxx.o(.text)
    CAN1_SCE_IRQHandler                      0x08005d67   Thumb Code     0  startup_stm32f40_41xxx.o(.text)
    CAN1_TX_IRQHandler                       0x08005d67   Thumb Code     0  startup_stm32f40_41xxx.o(.text)
    CAN2_RX0_IRQHandler                      0x08005d67   Thumb Code     0  startup_stm32f40_41xxx.o(.text)
    CAN2_RX1_IRQHandler                      0x08005d67   Thumb Code     0  startup_stm32f40_41xxx.o(.text)
    CAN2_SCE_IRQHandler                      0x08005d67   Thumb Code     0  startup_stm32f40_41xxx.o(.text)
    CAN2_TX_IRQHandler                       0x08005d67   Thumb Code     0  startup_stm32f40_41xxx.o(.text)
    CRYP_IRQHandler                          0x08005d67   Thumb Code     0  startup_stm32f40_41xxx.o(.text)
    DCMI_IRQHandler                          0x08005d67   Thumb Code     0  startup_stm32f40_41xxx.o(.text)
    DMA1_Stream0_IRQHandler                  0x08005d67   Thumb Code     0  startup_stm32f40_41xxx.o(.text)
    DMA1_Stream1_IRQHandler                  0x08005d67   Thumb Code     0  startup_stm32f40_41xxx.o(.text)
    DMA1_Stream2_IRQHandler                  0x08005d67   Thumb Code     0  startup_stm32f40_41xxx.o(.text)
    DMA1_Stream3_IRQHandler                  0x08005d67   Thumb Code     0  startup_stm32f40_41xxx.o(.text)
    DMA1_Stream4_IRQHandler                  0x08005d67   Thumb Code     0  startup_stm32f40_41xxx.o(.text)
    DMA1_Stream5_IRQHandler                  0x08005d67   Thumb Code     0  startup_stm32f40_41xxx.o(.text)
    DMA1_Stream6_IRQHandler                  0x08005d67   Thumb Code     0  startup_stm32f40_41xxx.o(.text)
    DMA1_Stream7_IRQHandler                  0x08005d67   Thumb Code     0  startup_stm32f40_41xxx.o(.text)
    DMA2_Stream0_IRQHandler                  0x08005d67   Thumb Code     0  startup_stm32f40_41xxx.o(.text)
    DMA2_Stream1_IRQHandler                  0x08005d67   Thumb Code     0  startup_stm32f40_41xxx.o(.text)
    DMA2_Stream2_IRQHandler                  0x08005d67   Thumb Code     0  startup_stm32f40_41xxx.o(.text)
    DMA2_Stream3_IRQHandler                  0x08005d67   Thumb Code     0  startup_stm32f40_41xxx.o(.text)
    DMA2_Stream4_IRQHandler                  0x08005d67   Thumb Code     0  startup_stm32f40_41xxx.o(.text)
    DMA2_Stream5_IRQHandler                  0x08005d67   Thumb Code     0  startup_stm32f40_41xxx.o(.text)
    DMA2_Stream6_IRQHandler                  0x08005d67   Thumb Code     0  startup_stm32f40_41xxx.o(.text)
    DMA2_Stream7_IRQHandler                  0x08005d67   Thumb Code     0  startup_stm32f40_41xxx.o(.text)
    ETH_IRQHandler                           0x08005d67   Thumb Code     0  startup_stm32f40_41xxx.o(.text)
    ETH_WKUP_IRQHandler                      0x08005d67   Thumb Code     0  startup_stm32f40_41xxx.o(.text)
    EXTI0_IRQHandler                         0x08005d67   Thumb Code     0  startup_stm32f40_41xxx.o(.text)
    EXTI1_IRQHandler                         0x08005d67   Thumb Code     0  startup_stm32f40_41xxx.o(.text)
    EXTI2_IRQHandler                         0x08005d67   Thumb Code     0  startup_stm32f40_41xxx.o(.text)
    EXTI3_IRQHandler                         0x08005d67   Thumb Code     0  startup_stm32f40_41xxx.o(.text)
    EXTI4_IRQHandler                         0x08005d67   Thumb Code     0  startup_stm32f40_41xxx.o(.text)
    EXTI9_5_IRQHandler                       0x08005d67   Thumb Code     0  startup_stm32f40_41xxx.o(.text)
    FLASH_IRQHandler                         0x08005d67   Thumb Code     0  startup_stm32f40_41xxx.o(.text)
    FPU_IRQHandler                           0x08005d67   Thumb Code     0  startup_stm32f40_41xxx.o(.text)
    FSMC_IRQHandler                          0x08005d67   Thumb Code     0  startup_stm32f40_41xxx.o(.text)
    HASH_RNG_IRQHandler                      0x08005d67   Thumb Code     0  startup_stm32f40_41xxx.o(.text)
    I2C1_ER_IRQHandler                       0x08005d67   Thumb Code     0  startup_stm32f40_41xxx.o(.text)
    I2C1_EV_IRQHandler                       0x08005d67   Thumb Code     0  startup_stm32f40_41xxx.o(.text)
    I2C2_ER_IRQHandler                       0x08005d67   Thumb Code     0  startup_stm32f40_41xxx.o(.text)
    I2C2_EV_IRQHandler                       0x08005d67   Thumb Code     0  startup_stm32f40_41xxx.o(.text)
    I2C3_ER_IRQHandler                       0x08005d67   Thumb Code     0  startup_stm32f40_41xxx.o(.text)
    I2C3_EV_IRQHandler                       0x08005d67   Thumb Code     0  startup_stm32f40_41xxx.o(.text)
    OTG_FS_IRQHandler                        0x08005d67   Thumb Code     0  startup_stm32f40_41xxx.o(.text)
    OTG_FS_WKUP_IRQHandler                   0x08005d67   Thumb Code     0  startup_stm32f40_41xxx.o(.text)
    OTG_HS_EP1_IN_IRQHandler                 0x08005d67   Thumb Code     0  startup_stm32f40_41xxx.o(.text)
    OTG_HS_EP1_OUT_IRQHandler                0x08005d67   Thumb Code     0  startup_stm32f40_41xxx.o(.text)
    OTG_HS_IRQHandler                        0x08005d67   Thumb Code     0  startup_stm32f40_41xxx.o(.text)
    OTG_HS_WKUP_IRQHandler                   0x08005d67   Thumb Code     0  startup_stm32f40_41xxx.o(.text)
    PVD_IRQHandler                           0x08005d67   Thumb Code     0  startup_stm32f40_41xxx.o(.text)
    RCC_IRQHandler                           0x08005d67   Thumb Code     0  startup_stm32f40_41xxx.o(.text)
    RTC_Alarm_IRQHandler                     0x08005d67   Thumb Code     0  startup_stm32f40_41xxx.o(.text)
    RTC_WKUP_IRQHandler                      0x08005d67   Thumb Code     0  startup_stm32f40_41xxx.o(.text)
    SDIO_IRQHandler                          0x08005d67   Thumb Code     0  startup_stm32f40_41xxx.o(.text)
    SPI1_IRQHandler                          0x08005d67   Thumb Code     0  startup_stm32f40_41xxx.o(.text)
    SPI2_IRQHandler                          0x08005d67   Thumb Code     0  startup_stm32f40_41xxx.o(.text)
    SPI3_IRQHandler                          0x08005d67   Thumb Code     0  startup_stm32f40_41xxx.o(.text)
    TAMP_STAMP_IRQHandler                    0x08005d67   Thumb Code     0  startup_stm32f40_41xxx.o(.text)
    TIM1_BRK_TIM9_IRQHandler                 0x08005d67   Thumb Code     0  startup_stm32f40_41xxx.o(.text)
    TIM1_CC_IRQHandler                       0x08005d67   Thumb Code     0  startup_stm32f40_41xxx.o(.text)
    TIM1_TRG_COM_TIM11_IRQHandler            0x08005d67   Thumb Code     0  startup_stm32f40_41xxx.o(.text)
    TIM1_UP_TIM10_IRQHandler                 0x08005d67   Thumb Code     0  startup_stm32f40_41xxx.o(.text)
    TIM3_IRQHandler                          0x08005d67   Thumb Code     0  startup_stm32f40_41xxx.o(.text)
    TIM4_IRQHandler                          0x08005d67   Thumb Code     0  startup_stm32f40_41xxx.o(.text)
    TIM5_IRQHandler                          0x08005d67   Thumb Code     0  startup_stm32f40_41xxx.o(.text)
    TIM6_DAC_IRQHandler                      0x08005d67   Thumb Code     0  startup_stm32f40_41xxx.o(.text)
    TIM7_IRQHandler                          0x08005d67   Thumb Code     0  startup_stm32f40_41xxx.o(.text)
    TIM8_BRK_TIM12_IRQHandler                0x08005d67   Thumb Code     0  startup_stm32f40_41xxx.o(.text)
    TIM8_CC_IRQHandler                       0x08005d67   Thumb Code     0  startup_stm32f40_41xxx.o(.text)
    TIM8_TRG_COM_TIM14_IRQHandler            0x08005d67   Thumb Code     0  startup_stm32f40_41xxx.o(.text)
    TIM8_UP_TIM13_IRQHandler                 0x08005d67   Thumb Code     0  startup_stm32f40_41xxx.o(.text)
    UART4_IRQHandler                         0x08005d67   Thumb Code     0  startup_stm32f40_41xxx.o(.text)
    UART5_IRQHandler                         0x08005d67   Thumb Code     0  startup_stm32f40_41xxx.o(.text)
    USART3_IRQHandler                        0x08005d67   Thumb Code     0  startup_stm32f40_41xxx.o(.text)
    USART6_IRQHandler                        0x08005d67   Thumb Code     0  startup_stm32f40_41xxx.o(.text)
    WWDG_IRQHandler                          0x08005d67   Thumb Code     0  startup_stm32f40_41xxx.o(.text)
    delay_init                               0x08005d71   Thumb Code    32  delay.o(.text)
    delay_us                                 0x08005d91   Thumb Code    50  delay.o(.text)
    delay_ms                                 0x08005dc3   Thumb Code     8  delay.o(.text)
    USART_Send_Data                          0x08005dd1   Thumb Code    24  usart.o(.text)
    USART_Send_String                        0x08005de9   Thumb Code    42  usart.o(.text)
    U2printf                                 0x08005e13   Thumb Code    30  usart.o(.text)
    _ttywrch                                 0x08005e31   Thumb Code     2  usart.o(.text)
    _sys_exit                                0x08005e33   Thumb Code     2  usart.o(.text)
    _sys_command_string                      0x08005e35   Thumb Code     4  usart.o(.text)
    fputc                                    0x08005e39   Thumb Code    14  usart.o(.text)
    fgetc                                    0x08005e47   Thumb Code    36  usart.o(.text)
    usart1_init                              0x08005e6b   Thumb Code   138  usart.o(.text)
    usart2_init                              0x08005ef5   Thumb Code   112  usart.o(.text)
    USART1_IRQHandler                        0x08005f65   Thumb Code    92  usart.o(.text)
    SendTo429                                0x08005fc1   Thumb Code    30  usart.o(.text)
    USART2_IRQHandler                        0x08005fdf   Thumb Code   150  usart.o(.text)
    NVIC_PriorityGroupConfig                 0x080060a9   Thumb Code    10  misc.o(.text)
    NVIC_Init                                0x080060b3   Thumb Code    98  misc.o(.text)
    NVIC_SetVectorTable                      0x08006115   Thumb Code    14  misc.o(.text)
    NVIC_SystemLPConfig                      0x08006123   Thumb Code    24  misc.o(.text)
    SysTick_CLKSourceConfig                  0x0800613b   Thumb Code    28  misc.o(.text)
    ADC_DeInit                               0x08006165   Thumb Code    24  stm32f4xx_adc.o(.text)
    ADC_Init                                 0x0800617d   Thumb Code    66  stm32f4xx_adc.o(.text)
    ADC_StructInit                           0x080061bf   Thumb Code    20  stm32f4xx_adc.o(.text)
    ADC_CommonInit                           0x080061d3   Thumb Code    30  stm32f4xx_adc.o(.text)
    ADC_CommonStructInit                     0x080061f1   Thumb Code    12  stm32f4xx_adc.o(.text)
    ADC_Cmd                                  0x080061fd   Thumb Code    24  stm32f4xx_adc.o(.text)
    ADC_AnalogWatchdogCmd                    0x08006215   Thumb Code    12  stm32f4xx_adc.o(.text)
    ADC_AnalogWatchdogThresholdsConfig       0x08006221   Thumb Code     6  stm32f4xx_adc.o(.text)
    ADC_AnalogWatchdogSingleChannelConfig    0x08006227   Thumb Code    12  stm32f4xx_adc.o(.text)
    ADC_TempSensorVrefintCmd                 0x08006233   Thumb Code    34  stm32f4xx_adc.o(.text)
    ADC_VBATCmd                              0x08006255   Thumb Code    34  stm32f4xx_adc.o(.text)
    ADC_RegularChannelConfig                 0x08006277   Thumb Code   116  stm32f4xx_adc.o(.text)
    ADC_SoftwareStartConv                    0x080062eb   Thumb Code    10  stm32f4xx_adc.o(.text)
    ADC_GetSoftwareStartConvStatus           0x080062f5   Thumb Code    14  stm32f4xx_adc.o(.text)
    ADC_EOCOnEachRegularChannelCmd           0x08006303   Thumb Code    24  stm32f4xx_adc.o(.text)
    ADC_ContinuousModeCmd                    0x0800631b   Thumb Code    24  stm32f4xx_adc.o(.text)
    ADC_DiscModeChannelCountConfig           0x08006333   Thumb Code    16  stm32f4xx_adc.o(.text)
    ADC_DiscModeCmd                          0x08006343   Thumb Code    24  stm32f4xx_adc.o(.text)
    ADC_GetConversionValue                   0x0800635b   Thumb Code     6  stm32f4xx_adc.o(.text)
    ADC_GetMultiModeConversionValue          0x08006361   Thumb Code     8  stm32f4xx_adc.o(.text)
    ADC_DMACmd                               0x08006369   Thumb Code    24  stm32f4xx_adc.o(.text)
    ADC_DMARequestAfterLastTransferCmd       0x08006381   Thumb Code    24  stm32f4xx_adc.o(.text)
    ADC_MultiModeDMARequestAfterLastTransferCmd 0x08006399   Thumb Code    34  stm32f4xx_adc.o(.text)
    ADC_InjectedChannelConfig                0x080063bb   Thumb Code    74  stm32f4xx_adc.o(.text)
    ADC_InjectedSequencerLengthConfig        0x08006405   Thumb Code    16  stm32f4xx_adc.o(.text)
    ADC_SetInjectedOffset                    0x08006415   Thumb Code    16  stm32f4xx_adc.o(.text)
    ADC_ExternalTrigInjectedConvConfig       0x08006425   Thumb Code    12  stm32f4xx_adc.o(.text)
    ADC_ExternalTrigInjectedConvEdgeConfig   0x08006431   Thumb Code    12  stm32f4xx_adc.o(.text)
    ADC_SoftwareStartInjectedConv            0x0800643d   Thumb Code    10  stm32f4xx_adc.o(.text)
    ADC_GetSoftwareStartInjectedConvCmdStatus 0x08006447   Thumb Code    14  stm32f4xx_adc.o(.text)
    ADC_AutoInjectedConvCmd                  0x08006455   Thumb Code    24  stm32f4xx_adc.o(.text)
    ADC_InjectedDiscModeCmd                  0x0800646d   Thumb Code    24  stm32f4xx_adc.o(.text)
    ADC_GetInjectedConversionValue           0x08006485   Thumb Code    20  stm32f4xx_adc.o(.text)
    ADC_ITConfig                             0x08006499   Thumb Code    24  stm32f4xx_adc.o(.text)
    ADC_GetFlagStatus                        0x080064b1   Thumb Code    14  stm32f4xx_adc.o(.text)
    ADC_ClearFlag                            0x080064bf   Thumb Code     6  stm32f4xx_adc.o(.text)
    ADC_GetITStatus                          0x080064c5   Thumb Code    30  stm32f4xx_adc.o(.text)
    ADC_ClearITPendingBit                    0x080064e3   Thumb Code     8  stm32f4xx_adc.o(.text)
    EXTI_DeInit                              0x08006505   Thumb Code    28  stm32f4xx_exti.o(.text)
    EXTI_Init                                0x08006521   Thumb Code   110  stm32f4xx_exti.o(.text)
    EXTI_StructInit                          0x0800658f   Thumb Code    14  stm32f4xx_exti.o(.text)
    EXTI_GenerateSWInterrupt                 0x0800659d   Thumb Code    12  stm32f4xx_exti.o(.text)
    EXTI_GetFlagStatus                       0x080065a9   Thumb Code    18  stm32f4xx_exti.o(.text)
    EXTI_ClearFlag                           0x080065bb   Thumb Code     8  stm32f4xx_exti.o(.text)
    EXTI_GetITStatus                         0x080065c3   Thumb Code    18  stm32f4xx_exti.o(.text)
    EXTI_ClearITPendingBit                   0x080065d5   Thumb Code     8  stm32f4xx_exti.o(.text)
    GPIO_DeInit                              0x080065e5   Thumb Code   296  stm32f4xx_gpio.o(.text)
    GPIO_Init                                0x0800670d   Thumb Code   124  stm32f4xx_gpio.o(.text)
    GPIO_StructInit                          0x08006789   Thumb Code    18  stm32f4xx_gpio.o(.text)
    GPIO_PinLockConfig                       0x0800679b   Thumb Code    26  stm32f4xx_gpio.o(.text)
    GPIO_ReadInputDataBit                    0x080067b5   Thumb Code    14  stm32f4xx_gpio.o(.text)
    GPIO_ReadInputData                       0x080067c3   Thumb Code     6  stm32f4xx_gpio.o(.text)
    GPIO_ReadOutputDataBit                   0x080067c9   Thumb Code    14  stm32f4xx_gpio.o(.text)
    GPIO_ReadOutputData                      0x080067d7   Thumb Code     6  stm32f4xx_gpio.o(.text)
    GPIO_SetBits                             0x080067dd   Thumb Code     4  stm32f4xx_gpio.o(.text)
    GPIO_ResetBits                           0x080067e1   Thumb Code     4  stm32f4xx_gpio.o(.text)
    GPIO_WriteBit                            0x080067e5   Thumb Code    12  stm32f4xx_gpio.o(.text)
    GPIO_Write                               0x080067f1   Thumb Code     4  stm32f4xx_gpio.o(.text)
    GPIO_ToggleBits                          0x080067f5   Thumb Code     8  stm32f4xx_gpio.o(.text)
    GPIO_PinAFConfig                         0x080067fd   Thumb Code    32  stm32f4xx_gpio.o(.text)
    RCC_DeInit                               0x08006849   Thumb Code    68  stm32f4xx_rcc.o(.text)
    RCC_HSEConfig                            0x0800688d   Thumb Code    12  stm32f4xx_rcc.o(.text)
    RCC_GetFlagStatus                        0x08006899   Thumb Code    50  stm32f4xx_rcc.o(.text)
    RCC_WaitForHSEStartUp                    0x080068cb   Thumb Code    48  stm32f4xx_rcc.o(.text)
    RCC_AdjustHSICalibrationValue            0x080068fb   Thumb Code    16  stm32f4xx_rcc.o(.text)
    RCC_HSICmd                               0x0800690b   Thumb Code     6  stm32f4xx_rcc.o(.text)
    RCC_LSEConfig                            0x08006911   Thumb Code    30  stm32f4xx_rcc.o(.text)
    RCC_LSICmd                               0x0800692f   Thumb Code     6  stm32f4xx_rcc.o(.text)
    RCC_PLLConfig                            0x08006935   Thumb Code    34  stm32f4xx_rcc.o(.text)
    RCC_PLLCmd                               0x08006957   Thumb Code     6  stm32f4xx_rcc.o(.text)
    RCC_PLLI2SConfig                         0x0800695d   Thumb Code    14  stm32f4xx_rcc.o(.text)
    RCC_PLLI2SCmd                            0x0800696b   Thumb Code     6  stm32f4xx_rcc.o(.text)
    RCC_PLLSAIConfig                         0x08006971   Thumb Code    18  stm32f4xx_rcc.o(.text)
    RCC_PLLSAICmd                            0x08006983   Thumb Code     6  stm32f4xx_rcc.o(.text)
    RCC_ClockSecuritySystemCmd               0x08006989   Thumb Code     6  stm32f4xx_rcc.o(.text)
    RCC_MCO1Config                           0x0800698f   Thumb Code    18  stm32f4xx_rcc.o(.text)
    RCC_MCO2Config                           0x080069a1   Thumb Code    18  stm32f4xx_rcc.o(.text)
    RCC_SYSCLKConfig                         0x080069b3   Thumb Code    16  stm32f4xx_rcc.o(.text)
    RCC_GetSYSCLKSource                      0x080069c3   Thumb Code    12  stm32f4xx_rcc.o(.text)
    RCC_HCLKConfig                           0x080069cf   Thumb Code    16  stm32f4xx_rcc.o(.text)
    RCC_PCLK1Config                          0x080069df   Thumb Code    16  stm32f4xx_rcc.o(.text)
    RCC_PCLK2Config                          0x080069ef   Thumb Code    18  stm32f4xx_rcc.o(.text)
    RCC_GetClocksFreq                        0x08006a01   Thumb Code   150  stm32f4xx_rcc.o(.text)
    RCC_RTCCLKConfig                         0x08006a97   Thumb Code    42  stm32f4xx_rcc.o(.text)
    RCC_RTCCLKCmd                            0x08006ac1   Thumb Code     8  stm32f4xx_rcc.o(.text)
    RCC_BackupResetCmd                       0x08006ac9   Thumb Code     8  stm32f4xx_rcc.o(.text)
    RCC_I2SCLKConfig                         0x08006ad1   Thumb Code     6  stm32f4xx_rcc.o(.text)
    RCC_SAIPLLI2SClkDivConfig                0x08006ad7   Thumb Code    18  stm32f4xx_rcc.o(.text)
    RCC_SAIPLLSAIClkDivConfig                0x08006ae9   Thumb Code    20  stm32f4xx_rcc.o(.text)
    RCC_SAIBlockACLKConfig                   0x08006afd   Thumb Code    16  stm32f4xx_rcc.o(.text)
    RCC_SAIBlockBCLKConfig                   0x08006b0d   Thumb Code    16  stm32f4xx_rcc.o(.text)
    RCC_LTDCCLKDivConfig                     0x08006b1d   Thumb Code    16  stm32f4xx_rcc.o(.text)
    RCC_TIMCLKPresConfig                     0x08006b2d   Thumb Code     6  stm32f4xx_rcc.o(.text)
    RCC_AHB1PeriphClockCmd                   0x08006b33   Thumb Code    24  stm32f4xx_rcc.o(.text)
    RCC_AHB2PeriphClockCmd                   0x08006b4b   Thumb Code    24  stm32f4xx_rcc.o(.text)
    RCC_AHB3PeriphClockCmd                   0x08006b63   Thumb Code    24  stm32f4xx_rcc.o(.text)
    RCC_APB1PeriphClockCmd                   0x08006b7b   Thumb Code    24  stm32f4xx_rcc.o(.text)
    RCC_APB2PeriphClockCmd                   0x08006b93   Thumb Code    24  stm32f4xx_rcc.o(.text)
    RCC_AHB1PeriphResetCmd                   0x08006bab   Thumb Code    24  stm32f4xx_rcc.o(.text)
    RCC_AHB2PeriphResetCmd                   0x08006bc3   Thumb Code    24  stm32f4xx_rcc.o(.text)
    RCC_AHB3PeriphResetCmd                   0x08006bdb   Thumb Code    24  stm32f4xx_rcc.o(.text)
    RCC_APB1PeriphResetCmd                   0x08006bf3   Thumb Code    24  stm32f4xx_rcc.o(.text)
    RCC_APB2PeriphResetCmd                   0x08006c0b   Thumb Code    24  stm32f4xx_rcc.o(.text)
    RCC_AHB1PeriphClockLPModeCmd             0x08006c23   Thumb Code    70  stm32f4xx_rcc.o(.text)
    RCC_AHB2PeriphClockLPModeCmd             0x08006c69   Thumb Code    22  stm32f4xx_rcc.o(.text)
    RCC_AHB3PeriphClockLPModeCmd             0x08006c7f   Thumb Code    24  stm32f4xx_rcc.o(.text)
    RCC_APB1PeriphClockLPModeCmd             0x08006c97   Thumb Code    24  stm32f4xx_rcc.o(.text)
    RCC_APB2PeriphClockLPModeCmd             0x08006caf   Thumb Code    24  stm32f4xx_rcc.o(.text)
    RCC_LSEModeConfig                        0x08006cc7   Thumb Code    28  stm32f4xx_rcc.o(.text)
    RCC_ITConfig                             0x08006ce3   Thumb Code    24  stm32f4xx_rcc.o(.text)
    RCC_ClearFlag                            0x08006cfb   Thumb Code    14  stm32f4xx_rcc.o(.text)
    RCC_GetITStatus                          0x08006d09   Thumb Code    18  stm32f4xx_rcc.o(.text)
    RCC_ClearITPendingBit                    0x08006d1b   Thumb Code     8  stm32f4xx_rcc.o(.text)
    SYSCFG_DeInit                            0x08006d29   Thumb Code    24  stm32f4xx_syscfg.o(.text)
    SYSCFG_MemoryRemapConfig                 0x08006d41   Thumb Code     6  stm32f4xx_syscfg.o(.text)
    SYSCFG_MemorySwappingBank                0x08006d47   Thumb Code     6  stm32f4xx_syscfg.o(.text)
    SYSCFG_EXTILineConfig                    0x08006d4d   Thumb Code    38  stm32f4xx_syscfg.o(.text)
    SYSCFG_ETH_MediaInterfaceConfig          0x08006d73   Thumb Code     8  stm32f4xx_syscfg.o(.text)
    SYSCFG_CompensationCellCmd               0x08006d7b   Thumb Code     6  stm32f4xx_syscfg.o(.text)
    SYSCFG_GetCompensationCellStatus         0x08006d81   Thumb Code    16  stm32f4xx_syscfg.o(.text)
    TIM_DeInit                               0x08006da1   Thumb Code   376  stm32f4xx_tim.o(.text)
    TIM_TimeBaseInit                         0x08006f19   Thumb Code    96  stm32f4xx_tim.o(.text)
    TIM_TimeBaseStructInit                   0x08006f79   Thumb Code    18  stm32f4xx_tim.o(.text)
    TIM_PrescalerConfig                      0x08006f8b   Thumb Code     6  stm32f4xx_tim.o(.text)
    TIM_CounterModeConfig                    0x08006f91   Thumb Code    12  stm32f4xx_tim.o(.text)
    TIM_SetCounter                           0x08006f9d   Thumb Code     4  stm32f4xx_tim.o(.text)
    TIM_SetAutoreload                        0x08006fa1   Thumb Code     4  stm32f4xx_tim.o(.text)
    TIM_GetCounter                           0x08006fa5   Thumb Code     4  stm32f4xx_tim.o(.text)
    TIM_GetPrescaler                         0x08006fa9   Thumb Code     4  stm32f4xx_tim.o(.text)
    TIM_UpdateDisableConfig                  0x08006fad   Thumb Code    24  stm32f4xx_tim.o(.text)
    TIM_UpdateRequestConfig                  0x08006fc5   Thumb Code    24  stm32f4xx_tim.o(.text)
    TIM_ARRPreloadConfig                     0x08006fdd   Thumb Code    24  stm32f4xx_tim.o(.text)
    TIM_SelectOnePulseMode                   0x08006ff5   Thumb Code    16  stm32f4xx_tim.o(.text)
    TIM_SetClockDivision                     0x08007005   Thumb Code    16  stm32f4xx_tim.o(.text)
    TIM_Cmd                                  0x08007015   Thumb Code    24  stm32f4xx_tim.o(.text)
    TIM_OC1Init                              0x0800702d   Thumb Code    96  stm32f4xx_tim.o(.text)
    TIM_OC2Init                              0x0800708d   Thumb Code   128  stm32f4xx_tim.o(.text)
    TIM_OC3Init                              0x0800710d   Thumb Code   176  stm32f4xx_tim.o(.text)
    TIM_OC4Init                              0x080071bd   Thumb Code    92  stm32f4xx_tim.o(.text)
    TIM_OCStructInit                         0x08007219   Thumb Code    20  stm32f4xx_tim.o(.text)
    TIM_SelectOCxM                           0x0800722d   Thumb Code    80  stm32f4xx_tim.o(.text)
    TIM_SetCompare1                          0x0800727d   Thumb Code     4  stm32f4xx_tim.o(.text)
    TIM_SetCompare2                          0x08007281   Thumb Code     4  stm32f4xx_tim.o(.text)
    TIM_SetCompare3                          0x08007285   Thumb Code     4  stm32f4xx_tim.o(.text)
    TIM_SetCompare4                          0x08007289   Thumb Code     4  stm32f4xx_tim.o(.text)
    TIM_ForcedOC1Config                      0x0800728d   Thumb Code    12  stm32f4xx_tim.o(.text)
    TIM_ForcedOC2Config                      0x08007299   Thumb Code    20  stm32f4xx_tim.o(.text)
    TIM_ForcedOC3Config                      0x080072ad   Thumb Code    12  stm32f4xx_tim.o(.text)
    TIM_ForcedOC4Config                      0x080072b9   Thumb Code    20  stm32f4xx_tim.o(.text)
    TIM_OC1PreloadConfig                     0x080072cd   Thumb Code    12  stm32f4xx_tim.o(.text)
    TIM_OC2PreloadConfig                     0x080072d9   Thumb Code    20  stm32f4xx_tim.o(.text)
    TIM_OC3PreloadConfig                     0x080072ed   Thumb Code    12  stm32f4xx_tim.o(.text)
    TIM_OC4PreloadConfig                     0x080072f9   Thumb Code    20  stm32f4xx_tim.o(.text)
    TIM_OC1FastConfig                        0x0800730d   Thumb Code    12  stm32f4xx_tim.o(.text)
    TIM_OC2FastConfig                        0x08007319   Thumb Code    20  stm32f4xx_tim.o(.text)
    TIM_OC3FastConfig                        0x0800732d   Thumb Code    12  stm32f4xx_tim.o(.text)
    TIM_OC4FastConfig                        0x08007339   Thumb Code    20  stm32f4xx_tim.o(.text)
    TIM_ClearOC1Ref                          0x0800734d   Thumb Code    12  stm32f4xx_tim.o(.text)
    TIM_ClearOC2Ref                          0x08007359   Thumb Code    20  stm32f4xx_tim.o(.text)
    TIM_ClearOC3Ref                          0x0800736d   Thumb Code    12  stm32f4xx_tim.o(.text)
    TIM_ClearOC4Ref                          0x08007379   Thumb Code    20  stm32f4xx_tim.o(.text)
    TIM_OC1PolarityConfig                    0x0800738d   Thumb Code    12  stm32f4xx_tim.o(.text)
    TIM_OC1NPolarityConfig                   0x08007399   Thumb Code    12  stm32f4xx_tim.o(.text)
    TIM_OC2PolarityConfig                    0x080073a5   Thumb Code    20  stm32f4xx_tim.o(.text)
    TIM_OC2NPolarityConfig                   0x080073b9   Thumb Code    20  stm32f4xx_tim.o(.text)
    TIM_OC3PolarityConfig                    0x080073cd   Thumb Code    20  stm32f4xx_tim.o(.text)
    TIM_OC3NPolarityConfig                   0x080073e1   Thumb Code    20  stm32f4xx_tim.o(.text)
    TIM_OC4PolarityConfig                    0x080073f5   Thumb Code    20  stm32f4xx_tim.o(.text)
    TIM_CCxCmd                               0x08007409   Thumb Code    22  stm32f4xx_tim.o(.text)
    TIM_CCxNCmd                              0x0800741f   Thumb Code    22  stm32f4xx_tim.o(.text)
    TIM_SetIC4Prescaler                      0x08007435   Thumb Code    24  stm32f4xx_tim.o(.text)
    TIM_SetIC3Prescaler                      0x08007483   Thumb Code    16  stm32f4xx_tim.o(.text)
    TIM_SetIC2Prescaler                      0x080074c5   Thumb Code    24  stm32f4xx_tim.o(.text)
    TIM_SetIC1Prescaler                      0x08007513   Thumb Code    16  stm32f4xx_tim.o(.text)
    TIM_ICInit                               0x08007551   Thumb Code    90  stm32f4xx_tim.o(.text)
    TIM_ICStructInit                         0x080075ab   Thumb Code    16  stm32f4xx_tim.o(.text)
    TIM_PWMIConfig                           0x080075bb   Thumb Code   116  stm32f4xx_tim.o(.text)
    TIM_GetCapture1                          0x0800762f   Thumb Code     4  stm32f4xx_tim.o(.text)
    TIM_GetCapture2                          0x08007633   Thumb Code     4  stm32f4xx_tim.o(.text)
    TIM_GetCapture3                          0x08007637   Thumb Code     4  stm32f4xx_tim.o(.text)
    TIM_GetCapture4                          0x0800763b   Thumb Code     4  stm32f4xx_tim.o(.text)
    TIM_BDTRConfig                           0x0800763f   Thumb Code    34  stm32f4xx_tim.o(.text)
    TIM_BDTRStructInit                       0x08007661   Thumb Code    18  stm32f4xx_tim.o(.text)
    TIM_CtrlPWMOutputs                       0x08007673   Thumb Code    28  stm32f4xx_tim.o(.text)
    TIM_SelectCOM                            0x0800768f   Thumb Code    24  stm32f4xx_tim.o(.text)
    TIM_CCPreloadControl                     0x080076a7   Thumb Code    24  stm32f4xx_tim.o(.text)
    TIM_ITConfig                             0x080076bf   Thumb Code    20  stm32f4xx_tim.o(.text)
    TIM_GenerateEvent                        0x080076d3   Thumb Code     4  stm32f4xx_tim.o(.text)
    TIM_GetFlagStatus                        0x080076d7   Thumb Code    14  stm32f4xx_tim.o(.text)
    TIM_ClearFlag                            0x080076e5   Thumb Code     6  stm32f4xx_tim.o(.text)
    TIM_GetITStatus                          0x080076eb   Thumb Code    24  stm32f4xx_tim.o(.text)
    TIM_ClearITPendingBit                    0x08007703   Thumb Code     6  stm32f4xx_tim.o(.text)
    TIM_DMAConfig                            0x08007709   Thumb Code     8  stm32f4xx_tim.o(.text)
    TIM_DMACmd                               0x08007711   Thumb Code    20  stm32f4xx_tim.o(.text)
    TIM_SelectCCDMA                          0x08007725   Thumb Code    24  stm32f4xx_tim.o(.text)
    TIM_InternalClockConfig                  0x0800773d   Thumb Code    10  stm32f4xx_tim.o(.text)
    TIM_SelectInputTrigger                   0x08007747   Thumb Code    12  stm32f4xx_tim.o(.text)
    TIM_ITRxExternalClockConfig              0x08007753   Thumb Code    20  stm32f4xx_tim.o(.text)
    TIM_TIxExternalClockConfig               0x08007767   Thumb Code    48  stm32f4xx_tim.o(.text)
    TIM_ETRConfig                            0x08007797   Thumb Code    24  stm32f4xx_tim.o(.text)
    TIM_ETRClockMode1Config                  0x080077af   Thumb Code    32  stm32f4xx_tim.o(.text)
    TIM_ETRClockMode2Config                  0x080077cf   Thumb Code    20  stm32f4xx_tim.o(.text)
    TIM_SelectOutputTrigger                  0x080077e3   Thumb Code    16  stm32f4xx_tim.o(.text)
    TIM_SelectSlaveMode                      0x080077f3   Thumb Code    16  stm32f4xx_tim.o(.text)
    TIM_SelectMasterSlaveMode                0x08007803   Thumb Code    16  stm32f4xx_tim.o(.text)
    TIM_EncoderInterfaceConfig               0x08007813   Thumb Code    50  stm32f4xx_tim.o(.text)
    TIM_SelectHallSensor                     0x08007845   Thumb Code    24  stm32f4xx_tim.o(.text)
    TIM_RemapConfig                          0x0800785d   Thumb Code     6  stm32f4xx_tim.o(.text)
    USART_DeInit                             0x08007865   Thumb Code   224  stm32f4xx_usart.o(.text)
    USART_Init                               0x08007945   Thumb Code   180  stm32f4xx_usart.o(.text)
    USART_StructInit                         0x080079f9   Thumb Code    22  stm32f4xx_usart.o(.text)
    USART_ClockInit                          0x08007a0f   Thumb Code    28  stm32f4xx_usart.o(.text)
    USART_ClockStructInit                    0x08007a2b   Thumb Code    12  stm32f4xx_usart.o(.text)
    USART_Cmd                                0x08007a37   Thumb Code    24  stm32f4xx_usart.o(.text)
    USART_SetPrescaler                       0x08007a4f   Thumb Code    16  stm32f4xx_usart.o(.text)
    USART_OverSampling8Cmd                   0x08007a5f   Thumb Code    24  stm32f4xx_usart.o(.text)
    USART_OneBitMethodCmd                    0x08007a77   Thumb Code    24  stm32f4xx_usart.o(.text)
    USART_SendData                           0x08007a8f   Thumb Code     8  stm32f4xx_usart.o(.text)
    USART_ReceiveData                        0x08007a97   Thumb Code     8  stm32f4xx_usart.o(.text)
    USART_SetAddress                         0x08007a9f   Thumb Code    16  stm32f4xx_usart.o(.text)
    USART_ReceiverWakeUpCmd                  0x08007aaf   Thumb Code    24  stm32f4xx_usart.o(.text)
    USART_WakeUpConfig                       0x08007ac7   Thumb Code    16  stm32f4xx_usart.o(.text)
    USART_LINBreakDetectLengthConfig         0x08007ad7   Thumb Code    16  stm32f4xx_usart.o(.text)
    USART_LINCmd                             0x08007ae7   Thumb Code    24  stm32f4xx_usart.o(.text)
    USART_SendBreak                          0x08007aff   Thumb Code    10  stm32f4xx_usart.o(.text)
    USART_HalfDuplexCmd                      0x08007b09   Thumb Code    24  stm32f4xx_usart.o(.text)
    USART_SetGuardTime                       0x08007b21   Thumb Code    16  stm32f4xx_usart.o(.text)
    USART_SmartCardCmd                       0x08007b31   Thumb Code    24  stm32f4xx_usart.o(.text)
    USART_SmartCardNACKCmd                   0x08007b49   Thumb Code    24  stm32f4xx_usart.o(.text)
    USART_IrDAConfig                         0x08007b61   Thumb Code    16  stm32f4xx_usart.o(.text)
    USART_IrDACmd                            0x08007b71   Thumb Code    24  stm32f4xx_usart.o(.text)
    USART_DMACmd                             0x08007b89   Thumb Code    20  stm32f4xx_usart.o(.text)
    USART_ITConfig                           0x08007b9d   Thumb Code    54  stm32f4xx_usart.o(.text)
    USART_GetFlagStatus                      0x08007bd3   Thumb Code    14  stm32f4xx_usart.o(.text)
    USART_ClearFlag                          0x08007be1   Thumb Code     8  stm32f4xx_usart.o(.text)
    USART_GetITStatus                        0x08007be9   Thumb Code    64  stm32f4xx_usart.o(.text)
    USART_ClearITPendingBit                  0x08007c29   Thumb Code    16  stm32f4xx_usart.o(.text)
    __aeabi_ldivmod                          0x08007c59   Thumb Code    98  ldiv.o(.text)
    __aeabi_memset                           0x08007cbb   Thumb Code    14  memseta.o(.text)
    __aeabi_memset4                          0x08007cbb   Thumb Code     0  memseta.o(.text)
    __aeabi_memset8                          0x08007cbb   Thumb Code     0  memseta.o(.text)
    __aeabi_memclr                           0x08007cc9   Thumb Code     4  memseta.o(.text)
    __aeabi_memclr4                          0x08007cc9   Thumb Code     0  memseta.o(.text)
    __aeabi_memclr8                          0x08007cc9   Thumb Code     0  memseta.o(.text)
    _memset$wrapper                          0x08007ccd   Thumb Code    18  memseta.o(.text)
    strlen                                   0x08007cdf   Thumb Code    14  strlen.o(.text)
    strcmp                                   0x08007ced   Thumb Code    28  strcmp.o(.text)
    memcmp                                   0x08007d09   Thumb Code    26  memcmp.o(.text)
    __aeabi_dadd                             0x08007d23   Thumb Code   322  dadd.o(.text)
    __aeabi_dsub                             0x08007e65   Thumb Code     6  dadd.o(.text)
    __aeabi_drsub                            0x08007e6b   Thumb Code     6  dadd.o(.text)
    __aeabi_dmul                             0x08007e71   Thumb Code   228  dmul.o(.text)
    __aeabi_ddiv                             0x08007f55   Thumb Code   222  ddiv.o(.text)
    __aeabi_i2d                              0x08008033   Thumb Code    34  dflti.o(.text)
    __aeabi_ui2d                             0x08008055   Thumb Code    26  dfltui.o(.text)
    __aeabi_d2iz                             0x0800806f   Thumb Code    62  dfixi.o(.text)
    __aeabi_d2uiz                            0x080080ad   Thumb Code    50  dfixui.o(.text)
    __aeabi_f2d                              0x080080df   Thumb Code    38  f2d.o(.text)
    __aeabi_cdcmpeq                          0x08008105   Thumb Code     0  cdcmple.o(.text)
    __aeabi_cdcmple                          0x08008105   Thumb Code    48  cdcmple.o(.text)
    __aeabi_cdrcmple                         0x08008135   Thumb Code    48  cdrcmple.o(.text)
    __aeabi_d2f                              0x08008165   Thumb Code    56  d2f.o(.text)
    __aeabi_uidiv                            0x0800819d   Thumb Code     0  uidiv.o(.text)
    __aeabi_uidivmod                         0x0800819d   Thumb Code    44  uidiv.o(.text)
    __aeabi_uldivmod                         0x080081c9   Thumb Code    98  uldiv.o(.text)
    __aeabi_llsl                             0x0800822b   Thumb Code    30  llshl.o(.text)
    _ll_shift_l                              0x0800822b   Thumb Code     0  llshl.o(.text)
    __aeabi_llsr                             0x08008249   Thumb Code    32  llushr.o(.text)
    _ll_ushift_r                             0x08008249   Thumb Code     0  llushr.o(.text)
    __aeabi_lasr                             0x08008269   Thumb Code    36  llsshr.o(.text)
    _ll_sshift_r                             0x08008269   Thumb Code     0  llsshr.o(.text)
    __I$use$fp                               0x0800828d   Thumb Code     0  iusefp.o(.text)
    _float_round                             0x0800828d   Thumb Code    18  fepilogue.o(.text)
    _float_epilogue                          0x0800829f   Thumb Code    92  fepilogue.o(.text)
    _double_round                            0x080082fb   Thumb Code    30  depilogue.o(.text)
    _double_epilogue                         0x08008319   Thumb Code   156  depilogue.o(.text)
    _drnd                                    0x080083b5   Thumb Code   132  drnd.o(.text)
    __aeabi_d2ulz                            0x0800843d   Thumb Code    48  dfixul.o(.text)
    __scatterload                            0x0800846d   Thumb Code    28  init.o(.text)
    __scatterload_rt2                        0x0800846d   Thumb Code     0  init.o(.text)
    _dsqrt                                   0x08008491   Thumb Code   162  dsqrt.o(.text)
    __decompress                             0x08008533   Thumb Code     0  __dczerorl2.o(.text)
    __decompress1                            0x08008533   Thumb Code    86  __dczerorl2.o(.text)
    T3Motor_CmdCombination                   0x08008589   Thumb Code   244  control.o(i.T3Motor_CmdCombination)
    __0printf                                0x08008681   Thumb Code    22  printfa.o(i.__0printf)
    __1printf                                0x08008681   Thumb Code     0  printfa.o(i.__0printf)
    __2printf                                0x08008681   Thumb Code     0  printfa.o(i.__0printf)
    __c89printf                              0x08008681   Thumb Code     0  printfa.o(i.__0printf)
    printf                                   0x08008681   Thumb Code     0  printfa.o(i.__0printf)
    __0vsprintf                              0x080086a1   Thumb Code    30  printfa.o(i.__0vsprintf)
    __1vsprintf                              0x080086a1   Thumb Code     0  printfa.o(i.__0vsprintf)
    __2vsprintf                              0x080086a1   Thumb Code     0  printfa.o(i.__0vsprintf)
    __c89vsprintf                            0x080086a1   Thumb Code     0  printfa.o(i.__0vsprintf)
    vsprintf                                 0x080086a1   Thumb Code     0  printfa.o(i.__0vsprintf)
    __ARM_fpclassify                         0x080086c5   Thumb Code    48  fpclassify.o(i.__ARM_fpclassify)
    __ARM_fpclassifyf                        0x080086f5   Thumb Code    38  fpclassifyf.o(i.__ARM_fpclassifyf)
    __hardfp_asin                            0x08008721   Thumb Code   770  asin.o(i.__hardfp_asin)
    __hardfp_asinf                           0x08008a81   Thumb Code   258  asinf.o(i.__hardfp_asinf)
    __hardfp_atan                            0x08008bb1   Thumb Code   622  atan.o(i.__hardfp_atan)
    __hardfp_atan2                           0x08008e89   Thumb Code   448  atan2.o(i.__hardfp_atan2)
    __hardfp_atanf                           0x08009089   Thumb Code   296  atanf.o(i.__hardfp_atanf)
    __hardfp_cosf                            0x080091e9   Thumb Code   280  cosf.o(i.__hardfp_cosf)
    __hardfp_round                           0x08009339   Thumb Code   194  round.o(i.__hardfp_round)
    __hardfp_sinf                            0x08009419   Thumb Code   344  sinf.o(i.__hardfp_sinf)
    __hardfp_sqrtf                           0x080095a9   Thumb Code    58  sqrtf.o(i.__hardfp_sqrtf)
    __hardfp_tanf                            0x080095e5   Thumb Code   322  tanf.o(i.__hardfp_tanf)
    __kernel_poly                            0x08009761   Thumb Code   248  poly.o(i.__kernel_poly)
    __mathlib_dbl_infnan                     0x08009859   Thumb Code    20  dunder.o(i.__mathlib_dbl_infnan)
    __mathlib_dbl_infnan2                    0x0800986d   Thumb Code    20  dunder.o(i.__mathlib_dbl_infnan2)
    __mathlib_dbl_invalid                    0x08009881   Thumb Code    24  dunder.o(i.__mathlib_dbl_invalid)
    __mathlib_dbl_underflow                  0x080098a1   Thumb Code    24  dunder.o(i.__mathlib_dbl_underflow)
    __mathlib_flt_infnan                     0x080098c1   Thumb Code     6  funder.o(i.__mathlib_flt_infnan)
    __mathlib_flt_invalid                    0x080098c9   Thumb Code    10  funder.o(i.__mathlib_flt_invalid)
    __mathlib_flt_underflow                  0x080098d9   Thumb Code    10  funder.o(i.__mathlib_flt_underflow)
    __mathlib_rredf2                         0x080098e9   Thumb Code   316  rredf.o(i.__mathlib_rredf2)
    __scatterload_copy                       0x08009a3d   Thumb Code    14  handlers.o(i.__scatterload_copy)
    __scatterload_null                       0x08009a4b   Thumb Code     2  handlers.o(i.__scatterload_null)
    __scatterload_zeroinit                   0x08009a4d   Thumb Code    14  handlers.o(i.__scatterload_zeroinit)
    __set_errno                              0x08009a5d   Thumb Code     6  errno.o(i.__set_errno)
    atan                                     0x0800a2fd   Thumb Code    16  atan.o(i.atan)
    fabs                                     0x0800a30d   Thumb Code    24  fabs.o(i.fabs)
    sqrt                                     0x0800a325   Thumb Code   110  sqrt.o(i.sqrt)
    sqrtf                                    0x0800a393   Thumb Code    62  sqrtf.o(i.sqrtf)
    reg                                      0x0800a3d0   Data          27  inv_mpu.o(.constdata)
    hw                                       0x0800a3ec   Data          12  inv_mpu.o(.constdata)
    test                                     0x0800a3f8   Data          40  inv_mpu.o(.constdata)
    OLED_F8x16                               0x0800b016   Data        1520  oled_data.o(.constdata)
    OLED_F6x8                                0x0800b606   Data         570  oled_data.o(.constdata)
    OLED_CF16x16                             0x0800b840   Data         385  oled_data.o(.constdata)
    __mathlib_zero                           0x0800bab0   Data           8  qnan.o(.constdata)
    Region$$Table$$Base                      0x0800bb70   Number         0  anon$$obj.o(Region$$Table)
    Region$$Table$$Limit                     0x0800bb90   Number         0  anon$$obj.o(Region$$Table)
    mode                                     0x20000000   Data           1  main.o(.data)
    pitch                                    0x20000004   Data           4  main.o(.data)
    roll                                     0x20000008   Data           4  main.o(.data)
    def                                      0x2000000c   Data           4  main.o(.data)
    yaw                                      0x20000010   Data           4  main.o(.data)
    dis                                      0x20000014   Data           4  main.o(.data)
    polar                                    0x20000018   Data           4  main.o(.data)
    Opolar                                   0x2000001c   Data           4  main.o(.data)
    absroll                                  0x20000020   Data           4  main.o(.data)
    abspitch                                 0x20000024   Data           4  main.o(.data)
    SystemCoreClock                          0x20000028   Data           4  system_stm32f4xx.o(.data)
    AHBPrescTable                            0x2000002c   Data          16  system_stm32f4xx.o(.data)
    Target_dis                               0x20000040   Data           4  control_task.o(.data)
    Target_angle                             0x20000044   Data           4  control_task.o(.data)
    target_angle                             0x20000090   Data           4  control_task.o(.data)
    de                                       0x20000094   Data          28  control_task.o(.data)
    Stop_flag                                0x200001f4   Data           1  usart.o(.data)
    USART_RX_STA                             0x200001f6   Data           2  usart.o(.data)
    __stdout                                 0x200001fc   Data           4  usart.o(.data)
    OLED_DisplayBuf                          0x20000224   Data        1024  oled.o(.bss)
    USART_RX_BUF                             0x20000624   Data         200  usart.o(.bss)
    __initial_sp                             0x20000af0   Data           0  startup_stm32f40_41xxx.o(STACK)



==============================================================================

Memory Map of the image

  Image Entry point : 0x08000189

  Load Region LR_IROM1 (Base: 0x08000000, Size: 0x0000bda4, Max: 0x00100000, ABSOLUTE, COMPRESSED[0x0000bc1c])

    Execution Region ER_IROM1 (Exec base: 0x08000000, Load base: 0x08000000, Size: 0x0000bb90, Max: 0x00100000, ABSOLUTE)

    Exec Addr    Load Addr    Size         Type   Attr      Idx    E Section Name        Object

    0x08000000   0x08000000   0x00000188   Data   RO          664    RESET               startup_stm32f40_41xxx.o
    0x08000188   0x08000188   0x00000000   Code   RO         1735  * .ARM.Collect$$$$00000000  mc_w.l(entry.o)
    0x08000188   0x08000188   0x00000004   Code   RO         2105    .ARM.Collect$$$$00000001  mc_w.l(entry2.o)
    0x0800018c   0x0800018c   0x00000004   Code   RO         2108    .ARM.Collect$$$$00000004  mc_w.l(entry5.o)
    0x08000190   0x08000190   0x00000000   Code   RO         2110    .ARM.Collect$$$$00000008  mc_w.l(entry7b.o)
    0x08000190   0x08000190   0x00000000   Code   RO         2112    .ARM.Collect$$$$0000000A  mc_w.l(entry8b.o)
    0x08000190   0x08000190   0x00000008   Code   RO         2113    .ARM.Collect$$$$0000000B  mc_w.l(entry9a.o)
    0x08000198   0x08000198   0x00000004   Code   RO         2120    .ARM.Collect$$$$0000000E  mc_w.l(entry12b.o)
    0x0800019c   0x0800019c   0x00000000   Code   RO         2115    .ARM.Collect$$$$0000000F  mc_w.l(entry10a.o)
    0x0800019c   0x0800019c   0x00000000   Code   RO         2117    .ARM.Collect$$$$00000011  mc_w.l(entry11a.o)
    0x0800019c   0x0800019c   0x00000004   Code   RO         2106    .ARM.Collect$$$$00002712  mc_w.l(entry2.o)
    0x080001a0   0x080001a0   0x000000b8   Code   RO            4    .text               main.o
    0x08000258   0x08000258   0x0000000c   Code   RO          189    .text               stm32f4xx_it.o
    0x08000264   0x08000264   0x00000190   Code   RO          308    .text               system_stm32f4xx.o
    0x080003f4   0x080003f4   0x00000414   Code   RO          338    .text               bsp.o
    0x08000808   0x08000808   0x00000bb0   Code   RO          364    .text               control_task.o
    0x080013b8   0x080013b8   0x0000081c   Code   RO          396    .text               control.o
    0x08001bd4   0x08001bd4   0x0000008c   Code   RO          438    .text               nvic.o
    0x08001c60   0x08001c60   0x00000204   Code   RO          462    .text               myiic.o
    0x08001e64   0x08001e64   0x00000330   Code   RO          495    .text               mpu6050.o
    0x08002194   0x08002194   0x00001d90   Code   RO          526    .text               inv_mpu.o
    0x08003f24   0x08003f24   0x00000c24   Code   RO          573    .text               inv_mpu_dmp_motion_driver.o
    0x08004b48   0x08004b48   0x00001202   Code   RO          606    .text               oled.o
    0x08005d4a   0x08005d4a   0x00000002   PAD
    0x08005d4c   0x08005d4c   0x00000024   Code   RO          665    .text               startup_stm32f40_41xxx.o
    0x08005d70   0x08005d70   0x00000060   Code   RO          672    .text               delay.o
    0x08005dd0   0x08005dd0   0x000002d8   Code   RO          716    .text               usart.o
    0x080060a8   0x080060a8   0x000000bc   Code   RO          779    .text               misc.o
    0x08006164   0x08006164   0x000003a0   Code   RO          803    .text               stm32f4xx_adc.o
    0x08006504   0x08006504   0x000000e0   Code   RO         1094    .text               stm32f4xx_exti.o
    0x080065e4   0x080065e4   0x00000264   Code   RO         1196    .text               stm32f4xx_gpio.o
    0x08006848   0x08006848   0x000004e0   Code   RO         1391    .text               stm32f4xx_rcc.o
    0x08006d28   0x08006d28   0x00000078   Code   RO         1540    .text               stm32f4xx_syscfg.o
    0x08006da0   0x08006da0   0x00000ac2   Code   RO         1564    .text               stm32f4xx_tim.o
    0x08007862   0x08007862   0x00000002   PAD
    0x08007864   0x08007864   0x000003f4   Code   RO         1588    .text               stm32f4xx_usart.o
    0x08007c58   0x08007c58   0x00000062   Code   RO         1738    .text               mc_w.l(ldiv.o)
    0x08007cba   0x08007cba   0x00000024   Code   RO         1740    .text               mc_w.l(memseta.o)
    0x08007cde   0x08007cde   0x0000000e   Code   RO         1742    .text               mc_w.l(strlen.o)
    0x08007cec   0x08007cec   0x0000001c   Code   RO         1744    .text               mc_w.l(strcmp.o)
    0x08007d08   0x08007d08   0x0000001a   Code   RO         1746    .text               mc_w.l(memcmp.o)
    0x08007d22   0x08007d22   0x0000014e   Code   RO         2011    .text               mf_w.l(dadd.o)
    0x08007e70   0x08007e70   0x000000e4   Code   RO         2013    .text               mf_w.l(dmul.o)
    0x08007f54   0x08007f54   0x000000de   Code   RO         2015    .text               mf_w.l(ddiv.o)
    0x08008032   0x08008032   0x00000022   Code   RO         2019    .text               mf_w.l(dflti.o)
    0x08008054   0x08008054   0x0000001a   Code   RO         2021    .text               mf_w.l(dfltui.o)
    0x0800806e   0x0800806e   0x0000003e   Code   RO         2023    .text               mf_w.l(dfixi.o)
    0x080080ac   0x080080ac   0x00000032   Code   RO         2025    .text               mf_w.l(dfixui.o)
    0x080080de   0x080080de   0x00000026   Code   RO         2027    .text               mf_w.l(f2d.o)
    0x08008104   0x08008104   0x00000030   Code   RO         2029    .text               mf_w.l(cdcmple.o)
    0x08008134   0x08008134   0x00000030   Code   RO         2031    .text               mf_w.l(cdrcmple.o)
    0x08008164   0x08008164   0x00000038   Code   RO         2033    .text               mf_w.l(d2f.o)
    0x0800819c   0x0800819c   0x0000002c   Code   RO         2121    .text               mc_w.l(uidiv.o)
    0x080081c8   0x080081c8   0x00000062   Code   RO         2123    .text               mc_w.l(uldiv.o)
    0x0800822a   0x0800822a   0x0000001e   Code   RO         2125    .text               mc_w.l(llshl.o)
    0x08008248   0x08008248   0x00000020   Code   RO         2127    .text               mc_w.l(llushr.o)
    0x08008268   0x08008268   0x00000024   Code   RO         2129    .text               mc_w.l(llsshr.o)
    0x0800828c   0x0800828c   0x00000000   Code   RO         2138    .text               mc_w.l(iusefp.o)
    0x0800828c   0x0800828c   0x0000006e   Code   RO         2139    .text               mf_w.l(fepilogue.o)
    0x080082fa   0x080082fa   0x000000ba   Code   RO         2141    .text               mf_w.l(depilogue.o)
    0x080083b4   0x080083b4   0x00000088   Code   RO         2143    .text               mf_w.l(drnd.o)
    0x0800843c   0x0800843c   0x00000030   Code   RO         2145    .text               mf_w.l(dfixul.o)
    0x0800846c   0x0800846c   0x00000024   Code   RO         2147    .text               mc_w.l(init.o)
    0x08008490   0x08008490   0x000000a2   Code   RO         2149    .text               mf_w.l(dsqrt.o)
    0x08008532   0x08008532   0x00000056   Code   RO         2159    .text               mc_w.l(__dczerorl2.o)
    0x08008588   0x08008588   0x000000f8   Code   RO          419    i.T3Motor_CmdCombination  control.o
    0x08008680   0x08008680   0x00000020   Code   RO         1983    i.__0printf         mc_w.l(printfa.o)
    0x080086a0   0x080086a0   0x00000024   Code   RO         1989    i.__0vsprintf       mc_w.l(printfa.o)
    0x080086c4   0x080086c4   0x00000030   Code   RO         2069    i.__ARM_fpclassify  m_wm.l(fpclassify.o)
    0x080086f4   0x080086f4   0x00000026   Code   RO         2071    i.__ARM_fpclassifyf  m_wm.l(fpclassifyf.o)
    0x0800871a   0x0800871a   0x00000006   PAD
    0x08008720   0x08008720   0x00000360   Code   RO         1633    i.__hardfp_asin     m_wm.l(asin.o)
    0x08008a80   0x08008a80   0x0000012c   Code   RO         1647    i.__hardfp_asinf    m_wm.l(asinf.o)
    0x08008bac   0x08008bac   0x00000004   PAD
    0x08008bb0   0x08008bb0   0x000002d8   Code   RO         2035    i.__hardfp_atan     m_wm.l(atan.o)
    0x08008e88   0x08008e88   0x00000200   Code   RO         1659    i.__hardfp_atan2    m_wm.l(atan2.o)
    0x08009088   0x08009088   0x00000160   Code   RO         1671    i.__hardfp_atanf    m_wm.l(atanf.o)
    0x080091e8   0x080091e8   0x00000150   Code   RO         1683    i.__hardfp_cosf     m_wm.l(cosf.o)
    0x08009338   0x08009338   0x000000e0   Code   RO         1695    i.__hardfp_round    m_wm.l(round.o)
    0x08009418   0x08009418   0x00000190   Code   RO         1699    i.__hardfp_sinf     m_wm.l(sinf.o)
    0x080095a8   0x080095a8   0x0000003a   Code   RO         1711    i.__hardfp_sqrtf    m_wm.l(sqrtf.o)
    0x080095e2   0x080095e2   0x00000002   PAD
    0x080095e4   0x080095e4   0x0000017c   Code   RO         1723    i.__hardfp_tanf     m_wm.l(tanf.o)
    0x08009760   0x08009760   0x000000f8   Code   RO         2087    i.__kernel_poly     m_wm.l(poly.o)
    0x08009858   0x08009858   0x00000014   Code   RO         2050    i.__mathlib_dbl_infnan  m_wm.l(dunder.o)
    0x0800986c   0x0800986c   0x00000014   Code   RO         2051    i.__mathlib_dbl_infnan2  m_wm.l(dunder.o)
    0x08009880   0x08009880   0x00000020   Code   RO         2052    i.__mathlib_dbl_invalid  m_wm.l(dunder.o)
    0x080098a0   0x080098a0   0x00000020   Code   RO         2055    i.__mathlib_dbl_underflow  m_wm.l(dunder.o)
    0x080098c0   0x080098c0   0x00000006   Code   RO         2074    i.__mathlib_flt_infnan  m_wm.l(funder.o)
    0x080098c6   0x080098c6   0x00000002   PAD
    0x080098c8   0x080098c8   0x00000010   Code   RO         2076    i.__mathlib_flt_invalid  m_wm.l(funder.o)
    0x080098d8   0x080098d8   0x00000010   Code   RO         2079    i.__mathlib_flt_underflow  m_wm.l(funder.o)
    0x080098e8   0x080098e8   0x00000154   Code   RO         2090    i.__mathlib_rredf2  m_wm.l(rredf.o)
    0x08009a3c   0x08009a3c   0x0000000e   Code   RO         2153    i.__scatterload_copy  mc_w.l(handlers.o)
    0x08009a4a   0x08009a4a   0x00000002   Code   RO         2154    i.__scatterload_null  mc_w.l(handlers.o)
    0x08009a4c   0x08009a4c   0x0000000e   Code   RO         2155    i.__scatterload_zeroinit  mc_w.l(handlers.o)
    0x08009a5a   0x08009a5a   0x00000002   PAD
    0x08009a5c   0x08009a5c   0x0000000c   Code   RO         2133    i.__set_errno       mc_w.l(errno.o)
    0x08009a68   0x08009a68   0x00000184   Code   RO         1990    i._fp_digits        mc_w.l(printfa.o)
    0x08009bec   0x08009bec   0x000006b4   Code   RO         1991    i._printf_core      mc_w.l(printfa.o)
    0x0800a2a0   0x0800a2a0   0x00000024   Code   RO         1992    i._printf_post_padding  mc_w.l(printfa.o)
    0x0800a2c4   0x0800a2c4   0x0000002e   Code   RO         1993    i._printf_pre_padding  mc_w.l(printfa.o)
    0x0800a2f2   0x0800a2f2   0x0000000a   Code   RO         1995    i._sputc            mc_w.l(printfa.o)
    0x0800a2fc   0x0800a2fc   0x00000010   Code   RO         2037    i.atan              m_wm.l(atan.o)
    0x0800a30c   0x0800a30c   0x00000018   Code   RO         2065    i.fabs              m_wm.l(fabs.o)
    0x0800a324   0x0800a324   0x0000006e   Code   RO         2095    i.sqrt              m_wm.l(sqrt.o)
    0x0800a392   0x0800a392   0x0000003e   Code   RO         1713    i.sqrtf             m_wm.l(sqrtf.o)
    0x0800a3d0   0x0800a3d0   0x0000001b   Data   RO          527    .constdata          inv_mpu.o
    0x0800a3eb   0x0800a3eb   0x00000001   PAD
    0x0800a3ec   0x0800a3ec   0x0000000c   Data   RO          528    .constdata          inv_mpu.o
    0x0800a3f8   0x0800a3f8   0x00000028   Data   RO          529    .constdata          inv_mpu.o
    0x0800a420   0x0800a420   0x00000bf6   Data   RO          575    .constdata          inv_mpu_dmp_motion_driver.o
    0x0800b016   0x0800b016   0x000005f0   Data   RO          647    .constdata          oled_data.o
    0x0800b606   0x0800b606   0x0000023a   Data   RO          648    .constdata          oled_data.o
    0x0800b840   0x0800b840   0x00000181   Data   RO          649    .constdata          oled_data.o
    0x0800b9c1   0x0800b9c1   0x00000007   PAD
    0x0800b9c8   0x0800b9c8   0x00000050   Data   RO         1636    .constdata          m_wm.l(asin.o)
    0x0800ba18   0x0800ba18   0x00000098   Data   RO         2038    .constdata          m_wm.l(atan.o)
    0x0800bab0   0x0800bab0   0x00000008   Data   RO         2089    .constdata          m_wm.l(qnan.o)
    0x0800bab8   0x0800bab8   0x00000020   Data   RO         2091    .constdata          m_wm.l(rredf.o)
    0x0800bad8   0x0800bad8   0x00000047   Data   RO          339    .conststring        bsp.o
    0x0800bb1f   0x0800bb1f   0x00000001   PAD
    0x0800bb20   0x0800bb20   0x0000004d   Data   RO          530    .conststring        inv_mpu.o
    0x0800bb6d   0x0800bb6d   0x00000003   PAD
    0x0800bb70   0x0800bb70   0x00000020   Data   RO         2151    Region$$Table       anon$$obj.o


    Execution Region RW_IRAM1 (Exec base: 0x20000000, Load base: 0x0800bb90, Size: 0x00000af0, Max: 0x00020000, ABSOLUTE, COMPRESSED[0x0000008c])

    Exec Addr    Load Addr    Size         Type   Attr      Idx    E Section Name        Object

    0x20000000   COMPRESSED   0x00000001   Data   RW            5    .data               main.o
    0x20000001   COMPRESSED   0x00000003   PAD
    0x20000004   COMPRESSED   0x0000000c   Data   RW            6    .data               main.o
    0x20000010   COMPRESSED   0x00000004   Data   RW            7    .data               main.o
    0x20000014   COMPRESSED   0x00000004   Data   RW            8    .data               main.o
    0x20000018   COMPRESSED   0x00000004   Data   RW            9    .data               main.o
    0x2000001c   COMPRESSED   0x00000004   Data   RW           10    .data               main.o
    0x20000020   COMPRESSED   0x00000004   Data   RW           11    .data               main.o
    0x20000024   COMPRESSED   0x00000004   Data   RW           12    .data               main.o
    0x20000028   COMPRESSED   0x00000014   Data   RW          309    .data               system_stm32f4xx.o
    0x2000003c   COMPRESSED   0x00000002   Data   RW          340    .data               bsp.o
    0x2000003e   COMPRESSED   0x00000002   PAD
    0x20000040   COMPRESSED   0x00000140   Data   RW          365    .data               control_task.o
    0x20000180   COMPRESSED   0x00000038   Data   RW          398    .data               control.o
    0x200001b8   COMPRESSED   0x00000035   Data   RW          531    .data               inv_mpu.o
    0x200001ed   COMPRESSED   0x00000003   PAD
    0x200001f0   COMPRESSED   0x00000004   Data   RW          673    .data               delay.o
    0x200001f4   COMPRESSED   0x00000001   Data   RW          718    .data               usart.o
    0x200001f5   COMPRESSED   0x00000001   PAD
    0x200001f6   COMPRESSED   0x00000004   Data   RW          719    .data               usart.o
    0x200001fa   COMPRESSED   0x00000002   PAD
    0x200001fc   COMPRESSED   0x00000004   Data   RW          720    .data               usart.o
    0x20000200   COMPRESSED   0x00000010   Data   RW         1392    .data               stm32f4xx_rcc.o
    0x20000210   COMPRESSED   0x00000004   Data   RW         2134    .data               mc_w.l(errno.o)
    0x20000214        -       0x00000010   Zero   RW          574    .bss                inv_mpu_dmp_motion_driver.o
    0x20000224        -       0x00000400   Zero   RW          607    .bss                oled.o
    0x20000624        -       0x000000c8   Zero   RW          717    .bss                usart.o
    0x200006ec   COMPRESSED   0x00000004   PAD
    0x200006f0        -       0x00000400   Zero   RW          662    STACK               startup_stm32f40_41xxx.o


==============================================================================

Image component sizes


      Code (inc. data)   RO Data    RW Data    ZI Data      Debug   Object Name

      1044        360         71          2          0       2769   bsp.o
      2324        174          0         56          0       5646   control.o
      2992        292          0        320          0       5644   control_task.o
        96          6          0          4          0       1167   delay.o
      7568        200        156         53          0      27049   inv_mpu.o
      3108        136       3062          0         16      15847   inv_mpu_dmp_motion_driver.o
       184         80          0         37          0     284480   main.o
       188         14          0          0          0       2061   misc.o
       816         40          0          0          0       4451   mpu6050.o
       516         14          0          0          0       2024   myiic.o
       140          0          0          0          0        637   nvic.o
      4610         64          0          0       1024      17016   oled.o
         0          0       2475          0          0       1154   oled_data.o
        36          8        392          0       1024        828   startup_stm32f40_41xxx.o
       928         26          0          0          0      11458   stm32f4xx_adc.o
       224          8          0          0          0       2495   stm32f4xx_exti.o
       612         44          0          0          0       4817   stm32f4xx_gpio.o
        12          0          0          0          0     294355   stm32f4xx_it.o
      1248         52          0         16          0      13796   stm32f4xx_rcc.o
       120         16          0          0          0       1913   stm32f4xx_syscfg.o
      2754         60          0          0          0      25020   stm32f4xx_tim.o
      1012         32          0          0          0       8856   stm32f4xx_usart.o
       400         36          0         20          0       1947   system_stm32f4xx.o
       728         52          0          9        200       5609   usart.o

    ----------------------------------------------------------------------
     31664       1714       6200        528       2268     741039   Object Totals
         0          0         32          0          0          0   (incl. Generated)
         4          0         12         11          4          0   (incl. Padding)

    ----------------------------------------------------------------------

      Code (inc. data)   RO Data    RW Data    ZI Data      Debug   Library Member Name

       864         94         80          0          0        280   asin.o
       300         42          0          0          0        176   asinf.o
       744        106        152          0          0        352   atan.o
       512         64          0          0          0        208   atan2.o
       352         56          0          0          0        172   atanf.o
       336         56          0          0          0        136   cosf.o
       104         16          0          0          0        496   dunder.o
        24          0          0          0          0        124   fabs.o
        48          0          0          0          0        124   fpclassify.o
        38          0          0          0          0        116   fpclassifyf.o
        38         12          0          0          0        348   funder.o
       248          0          0          0          0        152   poly.o
         0          0          8          0          0          0   qnan.o
       224         30          0          0          0        172   round.o
       340         24         32          0          0        160   rredf.o
       400         56          0          0          0        212   sinf.o
       110          0          0          0          0        148   sqrt.o
       120          0          0          0          0        272   sqrtf.o
       380         58          0          0          0        200   tanf.o
        86          0          0          0          0          0   __dczerorl2.o
         0          0          0          0          0          0   entry.o
         0          0          0          0          0          0   entry10a.o
         0          0          0          0          0          0   entry11a.o
         4          0          0          0          0          0   entry12b.o
         8          4          0          0          0          0   entry2.o
         4          0          0          0          0          0   entry5.o
         0          0          0          0          0          0   entry7b.o
         0          0          0          0          0          0   entry8b.o
         8          4          0          0          0          0   entry9a.o
        12          6          0          4          0         68   errno.o
        30          0          0          0          0          0   handlers.o
        36          8          0          0          0         68   init.o
         0          0          0          0          0          0   iusefp.o
        98          0          0          0          0         84   ldiv.o
        30          0          0          0          0         68   llshl.o
        36          0          0          0          0         68   llsshr.o
        32          0          0          0          0         68   llushr.o
        26          0          0          0          0         80   memcmp.o
        36          0          0          0          0        108   memseta.o
      2264         96          0          0          0        612   printfa.o
        28          0          0          0          0         76   strcmp.o
        14          0          0          0          0         68   strlen.o
        44          0          0          0          0         80   uidiv.o
        98          0          0          0          0         92   uldiv.o
        48          0          0          0          0         68   cdcmple.o
        48          0          0          0          0         68   cdrcmple.o
        56          0          0          0          0         88   d2f.o
       334          0          0          0          0        148   dadd.o
       222          0          0          0          0        100   ddiv.o
       186          0          0          0          0        176   depilogue.o
        62          0          0          0          0         80   dfixi.o
        50          0          0          0          0         76   dfixui.o
        48          0          0          0          0         68   dfixul.o
        34          0          0          0          0         76   dflti.o
        26          0          0          0          0         76   dfltui.o
       228          0          0          0          0         96   dmul.o
       136          4          0          0          0         92   drnd.o
       162          0          0          0          0        100   dsqrt.o
        38          0          0          0          0         68   f2d.o
       110          0          0          0          0        168   fepilogue.o

    ----------------------------------------------------------------------
      9880        740        272          4          0       6936   Library Totals
        16          4          0          0          0          0   (incl. Padding)

    ----------------------------------------------------------------------

      Code (inc. data)   RO Data    RW Data    ZI Data      Debug   Library Name

      5182        614        272          0          0       3848   m_wm.l
      2894        118          0          4          0       1540   mc_w.l
      1788          4          0          0          0       1548   mf_w.l

    ----------------------------------------------------------------------
      9880        740        272          4          0       6936   Library Totals

    ----------------------------------------------------------------------

==============================================================================


      Code (inc. data)   RO Data    RW Data    ZI Data      Debug   

     41544       2454       6472        532       2268     738595   Grand Totals
     41544       2454       6472        140       2268     738595   ELF Image Totals (compressed)
     41544       2454       6472        140          0          0   ROM Totals

==============================================================================

    Total RO  Size (Code + RO Data)                48016 (  46.89kB)
    Total RW  Size (RW Data + ZI Data)              2800 (   2.73kB)
    Total ROM Size (Code + RO Data + RW Data)      48156 (  47.03kB)

==============================================================================

