Component: ARM Compiler 5.06 update 7 (build 960) Tool: armlink [4d3601]

==============================================================================

Section Cross References

    main.o(.text) refers to usart.o(.text) for usart1_init
    main.o(.text) refers to printfa.o(i.__0printf) for __2printf
    main.o(.text) refers to bsp.o(.text) for BSP_Init
    system_stm32f4xx.o(.text) refers to system_stm32f4xx.o(.data) for .data
    oled.o(.text) refers to stm32f4xx_rcc.o(.text) for RCC_AHB1PeriphClockCmd
    oled.o(.text) refers to stm32f4xx_gpio.o(.text) for GPIO_Init
    oled.o(.text) refers to printfa.o(i.__0vsprintf) for vsprintf
    oled.o(.text) refers to oled.o(.constdata) for .constdata
    bsp.o(.text) refers to delay.o(.text) for delay_init
    bsp.o(.text) refers to printfa.o(i.__0printf) for __2printf
    bsp.o(.text) refers to misc.o(.text) for NVIC_PriorityGroupConfig
    bsp.o(.text) refers to control.o(.text) for Motor_PWM_TIM8_Init
    bsp.o(.text) refers to mpu6050.o(.text) for MPU_Init
    bsp.o(.text) refers to inv_mpu.o(.text) for mpu_dmp_init
    bsp.o(.text) refers to stm32f4xx_gpio.o(.text) for GPIO_Init
    bsp.o(.text) refers to stm32f4xx_rcc.o(.text) for RCC_AHB1PeriphClockCmd
    bsp.o(.text) refers to stm32f4xx_syscfg.o(.text) for SYSCFG_EXTILineConfig
    bsp.o(.text) refers to stm32f4xx_exti.o(.text) for EXTI_Init
    bsp.o(.text) refers to stm32f4xx_adc.o(.text) for ADC_Init
    bsp.o(.text) refers to dfltui.o(.text) for __aeabi_ui2d
    bsp.o(.text) refers to ddiv.o(.text) for __aeabi_ddiv
    bsp.o(.text) refers to dmul.o(.text) for __aeabi_dmul
    bsp.o(.text) refers to dfixui.o(.text) for __aeabi_d2uiz
    bsp.o(.text) refers to bsp.o(.data) for .data
    control_task.o(.text) refers to stm32f4xx_exti.o(.text) for EXTI_GetITStatus
    control_task.o(.text) refers to inv_mpu.o(.text) for mpu_dmp_get_data
    control_task.o(.text) refers to control_task.o(.data) for .data
    control.o(.text) refers to f2d.o(.text) for __aeabi_f2d
    control.o(.text) refers to printfa.o(i.__0printf) for __2printf
    control.o(.text) refers to stm32f4xx_rcc.o(.text) for RCC_APB2PeriphClockCmd
    control.o(.text) refers to bsp.o(.text) for GPIO_Config
    control.o(.text) refers to stm32f4xx_gpio.o(.text) for GPIO_PinAFConfig
    control.o(.text) refers to stm32f4xx_tim.o(.text) for TIM_TimeBaseInit
    control.o(.text) refers to control.o(.data) for .data
    mpu6050.o(.text) refers to mpuiic.o(.text) for MPU_IIC_Start
    mpu6050.o(.text) refers to delay.o(.text) for delay_ms
    mpu6050.o(.text) refers to dflti.o(.text) for __aeabi_i2d
    mpu6050.o(.text) refers to ddiv.o(.text) for __aeabi_ddiv
    mpu6050.o(.text) refers to dadd.o(.text) for __aeabi_dadd
    mpu6050.o(.text) refers to d2f.o(.text) for __aeabi_d2f
    mpuiic.o(.text) refers to delay.o(.text) for delay_us
    mpuiic.o(.text) refers to stm32f4xx_rcc.o(.text) for RCC_AHB1PeriphClockCmd
    mpuiic.o(.text) refers to stm32f4xx_gpio.o(.text) for GPIO_Init
    inv_mpu.o(.text) refers to mpu6050.o(.text) for MPU_Write_Len
    inv_mpu.o(.text) refers to printfa.o(i.__0printf) for __2printf
    inv_mpu.o(.text) refers to delay.o(.text) for delay_ms
    inv_mpu.o(.text) refers to inv_mpu.o(.data) for .data
    inv_mpu.o(.text) refers to inv_mpu.o(.conststring) for .conststring
    inv_mpu.o(.text) refers to ldiv.o(.text) for __aeabi_ldivmod
    inv_mpu.o(.text) refers to memcmp.o(.text) for memcmp
    inv_mpu.o(.text) refers to inv_mpu_dmp_motion_driver.o(.text) for dmp_set_gyro_bias
    inv_mpu.o(.text) refers to mpuiic.o(.text) for MPU_IIC_Init
    inv_mpu.o(.text) refers to f2d.o(.text) for __aeabi_f2d
    inv_mpu.o(.text) refers to asin.o(i.__hardfp_asin) for __hardfp_asin
    inv_mpu.o(.text) refers to dmul.o(.text) for __aeabi_dmul
    inv_mpu.o(.text) refers to d2f.o(.text) for __aeabi_d2f
    inv_mpu.o(.text) refers to atan2.o(i.__hardfp_atan2) for __hardfp_atan2
    inv_mpu.o(.data) refers to inv_mpu.o(.constdata) for reg
    inv_mpu.o(.data) refers to inv_mpu.o(.constdata) for hw
    inv_mpu.o(.data) refers to inv_mpu.o(.constdata) for test
    inv_mpu_dmp_motion_driver.o(.text) refers to inv_mpu.o(.text) for mpu_load_firmware
    inv_mpu_dmp_motion_driver.o(.text) refers to inv_mpu_dmp_motion_driver.o(.constdata) for .constdata
    inv_mpu_dmp_motion_driver.o(.text) refers to inv_mpu_dmp_motion_driver.o(.bss) for .bss
    inv_mpu_dmp_motion_driver.o(.text) refers to memseta.o(.text) for __aeabi_memset
    startup_stm32f40_41xxx.o(RESET) refers to startup_stm32f40_41xxx.o(STACK) for __initial_sp
    startup_stm32f40_41xxx.o(RESET) refers to startup_stm32f40_41xxx.o(.text) for Reset_Handler
    startup_stm32f40_41xxx.o(RESET) refers to stm32f4xx_it.o(.text) for NMI_Handler
    startup_stm32f40_41xxx.o(RESET) refers to bsp.o(.text) for ADC_IRQHandler
    startup_stm32f40_41xxx.o(RESET) refers to control_task.o(.text) for EXTI9_5_IRQHandler
[...]
    ..\\STM32F4xx_FWLib\\src\\stm32f4xx_hash.c 0x00000000   Number         0  stm32f4xx_hash.o ABSOLUTE
    ..\\STM32F4xx_FWLib\\src\\stm32f4xx_hash_md5.c 0x00000000   Number         0  stm32f4xx_hash_md5.o ABSOLUTE
    ..\\STM32F4xx_FWLib\\src\\stm32f4xx_hash_sha1.c 0x00000000   Number         0  stm32f4xx_hash_sha1.o ABSOLUTE
    ..\\STM32F4xx_FWLib\\src\\stm32f4xx_i2c.c 0x00000000   Number         0  stm32f4xx_i2c.o ABSOLUTE
    ..\\STM32F4xx_FWLib\\src\\stm32f4xx_iwdg.c 0x00000000   Number         0  stm32f4xx_iwdg.o ABSOLUTE
    ..\\STM32F4xx_FWLib\\src\\stm32f4xx_ltdc.c 0x00000000   Number         0  stm32f4xx_ltdc.o ABSOLUTE
    ..\\STM32F4xx_FWLib\\src\\stm32f4xx_pwr.c 0x00000000   Number         0  stm32f4xx_pwr.o ABSOLUTE
    ..\\STM32F4xx_FWLib\\src\\stm32f4xx_rcc.c 0x00000000   Number         0  stm32f4xx_rcc.o ABSOLUTE
    ..\\STM32F4xx_FWLib\\src\\stm32f4xx_rng.c 0x00000000   Number         0  stm32f4xx_rng.o ABSOLUTE
    ..\\STM32F4xx_FWLib\\src\\stm32f4xx_rtc.c 0x00000000   Number         0  stm32f4xx_rtc.o ABSOLUTE
    ..\\STM32F4xx_FWLib\\src\\stm32f4xx_sai.c 0x00000000   Number         0  stm32f4xx_sai.o ABSOLUTE
    ..\\STM32F4xx_FWLib\\src\\stm32f4xx_sdio.c 0x00000000   Number         0  stm32f4xx_sdio.o ABSOLUTE
    ..\\STM32F4xx_FWLib\\src\\stm32f4xx_spi.c 0x00000000   Number         0  stm32f4xx_spi.o ABSOLUTE
    ..\\STM32F4xx_FWLib\\src\\stm32f4xx_syscfg.c 0x00000000   Number         0  stm32f4xx_syscfg.o ABSOLUTE
    ..\\STM32F4xx_FWLib\\src\\stm32f4xx_tim.c 0x00000000   Number         0  stm32f4xx_tim.o ABSOLUTE
    ..\\STM32F4xx_FWLib\\src\\stm32f4xx_usart.c 0x00000000   Number         0  stm32f4xx_usart.o ABSOLUTE
    ..\\STM32F4xx_FWLib\\src\\stm32f4xx_wwdg.c 0x00000000   Number         0  stm32f4xx_wwdg.o ABSOLUTE
    ..\\SYSTEM\\delay\\delay.c               0x00000000   Number         0  delay.o ABSOLUTE
    ..\\SYSTEM\\shell\\shell.c               0x00000000   Number         0  shell.o ABSOLUTE
    ..\\SYSTEM\\sys\\sys.c                   0x00000000   Number         0  sys.o ABSOLUTE
    ..\\SYSTEM\\usart\\usart.c               0x00000000   Number         0  usart.o ABSOLUTE
    ..\\USER\\main.c                         0x00000000   Number         0  main.o ABSOLUTE
    ..\\USER\\stm32f4xx_it.c                 0x00000000   Number         0  stm32f4xx_it.o ABSOLUTE
    ..\\USER\\system_stm32f4xx.c             0x00000000   Number         0  system_stm32f4xx.o ABSOLUTE
    cdcmple.s                                0x00000000   Number         0  cdcmple.o ABSOLUTE
    cdrcmple.s                               0x00000000   Number         0  cdrcmple.o ABSOLUTE
    dc.s                                     0x00000000   Number         0  dc.o ABSOLUTE
    handlers.s                               0x00000000   Number         0  handlers.o ABSOLUTE
    init.s                                   0x00000000   Number         0  init.o ABSOLUTE
    RESET                                    0x08000000   Section      392  startup_stm32f40_41xxx.o(RESET)
    .ARM.Collect$$$$00000000                 0x08000188   Section        0  entry.o(.ARM.Collect$$$$00000000)
    .ARM.Collect$$$$00000001                 0x08000188   Section        4  entry2.o(.ARM.Collect$$$$00000001)
    .ARM.Collect$$$$00000004                 0x0800018c   Section        4  entry5.o(.ARM.Collect$$$$00000004)
    .ARM.Collect$$$$00000008                 0x08000190   Section        0  entry7b.o(.ARM.Collect$$$$00000008)
    .ARM.Collect$$$$0000000A                 0x08000190   Section        0  entry8b.o(.ARM.Collect$$$$0000000A)
    .ARM.Collect$$$$0000000B                 0x08000190   Section        8  entry9a.o(.ARM.Collect$$$$0000000B)
    .ARM.Collect$$$$0000000E                 0x08000198   Section        4  entry12b.o(.ARM.Collect$$$$0000000E)
    .ARM.Collect$$$$0000000F                 0x0800019c   Section        0  entry10a.o(.ARM.Collect$$$$0000000F)
    .ARM.Collect$$$$00000011                 0x0800019c   Section        0  entry11a.o(.ARM.Collect$$$$00000011)
    .ARM.Collect$$$$00002712                 0x0800019c   Section        4  entry2.o(.ARM.Collect$$$$00002712)
    __lit__00000000                          0x0800019c   Data           4  entry2.o(.ARM.Collect$$$$00002712)
    .text                                    0x080001a0   Section        0  main.o(.text)
    .text                                    0x08000214   Section        0  stm32f4xx_it.o(.text)
    .text                                    0x08000220   Section        0  system_stm32f4xx.o(.text)
    SetSysClock                              0x08000221   Thumb Code   168  system_stm32f4xx.o(.text)
    .text                                    0x080003b0   Section        0  bsp.o(.text)
    .text                                    0x080006b0   Section        0  control_task.o(.text)
    .text                                    0x080006d8   Section        0  control.o(.text)
    .text                                    0x080008c8   Section        0  mpu6050.o(.text)
    .text                                    0x08000bdc   Section        0  mpuiic.o(.text)
    .text                                    0x08000dc0   Section        0  inv_mpu.o(.text)
    set_int_enable                           0x08000dc1   Thumb Code   112  inv_mpu.o(.text)
    get_accel_prod_shift                     0x08001da1   Thumb Code   166  inv_mpu.o(.text)
    accel_self_test                          0x08001e47   Thumb Code   162  inv_mpu.o(.text)
    gyro_self_test                           0x08001ee9   Thumb Code   196  inv_mpu.o(.text)
    get_st_biases                            0x08001fad   Thumb Code  1006  inv_mpu.o(.text)
    .text                                    0x08002b4c   Section        0  inv_mpu_dmp_motion_driver.o(.text)
    decode_gesture                           0x0800353b   Thumb Code    56  inv_mpu_dmp_motion_driver.o(.text)
    .text                                    0x08003770   Section       36  startup_stm32f40_41xxx.o(.text)
    $v0                                      0x08003770   Number         0  startup_stm32f40_41xxx.o(.text)
    .text                                    0x08003794   Section        0  misc.o(.text)
    .text                                    0x08003850   Section        0  stm32f4xx_adc.o(.text)
    .text                                    0x08003bf0   Section        0  stm32f4xx_exti.o(.text)
    .text                                    0x08003cd0   Section        0  stm32f4xx_gpio.o(.text)
    .text                                    0x08003f34   Section        0  stm32f4xx_rcc.o(.text)
    .text                                    0x08004414   Section        0  stm32f4xx_syscfg.o(.text)
    .text                                    0x0800448c   Section        0  stm32f4xx_tim.o(.text)
    TI4_Config                               0x08004b39   Thumb Code    54  stm32f4xx_tim.o(.text)
    TI3_Config                               0x08004b7f   Thumb Code    50  stm32f4xx_tim.o(.text)
    TI2_Config                               0x08004bc9   Thumb Code    54  stm32f4xx_tim.o(.text)
    TI1_Config                               0x08004c0f   Thumb Code    46  stm32f4xx_tim.o(.text)
    .text                                    0x08004f50   Section        0  stm32f4xx_usart.o(.text)
    .text                                    0x08005344   Section        0  delay.o(.text)
    .text                                    0x080053a4   Section        0  usart.o(.text)
    .text                                    0x080054f4   Section        0  ldiv.o(.text)
    .text                                    0x08005556   Section        0  memseta.o(.text)
    .text                                    0x0800557a   Section        0  memcmp.o(.text)
    .text                                    0x08005594   Section        0  dadd.o(.text)
    .text                                    0x080056e2   Section        0  dmul.o(.text)
    .text                                    0x080057c6   Section        0  ddiv.o(.text)
    .text                                    0x080058a4   Section        0  dflti.o(.text)
    .text                                    0x080058c6   Section        0  dfltui.o(.text)
    .text                                    0x080058e0   Section        0  dfixui.o(.text)
    .text                                    0x08005912   Section        0  f2d.o(.text)
    .text                                    0x08005938   Section        0  d2f.o(.text)
    .text                                    0x08005970   Section        0  uidiv.o(.text)
    .text                                    0x0800599c   Section        0  uldiv.o(.text)
    .text                                    0x080059fe   Section        0  llshl.o(.text)
    .text                                    0x08005a1c   Section        0  llushr.o(.text)
    .text                                    0x08005a3c   Section        0  llsshr.o(.text)
    .text                                    0x08005a60   Section        0  fepilogue.o(.text)
    .text                                    0x08005a60   Section        0  iusefp.o(.text)
    .text                                    0x08005ace   Section        0  depilogue.o(.text)
    .text                                    0x08005b88   Section        0  dfixul.o(.text)
    .text                                    0x08005bb8   Section       48  cdcmple.o(.text)
    .text                                    0x08005be8   Section       48  cdrcmple.o(.text)
    .text                                    0x08005c18   Section       36  init.o(.text)
    .text                                    0x08005c3c   Section        0  dsqrt.o(.text)
    i.__0printf                              0x08005ce0   Section        0  printfa.o(i.__0printf)
    i.__ARM_fpclassify                       0x08005d00   Section        0  fpclassify.o(i.__ARM_fpclassify)
    i.__hardfp_asin                          0x08005d30   Section        0  asin.o(i.__hardfp_asin)
    i.__hardfp_atan                          0x08006090   Section        0  atan.o(i.__hardfp_atan)
    i.__hardfp_atan2                         0x08006368   Section        0  atan2.o(i.__hardfp_atan2)
    i.__kernel_poly                          0x08006568   Section        0  poly.o(i.__kernel_poly)
    i.__mathlib_dbl_infnan                   0x08006660   Section        0  dunder.o(i.__mathlib_dbl_infnan)
    i.__mathlib_dbl_infnan2                  0x08006674   Section        0  dunder.o(i.__mathlib_dbl_infnan2)
    i.__mathlib_dbl_invalid                  0x08006688   Section        0  dunder.o(i.__mathlib_dbl_invalid)
    i.__mathlib_dbl_underflow                0x080066a8   Section        0  dunder.o(i.__mathlib_dbl_underflow)
    i.__scatterload_copy                     0x080066c8   Section       14  handlers.o(i.__scatterload_copy)
    i.__scatterload_null                     0x080066d6   Section        2  handlers.o(i.__scatterload_null)
    i.__scatterload_zeroinit                 0x080066d8   Section       14  handlers.o(i.__scatterload_zeroinit)
    i.__set_errno                            0x080066e8   Section        0  errno.o(i.__set_errno)
    i._fp_digits                             0x080066f4   Section        0  printfa.o(i._fp_digits)
    _fp_digits                               0x080066f5   Thumb Code   366  printfa.o(i._fp_digits)
    i._printf_core                           0x08006878   Section        0  printfa.o(i._printf_core)
    _printf_core                             0x08006879   Thumb Code  1704  printfa.o(i._printf_core)
    i._printf_post_padding                   0x08006f2c   Section        0  printfa.o(i._printf_post_padding)
    _printf_post_padding                     0x08006f2d   Thumb Code    36  printfa.o(i._printf_post_padding)
    i._printf_pre_padding                    0x08006f50   Section        0  printfa.o(i._printf_pre_padding)
    _printf_pre_padding                      0x08006f51   Thumb Code    46  printfa.o(i._printf_pre_padding)
    i.atan                                   0x08006f7e   Section        0  atan.o(i.atan)
    i.fabs                                   0x08006f8e   Section        0  fabs.o(i.fabs)
    i.sqrt                                   0x08006fa6   Section        0  sqrt.o(i.sqrt)
    .constdata                               0x08007014   Section       27  inv_mpu.o(.constdata)
    .constdata                               0x08007030   Section       12  inv_mpu.o(.constdata)
    .constdata                               0x0800703c   Section       40  inv_mpu.o(.constdata)
    .constdata                               0x08007064   Section     3062  inv_mpu_dmp_motion_driver.o(.constdata)
    dmp_memory                               0x08007064   Data        3062  inv_mpu_dmp_motion_driver.o(.constdata)
    .constdata                               0x08007c60   Section       80  asin.o(.constdata)
    pS                                       0x08007c60   Data          48  asin.o(.constdata)
    qS                                       0x08007c90   Data          32  asin.o(.constdata)
    .constdata                               0x08007cb0   Section      152  atan.o(.constdata)
    atanhi                                   0x08007cb0   Data          32  atan.o(.constdata)
    atanlo                                   0x08007cd0   Data          32  atan.o(.constdata)
    aTodd                                    0x08007cf0   Data          40  atan.o(.constdata)
    aTeven                                   0x08007d18   Data          48  atan.o(.constdata)
    .constdata                               0x08007d48   Section        8  qnan.o(.constdata)
    .conststring                             0x08007d50   Section       77  inv_mpu.o(.conststring)
    .data                                    0x20000000   Section       20  system_stm32f4xx.o(.data)
    .data                                    0x20000014   Section        2  bsp.o(.data)
    adcValue                                 0x20000014   Data           2  bsp.o(.data)
    .data                                    0x20000018   Section       12  control_task.o(.data)
    pitch                                    0x20000018   Data           4  control_task.o(.data)
    roll                                     0x2000001c   Data           4  control_task.o(.data)
    yaw                                      0x20000020   Data           4  control_task.o(.data)
    .data                                    0x20000024   Section       40  control.o(.data)
    Kp                                       0x20000024   Data           4  control.o(.data)
    Ki                                       0x20000028   Data           4  control.o(.data)
    Kd                                       0x2000002c   Data           4  control.o(.data)
    error                                    0x20000030   Data           4  control.o(.data)
    lastError                                0x20000034   Data           4  control.o(.data)
    integral                                 0x20000038   Data           4  control.o(.data)
    derivative                               0x2000003c   Data           4  control.o(.data)
    integralMin                              0x20000040   Data           4  control.o(.data)
    integralMax                              0x20000044   Data           4  control.o(.data)
    output                                   0x20000048   Data           4  control.o(.data)
    .data                                    0x2000004c   Section       53  inv_mpu.o(.data)
    st                                       0x2000004c   Data          44  inv_mpu.o(.data)
    gyro_orientation                         0x20000078   Data           9  inv_mpu.o(.data)
    .data                                    0x20000081   Section       16  stm32f4xx_rcc.o(.data)
    APBAHBPrescTable                         0x20000081   Data          16  stm32f4xx_rcc.o(.data)
    .data                                    0x20000094   Section        4  delay.o(.data)
    g_fac_us                                 0x20000094   Data           4  delay.o(.data)
    .data                                    0x20000098   Section        2  usart.o(.data)
    .data                                    0x2000009c   Section        4  usart.o(.data)
    .data                                    0x200000a0   Section        4  errno.o(.data)
    _errno                                   0x200000a0   Data           4  errno.o(.data)
    .bss                                     0x200000a4   Section       16  inv_mpu_dmp_motion_driver.o(.bss)
    dmp                                      0x200000a4   Data          16  inv_mpu_dmp_motion_driver.o(.bss)
    .bss                                     0x200000b4   Section      200  usart.o(.bss)
    STACK                                    0x20000180   Section     1024  startup_stm32f40_41xxx.o(STACK)

    Global Symbols

    Symbol Name                              Value     Ov Type        Size  Object(Section)

    BuildAttributes$$THM_ISAv4$E$P$D$K$B$S$7EM$VFPi3$EXTD16$VFPS$VFMA$PE$A:L22UL41UL21$X:L11$S22US41US21$IEEE1$IW$USESV6$~STKCKD$USESV7$~SHL$OTIME$ROPI$IEEEX$EBA8$MICROLIB$REQ8$PRES8$EABIv2 0x00000000   Number         0  anon$$obj.o ABSOLUTE
    __ARM_use_no_argv                        0x00000000   Number         0  main.o ABSOLUTE
    __use_no_errno                           0x00000000   Number         0  useno.o ABSOLUTE
    __use_no_exception_handling              0x00000000   Number         0  useno.o ABSOLUTE
    __use_no_fp                              0x00000000   Number         0  useno.o ABSOLUTE
    __use_no_heap                            0x00000000   Number         0  useno.o ABSOLUTE
    __use_no_heap_region                     0x00000000   Number         0  useno.o ABSOLUTE
    __use_no_semihosting                     0x00000000   Number         0  useno.o ABSOLUTE
    __use_no_semihosting_swi                 0x00000000   Number         0  useno.o ABSOLUTE
    __use_no_signal_handling                 0x00000000   Number         0  useno.o ABSOLUTE
    _printf_a                                0x00000000   Number         0  stubs.o ABSOLUTE
    _printf_c                                0x00000000   Number         0  stubs.o ABSOLUTE
    _printf_charcount                        0x00000000   Number         0  stubs.o ABSOLUTE
    _printf_d                                0x00000000   Number         0  stubs.o ABSOLUTE
    _printf_e                                0x00000000   Number         0  stubs.o ABSOLUTE
    _printf_f                                0x00000000   Number         0  stubs.o ABSOLUTE
    _printf_flags                            0x00000000   Number         0  stubs.o ABSOLUTE
    _printf_fp_dec                           0x00000000   Number         0  stubs.o ABSOLUTE
    _printf_fp_hex                           0x00000000   Number         0  stubs.o ABSOLUTE
    _printf_g                                0x00000000   Number         0  stubs.o ABSOLUTE
    _printf_i                                0x00000000   Number         0  stubs.o ABSOLUTE
    _printf_int_dec                          0x00000000   Number         0  stubs.o ABSOLUTE
    _printf_l                                0x00000000   Number         0  stubs.o ABSOLUTE
    _printf_lc                               0x00000000   Number         0  stubs.o ABSOLUTE
    _printf_ll                               0x00000000   Number         0  stubs.o ABSOLUTE
    _printf_lld                              0x00000000   Number         0  stubs.o ABSOLUTE
    _printf_lli                              0x00000000   Number         0  stubs.o ABSOLUTE
    _printf_llo                              0x00000000   Number         0  stubs.o ABSOLUTE
    _printf_llu                              0x00000000   Number         0  stubs.o ABSOLUTE
    _printf_llx                              0x00000000   Number         0  stubs.o ABSOLUTE
    _printf_longlong_dec                     0x00000000   Number         0  stubs.o ABSOLUTE
    _printf_longlong_hex                     0x00000000   Number         0  stubs.o ABSOLUTE
    _printf_longlong_oct                     0x00000000   Number         0  stubs.o ABSOLUTE
    _printf_ls                               0x00000000   Number         0  stubs.o ABSOLUTE
    _printf_mbtowc                           0x00000000   Number         0  stubs.o ABSOLUTE
    _printf_n                                0x00000000   Number         0  stubs.o ABSOLUTE
    _printf_o                                0x00000000   Number         0  stubs.o ABSOLUTE
    _printf_p                                0x00000000   Number         0  stubs.o ABSOLUTE
    _printf_percent                          0x00000000   Number         0  stubs.o ABSOLUTE
    _printf_pre_padding                      0x00000000   Number         0  stubs.o ABSOLUTE
    _printf_return_value                     0x00000000   Number         0  stubs.o ABSOLUTE
    _printf_s                                0x00000000   Number         0  stubs.o ABSOLUTE
    _printf_sizespec                         0x00000000   Number         0  stubs.o ABSOLUTE
    _printf_str                              0x00000000   Number         0  stubs.o ABSOLUTE
    _printf_truncate_signed                  0x00000000   Number         0  stubs.o ABSOLUTE
    _printf_truncate_unsigned                0x00000000   Number         0  stubs.o ABSOLUTE
    _printf_u                                0x00000000   Number         0  stubs.o ABSOLUTE
    _printf_wc                               0x00000000   Number         0  stubs.o ABSOLUTE
    _printf_wctomb                           0x00000000   Number         0  stubs.o ABSOLUTE
    _printf_widthprec                        0x00000000   Number         0  stubs.o ABSOLUTE
    _printf_x                                0x00000000   Number         0  stubs.o ABSOLUTE
    __arm_fini_                               - Undefined Weak Reference
    __cpp_initialize__aeabi_                  - Undefined Weak Reference
    __cxa_finalize                            - Undefined Weak Reference
    __decompress                              - Undefined Weak Reference
    _clock_init                               - Undefined Weak Reference
    _microlib_exit                            - Undefined Weak Reference
    __Vectors_Size                           0x00000188   Number         0  startup_stm32f40_41xxx.o ABSOLUTE
    __Vectors                                0x08000000   Data           4  startup_stm32f40_41xxx.o(RESET)
    __Vectors_End                            0x08000188   Data           0  startup_stm32f40_41xxx.o(RESET)
    __main                                   0x08000189   Thumb Code     0  entry.o(.ARM.Collect$$$$00000000)
    _main_stk                                0x08000189   Thumb Code     0  entry2.o(.ARM.Collect$$$$00000001)
    _main_scatterload                        0x0800018d   Thumb Code     0  entry5.o(.ARM.Collect$$$$00000004)
    __main_after_scatterload                 0x08000191   Thumb Code     0  entry5.o(.ARM.Collect$$$$00000004)
    _main_clock                              0x08000191   Thumb Code     0  entry7b.o(.ARM.Collect$$$$00000008)
    _main_cpp_init                           0x08000191   Thumb Code     0  entry8b.o(.ARM.Collect$$$$0000000A)
    _main_init                               0x08000191   Thumb Code     0  entry9a.o(.ARM.Collect$$$$0000000B)
    __rt_lib_shutdown_fini                   0x08000199   Thumb Code     0  entry12b.o(.ARM.Collect$$$$0000000E)
    __rt_final_cpp                           0x0800019d   Thumb Code     0  entry10a.o(.ARM.Collect$$$$0000000F)
    __rt_final_exit                          0x0800019d   Thumb Code     0  entry11a.o(.ARM.Collect$$$$00000011)
    main                                     0x080001a1   Thumb Code    36  main.o(.text)
    NMI_Handler                              0x08000215   Thumb Code     2  stm32f4xx_it.o(.text)
    HardFault_Handler                        0x08000217   Thumb Code     2  stm32f4xx_it.o(.text)
    MemManage_Handler                        0x08000219   Thumb Code     2  stm32f4xx_it.o(.text)
    BusFault_Handler                         0x0800021b   Thumb Code     2  stm32f4xx_it.o(.text)
    UsageFault_Handler                       0x0800021d   Thumb Code     2  stm32f4xx_it.o(.text)
    DebugMon_Handler                         0x0800021f   Thumb Code     2  stm32f4xx_it.o(.text)
    SystemInit                               0x080002c9   Thumb Code    74  system_stm32f4xx.o(.text)
    SystemCoreClockUpdate                    0x08000313   Thumb Code   122  system_stm32f4xx.o(.text)
    LED_Init                                 0x080003b1   Thumb Code    42  bsp.o(.text)
    BSP_Init                                 0x080003db   Thumb Code    96  bsp.o(.text)
    GPIO_Config                              0x0800043b   Thumb Code    32  bsp.o(.text)
    EXIT_Init                                0x0800045b   Thumb Code    94  bsp.o(.text)
    ADC_Config                               0x080004b9   Thumb Code   156  bsp.o(.text)
    ADCvalue_convert                         0x08000555   Thumb Code    38  bsp.o(.text)
    ADC_IRQHandler                           0x0800057b   Thumb Code    64  bsp.o(.text)
    EXTI9_5_IRQHandler                       0x080006b1   Thumb Code    34  control_task.o(.text)
    Task_When_flag_is_0                      0x080006d3   Thumb Code     2  control_task.o(.text)
    pidControl                               0x080006d9   Thumb Code   138  control.o(.text)
    Motor_PWM_TIM8_Init                      0x08000763   Thumb Code   244  control.o(.text)
    MPU_Write_Byte                           0x080008c9   Thumb Code    68  mpu6050.o(.text)
    MPU_Set_LPF                              0x0800090d   Thumb Code    46  mpu6050.o(.text)
    MPU_Set_Rate                             0x0800093b   Thumb Code    42  mpu6050.o(.text)
    MPU_Read_Byte                            0x08000965   Thumb Code    58  mpu6050.o(.text)
    MPU_Set_Accel_Fsr                        0x0800099f   Thumb Code     8  mpu6050.o(.text)
    MPU_Set_Gyro_Fsr                         0x080009a7   Thumb Code     8  mpu6050.o(.text)
    MPU_Init                                 0x080009af   Thumb Code   118  mpu6050.o(.text)
    MPU_Read_Len                             0x08000a25   Thumb Code   112  mpu6050.o(.text)
    MPU_Get_Temperature                      0x08000a95   Thumb Code    84  mpu6050.o(.text)
    MPU_Get_Gyroscope                        0x08000ae9   Thumb Code    68  mpu6050.o(.text)
    MPU_Get_Accelerometer                    0x08000b2d   Thumb Code    68  mpu6050.o(.text)
    MPU_Write_Len                            0x08000b71   Thumb Code    88  mpu6050.o(.text)
    MPU_IIC_Delay                            0x08000bdd   Thumb Code     6  mpuiic.o(.text)
    MPU_IIC_Init                             0x08000be3   Thumb Code    42  mpuiic.o(.text)
    MPU_IIC_Start                            0x08000c0d   Thumb Code    44  mpuiic.o(.text)
    MPU_IIC_Stop                             0x08000c39   Thumb Code    44  mpuiic.o(.text)
    MPU_IIC_Wait_Ack                         0x08000c65   Thumb Code    74  mpuiic.o(.text)
    MPU_IIC_Ack                              0x08000caf   Thumb Code    44  mpuiic.o(.text)
    MPU_IIC_NAck                             0x08000cdb   Thumb Code    44  mpuiic.o(.text)
    MPU_IIC_Send_Byte                        0x08000d07   Thumb Code    76  mpuiic.o(.text)
    MPU_IIC_Read_Byte                        0x08000d53   Thumb Code    96  mpuiic.o(.text)
    mpu_reg_dump                             0x08000e31   Thumb Code    70  inv_mpu.o(.text)
    mpu_read_reg                             0x08000e77   Thumb Code    56  inv_mpu.o(.text)
    mpu_set_int_latched                      0x08000eaf   Thumb Code    92  inv_mpu.o(.text)
    mpu_set_sensors                          0x08000f0b   Thumb Code   172  inv_mpu.o(.text)
    mpu_set_bypass                           0x08000fb7   Thumb Code   276  inv_mpu.o(.text)
    mpu_reset_fifo                           0x080010cb   Thumb Code   378  inv_mpu.o(.text)
    mpu_configure_fifo                       0x08001245   Thumb Code    92  inv_mpu.o(.text)
    mpu_set_lpf                              0x080012a1   Thumb Code   120  inv_mpu.o(.text)
    mpu_lp_accel_mode                        0x08001319   Thumb Code   206  inv_mpu.o(.text)
    mpu_set_sample_rate                      0x080013e7   Thumb Code   128  inv_mpu.o(.text)
    mpu_set_accel_fsr                        0x08001467   Thumb Code   112  inv_mpu.o(.text)
    mpu_set_gyro_fsr                         0x080014d7   Thumb Code   118  inv_mpu.o(.text)
    mpu_init                                 0x0800154d   Thumb Code   396  inv_mpu.o(.text)
    mget_ms                                  0x080016d9   Thumb Code     2  inv_mpu.o(.text)
    mpu_get_gyro_reg                         0x080016db   Thumb Code   100  inv_mpu.o(.text)
    mpu_get_accel_reg                        0x0800173f   Thumb Code    98  inv_mpu.o(.text)
    mpu_get_temperature                      0x080017a1   Thumb Code   134  inv_mpu.o(.text)
    mpu_set_accel_bias                       0x08001827   Thumb Code   302  inv_mpu.o(.text)
    mpu_get_gyro_fsr                         0x08001955   Thumb Code    58  inv_mpu.o(.text)
    mpu_get_accel_fsr                        0x0800198f   Thumb Code    62  inv_mpu.o(.text)
    mpu_get_lpf                              0x080019cd   Thumb Code    64  inv_mpu.o(.text)
    mpu_get_sample_rate                      0x08001a0d   Thumb Code    24  inv_mpu.o(.text)
    mpu_get_compass_sample_rate              0x08001a25   Thumb Code     8  inv_mpu.o(.text)
    mpu_set_compass_sample_rate              0x08001a2d   Thumb Code     6  inv_mpu.o(.text)
    mpu_get_gyro_sens                        0x08001a33   Thumb Code   124  inv_mpu.o(.text)
    mpu_get_accel_sens                       0x08001aaf   Thumb Code    70  inv_mpu.o(.text)
    mpu_get_fifo_config                      0x08001af5   Thumb Code    10  inv_mpu.o(.text)
    mpu_get_power_state                      0x08001aff   Thumb Code    22  inv_mpu.o(.text)
    mpu_get_int_status                       0x08001b15   Thumb Code    60  inv_mpu.o(.text)
    mpu_read_fifo                            0x08001b51   Thumb Code   416  inv_mpu.o(.text)
    mpu_read_fifo_stream                     0x08001cf1   Thumb Code   166  inv_mpu.o(.text)
    mpu_set_int_level                        0x08001d97   Thumb Code    10  inv_mpu.o(.text)
    mpu_set_dmp_state                        0x0800239b   Thumb Code   118  inv_mpu.o(.text)
    mpu_run_self_test                        0x08002411   Thumb Code   244  inv_mpu.o(.text)
    mpu_write_mem                            0x08002505   Thumb Code   104  inv_mpu.o(.text)
    mpu_read_mem                             0x0800256d   Thumb Code   104  inv_mpu.o(.text)
    mpu_load_firmware                        0x080025d5   Thumb Code   174  inv_mpu.o(.text)
    mpu_get_dmp_state                        0x08002683   Thumb Code    12  inv_mpu.o(.text)
    setup_compass                            0x0800268f   Thumb Code     6  inv_mpu.o(.text)
    mpu_get_compass_reg                      0x08002695   Thumb Code     6  inv_mpu.o(.text)
    mpu_get_compass_fsr                      0x0800269b   Thumb Code     6  inv_mpu.o(.text)
    mpu_lp_motion_interrupt                  0x080026a1   Thumb Code   450  inv_mpu.o(.text)
    run_self_test                            0x08002863   Thumb Code   136  inv_mpu.o(.text)
    inv_row_2_scale                          0x080028eb   Thumb Code    72  inv_mpu.o(.text)
    inv_orientation_matrix_to_scalar         0x08002933   Thumb Code    36  inv_mpu.o(.text)
    mpu_dmp_init                             0x08002957   Thumb Code   140  inv_mpu.o(.text)
    mpu_dmp_get_data                         0x080029e3   Thumb Code   344  inv_mpu.o(.text)
    dmp_load_motion_driver_firmware          0x08002b4d   Thumb Code    16  inv_mpu_dmp_motion_driver.o(.text)
    dmp_set_orientation                      0x08002b5d   Thumb Code   260  inv_mpu_dmp_motion_driver.o(.text)
    dmp_set_gyro_bias                        0x08002c61   Thumb Code   256  inv_mpu_dmp_motion_driver.o(.text)
    dmp_set_accel_bias                       0x08002d61   Thumb Code   260  inv_mpu_dmp_motion_driver.o(.text)
    dmp_set_fifo_rate                        0x08002e65   Thumb Code    96  inv_mpu_dmp_motion_driver.o(.text)
    dmp_get_fifo_rate                        0x08002ec5   Thumb Code    10  inv_mpu_dmp_motion_driver.o(.text)
    dmp_set_tap_thresh                       0x08002ecf   Thumb Code   428  inv_mpu_dmp_motion_driver.o(.text)
    dmp_set_tap_axes                         0x0800307b   Thumb Code    56  inv_mpu_dmp_motion_driver.o(.text)
    dmp_set_tap_count                        0x080030b3   Thumb Code    34  inv_mpu_dmp_motion_driver.o(.text)
    dmp_set_tap_time                         0x080030d5   Thumb Code    32  inv_mpu_dmp_motion_driver.o(.text)
    dmp_set_tap_time_multi                   0x080030f5   Thumb Code    32  inv_mpu_dmp_motion_driver.o(.text)
    dmp_set_shake_reject_thresh              0x08003115   Thumb Code    48  inv_mpu_dmp_motion_driver.o(.text)
    dmp_set_shake_reject_time                0x08003145   Thumb Code    32  inv_mpu_dmp_motion_driver.o(.text)
    dmp_set_shake_reject_timeout             0x08003165   Thumb Code    32  inv_mpu_dmp_motion_driver.o(.text)
    dmp_get_pedometer_step_count             0x08003185   Thumb Code    68  inv_mpu_dmp_motion_driver.o(.text)
    dmp_set_pedometer_step_count             0x080031c9   Thumb Code    38  inv_mpu_dmp_motion_driver.o(.text)
    dmp_get_pedometer_walk_time              0x080031ef   Thumb Code    74  inv_mpu_dmp_motion_driver.o(.text)
    dmp_set_pedometer_walk_time              0x08003239   Thumb Code    44  inv_mpu_dmp_motion_driver.o(.text)
    dmp_enable_6x_lp_quat                    0x08003265   Thumb Code    60  inv_mpu_dmp_motion_driver.o(.text)
    dmp_enable_lp_quat                       0x080032a1   Thumb Code    60  inv_mpu_dmp_motion_driver.o(.text)
    dmp_enable_gyro_cal                      0x080032dd   Thumb Code    62  inv_mpu_dmp_motion_driver.o(.text)
    dmp_enable_feature                       0x0800331b   Thumb Code   534  inv_mpu_dmp_motion_driver.o(.text)
    dmp_get_enabled_features                 0x08003531   Thumb Code    10  inv_mpu_dmp_motion_driver.o(.text)
    dmp_set_interrupt_mode                   0x08003573   Thumb Code    76  inv_mpu_dmp_motion_driver.o(.text)
    dmp_read_fifo                            0x080035bf   Thumb Code   384  inv_mpu_dmp_motion_driver.o(.text)
    dmp_register_tap_cb                      0x0800373f   Thumb Code     8  inv_mpu_dmp_motion_driver.o(.text)
    dmp_register_android_orient_cb           0x08003747   Thumb Code     8  inv_mpu_dmp_motion_driver.o(.text)
    Reset_Handler                            0x08003771   Thumb Code     8  startup_stm32f40_41xxx.o(.text)
    SVC_Handler                              0x08003783   Thumb Code     2  startup_stm32f40_41xxx.o(.text)
    PendSV_Handler                           0x08003787   Thumb Code     2  startup_stm32f40_41xxx.o(.text)
    SysTick_Handler                          0x08003789   Thumb Code     2  startup_stm32f40_41xxx.o(.text)
    CAN1_RX0_IRQHandler                      0x0800378b   Thumb Code     0  startup_stm32f40_41xxx.o(.text)
    CAN1_RX1_IRQHandler                      0x0800378b   Thumb Code     0  startup_stm32f40_41xxx.o(.text)
    CAN1_SCE_IRQHandler                      0x0800378b   Thumb Code     0  startup_stm32f40_41xxx.o(.text)
    CAN1_TX_IRQHandler                       0x0800378b   Thumb Code     0  startup_stm32f40_41xxx.o(.text)
    CAN2_RX0_IRQHandler                      0x0800378b   Thumb Code     0  startup_stm32f40_41xxx.o(.text)
    CAN2_RX1_IRQHandler                      0x0800378b   Thumb Code     0  startup_stm32f40_41xxx.o(.text)
    CAN2_SCE_IRQHandler                      0x0800378b   Thumb Code     0  startup_stm32f40_41xxx.o(.text)
    CAN2_TX_IRQHandler                       0x0800378b   Thumb Code     0  startup_stm32f40_41xxx.o(.text)
    CRYP_IRQHandler                          0x0800378b   Thumb Code     0  startup_stm32f40_41xxx.o(.text)
    DCMI_IRQHandler                          0x0800378b   Thumb Code     0  startup_stm32f40_41xxx.o(.text)
    DMA1_Stream0_IRQHandler                  0x0800378b   Thumb Code     0  startup_stm32f40_41xxx.o(.text)
    DMA1_Stream1_IRQHandler                  0x0800378b   Thumb Code     0  startup_stm32f40_41xxx.o(.text)
    DMA1_Stream2_IRQHandler                  0x0800378b   Thumb Code     0  startup_stm32f40_41xxx.o(.text)
    DMA1_Stream3_IRQHandler                  0x0800378b   Thumb Code     0  startup_stm32f40_41xxx.o(.text)
    DMA1_Stream4_IRQHandler                  0x0800378b   Thumb Code     0  startup_stm32f40_41xxx.o(.text)
    DMA1_Stream5_IRQHandler                  0x0800378b   Thumb Code     0  startup_stm32f40_41xxx.o(.text)
    DMA1_Stream6_IRQHandler                  0x0800378b   Thumb Code     0  startup_stm32f40_41xxx.o(.text)
    DMA1_Stream7_IRQHandler                  0x0800378b   Thumb Code     0  startup_stm32f40_41xxx.o(.text)
    DMA2_Stream0_IRQHandler                  0x0800378b   Thumb Code     0  startup_stm32f40_41xxx.o(.text)
    DMA2_Stream1_IRQHandler                  0x0800378b   Thumb Code     0  startup_stm32f40_41xxx.o(.text)
    DMA2_Stream2_IRQHandler                  0x0800378b   Thumb Code     0  startup_stm32f40_41xxx.o(.text)
    DMA2_Stream3_IRQHandler                  0x0800378b   Thumb Code     0  startup_stm32f40_41xxx.o(.text)
    DMA2_Stream4_IRQHandler                  0x0800378b   Thumb Code     0  startup_stm32f40_41xxx.o(.text)
    DMA2_Stream5_IRQHandler                  0x0800378b   Thumb Code     0  startup_stm32f40_41xxx.o(.text)
    DMA2_Stream6_IRQHandler                  0x0800378b   Thumb Code     0  startup_stm32f40_41xxx.o(.text)
    DMA2_Stream7_IRQHandler                  0x0800378b   Thumb Code     0  startup_stm32f40_41xxx.o(.text)
    ETH_IRQHandler                           0x0800378b   Thumb Code     0  startup_stm32f40_41xxx.o(.text)
    ETH_WKUP_IRQHandler                      0x0800378b   Thumb Code     0  startup_stm32f40_41xxx.o(.text)
    EXTI0_IRQHandler                         0x0800378b   Thumb Code     0  startup_stm32f40_41xxx.o(.text)
    EXTI15_10_IRQHandler                     0x0800378b   Thumb Code     0  startup_stm32f40_41xxx.o(.text)
    EXTI1_IRQHandler                         0x0800378b   Thumb Code     0  startup_stm32f40_41xxx.o(.text)
    EXTI2_IRQHandler                         0x0800378b   Thumb Code     0  startup_stm32f40_41xxx.o(.text)
    EXTI3_IRQHandler                         0x0800378b   Thumb Code     0  startup_stm32f40_41xxx.o(.text)
    EXTI4_IRQHandler                         0x0800378b   Thumb Code     0  startup_stm32f40_41xxx.o(.text)
    FLASH_IRQHandler                         0x0800378b   Thumb Code     0  startup_stm32f40_41xxx.o(.text)
    FPU_IRQHandler                           0x0800378b   Thumb Code     0  startup_stm32f40_41xxx.o(.text)
    FSMC_IRQHandler                          0x0800378b   Thumb Code     0  startup_stm32f40_41xxx.o(.text)
    HASH_RNG_IRQHandler                      0x0800378b   Thumb Code     0  startup_stm32f40_41xxx.o(.text)
    I2C1_ER_IRQHandler                       0x0800378b   Thumb Code     0  startup_stm32f40_41xxx.o(.text)
    I2C1_EV_IRQHandler                       0x0800378b   Thumb Code     0  startup_stm32f40_41xxx.o(.text)
    I2C2_ER_IRQHandler                       0x0800378b   Thumb Code     0  startup_stm32f40_41xxx.o(.text)
    I2C2_EV_IRQHandler                       0x0800378b   Thumb Code     0  startup_stm32f40_41xxx.o(.text)
    I2C3_ER_IRQHandler                       0x0800378b   Thumb Code     0  startup_stm32f40_41xxx.o(.text)
    I2C3_EV_IRQHandler                       0x0800378b   Thumb Code     0  startup_stm32f40_41xxx.o(.text)
    OTG_FS_IRQHandler                        0x0800378b   Thumb Code     0  startup_stm32f40_41xxx.o(.text)
    OTG_FS_WKUP_IRQHandler                   0x0800378b   Thumb Code     0  startup_stm32f40_41xxx.o(.text)
    OTG_HS_EP1_IN_IRQHandler                 0x0800378b   Thumb Code     0  startup_stm32f40_41xxx.o(.text)
    OTG_HS_EP1_OUT_IRQHandler                0x0800378b   Thumb Code     0  startup_stm32f40_41xxx.o(.text)
    OTG_HS_IRQHandler                        0x0800378b   Thumb Code     0  startup_stm32f40_41xxx.o(.text)
    OTG_HS_WKUP_IRQHandler                   0x0800378b   Thumb Code     0  startup_stm32f40_41xxx.o(.text)
    PVD_IRQHandler                           0x0800378b   Thumb Code     0  startup_stm32f40_41xxx.o(.text)
    RCC_IRQHandler                           0x0800378b   Thumb Code     0  startup_stm32f40_41xxx.o(.text)
    RTC_Alarm_IRQHandler                     0x0800378b   Thumb Code     0  startup_stm32f40_41xxx.o(.text)
    RTC_WKUP_IRQHandler                      0x0800378b   Thumb Code     0  startup_stm32f40_41xxx.o(.text)
    SDIO_IRQHandler                          0x0800378b   Thumb Code     0  startup_stm32f40_41xxx.o(.text)
    SPI1_IRQHandler                          0x0800378b   Thumb Code     0  startup_stm32f40_41xxx.o(.text)
    SPI2_IRQHandler                          0x0800378b   Thumb Code     0  startup_stm32f40_41xxx.o(.text)
    SPI3_IRQHandler                          0x0800378b   Thumb Code     0  startup_stm32f40_41xxx.o(.text)
    TAMP_STAMP_IRQHandler                    0x0800378b   Thumb Code     0  startup_stm32f40_41xxx.o(.text)
    TIM1_BRK_TIM9_IRQHandler                 0x0800378b   Thumb Code     0  startup_stm32f40_41xxx.o(.text)
    TIM1_CC_IRQHandler                       0x0800378b   Thumb Code     0  startup_stm32f40_41xxx.o(.text)
    TIM1_TRG_COM_TIM11_IRQHandler            0x0800378b   Thumb Code     0  startup_stm32f40_41xxx.o(.text)
    TIM1_UP_TIM10_IRQHandler                 0x0800378b   Thumb Code     0  startup_stm32f40_41xxx.o(.text)
    TIM2_IRQHandler                          0x0800378b   Thumb Code     0  startup_stm32f40_41xxx.o(.text)
    TIM3_IRQHandler                          0x0800378b   Thumb Code     0  startup_stm32f40_41xxx.o(.text)
    TIM4_IRQHandler                          0x0800378b   Thumb Code     0  startup_stm32f40_41xxx.o(.text)
    TIM5_IRQHandler                          0x0800378b   Thumb Code     0  startup_stm32f40_41xxx.o(.text)
    TIM6_DAC_IRQHandler                      0x0800378b   Thumb Code     0  startup_stm32f40_41xxx.o(.text)
    TIM7_IRQHandler                          0x0800378b   Thumb Code     0  startup_stm32f40_41xxx.o(.text)
    TIM8_BRK_TIM12_IRQHandler                0x0800378b   Thumb Code     0  startup_stm32f40_41xxx.o(.text)
    TIM8_CC_IRQHandler                       0x0800378b   Thumb Code     0  startup_stm32f40_41xxx.o(.text)
    TIM8_TRG_COM_TIM14_IRQHandler            0x0800378b   Thumb Code     0  startup_stm32f40_41xxx.o(.text)
    TIM8_UP_TIM13_IRQHandler                 0x0800378b   Thumb Code     0  startup_stm32f40_41xxx.o(.text)
    UART4_IRQHandler                         0x0800378b   Thumb Code     0  startup_stm32f40_41xxx.o(.text)
    UART5_IRQHandler                         0x0800378b   Thumb Code     0  startup_stm32f40_41xxx.o(.text)
    USART2_IRQHandler                        0x0800378b   Thumb Code     0  startup_stm32f40_41xxx.o(.text)
    USART3_IRQHandler                        0x0800378b   Thumb Code     0  startup_stm32f40_41xxx.o(.text)
    USART6_IRQHandler                        0x0800378b   Thumb Code     0  startup_stm32f40_41xxx.o(.text)
    WWDG_IRQHandler                          0x0800378b   Thumb Code     0  startup_stm32f40_41xxx.o(.text)
    NVIC_PriorityGroupConfig                 0x08003795   Thumb Code    10  misc.o(.text)
    NVIC_Init                                0x0800379f   Thumb Code    98  misc.o(.text)
    NVIC_SetVectorTable                      0x08003801   Thumb Code    14  misc.o(.text)
    NVIC_SystemLPConfig                      0x0800380f   Thumb Code    24  misc.o(.text)
    SysTick_CLKSourceConfig                  0x08003827   Thumb Code    28  misc.o(.text)
    ADC_DeInit                               0x08003851   Thumb Code    24  stm32f4xx_adc.o(.text)
    ADC_Init                                 0x08003869   Thumb Code    66  stm32f4xx_adc.o(.text)
    ADC_StructInit                           0x080038ab   Thumb Code    20  stm32f4xx_adc.o(.text)
    ADC_CommonInit                           0x080038bf   Thumb Code    30  stm32f4xx_adc.o(.text)
    ADC_CommonStructInit                     0x080038dd   Thumb Code    12  stm32f4xx_adc.o(.text)
    ADC_Cmd                                  0x080038e9   Thumb Code    24  stm32f4xx_adc.o(.text)
    ADC_AnalogWatchdogCmd                    0x08003901   Thumb Code    12  stm32f4xx_adc.o(.text)
    ADC_AnalogWatchdogThresholdsConfig       0x0800390d   Thumb Code     6  stm32f4xx_adc.o(.text)
    ADC_AnalogWatchdogSingleChannelConfig    0x08003913   Thumb Code    12  stm32f4xx_adc.o(.text)
    ADC_TempSensorVrefintCmd                 0x0800391f   Thumb Code    34  stm32f4xx_adc.o(.text)
    ADC_VBATCmd                              0x08003941   Thumb Code    34  stm32f4xx_adc.o(.text)
    ADC_RegularChannelConfig                 0x08003963   Thumb Code   116  stm32f4xx_adc.o(.text)
    ADC_SoftwareStartConv                    0x080039d7   Thumb Code    10  stm32f4xx_adc.o(.text)
    ADC_GetSoftwareStartConvStatus           0x080039e1   Thumb Code    14  stm32f4xx_adc.o(.text)
    ADC_EOCOnEachRegularChannelCmd           0x080039ef   Thumb Code    24  stm32f4xx_adc.o(.text)
    ADC_ContinuousModeCmd                    0x08003a07   Thumb Code    24  stm32f4xx_adc.o(.text)
    ADC_DiscModeChannelCountConfig           0x08003a1f   Thumb Code    16  stm32f4xx_adc.o(.text)
    ADC_DiscModeCmd                          0x08003a2f   Thumb Code    24  stm32f4xx_adc.o(.text)
    ADC_GetConversionValue                   0x08003a47   Thumb Code     6  stm32f4xx_adc.o(.text)
    ADC_GetMultiModeConversionValue          0x08003a4d   Thumb Code     8  stm32f4xx_adc.o(.text)
    ADC_DMACmd                               0x08003a55   Thumb Code    24  stm32f4xx_adc.o(.text)
    ADC_DMARequestAfterLastTransferCmd       0x08003a6d   Thumb Code    24  stm32f4xx_adc.o(.text)
    ADC_MultiModeDMARequestAfterLastTransferCmd 0x08003a85   Thumb Code    34  stm32f4xx_adc.o(.text)
    ADC_InjectedChannelConfig                0x08003aa7   Thumb Code    74  stm32f4xx_adc.o(.text)
    ADC_InjectedSequencerLengthConfig        0x08003af1   Thumb Code    16  stm32f4xx_adc.o(.text)
    ADC_SetInjectedOffset                    0x08003b01   Thumb Code    16  stm32f4xx_adc.o(.text)
    ADC_ExternalTrigInjectedConvConfig       0x08003b11   Thumb Code    12  stm32f4xx_adc.o(.text)
    ADC_ExternalTrigInjectedConvEdgeConfig   0x08003b1d   Thumb Code    12  stm32f4xx_adc.o(.text)
    ADC_SoftwareStartInjectedConv            0x08003b29   Thumb Code    10  stm32f4xx_adc.o(.text)
    ADC_GetSoftwareStartInjectedConvCmdStatus 0x08003b33   Thumb Code    14  stm32f4xx_adc.o(.text)
    ADC_AutoInjectedConvCmd                  0x08003b41   Thumb Code    24  stm32f4xx_adc.o(.text)
    ADC_InjectedDiscModeCmd                  0x08003b59   Thumb Code    24  stm32f4xx_adc.o(.text)
    ADC_GetInjectedConversionValue           0x08003b71   Thumb Code    20  stm32f4xx_adc.o(.text)
    ADC_ITConfig                             0x08003b85   Thumb Code    24  stm32f4xx_adc.o(.text)
    ADC_GetFlagStatus                        0x08003b9d   Thumb Code    14  stm32f4xx_adc.o(.text)
    ADC_ClearFlag                            0x08003bab   Thumb Code     6  stm32f4xx_adc.o(.text)
    ADC_GetITStatus                          0x08003bb1   Thumb Code    30  stm32f4xx_adc.o(.text)
    ADC_ClearITPendingBit                    0x08003bcf   Thumb Code     8  stm32f4xx_adc.o(.text)
    EXTI_DeInit                              0x08003bf1   Thumb Code    28  stm32f4xx_exti.o(.text)
    EXTI_Init                                0x08003c0d   Thumb Code   110  stm32f4xx_exti.o(.text)
    EXTI_StructInit                          0x08003c7b   Thumb Code    14  stm32f4xx_exti.o(.text)
    EXTI_GenerateSWInterrupt                 0x08003c89   Thumb Code    12  stm32f4xx_exti.o(.text)
    EXTI_GetFlagStatus                       0x08003c95   Thumb Code    18  stm32f4xx_exti.o(.text)
    EXTI_ClearFlag                           0x08003ca7   Thumb Code     8  stm32f4xx_exti.o(.text)
    EXTI_GetITStatus                         0x08003caf   Thumb Code    18  stm32f4xx_exti.o(.text)
    EXTI_ClearITPendingBit                   0x08003cc1   Thumb Code     8  stm32f4xx_exti.o(.text)
    GPIO_DeInit                              0x08003cd1   Thumb Code   296  stm32f4xx_gpio.o(.text)
    GPIO_Init                                0x08003df9   Thumb Code   124  stm32f4xx_gpio.o(.text)
    GPIO_StructInit                          0x08003e75   Thumb Code    18  stm32f4xx_gpio.o(.text)
    GPIO_PinLockConfig                       0x08003e87   Thumb Code    26  stm32f4xx_gpio.o(.text)
    GPIO_ReadInputDataBit                    0x08003ea1   Thumb Code    14  stm32f4xx_gpio.o(.text)
    GPIO_ReadInputData                       0x08003eaf   Thumb Code     6  stm32f4xx_gpio.o(.text)
    GPIO_ReadOutputDataBit                   0x08003eb5   Thumb Code    14  stm32f4xx_gpio.o(.text)
    GPIO_ReadOutputData                      0x08003ec3   Thumb Code     6  stm32f4xx_gpio.o(.text)
    GPIO_SetBits                             0x08003ec9   Thumb Code     4  stm32f4xx_gpio.o(.text)
    GPIO_ResetBits                           0x08003ecd   Thumb Code     4  stm32f4xx_gpio.o(.text)
    GPIO_WriteBit                            0x08003ed1   Thumb Code    12  stm32f4xx_gpio.o(.text)
    GPIO_Write                               0x08003edd   Thumb Code     4  stm32f4xx_gpio.o(.text)
    GPIO_ToggleBits                          0x08003ee1   Thumb Code     8  stm32f4xx_gpio.o(.text)
    GPIO_PinAFConfig                         0x08003ee9   Thumb Code    32  stm32f4xx_gpio.o(.text)
    RCC_DeInit                               0x08003f35   Thumb Code    68  stm32f4xx_rcc.o(.text)
    RCC_HSEConfig                            0x08003f79   Thumb Code    12  stm32f4xx_rcc.o(.text)
    RCC_GetFlagStatus                        0x08003f85   Thumb Code    50  stm32f4xx_rcc.o(.text)
    RCC_WaitForHSEStartUp                    0x08003fb7   Thumb Code    48  stm32f4xx_rcc.o(.text)
    RCC_AdjustHSICalibrationValue            0x08003fe7   Thumb Code    16  stm32f4xx_rcc.o(.text)
    RCC_HSICmd                               0x08003ff7   Thumb Code     6  stm32f4xx_rcc.o(.text)
    RCC_LSEConfig                            0x08003ffd   Thumb Code    30  stm32f4xx_rcc.o(.text)
    RCC_LSICmd                               0x0800401b   Thumb Code     6  stm32f4xx_rcc.o(.text)
    RCC_PLLConfig                            0x08004021   Thumb Code    34  stm32f4xx_rcc.o(.text)
    RCC_PLLCmd                               0x08004043   Thumb Code     6  stm32f4xx_rcc.o(.text)
    RCC_PLLI2SConfig                         0x08004049   Thumb Code    14  stm32f4xx_rcc.o(.text)
    RCC_PLLI2SCmd                            0x08004057   Thumb Code     6  stm32f4xx_rcc.o(.text)
    RCC_PLLSAIConfig                         0x0800405d   Thumb Code    18  stm32f4xx_rcc.o(.text)
    RCC_PLLSAICmd                            0x0800406f   Thumb Code     6  stm32f4xx_rcc.o(.text)
    RCC_ClockSecuritySystemCmd               0x08004075   Thumb Code     6  stm32f4xx_rcc.o(.text)
    RCC_MCO1Config                           0x0800407b   Thumb Code    18  stm32f4xx_rcc.o(.text)
    RCC_MCO2Config                           0x0800408d   Thumb Code    18  stm32f4xx_rcc.o(.text)
    RCC_SYSCLKConfig                         0x0800409f   Thumb Code    16  stm32f4xx_rcc.o(.text)
    RCC_GetSYSCLKSource                      0x080040af   Thumb Code    12  stm32f4xx_rcc.o(.text)
    RCC_HCLKConfig                           0x080040bb   Thumb Code    16  stm32f4xx_rcc.o(.text)
    RCC_PCLK1Config                          0x080040cb   Thumb Code    16  stm32f4xx_rcc.o(.text)
    RCC_PCLK2Config                          0x080040db   Thumb Code    18  stm32f4xx_rcc.o(.text)
    RCC_GetClocksFreq                        0x080040ed   Thumb Code   150  stm32f4xx_rcc.o(.text)
    RCC_RTCCLKConfig                         0x08004183   Thumb Code    42  stm32f4xx_rcc.o(.text)
    RCC_RTCCLKCmd                            0x080041ad   Thumb Code     8  stm32f4xx_rcc.o(.text)
    RCC_BackupResetCmd                       0x080041b5   Thumb Code     8  stm32f4xx_rcc.o(.text)
    RCC_I2SCLKConfig                         0x080041bd   Thumb Code     6  stm32f4xx_rcc.o(.text)
    RCC_SAIPLLI2SClkDivConfig                0x080041c3   Thumb Code    18  stm32f4xx_rcc.o(.text)
    RCC_SAIPLLSAIClkDivConfig                0x080041d5   Thumb Code    20  stm32f4xx_rcc.o(.text)
    RCC_SAIBlockACLKConfig                   0x080041e9   Thumb Code    16  stm32f4xx_rcc.o(.text)
    RCC_SAIBlockBCLKConfig                   0x080041f9   Thumb Code    16  stm32f4xx_rcc.o(.text)
    RCC_LTDCCLKDivConfig                     0x08004209   Thumb Code    16  stm32f4xx_rcc.o(.text)
    RCC_TIMCLKPresConfig                     0x08004219   Thumb Code     6  stm32f4xx_rcc.o(.text)
    RCC_AHB1PeriphClockCmd                   0x0800421f   Thumb Code    24  stm32f4xx_rcc.o(.text)
    RCC_AHB2PeriphClockCmd                   0x08004237   Thumb Code    24  stm32f4xx_rcc.o(.text)
    RCC_AHB3PeriphClockCmd                   0x0800424f   Thumb Code    24  stm32f4xx_rcc.o(.text)
    RCC_APB1PeriphClockCmd                   0x08004267   Thumb Code    24  stm32f4xx_rcc.o(.text)
    RCC_APB2PeriphClockCmd                   0x0800427f   Thumb Code    24  stm32f4xx_rcc.o(.text)
    RCC_AHB1PeriphResetCmd                   0x08004297   Thumb Code    24  stm32f4xx_rcc.o(.text)
    RCC_AHB2PeriphResetCmd                   0x080042af   Thumb Code    24  stm32f4xx_rcc.o(.text)
    RCC_AHB3PeriphResetCmd                   0x080042c7   Thumb Code    24  stm32f4xx_rcc.o(.text)
    RCC_APB1PeriphResetCmd                   0x080042df   Thumb Code    24  stm32f4xx_rcc.o(.text)
    RCC_APB2PeriphResetCmd                   0x080042f7   Thumb Code    24  stm32f4xx_rcc.o(.text)
    RCC_AHB1PeriphClockLPModeCmd             0x0800430f   Thumb Code    70  stm32f4xx_rcc.o(.text)
    RCC_AHB2PeriphClockLPModeCmd             0x08004355   Thumb Code    22  stm32f4xx_rcc.o(.text)
    RCC_AHB3PeriphClockLPModeCmd             0x0800436b   Thumb Code    24  stm32f4xx_rcc.o(.text)
    RCC_APB1PeriphClockLPModeCmd             0x08004383   Thumb Code    24  stm32f4xx_rcc.o(.text)
    RCC_APB2PeriphClockLPModeCmd             0x0800439b   Thumb Code    24  stm32f4xx_rcc.o(.text)
    RCC_LSEModeConfig                        0x080043b3   Thumb Code    28  stm32f4xx_rcc.o(.text)
    RCC_ITConfig                             0x080043cf   Thumb Code    24  stm32f4xx_rcc.o(.text)
    RCC_ClearFlag                            0x080043e7   Thumb Code    14  stm32f4xx_rcc.o(.text)
    RCC_GetITStatus                          0x080043f5   Thumb Code    18  stm32f4xx_rcc.o(.text)
    RCC_ClearITPendingBit                    0x08004407   Thumb Code     8  stm32f4xx_rcc.o(.text)
    SYSCFG_DeInit                            0x08004415   Thumb Code    24  stm32f4xx_syscfg.o(.text)
    SYSCFG_MemoryRemapConfig                 0x0800442d   Thumb Code     6  stm32f4xx_syscfg.o(.text)
    SYSCFG_MemorySwappingBank                0x08004433   Thumb Code     6  stm32f4xx_syscfg.o(.text)
    SYSCFG_EXTILineConfig                    0x08004439   Thumb Code    38  stm32f4xx_syscfg.o(.text)
    SYSCFG_ETH_MediaInterfaceConfig          0x0800445f   Thumb Code     8  stm32f4xx_syscfg.o(.text)
    SYSCFG_CompensationCellCmd               0x08004467   Thumb Code     6  stm32f4xx_syscfg.o(.text)
    SYSCFG_GetCompensationCellStatus         0x0800446d   Thumb Code    16  stm32f4xx_syscfg.o(.text)
    TIM_DeInit                               0x0800448d   Thumb Code   376  stm32f4xx_tim.o(.text)
    TIM_TimeBaseInit                         0x08004605   Thumb Code    96  stm32f4xx_tim.o(.text)
    TIM_TimeBaseStructInit                   0x08004665   Thumb Code    18  stm32f4xx_tim.o(.text)
    TIM_PrescalerConfig                      0x08004677   Thumb Code     6  stm32f4xx_tim.o(.text)
    TIM_CounterModeConfig                    0x0800467d   Thumb Code    12  stm32f4xx_tim.o(.text)
    TIM_SetCounter                           0x08004689   Thumb Code     4  stm32f4xx_tim.o(.text)
    TIM_SetAutoreload                        0x0800468d   Thumb Code     4  stm32f4xx_tim.o(.text)
    TIM_GetCounter                           0x08004691   Thumb Code     4  stm32f4xx_tim.o(.text)
    TIM_GetPrescaler                         0x08004695   Thumb Code     4  stm32f4xx_tim.o(.text)
    TIM_UpdateDisableConfig                  0x08004699   Thumb Code    24  stm32f4xx_tim.o(.text)
    TIM_UpdateRequestConfig                  0x080046b1   Thumb Code    24  stm32f4xx_tim.o(.text)
    TIM_ARRPreloadConfig                     0x080046c9   Thumb Code    24  stm32f4xx_tim.o(.text)
    TIM_SelectOnePulseMode                   0x080046e1   Thumb Code    16  stm32f4xx_tim.o(.text)
    TIM_SetClockDivision                     0x080046f1   Thumb Code    16  stm32f4xx_tim.o(.text)
    TIM_Cmd                                  0x08004701   Thumb Code    24  stm32f4xx_tim.o(.text)
    TIM_OC1Init                              0x08004719   Thumb Code    96  stm32f4xx_tim.o(.text)
    TIM_OC2Init                              0x08004779   Thumb Code   128  stm32f4xx_tim.o(.text)
    TIM_OC3Init                              0x080047f9   Thumb Code   176  stm32f4xx_tim.o(.text)
    TIM_OC4Init                              0x080048a9   Thumb Code    92  stm32f4xx_tim.o(.text)
    TIM_OCStructInit                         0x08004905   Thumb Code    20  stm32f4xx_tim.o(.text)
    TIM_SelectOCxM                           0x08004919   Thumb Code    80  stm32f4xx_tim.o(.text)
    TIM_SetCompare1                          0x08004969   Thumb Code     4  stm32f4xx_tim.o(.text)
    TIM_SetCompare2                          0x0800496d   Thumb Code     4  stm32f4xx_tim.o(.text)
    TIM_SetCompare3                          0x08004971   Thumb Code     4  stm32f4xx_tim.o(.text)
    TIM_SetCompare4                          0x08004975   Thumb Code     4  stm32f4xx_tim.o(.text)
    TIM_ForcedOC1Config                      0x08004979   Thumb Code    12  stm32f4xx_tim.o(.text)
    TIM_ForcedOC2Config                      0x08004985   Thumb Code    20  stm32f4xx_tim.o(.text)
    TIM_ForcedOC3Config                      0x08004999   Thumb Code    12  stm32f4xx_tim.o(.text)
    TIM_ForcedOC4Config                      0x080049a5   Thumb Code    20  stm32f4xx_tim.o(.text)
    TIM_OC1PreloadConfig                     0x080049b9   Thumb Code    12  stm32f4xx_tim.o(.text)
    TIM_OC2PreloadConfig                     0x080049c5   Thumb Code    20  stm32f4xx_tim.o(.text)
    TIM_OC3PreloadConfig                     0x080049d9   Thumb Code    12  stm32f4xx_tim.o(.text)
    TIM_OC4PreloadConfig                     0x080049e5   Thumb Code    20  stm32f4xx_tim.o(.text)
    TIM_OC1FastConfig                        0x080049f9   Thumb Code    12  stm32f4xx_tim.o(.text)
    TIM_OC2FastConfig                        0x08004a05   Thumb Code    20  stm32f4xx_tim.o(.text)
    TIM_OC3FastConfig                        0x08004a19   Thumb Code    12  stm32f4xx_tim.o(.text)
    TIM_OC4FastConfig                        0x08004a25   Thumb Code    20  stm32f4xx_tim.o(.text)
    TIM_ClearOC1Ref                          0x08004a39   Thumb Code    12  stm32f4xx_tim.o(.text)
    TIM_ClearOC2Ref                          0x08004a45   Thumb Code    20  stm32f4xx_tim.o(.text)
    TIM_ClearOC3Ref                          0x08004a59   Thumb Code    12  stm32f4xx_tim.o(.text)
    TIM_ClearOC4Ref                          0x08004a65   Thumb Code    20  stm32f4xx_tim.o(.text)
    TIM_OC1PolarityConfig                    0x08004a79   Thumb Code    12  stm32f4xx_tim.o(.text)
    TIM_OC1NPolarityConfig                   0x08004a85   Thumb Code    12  stm32f4xx_tim.o(.text)
    TIM_OC2PolarityConfig                    0x08004a91   Thumb Code    20  stm32f4xx_tim.o(.text)
    TIM_OC2NPolarityConfig                   0x08004aa5   Thumb Code    20  stm32f4xx_tim.o(.text)
    TIM_OC3PolarityConfig                    0x08004ab9   Thumb Code    20  stm32f4xx_tim.o(.text)
    TIM_OC3NPolarityConfig                   0x08004acd   Thumb Code    20  stm32f4xx_tim.o(.text)
    TIM_OC4PolarityConfig                    0x08004ae1   Thumb Code    20  stm32f4xx_tim.o(.text)
    TIM_CCxCmd                               0x08004af5   Thumb Code    22  stm32f4xx_tim.o(.text)
    TIM_CCxNCmd                              0x08004b0b   Thumb Code    22  stm32f4xx_tim.o(.text)
    TIM_SetIC4Prescaler                      0x08004b21   Thumb Code    24  stm32f4xx_tim.o(.text)
    TIM_SetIC3Prescaler                      0x08004b6f   Thumb Code    16  stm32f4xx_tim.o(.text)
    TIM_SetIC2Prescaler                      0x08004bb1   Thumb Code    24  stm32f4xx_tim.o(.text)
    TIM_SetIC1Prescaler                      0x08004bff   Thumb Code    16  stm32f4xx_tim.o(.text)
    TIM_ICInit                               0x08004c3d   Thumb Code    90  stm32f4xx_tim.o(.text)
    TIM_ICStructInit                         0x08004c97   Thumb Code    16  stm32f4xx_tim.o(.text)
    TIM_PWMIConfig                           0x08004ca7   Thumb Code   116  stm32f4xx_tim.o(.text)
    TIM_GetCapture1                          0x08004d1b   Thumb Code     4  stm32f4xx_tim.o(.text)
    TIM_GetCapture2                          0x08004d1f   Thumb Code     4  stm32f4xx_tim.o(.text)
    TIM_GetCapture3                          0x08004d23   Thumb Code     4  stm32f4xx_tim.o(.text)
    TIM_GetCapture4                          0x08004d27   Thumb Code     4  stm32f4xx_tim.o(.text)
    TIM_BDTRConfig                           0x08004d2b   Thumb Code    34  stm32f4xx_tim.o(.text)
    TIM_BDTRStructInit                       0x08004d4d   Thumb Code    18  stm32f4xx_tim.o(.text)
    TIM_CtrlPWMOutputs                       0x08004d5f   Thumb Code    28  stm32f4xx_tim.o(.text)
    TIM_SelectCOM                            0x08004d7b   Thumb Code    24  stm32f4xx_tim.o(.text)
    TIM_CCPreloadControl                     0x08004d93   Thumb Code    24  stm32f4xx_tim.o(.text)
    TIM_ITConfig                             0x08004dab   Thumb Code    20  stm32f4xx_tim.o(.text)
    TIM_GenerateEvent                        0x08004dbf   Thumb Code     4  stm32f4xx_tim.o(.text)
    TIM_GetFlagStatus                        0x08004dc3   Thumb Code    14  stm32f4xx_tim.o(.text)
    TIM_ClearFlag                            0x08004dd1   Thumb Code     6  stm32f4xx_tim.o(.text)
    TIM_GetITStatus                          0x08004dd7   Thumb Code    24  stm32f4xx_tim.o(.text)
    TIM_ClearITPendingBit                    0x08004def   Thumb Code     6  stm32f4xx_tim.o(.text)
    TIM_DMAConfig                            0x08004df5   Thumb Code     8  stm32f4xx_tim.o(.text)
    TIM_DMACmd                               0x08004dfd   Thumb Code    20  stm32f4xx_tim.o(.text)
    TIM_SelectCCDMA                          0x08004e11   Thumb Code    24  stm32f4xx_tim.o(.text)
    TIM_InternalClockConfig                  0x08004e29   Thumb Code    10  stm32f4xx_tim.o(.text)
    TIM_SelectInputTrigger                   0x08004e33   Thumb Code    12  stm32f4xx_tim.o(.text)
    TIM_ITRxExternalClockConfig              0x08004e3f   Thumb Code    20  stm32f4xx_tim.o(.text)
    TIM_TIxExternalClockConfig               0x08004e53   Thumb Code    48  stm32f4xx_tim.o(.text)
    TIM_ETRConfig                            0x08004e83   Thumb Code    24  stm32f4xx_tim.o(.text)
    TIM_ETRClockMode1Config                  0x08004e9b   Thumb Code    32  stm32f4xx_tim.o(.text)
    TIM_ETRClockMode2Config                  0x08004ebb   Thumb Code    20  stm32f4xx_tim.o(.text)
    TIM_SelectOutputTrigger                  0x08004ecf   Thumb Code    16  stm32f4xx_tim.o(.text)
    TIM_SelectSlaveMode                      0x08004edf   Thumb Code    16  stm32f4xx_tim.o(.text)
    TIM_SelectMasterSlaveMode                0x08004eef   Thumb Code    16  stm32f4xx_tim.o(.text)
    TIM_EncoderInterfaceConfig               0x08004eff   Thumb Code    50  stm32f4xx_tim.o(.text)
    TIM_SelectHallSensor                     0x08004f31   Thumb Code    24  stm32f4xx_tim.o(.text)
    TIM_RemapConfig                          0x08004f49   Thumb Code     6  stm32f4xx_tim.o(.text)
    USART_DeInit                             0x08004f51   Thumb Code   224  stm32f4xx_usart.o(.text)
    USART_Init                               0x08005031   Thumb Code   180  stm32f4xx_usart.o(.text)
    USART_StructInit                         0x080050e5   Thumb Code    22  stm32f4xx_usart.o(.text)
    USART_ClockInit                          0x080050fb   Thumb Code    28  stm32f4xx_usart.o(.text)
    USART_ClockStructInit                    0x08005117   Thumb Code    12  stm32f4xx_usart.o(.text)
    USART_Cmd                                0x08005123   Thumb Code    24  stm32f4xx_usart.o(.text)
    USART_SetPrescaler                       0x0800513b   Thumb Code    16  stm32f4xx_usart.o(.text)
    USART_OverSampling8Cmd                   0x0800514b   Thumb Code    24  stm32f4xx_usart.o(.text)
    USART_OneBitMethodCmd                    0x08005163   Thumb Code    24  stm32f4xx_usart.o(.text)
    USART_SendData                           0x0800517b   Thumb Code     8  stm32f4xx_usart.o(.text)
    USART_ReceiveData                        0x08005183   Thumb Code     8  stm32f4xx_usart.o(.text)
    USART_SetAddress                         0x0800518b   Thumb Code    16  stm32f4xx_usart.o(.text)
    USART_ReceiverWakeUpCmd                  0x0800519b   Thumb Code    24  stm32f4xx_usart.o(.text)
    USART_WakeUpConfig                       0x080051b3   Thumb Code    16  stm32f4xx_usart.o(.text)
    USART_LINBreakDetectLengthConfig         0x080051c3   Thumb Code    16  stm32f4xx_usart.o(.text)
    USART_LINCmd                             0x080051d3   Thumb Code    24  stm32f4xx_usart.o(.text)
    USART_SendBreak                          0x080051eb   Thumb Code    10  stm32f4xx_usart.o(.text)
    USART_HalfDuplexCmd                      0x080051f5   Thumb Code    24  stm32f4xx_usart.o(.text)
    USART_SetGuardTime                       0x0800520d   Thumb Code    16  stm32f4xx_usart.o(.text)
    USART_SmartCardCmd                       0x0800521d   Thumb Code    24  stm32f4xx_usart.o(.text)
    USART_SmartCardNACKCmd                   0x08005235   Thumb Code    24  stm32f4xx_usart.o(.text)
    USART_IrDAConfig                         0x0800524d   Thumb Code    16  stm32f4xx_usart.o(.text)
    USART_IrDACmd                            0x0800525d   Thumb Code    24  stm32f4xx_usart.o(.text)
    USART_DMACmd                             0x08005275   Thumb Code    20  stm32f4xx_usart.o(.text)
    USART_ITConfig                           0x08005289   Thumb Code    54  stm32f4xx_usart.o(.text)
    USART_GetFlagStatus                      0x080052bf   Thumb Code    14  stm32f4xx_usart.o(.text)
    USART_ClearFlag                          0x080052cd   Thumb Code     8  stm32f4xx_usart.o(.text)
    USART_GetITStatus                        0x080052d5   Thumb Code    64  stm32f4xx_usart.o(.text)
    USART_ClearITPendingBit                  0x08005315   Thumb Code    16  stm32f4xx_usart.o(.text)
    delay_init                               0x08005345   Thumb Code    32  delay.o(.text)
    delay_us                                 0x08005365   Thumb Code    50  delay.o(.text)
    delay_ms                                 0x08005397   Thumb Code     8  delay.o(.text)
    _ttywrch                                 0x080053a5   Thumb Code     2  usart.o(.text)
    _sys_exit                                0x080053a7   Thumb Code     2  usart.o(.text)
    _sys_command_string                      0x080053a9   Thumb Code     4  usart.o(.text)
    fputc                                    0x080053ad   Thumb Code    14  usart.o(.text)
    fgetc                                    0x080053bb   Thumb Code    36  usart.o(.text)
    usart1_init                              0x080053df   Thumb Code   164  usart.o(.text)
    USART1_IRQHandler                        0x08005483   Thumb Code    92  usart.o(.text)
    __aeabi_ldivmod                          0x080054f5   Thumb Code    98  ldiv.o(.text)
    __aeabi_memset                           0x08005557   Thumb Code    14  memseta.o(.text)
    __aeabi_memset4                          0x08005557   Thumb Code     0  memseta.o(.text)
    __aeabi_memset8                          0x08005557   Thumb Code     0  memseta.o(.text)
    __aeabi_memclr                           0x08005565   Thumb Code     4  memseta.o(.text)
    __aeabi_memclr4                          0x08005565   Thumb Code     0  memseta.o(.text)
    __aeabi_memclr8                          0x08005565   Thumb Code     0  memseta.o(.text)
    _memset$wrapper                          0x08005569   Thumb Code    18  memseta.o(.text)
    memcmp                                   0x0800557b   Thumb Code    26  memcmp.o(.text)
    __aeabi_dadd                             0x08005595   Thumb Code   322  dadd.o(.text)
    __aeabi_dsub                             0x080056d7   Thumb Code     6  dadd.o(.text)
    __aeabi_drsub                            0x080056dd   Thumb Code     6  dadd.o(.text)
    __aeabi_dmul                             0x080056e3   Thumb Code   228  dmul.o(.text)
    __aeabi_ddiv                             0x080057c7   Thumb Code   222  ddiv.o(.text)
    __aeabi_i2d                              0x080058a5   Thumb Code    34  dflti.o(.text)
    __aeabi_ui2d                             0x080058c7   Thumb Code    26  dfltui.o(.text)
    __aeabi_d2uiz                            0x080058e1   Thumb Code    50  dfixui.o(.text)
    __aeabi_f2d                              0x08005913   Thumb Code    38  f2d.o(.text)
    __aeabi_d2f                              0x08005939   Thumb Code    56  d2f.o(.text)
    __aeabi_uidiv                            0x08005971   Thumb Code     0  uidiv.o(.text)
    __aeabi_uidivmod                         0x08005971   Thumb Code    44  uidiv.o(.text)
    __aeabi_uldivmod                         0x0800599d   Thumb Code    98  uldiv.o(.text)
    __aeabi_llsl                             0x080059ff   Thumb Code    30  llshl.o(.text)
    _ll_shift_l                              0x080059ff   Thumb Code     0  llshl.o(.text)
    __aeabi_llsr                             0x08005a1d   Thumb Code    32  llushr.o(.text)
    _ll_ushift_r                             0x08005a1d   Thumb Code     0  llushr.o(.text)
    __aeabi_lasr                             0x08005a3d   Thumb Code    36  llsshr.o(.text)
    _ll_sshift_r                             0x08005a3d   Thumb Code     0  llsshr.o(.text)
    __I$use$fp                               0x08005a61   Thumb Code     0  iusefp.o(.text)
    _float_round                             0x08005a61   Thumb Code    18  fepilogue.o(.text)
    _float_epilogue                          0x08005a73   Thumb Code    92  fepilogue.o(.text)
    _double_round                            0x08005acf   Thumb Code    30  depilogue.o(.text)
    _double_epilogue                         0x08005aed   Thumb Code   156  depilogue.o(.text)
    __aeabi_d2ulz                            0x08005b89   Thumb Code    48  dfixul.o(.text)
    __aeabi_cdcmpeq                          0x08005bb9   Thumb Code     0  cdcmple.o(.text)
    __aeabi_cdcmple                          0x08005bb9   Thumb Code    48  cdcmple.o(.text)
    __aeabi_cdrcmple                         0x08005be9   Thumb Code    48  cdrcmple.o(.text)
    __scatterload                            0x08005c19   Thumb Code    28  init.o(.text)
    __scatterload_rt2                        0x08005c19   Thumb Code     0  init.o(.text)
    _dsqrt                                   0x08005c3d   Thumb Code   162  dsqrt.o(.text)
    __0printf                                0x08005ce1   Thumb Code    22  printfa.o(i.__0printf)
    __1printf                                0x08005ce1   Thumb Code     0  printfa.o(i.__0printf)
    __2printf                                0x08005ce1   Thumb Code     0  printfa.o(i.__0printf)
    __c89printf                              0x08005ce1   Thumb Code     0  printfa.o(i.__0printf)
    printf                                   0x08005ce1   Thumb Code     0  printfa.o(i.__0printf)
    __ARM_fpclassify                         0x08005d01   Thumb Code    48  fpclassify.o(i.__ARM_fpclassify)
    __hardfp_asin                            0x08005d31   Thumb Code   770  asin.o(i.__hardfp_asin)
    __hardfp_atan                            0x08006091   Thumb Code   622  atan.o(i.__hardfp_atan)
    __hardfp_atan2                           0x08006369   Thumb Code   448  atan2.o(i.__hardfp_atan2)
    __kernel_poly                            0x08006569   Thumb Code   248  poly.o(i.__kernel_poly)
    __mathlib_dbl_infnan                     0x08006661   Thumb Code    20  dunder.o(i.__mathlib_dbl_infnan)
    __mathlib_dbl_infnan2                    0x08006675   Thumb Code    20  dunder.o(i.__mathlib_dbl_infnan2)
    __mathlib_dbl_invalid                    0x08006689   Thumb Code    24  dunder.o(i.__mathlib_dbl_invalid)
    __mathlib_dbl_underflow                  0x080066a9   Thumb Code    24  dunder.o(i.__mathlib_dbl_underflow)
    __scatterload_copy                       0x080066c9   Thumb Code    14  handlers.o(i.__scatterload_copy)
    __scatterload_null                       0x080066d7   Thumb Code     2  handlers.o(i.__scatterload_null)
    __scatterload_zeroinit                   0x080066d9   Thumb Code    14  handlers.o(i.__scatterload_zeroinit)
    __set_errno                              0x080066e9   Thumb Code     6  errno.o(i.__set_errno)
    atan                                     0x08006f7f   Thumb Code    16  atan.o(i.atan)
    fabs                                     0x08006f8f   Thumb Code    24  fabs.o(i.fabs)
    sqrt                                     0x08006fa7   Thumb Code   110  sqrt.o(i.sqrt)
    reg                                      0x08007014   Data          27  inv_mpu.o(.constdata)
    hw                                       0x08007030   Data          12  inv_mpu.o(.constdata)
    test                                     0x0800703c   Data          40  inv_mpu.o(.constdata)
    __mathlib_zero                           0x08007d48   Data           8  qnan.o(.constdata)
    Region$$Table$$Base                      0x08007da0   Number         0  anon$$obj.o(Region$$Table)
    Region$$Table$$Limit                     0x08007dc0   Number         0  anon$$obj.o(Region$$Table)
    SystemCoreClock                          0x20000000   Data           4  system_stm32f4xx.o(.data)
    AHBPrescTable                            0x20000004   Data          16  system_stm32f4xx.o(.data)
    USART_RX_STA                             0x20000098   Data           2  usart.o(.data)
    __stdout                                 0x2000009c   Data           4  usart.o(.data)
    USART_RX_BUF                             0x200000b4   Data         200  usart.o(.bss)
    __initial_sp                             0x20000580   Data           0  startup_stm32f40_41xxx.o(STACK)



==============================================================================

Memory Map of the image

  Image Entry point : 0x08000189

  Load Region LR_IROM1 (Base: 0x08000000, Size: 0x00007e64, Max: 0x00100000, ABSOLUTE)

    Execution Region ER_IROM1 (Exec base: 0x08000000, Load base: 0x08000000, Size: 0x00007dc0, Max: 0x00100000, ABSOLUTE)

    Exec Addr    Load Addr    Size         Type   Attr      Idx    E Section Name        Object

    0x08000000   0x08000000   0x00000188   Data   RO          476    RESET               startup_stm32f40_41xxx.o
    0x08000188   0x08000188   0x00000000   Code   RO         1469  * .ARM.Collect$$$$00000000  mc_w.l(entry.o)
    0x08000188   0x08000188   0x00000004   Code   RO         1808    .ARM.Collect$$$$00000001  mc_w.l(entry2.o)
    0x0800018c   0x0800018c   0x00000004   Code   RO         1811    .ARM.Collect$$$$00000004  mc_w.l(entry5.o)
    0x08000190   0x08000190   0x00000000   Code   RO         1813    .ARM.Collect$$$$00000008  mc_w.l(entry7b.o)
    0x08000190   0x08000190   0x00000000   Code   RO         1815    .ARM.Collect$$$$0000000A  mc_w.l(entry8b.o)
    0x08000190   0x08000190   0x00000008   Code   RO         1816    .ARM.Collect$$$$0000000B  mc_w.l(entry9a.o)
    0x08000198   0x08000198   0x00000004   Code   RO         1823    .ARM.Collect$$$$0000000E  mc_w.l(entry12b.o)
    0x0800019c   0x0800019c   0x00000000   Code   RO         1818    .ARM.Collect$$$$0000000F  mc_w.l(entry10a.o)
    0x0800019c   0x0800019c   0x00000000   Code   RO         1820    .ARM.Collect$$$$00000011  mc_w.l(entry11a.o)
    0x0800019c   0x0800019c   0x00000004   Code   RO         1809    .ARM.Collect$$$$00002712  mc_w.l(entry2.o)
    0x080001a0   0x080001a0   0x00000074   Code   RO            4    .text               main.o
    0x08000214   0x08000214   0x0000000c   Code   RO          170    .text               stm32f4xx_it.o
    0x08000220   0x08000220   0x00000190   Code   RO          197    .text               system_stm32f4xx.o
    0x080003b0   0x080003b0   0x00000300   Code   RO          264    .text               bsp.o
    0x080006b0   0x080006b0   0x00000028   Code   RO          292    .text               control_task.o
    0x080006d8   0x080006d8   0x000001f0   Code   RO          320    .text               control.o
    0x080008c8   0x080008c8   0x00000314   Code   RO          345    .text               mpu6050.o
    0x08000bdc   0x08000bdc   0x000001e4   Code   RO          369    .text               mpuiic.o
    0x08000dc0   0x08000dc0   0x00001d8c   Code   RO          393    .text               inv_mpu.o
    0x08002b4c   0x08002b4c   0x00000c24   Code   RO          440    .text               inv_mpu_dmp_motion_driver.o
    0x08003770   0x08003770   0x00000024   Code   RO          477    .text               startup_stm32f40_41xxx.o
    0x08003794   0x08003794   0x000000bc   Code   RO          484    .text               misc.o
    0x08003850   0x08003850   0x000003a0   Code   RO          508    .text               stm32f4xx_adc.o
    0x08003bf0   0x08003bf0   0x000000e0   Code   RO          799    .text               stm32f4xx_exti.o
    0x08003cd0   0x08003cd0   0x00000264   Code   RO          901    .text               stm32f4xx_gpio.o
    0x08003f34   0x08003f34   0x000004e0   Code   RO         1096    .text               stm32f4xx_rcc.o
    0x08004414   0x08004414   0x00000078   Code   RO         1245    .text               stm32f4xx_syscfg.o
    0x0800448c   0x0800448c   0x00000ac2   Code   RO         1269    .text               stm32f4xx_tim.o
    0x08004f4e   0x08004f4e   0x00000002   PAD
    0x08004f50   0x08004f50   0x000003f4   Code   RO         1293    .text               stm32f4xx_usart.o
    0x08005344   0x08005344   0x00000060   Code   RO         1341    .text               delay.o
    0x080053a4   0x080053a4   0x00000150   Code   RO         1385    .text               usart.o
    0x080054f4   0x080054f4   0x00000062   Code   RO         1472    .text               mc_w.l(ldiv.o)
    0x08005556   0x08005556   0x00000024   Code   RO         1474    .text               mc_w.l(memseta.o)
    0x0800557a   0x0800557a   0x0000001a   Code   RO         1476    .text               mc_w.l(memcmp.o)
    0x08005594   0x08005594   0x0000014e   Code   RO         1741    .text               mf_w.l(dadd.o)
    0x080056e2   0x080056e2   0x000000e4   Code   RO         1743    .text               mf_w.l(dmul.o)
    0x080057c6   0x080057c6   0x000000de   Code   RO         1745    .text               mf_w.l(ddiv.o)
    0x080058a4   0x080058a4   0x00000022   Code   RO         1747    .text               mf_w.l(dflti.o)
    0x080058c6   0x080058c6   0x0000001a   Code   RO         1749    .text               mf_w.l(dfltui.o)
    0x080058e0   0x080058e0   0x00000032   Code   RO         1751    .text               mf_w.l(dfixui.o)
    0x08005912   0x08005912   0x00000026   Code   RO         1753    .text               mf_w.l(f2d.o)
    0x08005938   0x08005938   0x00000038   Code   RO         1755    .text               mf_w.l(d2f.o)
    0x08005970   0x08005970   0x0000002c   Code   RO         1824    .text               mc_w.l(uidiv.o)
    0x0800599c   0x0800599c   0x00000062   Code   RO         1826    .text               mc_w.l(uldiv.o)
    0x080059fe   0x080059fe   0x0000001e   Code   RO         1828    .text               mc_w.l(llshl.o)
    0x08005a1c   0x08005a1c   0x00000020   Code   RO         1830    .text               mc_w.l(llushr.o)
    0x08005a3c   0x08005a3c   0x00000024   Code   RO         1832    .text               mc_w.l(llsshr.o)
    0x08005a60   0x08005a60   0x00000000   Code   RO         1841    .text               mc_w.l(iusefp.o)
    0x08005a60   0x08005a60   0x0000006e   Code   RO         1842    .text               mf_w.l(fepilogue.o)
    0x08005ace   0x08005ace   0x000000ba   Code   RO         1844    .text               mf_w.l(depilogue.o)
    0x08005b88   0x08005b88   0x00000030   Code   RO         1848    .text               mf_w.l(dfixul.o)
    0x08005bb8   0x08005bb8   0x00000030   Code   RO         1850    .text               mf_w.l(cdcmple.o)
    0x08005be8   0x08005be8   0x00000030   Code   RO         1852    .text               mf_w.l(cdrcmple.o)
    0x08005c18   0x08005c18   0x00000024   Code   RO         1854    .text               mc_w.l(init.o)
    0x08005c3c   0x08005c3c   0x000000a2   Code   RO         1856    .text               mf_w.l(dsqrt.o)
    0x08005cde   0x08005cde   0x00000002   PAD
    0x08005ce0   0x08005ce0   0x00000020   Code   RO         1713    i.__0printf         mc_w.l(printfa.o)
    0x08005d00   0x08005d00   0x00000030   Code   RO         1791    i.__ARM_fpclassify  m_wm.l(fpclassify.o)
    0x08005d30   0x08005d30   0x00000360   Code   RO         1443    i.__hardfp_asin     m_wm.l(asin.o)
    0x08006090   0x08006090   0x000002d8   Code   RO         1757    i.__hardfp_atan     m_wm.l(atan.o)
    0x08006368   0x08006368   0x00000200   Code   RO         1457    i.__hardfp_atan2    m_wm.l(atan2.o)
    0x08006568   0x08006568   0x000000f8   Code   RO         1793    i.__kernel_poly     m_wm.l(poly.o)
    0x08006660   0x08006660   0x00000014   Code   RO         1772    i.__mathlib_dbl_infnan  m_wm.l(dunder.o)
    0x08006674   0x08006674   0x00000014   Code   RO         1773    i.__mathlib_dbl_infnan2  m_wm.l(dunder.o)
    0x08006688   0x08006688   0x00000020   Code   RO         1774    i.__mathlib_dbl_invalid  m_wm.l(dunder.o)
    0x080066a8   0x080066a8   0x00000020   Code   RO         1777    i.__mathlib_dbl_underflow  m_wm.l(dunder.o)
    0x080066c8   0x080066c8   0x0000000e   Code   RO         1860    i.__scatterload_copy  mc_w.l(handlers.o)
    0x080066d6   0x080066d6   0x00000002   Code   RO         1861    i.__scatterload_null  mc_w.l(handlers.o)
    0x080066d8   0x080066d8   0x0000000e   Code   RO         1862    i.__scatterload_zeroinit  mc_w.l(handlers.o)
    0x080066e6   0x080066e6   0x00000002   PAD
    0x080066e8   0x080066e8   0x0000000c   Code   RO         1836    i.__set_errno       mc_w.l(errno.o)
    0x080066f4   0x080066f4   0x00000184   Code   RO         1720    i._fp_digits        mc_w.l(printfa.o)
    0x08006878   0x08006878   0x000006b4   Code   RO         1721    i._printf_core      mc_w.l(printfa.o)
    0x08006f2c   0x08006f2c   0x00000024   Code   RO         1722    i._printf_post_padding  mc_w.l(printfa.o)
    0x08006f50   0x08006f50   0x0000002e   Code   RO         1723    i._printf_pre_padding  mc_w.l(printfa.o)
    0x08006f7e   0x08006f7e   0x00000010   Code   RO         1759    i.atan              m_wm.l(atan.o)
    0x08006f8e   0x08006f8e   0x00000018   Code   RO         1787    i.fabs              m_wm.l(fabs.o)
    0x08006fa6   0x08006fa6   0x0000006e   Code   RO         1798    i.sqrt              m_wm.l(sqrt.o)
    0x08007014   0x08007014   0x0000001b   Data   RO          394    .constdata          inv_mpu.o
    0x0800702f   0x0800702f   0x00000001   PAD
    0x08007030   0x08007030   0x0000000c   Data   RO          395    .constdata          inv_mpu.o
    0x0800703c   0x0800703c   0x00000028   Data   RO          396    .constdata          inv_mpu.o
    0x08007064   0x08007064   0x00000bf6   Data   RO          442    .constdata          inv_mpu_dmp_motion_driver.o
    0x08007c5a   0x08007c5a   0x00000006   PAD
    0x08007c60   0x08007c60   0x00000050   Data   RO         1446    .constdata          m_wm.l(asin.o)
    0x08007cb0   0x08007cb0   0x00000098   Data   RO         1760    .constdata          m_wm.l(atan.o)
    0x08007d48   0x08007d48   0x00000008   Data   RO         1795    .constdata          m_wm.l(qnan.o)
    0x08007d50   0x08007d50   0x0000004d   Data   RO          397    .conststring        inv_mpu.o
    0x08007d9d   0x08007d9d   0x00000003   PAD
    0x08007da0   0x08007da0   0x00000020   Data   RO         1858    Region$$Table       anon$$obj.o


    Execution Region RW_IRAM1 (Exec base: 0x20000000, Load base: 0x08007dc0, Size: 0x00000580, Max: 0x00020000, ABSOLUTE)

    Exec Addr    Load Addr    Size         Type   Attr      Idx    E Section Name        Object

    0x20000000   0x08007dc0   0x00000014   Data   RW          198    .data               system_stm32f4xx.o
    0x20000014   0x08007dd4   0x00000002   Data   RW          265    .data               bsp.o
    0x20000016   0x08007dd6   0x00000002   PAD
    0x20000018   0x08007dd8   0x0000000c   Data   RW          294    .data               control_task.o
    0x20000024   0x08007de4   0x00000028   Data   RW          321    .data               control.o
    0x2000004c   0x08007e0c   0x00000035   Data   RW          398    .data               inv_mpu.o
    0x20000081   0x08007e41   0x00000010   Data   RW         1097    .data               stm32f4xx_rcc.o
    0x20000091   0x08007e51   0x00000003   PAD
    0x20000094   0x08007e54   0x00000004   Data   RW         1342    .data               delay.o
    0x20000098   0x08007e58   0x00000002   Data   RW         1387    .data               usart.o
    0x2000009a   0x08007e5a   0x00000002   PAD
    0x2000009c   0x08007e5c   0x00000004   Data   RW         1388    .data               usart.o
    0x200000a0   0x08007e60   0x00000004   Data   RW         1837    .data               mc_w.l(errno.o)
    0x200000a4        -       0x00000010   Zero   RW          441    .bss                inv_mpu_dmp_motion_driver.o
    0x200000b4        -       0x000000c8   Zero   RW         1386    .bss                usart.o
    0x2000017c   0x08007e64   0x00000004   PAD
    0x20000180        -       0x00000400   Zero   RW          474    STACK               startup_stm32f40_41xxx.o


==============================================================================

Image component sizes


      Code (inc. data)   RO Data    RW Data    ZI Data      Debug   Object Name

       768        246          0          2          0       2777   bsp.o
       496        114          0         40          0       1185   control.o
        40          4          0         12          0        801   control_task.o
        96          6          0          4          0       1151   delay.o
      7564        202        156         53          0      26993   inv_mpu.o
      3108        136       3062          0         16      15823   inv_mpu_dmp_motion_driver.o
       116         80          0          0          0     298399   main.o
       188         14          0          0          0       2049   misc.o
       788         20          0          0          0       4431   mpu6050.o
       484         14          0          0          0       2174   mpuiic.o
        36          8        392          0       1024        820   startup_stm32f40_41xxx.o
       928         26          0          0          0      11442   stm32f4xx_adc.o
       224          8          0          0          0       2483   stm32f4xx_exti.o
       612         44          0          0          0       4805   stm32f4xx_gpio.o
        12          0          0          0          0        939   stm32f4xx_it.o
      1248         52          0         16          0      13776   stm32f4xx_rcc.o
       120         16          0          0          0       1905   stm32f4xx_syscfg.o
      2754         60          0          0          0      25004   stm32f4xx_tim.o
      1012         32          0          0          0       8840   stm32f4xx_usart.o
       400         36          0         20          0       1927   system_stm32f4xx.o
       336         22          0          6        200       4011   usart.o

    ----------------------------------------------------------------------
     21332       1140       3652        160       1244     431735   Object Totals
         0          0         32          0          0          0   (incl. Generated)
         2          0         10          7          4          0   (incl. Padding)

    ----------------------------------------------------------------------

      Code (inc. data)   RO Data    RW Data    ZI Data      Debug   Library Member Name

       864         94         80          0          0        280   asin.o
       744        106        152          0          0        352   atan.o
       512         64          0          0          0        208   atan2.o
       104         16          0          0          0        496   dunder.o
        24          0          0          0          0        124   fabs.o
        48          0          0          0          0        124   fpclassify.o
       248          0          0          0          0        152   poly.o
         0          0          8          0          0          0   qnan.o
       110          0          0          0          0        148   sqrt.o
         0          0          0          0          0          0   entry.o
         0          0          0          0          0          0   entry10a.o
         0          0          0          0          0          0   entry11a.o
         4          0          0          0          0          0   entry12b.o
         8          4          0          0          0          0   entry2.o
         4          0          0          0          0          0   entry5.o
         0          0          0          0          0          0   entry7b.o
         0          0          0          0          0          0   entry8b.o
         8          4          0          0          0          0   entry9a.o
        12          6          0          4          0         68   errno.o
        30          0          0          0          0          0   handlers.o
        36          8          0          0          0         68   init.o
         0          0          0          0          0          0   iusefp.o
        98          0          0          0          0         84   ldiv.o
        30          0          0          0          0         68   llshl.o
        36          0          0          0          0         68   llsshr.o
        32          0          0          0          0         68   llushr.o
        26          0          0          0          0         80   memcmp.o
        36          0          0          0          0        108   memseta.o
      2218         90          0          0          0        464   printfa.o
        44          0          0          0          0         80   uidiv.o
        98          0          0          0          0         92   uldiv.o
        48          0          0          0          0         68   cdcmple.o
        48          0          0          0          0         68   cdrcmple.o
        56          0          0          0          0         88   d2f.o
       334          0          0          0          0        148   dadd.o
       222          0          0          0          0        100   ddiv.o
       186          0          0          0          0        176   depilogue.o
        50          0          0          0          0         76   dfixui.o
        48          0          0          0          0         68   dfixul.o
        34          0          0          0          0         76   dflti.o
        26          0          0          0          0         76   dfltui.o
       228          0          0          0          0         96   dmul.o
       162          0          0          0          0        100   dsqrt.o
        38          0          0          0          0         68   f2d.o
       110          0          0          0          0        168   fepilogue.o

    ----------------------------------------------------------------------
      6968        392        240          4          0       4508   Library Totals
         4          0          0          0          0          0   (incl. Padding)

    ----------------------------------------------------------------------

      Code (inc. data)   RO Data    RW Data    ZI Data      Debug   Library Name

      2654        280        240          0          0       1884   m_wm.l
      2720        112          0          4          0       1248   mc_w.l
      1590          0          0          0          0       1376   mf_w.l

    ----------------------------------------------------------------------
      6968        392        240          4          0       4508   Library Totals

    ----------------------------------------------------------------------

==============================================================================


      Code (inc. data)   RO Data    RW Data    ZI Data      Debug   

     28300       1532       3892        164       1244     428795   Grand Totals
     28300       1532       3892        164       1244     428795   ELF Image Totals
     28300       1532       3892        164          0          0   ROM Totals

==============================================================================

    Total RO  Size (Code + RO Data)                32192 (  31.44kB)
    Total RW  Size (RW Data + ZI Data)              1408 (   1.38kB)
    Total ROM Size (Code + RO Data + RW Data)      32356 (  31.60kB)

==============================================================================

