Component: ARM Compiler 5.06 update 7 (build 960) Tool: armlink [4d3601]

==============================================================================

Section Cross References

    main.o(.text) refers to bsp.o(.text) for BSP_Init
    main.o(.text) refers to printfa.o(i.__0printf) for __2printf
    main.o(.text) refers to oled.o(.text) for OLED_Clear
    main.o(.text) refers to f2d.o(.text) for __aeabi_f2d
    main.o(.text) refers to main.o(.data) for .data
    system_stm32f4xx.o(.text) refers to system_stm32f4xx.o(.data) for .data
    bsp.o(.text) refers to stm32f4xx_rcc.o(.text) for RCC_APB1PeriphClockCmd
    bsp.o(.text) refers to stm32f4xx_tim.o(.text) for TIM_TimeBaseInit
    bsp.o(.text) refers to stm32f4xx_syscfg.o(.text) for SYSCFG_EXTILineConfig
    bsp.o(.text) refers to stm32f4xx_gpio.o(.text) for GPIO_Init
    bsp.o(.text) refers to stm32f4xx_exti.o(.text) for EXTI_Init
    bsp.o(.text) refers to usart.o(.text) for usart1_init
    bsp.o(.text) refers to printfa.o(i.__0printf) for __2printf
    bsp.o(.text) refers to delay.o(.text) for delay_init
    bsp.o(.text) refers to nvic.o(.text) for BSP_NVIC_IT_Config
    bsp.o(.text) refers to control.o(.text) for Motor_PWM_TIM8_Init
    bsp.o(.text) refers to oled.o(.text) for OLED_Init
    bsp.o(.text) refers to mpu6050.o(.text) for MPU_Init
    bsp.o(.text) refers to inv_mpu.o(.text) for mpu_dmp_init
    bsp.o(.text) refers to stm32f4xx_adc.o(.text) for ADC_Init
    bsp.o(.text) refers to misc.o(.text) for NVIC_Init
    bsp.o(.text) refers to dfltui.o(.text) for __aeabi_ui2d
    bsp.o(.text) refers to ddiv.o(.text) for __aeabi_ddiv
    bsp.o(.text) refers to dmul.o(.text) for __aeabi_dmul
    bsp.o(.text) refers to dfixui.o(.text) for __aeabi_d2uiz
    bsp.o(.text) refers to bsp.o(.conststring) for .conststring
    bsp.o(.text) refers to bsp.o(.data) for .data
    control_task.o(.text) refers to f2d.o(.text) for __aeabi_f2d
    control_task.o(.text) refers to dmul.o(.text) for __aeabi_dmul
    control_task.o(.text) refers to ddiv.o(.text) for __aeabi_ddiv
    control_task.o(.text) refers to d2f.o(.text) for __aeabi_d2f
    control_task.o(.text) refers to cosf.o(i.__hardfp_cosf) for __hardfp_cosf
    control_task.o(.text) refers to atanf.o(i.__hardfp_atanf) for __hardfp_atanf
    control_task.o(.text) refers to sinf.o(i.__hardfp_sinf) for __hardfp_sinf
    control_task.o(.text) refers to dadd.o(.text) for __aeabi_dadd
    control_task.o(.text) refers to control.o(i.T3Motor_CmdCombination) for T3Motor_CmdCombination
    control_task.o(.text) refers to printfa.o(i.__0printf) for __2printf
    control_task.o(.text) refers to control_task.o(.data) for .data
    control_task.o(.text) refers to main.o(.data) for dis
    control_task.o(.text) refers to main.o(.data) for roll
    control_task.o(.text) refers to control.o(.text) for Motor_Cmd
    control_task.o(.text) refers to stm32f4xx_exti.o(.text) for EXTI_GetITStatus
    control_task.o(.text) refers to inv_mpu.o(.text) for mpu_dmp_get_data
    control_task.o(.text) refers to main.o(.data) for yaw
    control_task.o(.text) refers to main.o(.data) for mode
    control_task.o(.text) refers to asinf.o(i.__hardfp_asinf) for __hardfp_asinf
    control_task.o(.text) refers to control.o(i.T5Motor_CmdCombination) for T5Motor_CmdCombination
    control_task.o(.text) refers to stm32f4xx_tim.o(.text) for TIM_GetITStatus
    control_task.o(.text) refers to main.o(.data) for polar
    control_task.o(.text) refers to main.o(.data) for absroll
    control_task.o(.text) refers to main.o(.data) for abspitch
    control_task.o(.data) refers to control.o(.text) for PidControl_Stop
    control.o(.text) refers to f2d.o(.text) for __aeabi_f2d
    control.o(.text) refers to dmul.o(.text) for __aeabi_dmul
    control.o(.text) refers to d2f.o(.text) for __aeabi_d2f
    control.o(.text) refers to tanf.o(i.__hardfp_tanf) for __hardfp_tanf
    control.o(.text) refers to sqrtf.o(i.__hardfp_sqrtf) for __hardfp_sqrtf
    control.o(.text) refers to atanf.o(i.__hardfp_atanf) for __hardfp_atanf
    control.o(.text) refers to ddiv.o(.text) for __aeabi_ddiv
    control.o(.text) refers to stm32f4xx_rcc.o(.text) for RCC_APB2PeriphClockCmd
    control.o(.text) refers to bsp.o(.text) for GPIO_Config
    control.o(.text) refers to stm32f4xx_gpio.o(.text) for GPIO_PinAFConfig
    control.o(.text) refers to stm32f4xx_tim.o(.text) for TIM_TimeBaseInit
    control.o(.text) refers to printfa.o(i.__0printf) for __2printf
    control.o(.text) refers to main.o(.data) for absroll
    control.o(.text) refers to main.o(.data) for abspitch
    control.o(.text) refers to main.o(.data) for def
    control.o(.text) refers to main.o(.data) for dis
    control.o(.text) refers to main.o(.data) for Opolar
    control.o(.text) refers to main.o(.data) for polar
    control.o(.text) refers to control.o(.data) for .data
    control.o(.text) refers to usart.o(.data) for Stop_flag
    nvic.o(.text) refers to misc.o(.text) for NVIC_PriorityGroupConfig
[...]
    T1Lintegral                              0x200001a4   Data           4  control.o(.data)
    T1Lderivative                            0x200001a8   Data           4  control.o(.data)
    T1LintegralMin                           0x200001ac   Data           4  control.o(.data)
    T1LintegralMax                           0x200001b0   Data           4  control.o(.data)
    output                                   0x200001b4   Data           4  control.o(.data)
    .data                                    0x200001b8   Section       53  inv_mpu.o(.data)
    st                                       0x200001b8   Data          44  inv_mpu.o(.data)
    gyro_orientation                         0x200001e4   Data           9  inv_mpu.o(.data)
    .data                                    0x200001f0   Section        4  delay.o(.data)
    g_fac_us                                 0x200001f0   Data           4  delay.o(.data)
    .data                                    0x200001f4   Section        1  usart.o(.data)
    .data                                    0x200001f6   Section        4  usart.o(.data)
    Res                                      0x200001f8   Data           2  usart.o(.data)
    .data                                    0x200001fc   Section        4  usart.o(.data)
    .data                                    0x20000200   Section       16  stm32f4xx_rcc.o(.data)
    APBAHBPrescTable                         0x20000200   Data          16  stm32f4xx_rcc.o(.data)
    .data                                    0x20000210   Section        4  errno.o(.data)
    _errno                                   0x20000210   Data           4  errno.o(.data)
    .bss                                     0x20000214   Section       16  inv_mpu_dmp_motion_driver.o(.bss)
    dmp                                      0x20000214   Data          16  inv_mpu_dmp_motion_driver.o(.bss)
    .bss                                     0x20000224   Section     1024  oled.o(.bss)
    .bss                                     0x20000624   Section      200  usart.o(.bss)
    STACK                                    0x200006f0   Section     1024  startup_stm32f40_41xxx.o(STACK)

    Global Symbols

    Symbol Name                              Value     Ov Type        Size  Object(Section)

    BuildAttributes$$THM_ISAv4$E$P$D$K$B$S$7EM$VFPi3$EXTD16$VFPS$VFMA$PE$A:L22UL41UL21$X:L11$S22US41US21$IEEE1$IW$USESV6$~STKCKD$USESV7$~SHL$OTIME$ROPI$IEEEX$EBA8$MICROLIB$REQ8$PRES8$EABIv2 0x00000000   Number         0  anon$$obj.o ABSOLUTE
    __ARM_use_no_argv                        0x00000000   Number         0  main.o ABSOLUTE
    __use_no_errno                           0x00000000   Number         0  useno.o ABSOLUTE
    __use_no_exception_handling              0x00000000   Number         0  useno.o ABSOLUTE
    __use_no_fp                              0x00000000   Number         0  useno.o ABSOLUTE
    __use_no_heap                            0x00000000   Number         0  useno.o ABSOLUTE
    __use_no_heap_region                     0x00000000   Number         0  useno.o ABSOLUTE
    __use_no_semihosting                     0x00000000   Number         0  useno.o ABSOLUTE
    __use_no_semihosting_swi                 0x00000000   Number         0  useno.o ABSOLUTE
    __use_no_signal_handling                 0x00000000   Number         0  useno.o ABSOLUTE
    _printf_a                                0x00000000   Number         0  stubs.o ABSOLUTE
    _printf_c                                0x00000000   Number         0  stubs.o ABSOLUTE
    _printf_charcount                        0x00000000   Number         0  stubs.o ABSOLUTE
    _printf_d                                0x00000000   Number         0  stubs.o ABSOLUTE
    _printf_e                                0x00000000   Number         0  stubs.o ABSOLUTE
    _printf_f                                0x00000000   Number         0  stubs.o ABSOLUTE
    _printf_flags                            0x00000000   Number         0  stubs.o ABSOLUTE
    _printf_fp_dec                           0x00000000   Number         0  stubs.o ABSOLUTE
    _printf_fp_hex                           0x00000000   Number         0  stubs.o ABSOLUTE
    _printf_g                                0x00000000   Number         0  stubs.o ABSOLUTE
    _printf_i                                0x00000000   Number         0  stubs.o ABSOLUTE
    _printf_int_dec                          0x00000000   Number         0  stubs.o ABSOLUTE
    _printf_l                                0x00000000   Number         0  stubs.o ABSOLUTE
    _printf_lc                               0x00000000   Number         0  stubs.o ABSOLUTE
    _printf_ll                               0x00000000   Number         0  stubs.o ABSOLUTE
    _printf_lld                              0x00000000   Number         0  stubs.o ABSOLUTE
    _printf_lli                              0x00000000   Number         0  stubs.o ABSOLUTE
    _printf_llo                              0x00000000   Number         0  stubs.o ABSOLUTE
    _printf_llu                              0x00000000   Number         0  stubs.o ABSOLUTE
    _printf_llx                              0x00000000   Number         0  stubs.o ABSOLUTE
    _printf_longlong_dec                     0x00000000   Number         0  stubs.o ABSOLUTE
    _printf_longlong_hex                     0x00000000   Number         0  stubs.o ABSOLUTE
    _printf_longlong_oct                     0x00000000   Number         0  stubs.o ABSOLUTE
    _printf_ls                               0x00000000   Number         0  stubs.o ABSOLUTE
    _printf_mbtowc                           0x00000000   Number         0  stubs.o ABSOLUTE
    _printf_n                                0x00000000   Number         0  stubs.o ABSOLUTE
    _printf_o                                0x00000000   Number         0  stubs.o ABSOLUTE
    _printf_p                                0x00000000   Number         0  stubs.o ABSOLUTE
    _printf_percent                          0x00000000   Number         0  stubs.o ABSOLUTE
    _printf_pre_padding                      0x00000000   Number         0  stubs.o ABSOLUTE
    _printf_return_value                     0x00000000   Number         0  stubs.o ABSOLUTE
    _printf_s                                0x00000000   Number         0  stubs.o ABSOLUTE
    _printf_sizespec                         0x00000000   Number         0  stubs.o ABSOLUTE
    _printf_str                              0x00000000   Number         0  stubs.o ABSOLUTE
    _printf_truncate_signed                  0x00000000   Number         0  stubs.o ABSOLUTE
    _printf_truncate_unsigned                0x00000000   Number         0  stubs.o ABSOLUTE
    _printf_u                                0x00000000   Number         0  stubs.o ABSOLUTE
    _printf_wc                               0x00000000   Number         0  stubs.o ABSOLUTE
    _printf_wctomb                           0x00000000   Number         0  stubs.o ABSOLUTE
    _printf_widthprec                        0x00000000   Number         0  stubs.o ABSOLUTE
    _printf_x                                0x00000000   Number         0  stubs.o ABSOLUTE
    __arm_fini_                               - Undefined Weak Reference
    __cpp_initialize__aeabi_                  - Undefined Weak Reference
    __cxa_finalize                            - Undefined Weak Reference
    _clock_init                               - Undefined Weak Reference
    _microlib_exit                            - Undefined Weak Reference
    __Vectors_Size                           0x00000188   Number         0  startup_stm32f40_41xxx.o ABSOLUTE
    __Vectors                                0x08000000   Data           4  startup_stm32f40_41xxx.o(RESET)
    __Vectors_End                            0x08000188   Data           0  startup_stm32f40_41xxx.o(RESET)
    __main                                   0x08000189   Thumb Code     0  entry.o(.ARM.Collect$$$$00000000)
    _main_stk                                0x08000189   Thumb Code     0  entry2.o(.ARM.Collect$$$$00000001)
    _main_scatterload                        0x0800018d   Thumb Code     0  entry5.o(.ARM.Collect$$$$00000004)
    __main_after_scatterload                 0x08000191   Thumb Code     0  entry5.o(.ARM.Collect$$$$00000004)
    _main_clock                              0x08000191   Thumb Code     0  entry7b.o(.ARM.Collect$$$$00000008)
    _main_cpp_init                           0x08000191   Thumb Code     0  entry8b.o(.ARM.Collect$$$$0000000A)
    _main_init                               0x08000191   Thumb Code     0  entry9a.o(.ARM.Collect$$$$0000000B)
    __rt_lib_shutdown_fini                   0x08000199   Thumb Code     0  entry12b.o(.ARM.Collect$$$$0000000E)
    __rt_final_cpp                           0x0800019d   Thumb Code     0  entry10a.o(.ARM.Collect$$$$0000000F)
    __rt_final_exit                          0x0800019d   Thumb Code     0  entry11a.o(.ARM.Collect$$$$00000011)
    main                                     0x080001a1   Thumb Code   104  main.o(.text)
    NMI_Handler                              0x08000259   Thumb Code     2  stm32f4xx_it.o(.text)
    HardFault_Handler                        0x0800025b   Thumb Code     2  stm32f4xx_it.o(.text)
    MemManage_Handler                        0x0800025d   Thumb Code     2  stm32f4xx_it.o(.text)
    BusFault_Handler                         0x0800025f   Thumb Code     2  stm32f4xx_it.o(.text)
    UsageFault_Handler                       0x08000261   Thumb Code     2  stm32f4xx_it.o(.text)
    DebugMon_Handler                         0x08000263   Thumb Code     2  stm32f4xx_it.o(.text)
    SystemInit                               0x0800030d   Thumb Code    74  system_stm32f4xx.o(.text)
    SystemCoreClockUpdate                    0x08000357   Thumb Code   122  system_stm32f4xx.o(.text)
    TIM2_Init                                0x080003f5   Thumb Code    78  bsp.o(.text)
    EXIT15_Init                              0x08000443   Thumb Code    82  bsp.o(.text)
    GPIO_Config                              0x08000495   Thumb Code    32  bsp.o(.text)
    LED_Init                                 0x080004b5   Thumb Code    42  bsp.o(.text)
    BSP_Init                                 0x080004df   Thumb Code   192  bsp.o(.text)
    ADC_Config                               0x0800059f   Thumb Code   156  bsp.o(.text)
    ADCvalue_convert                         0x0800063b   Thumb Code    38  bsp.o(.text)
    ADC_IRQHandler                           0x08000661   Thumb Code    64  bsp.o(.text)
    Task4_StopFast                           0x08000809   Thumb Code    28  control_task.o(.text)
    Task3_AngleMove                          0x08000825   Thumb Code  1718  control_task.o(.text)
    Task1_LineMove                           0x08000edb   Thumb Code   376  control_task.o(.text)
    EXTI15_10_IRQHandler                     0x08001053   Thumb Code   168  control_task.o(.text)
    Task5_CircleMove                         0x080010fb   Thumb Code   568  control_task.o(.text)
    TIM2_IRQHandler                          0x08001333   Thumb Code    36  control_task.o(.text)
    GetPolar                                 0x080013b9   Thumb Code   498  control.o(.text)
    PidControl_Stop                          0x080015ab   Thumb Code   128  control.o(.text)
    PidControl_LineMove                      0x0800162b   Thumb Code   128  control.o(.text)
    Motor_PWM_TIM8_Init                      0x080016ab   Thumb Code   244  control.o(.text)
    Motor_Cmd                                0x0800179f   Thumb Code   298  control.o(.text)
    StopAllMotor                             0x080018c9   Thumb Code    30  control.o(.text)
    BSP_NVIC_IT_Config                       0x080018ed   Thumb Code   140  nvic.o(.text)
    IIC_Init                                 0x08001979   Thumb Code    52  myiic.o(.text)
    IIC_Start                                0x080019ad   Thumb Code    48  myiic.o(.text)
    IIC_Stop                                 0x080019dd   Thumb Code    50  myiic.o(.text)
    IIC_Wait_Ack                             0x08001a0f   Thumb Code    74  myiic.o(.text)
    IIC_Ack                                  0x08001a59   Thumb Code    48  myiic.o(.text)
    IIC_NAck                                 0x08001a89   Thumb Code    48  myiic.o(.text)
    IIC_Send_Byte                            0x08001ab9   Thumb Code    86  myiic.o(.text)
    IIC_Read_Byte                            0x08001b0f   Thumb Code    96  myiic.o(.text)
    MPU_Write_Byte                           0x08001b7d   Thumb Code    68  mpu6050.o(.text)
    MPU_Set_LPF                              0x08001bc1   Thumb Code    46  mpu6050.o(.text)
    MPU_Set_Rate                             0x08001bef   Thumb Code    42  mpu6050.o(.text)
    MPU_Read_Byte                            0x08001c19   Thumb Code    58  mpu6050.o(.text)
    MPU_Set_Accel_Fsr                        0x08001c53   Thumb Code     8  mpu6050.o(.text)
    MPU_Set_Gyro_Fsr                         0x08001c5b   Thumb Code     8  mpu6050.o(.text)
    MPU_Init                                 0x08001c63   Thumb Code   126  mpu6050.o(.text)
    MPU_Read_Len                             0x08001ce1   Thumb Code   112  mpu6050.o(.text)
    MPU_Get_Temperature                      0x08001d51   Thumb Code    84  mpu6050.o(.text)
    MPU_Get_Gyroscope                        0x08001da5   Thumb Code    68  mpu6050.o(.text)
    MPU_Get_Accelerometer                    0x08001de9   Thumb Code    68  mpu6050.o(.text)
    MPU_Write_Len                            0x08001e2d   Thumb Code    88  mpu6050.o(.text)
    mpu_reg_dump                             0x08001f1d   Thumb Code    70  inv_mpu.o(.text)
    mpu_read_reg                             0x08001f63   Thumb Code    56  inv_mpu.o(.text)
    mpu_set_int_latched                      0x08001f9b   Thumb Code    92  inv_mpu.o(.text)
    mpu_set_sensors                          0x08001ff7   Thumb Code   172  inv_mpu.o(.text)
    mpu_set_bypass                           0x080020a3   Thumb Code   276  inv_mpu.o(.text)
    mpu_reset_fifo                           0x080021b7   Thumb Code   378  inv_mpu.o(.text)
    mpu_configure_fifo                       0x08002331   Thumb Code    92  inv_mpu.o(.text)
    mpu_set_lpf                              0x0800238d   Thumb Code   120  inv_mpu.o(.text)
    mpu_lp_accel_mode                        0x08002405   Thumb Code   206  inv_mpu.o(.text)
    mpu_set_sample_rate                      0x080024d3   Thumb Code   128  inv_mpu.o(.text)
    mpu_set_accel_fsr                        0x08002553   Thumb Code   112  inv_mpu.o(.text)
    mpu_set_gyro_fsr                         0x080025c3   Thumb Code   118  inv_mpu.o(.text)
    mpu_init                                 0x08002639   Thumb Code   388  inv_mpu.o(.text)
    mget_ms                                  0x080027bd   Thumb Code     2  inv_mpu.o(.text)
    mpu_get_gyro_reg                         0x080027bf   Thumb Code   100  inv_mpu.o(.text)
    mpu_get_accel_reg                        0x08002823   Thumb Code    98  inv_mpu.o(.text)
    mpu_get_temperature                      0x08002885   Thumb Code   134  inv_mpu.o(.text)
    mpu_set_accel_bias                       0x0800290b   Thumb Code   302  inv_mpu.o(.text)
    mpu_get_gyro_fsr                         0x08002a39   Thumb Code    58  inv_mpu.o(.text)
    mpu_get_accel_fsr                        0x08002a73   Thumb Code    62  inv_mpu.o(.text)
    mpu_get_lpf                              0x08002ab1   Thumb Code    64  inv_mpu.o(.text)
    mpu_get_sample_rate                      0x08002af1   Thumb Code    24  inv_mpu.o(.text)
    mpu_get_compass_sample_rate              0x08002b09   Thumb Code     8  inv_mpu.o(.text)
    mpu_set_compass_sample_rate              0x08002b11   Thumb Code     6  inv_mpu.o(.text)
    mpu_get_gyro_sens                        0x08002b17   Thumb Code   124  inv_mpu.o(.text)
    mpu_get_accel_sens                       0x08002b93   Thumb Code    70  inv_mpu.o(.text)
    mpu_get_fifo_config                      0x08002bd9   Thumb Code    10  inv_mpu.o(.text)
    mpu_get_power_state                      0x08002be3   Thumb Code    22  inv_mpu.o(.text)
    mpu_get_int_status                       0x08002bf9   Thumb Code    60  inv_mpu.o(.text)
    mpu_read_fifo                            0x08002c35   Thumb Code   416  inv_mpu.o(.text)
    mpu_read_fifo_stream                     0x08002dd5   Thumb Code   166  inv_mpu.o(.text)
    mpu_set_int_level                        0x08002e7b   Thumb Code    10  inv_mpu.o(.text)
    mpu_set_dmp_state                        0x0800347f   Thumb Code   118  inv_mpu.o(.text)
    mpu_run_self_test                        0x080034f5   Thumb Code   244  inv_mpu.o(.text)
    mpu_write_mem                            0x080035e9   Thumb Code   104  inv_mpu.o(.text)
    mpu_read_mem                             0x08003651   Thumb Code   104  inv_mpu.o(.text)
    mpu_load_firmware                        0x080036b9   Thumb Code   174  inv_mpu.o(.text)
    mpu_get_dmp_state                        0x08003767   Thumb Code    12  inv_mpu.o(.text)
    setup_compass                            0x08003773   Thumb Code     6  inv_mpu.o(.text)
    mpu_get_compass_reg                      0x08003779   Thumb Code     6  inv_mpu.o(.text)
    mpu_get_compass_fsr                      0x0800377f   Thumb Code     6  inv_mpu.o(.text)
    mpu_lp_motion_interrupt                  0x08003785   Thumb Code   450  inv_mpu.o(.text)
    run_self_test                            0x08003947   Thumb Code   136  inv_mpu.o(.text)
    inv_row_2_scale                          0x080039cf   Thumb Code    72  inv_mpu.o(.text)
    inv_orientation_matrix_to_scalar         0x08003a17   Thumb Code    36  inv_mpu.o(.text)
    mpu_dmp_init                             0x08003a3b   Thumb Code   154  inv_mpu.o(.text)
    mpu_dmp_get_data                         0x08003ad5   Thumb Code   344  inv_mpu.o(.text)
    dmp_load_motion_driver_firmware          0x08003c3d   Thumb Code    16  inv_mpu_dmp_motion_driver.o(.text)
    dmp_set_orientation                      0x08003c4d   Thumb Code   260  inv_mpu_dmp_motion_driver.o(.text)
    dmp_set_gyro_bias                        0x08003d51   Thumb Code   256  inv_mpu_dmp_motion_driver.o(.text)
    dmp_set_accel_bias                       0x08003e51   Thumb Code   260  inv_mpu_dmp_motion_driver.o(.text)
    dmp_set_fifo_rate                        0x08003f55   Thumb Code    96  inv_mpu_dmp_motion_driver.o(.text)
    dmp_get_fifo_rate                        0x08003fb5   Thumb Code    10  inv_mpu_dmp_motion_driver.o(.text)
    dmp_set_tap_thresh                       0x08003fbf   Thumb Code   428  inv_mpu_dmp_motion_driver.o(.text)
    dmp_set_tap_axes                         0x0800416b   Thumb Code    56  inv_mpu_dmp_motion_driver.o(.text)
    dmp_set_tap_count                        0x080041a3   Thumb Code    34  inv_mpu_dmp_motion_driver.o(.text)
    dmp_set_tap_time                         0x080041c5   Thumb Code    32  inv_mpu_dmp_motion_driver.o(.text)
    dmp_set_tap_time_multi                   0x080041e5   Thumb Code    32  inv_mpu_dmp_motion_driver.o(.text)
    dmp_set_shake_reject_thresh              0x08004205   Thumb Code    48  inv_mpu_dmp_motion_driver.o(.text)
    dmp_set_shake_reject_time                0x08004235   Thumb Code    32  inv_mpu_dmp_motion_driver.o(.text)
    dmp_set_shake_reject_timeout             0x08004255   Thumb Code    32  inv_mpu_dmp_motion_driver.o(.text)
    dmp_get_pedometer_step_count             0x08004275   Thumb Code    68  inv_mpu_dmp_motion_driver.o(.text)
    dmp_set_pedometer_step_count             0x080042b9   Thumb Code    38  inv_mpu_dmp_motion_driver.o(.text)
    dmp_get_pedometer_walk_time              0x080042df   Thumb Code    74  inv_mpu_dmp_motion_driver.o(.text)
    dmp_set_pedometer_walk_time              0x08004329   Thumb Code    44  inv_mpu_dmp_motion_driver.o(.text)
    dmp_enable_6x_lp_quat                    0x08004355   Thumb Code    60  inv_mpu_dmp_motion_driver.o(.text)
    dmp_enable_lp_quat                       0x08004391   Thumb Code    60  inv_mpu_dmp_motion_driver.o(.text)
    dmp_enable_gyro_cal                      0x080043cd   Thumb Code    62  inv_mpu_dmp_motion_driver.o(.text)
    dmp_enable_feature                       0x0800440b   Thumb Code   534  inv_mpu_dmp_motion_driver.o(.text)
    dmp_get_enabled_features                 0x08004621   Thumb Code    10  inv_mpu_dmp_motion_driver.o(.text)
    dmp_set_interrupt_mode                   0x08004663   Thumb Code    76  inv_mpu_dmp_motion_driver.o(.text)
    dmp_read_fifo                            0x080046af   Thumb Code   384  inv_mpu_dmp_motion_driver.o(.text)
    dmp_register_tap_cb                      0x0800482f   Thumb Code     8  inv_mpu_dmp_motion_driver.o(.text)
    dmp_register_android_orient_cb           0x08004837   Thumb Code     8  inv_mpu_dmp_motion_driver.o(.text)
    OLED_W_D0                                0x08004861   Thumb Code    10  oled.o(.text)
    OLED_W_D1                                0x0800486b   Thumb Code    10  oled.o(.text)
    OLED_W_RES                               0x08004875   Thumb Code    10  oled.o(.text)
    OLED_W_DC                                0x0800487f   Thumb Code    10  oled.o(.text)
    OLED_W_CS                                0x08004889   Thumb Code    10  oled.o(.text)
    OLED_GPIO_Init                           0x08004893   Thumb Code   146  oled.o(.text)
    OLED_SPI_SendByte                        0x08004925   Thumb Code    44  oled.o(.text)
    OLED_WriteCommand                        0x08004951   Thumb Code    30  oled.o(.text)
    OLED_WriteData                           0x0800496f   Thumb Code    44  oled.o(.text)
    OLED_SetCursor                           0x0800499b   Thumb Code    32  oled.o(.text)
    OLED_Update                              0x080049bb   Thumb Code    34  oled.o(.text)
    OLED_Clear                               0x080049dd   Thumb Code    34  oled.o(.text)
    OLED_Init                                0x080049ff   Thumb Code   154  oled.o(.text)
    OLED_Pow                                 0x08004a99   Thumb Code    16  oled.o(.text)
    OLED_pnpoly                              0x08004aa9   Thumb Code   112  oled.o(.text)
    OLED_IsInAngle                           0x08004b19   Thumb Code   112  oled.o(.text)
    OLED_UpdateArea                          0x08004b89   Thumb Code    98  oled.o(.text)
    OLED_ClearArea                           0x08004beb   Thumb Code   110  oled.o(.text)
    OLED_Reverse                             0x08004c59   Thumb Code    36  oled.o(.text)
    OLED_ReverseArea                         0x08004c7d   Thumb Code    86  oled.o(.text)
    OLED_ShowImage                           0x08004cd3   Thumb Code   176  oled.o(.text)
    OLED_ShowChar                            0x08004d83   Thumb Code    52  oled.o(.text)
    OLED_ShowString                          0x08004db7   Thumb Code    42  oled.o(.text)
    OLED_ShowNum                             0x08004de1   Thumb Code    72  oled.o(.text)
    OLED_ShowSignedNum                       0x08004e29   Thumb Code   102  oled.o(.text)
    OLED_ShowHexNum                          0x08004e8f   Thumb Code    90  oled.o(.text)
    OLED_ShowBinNum                          0x08004ee9   Thumb Code    66  oled.o(.text)
    OLED_ShowFloatNum                        0x08004f2b   Thumb Code   222  oled.o(.text)
    OLED_ShowChinese                         0x08005009   Thumb Code   166  oled.o(.text)
    OLED_Printf                              0x080050af   Thumb Code    42  oled.o(.text)
    OLED_DrawPoint                           0x080050d9   Thumb Code    46  oled.o(.text)
    OLED_GetPoint                            0x08005107   Thumb Code    52  oled.o(.text)
    OLED_DrawLine                            0x0800513b   Thumb Code   330  oled.o(.text)
    OLED_DrawRectangle                       0x08005285   Thumb Code   122  oled.o(.text)
    OLED_DrawTriangle                        0x080052ff   Thumb Code   194  oled.o(.text)
    OLED_DrawCircle                          0x080053c1   Thumb Code   336  oled.o(.text)
    OLED_DrawEllipse                         0x08005511   Thumb Code   758  oled.o(.text)
    OLED_DrawArc                             0x08005807   Thumb Code   604  oled.o(.text)
    Reset_Handler                            0x08005a65   Thumb Code     8  startup_stm32f40_41xxx.o(.text)
    SVC_Handler                              0x08005a77   Thumb Code     2  startup_stm32f40_41xxx.o(.text)
    PendSV_Handler                           0x08005a7b   Thumb Code     2  startup_stm32f40_41xxx.o(.text)
    SysTick_Handler                          0x08005a7d   Thumb Code     2  startup_stm32f40_41xxx.o(.text)
    CAN1_RX0_IRQHandler                      0x08005a7f   Thumb Code     0  startup_stm32f40_41xxx.o(.text)
    CAN1_RX1_IRQHandler                      0x08005a7f   Thumb Code     0  startup_stm32f40_41xxx.o(.text)
    CAN1_SCE_IRQHandler                      0x08005a7f   Thumb Code     0  startup_stm32f40_41xxx.o(.text)
    CAN1_TX_IRQHandler                       0x08005a7f   Thumb Code     0  startup_stm32f40_41xxx.o(.text)
    CAN2_RX0_IRQHandler                      0x08005a7f   Thumb Code     0  startup_stm32f40_41xxx.o(.text)
    CAN2_RX1_IRQHandler                      0x08005a7f   Thumb Code     0  startup_stm32f40_41xxx.o(.text)
    CAN2_SCE_IRQHandler                      0x08005a7f   Thumb Code     0  startup_stm32f40_41xxx.o(.text)
    CAN2_TX_IRQHandler                       0x08005a7f   Thumb Code     0  startup_stm32f40_41xxx.o(.text)
    CRYP_IRQHandler                          0x08005a7f   Thumb Code     0  startup_stm32f40_41xxx.o(.text)
    DCMI_IRQHandler                          0x08005a7f   Thumb Code     0  startup_stm32f40_41xxx.o(.text)
    DMA1_Stream0_IRQHandler                  0x08005a7f   Thumb Code     0  startup_stm32f40_41xxx.o(.text)
    DMA1_Stream1_IRQHandler                  0x08005a7f   Thumb Code     0  startup_stm32f40_41xxx.o(.text)
    DMA1_Stream2_IRQHandler                  0x08005a7f   Thumb Code     0  startup_stm32f40_41xxx.o(.text)
    DMA1_Stream3_IRQHandler                  0x08005a7f   Thumb Code     0  startup_stm32f40_41xxx.o(.text)
    DMA1_Stream4_IRQHandler                  0x08005a7f   Thumb Code     0  startup_stm32f40_41xxx.o(.text)
    DMA1_Stream5_IRQHandler                  0x08005a7f   Thumb Code     0  startup_stm32f40_41xxx.o(.text)
    DMA1_Stream6_IRQHandler                  0x08005a7f   Thumb Code     0  startup_stm32f40_41xxx.o(.text)
    DMA1_Stream7_IRQHandler                  0x08005a7f   Thumb Code     0  startup_stm32f40_41xxx.o(.text)
    DMA2_Stream0_IRQHandler                  0x08005a7f   Thumb Code     0  startup_stm32f40_41xxx.o(.text)
    DMA2_Stream1_IRQHandler                  0x08005a7f   Thumb Code     0  startup_stm32f40_41xxx.o(.text)
    DMA2_Stream2_IRQHandler                  0x08005a7f   Thumb Code     0  startup_stm32f40_41xxx.o(.text)
    DMA2_Stream3_IRQHandler                  0x08005a7f   Thumb Code     0  startup_stm32f40_41xxx.o(.text)
    DMA2_Stream4_IRQHandler                  0x08005a7f   Thumb Code     0  startup_stm32f40_41xxx.o(.text)
    DMA2_Stream5_IRQHandler                  0x08005a7f   Thumb Code     0  startup_stm32f40_41xxx.o(.text)
    DMA2_Stream6_IRQHandler                  0x08005a7f   Thumb Code     0  startup_stm32f40_41xxx.o(.text)
    DMA2_Stream7_IRQHandler                  0x08005a7f   Thumb Code     0  startup_stm32f40_41xxx.o(.text)
    ETH_IRQHandler                           0x08005a7f   Thumb Code     0  startup_stm32f40_41xxx.o(.text)
    ETH_WKUP_IRQHandler                      0x08005a7f   Thumb Code     0  startup_stm32f40_41xxx.o(.text)
    EXTI0_IRQHandler                         0x08005a7f   Thumb Code     0  startup_stm32f40_41xxx.o(.text)
    EXTI1_IRQHandler                         0x08005a7f   Thumb Code     0  startup_stm32f40_41xxx.o(.text)
    EXTI2_IRQHandler                         0x08005a7f   Thumb Code     0  startup_stm32f40_41xxx.o(.text)
    EXTI3_IRQHandler                         0x08005a7f   Thumb Code     0  startup_stm32f40_41xxx.o(.text)
    EXTI4_IRQHandler                         0x08005a7f   Thumb Code     0  startup_stm32f40_41xxx.o(.text)
    EXTI9_5_IRQHandler                       0x08005a7f   Thumb Code     0  startup_stm32f40_41xxx.o(.text)
    FLASH_IRQHandler                         0x08005a7f   Thumb Code     0  startup_stm32f40_41xxx.o(.text)
    FPU_IRQHandler                           0x08005a7f   Thumb Code     0  startup_stm32f40_41xxx.o(.text)
    FSMC_IRQHandler                          0x08005a7f   Thumb Code     0  startup_stm32f40_41xxx.o(.text)
    HASH_RNG_IRQHandler                      0x08005a7f   Thumb Code     0  startup_stm32f40_41xxx.o(.text)
    I2C1_ER_IRQHandler                       0x08005a7f   Thumb Code     0  startup_stm32f40_41xxx.o(.text)
    I2C1_EV_IRQHandler                       0x08005a7f   Thumb Code     0  startup_stm32f40_41xxx.o(.text)
    I2C2_ER_IRQHandler                       0x08005a7f   Thumb Code     0  startup_stm32f40_41xxx.o(.text)
    I2C2_EV_IRQHandler                       0x08005a7f   Thumb Code     0  startup_stm32f40_41xxx.o(.text)
    I2C3_ER_IRQHandler                       0x08005a7f   Thumb Code     0  startup_stm32f40_41xxx.o(.text)
    I2C3_EV_IRQHandler                       0x08005a7f   Thumb Code     0  startup_stm32f40_41xxx.o(.text)
    OTG_FS_IRQHandler                        0x08005a7f   Thumb Code     0  startup_stm32f40_41xxx.o(.text)
    OTG_FS_WKUP_IRQHandler                   0x08005a7f   Thumb Code     0  startup_stm32f40_41xxx.o(.text)
    OTG_HS_EP1_IN_IRQHandler                 0x08005a7f   Thumb Code     0  startup_stm32f40_41xxx.o(.text)
    OTG_HS_EP1_OUT_IRQHandler                0x08005a7f   Thumb Code     0  startup_stm32f40_41xxx.o(.text)
    OTG_HS_IRQHandler                        0x08005a7f   Thumb Code     0  startup_stm32f40_41xxx.o(.text)
    OTG_HS_WKUP_IRQHandler                   0x08005a7f   Thumb Code     0  startup_stm32f40_41xxx.o(.text)
    PVD_IRQHandler                           0x08005a7f   Thumb Code     0  startup_stm32f40_41xxx.o(.text)
    RCC_IRQHandler                           0x08005a7f   Thumb Code     0  startup_stm32f40_41xxx.o(.text)
    RTC_Alarm_IRQHandler                     0x08005a7f   Thumb Code     0  startup_stm32f40_41xxx.o(.text)
    RTC_WKUP_IRQHandler                      0x08005a7f   Thumb Code     0  startup_stm32f40_41xxx.o(.text)
    SDIO_IRQHandler                          0x08005a7f   Thumb Code     0  startup_stm32f40_41xxx.o(.text)
    SPI1_IRQHandler                          0x08005a7f   Thumb Code     0  startup_stm32f40_41xxx.o(.text)
    SPI2_IRQHandler                          0x08005a7f   Thumb Code     0  startup_stm32f40_41xxx.o(.text)
    SPI3_IRQHandler                          0x08005a7f   Thumb Code     0  startup_stm32f40_41xxx.o(.text)
    TAMP_STAMP_IRQHandler                    0x08005a7f   Thumb Code     0  startup_stm32f40_41xxx.o(.text)
    TIM1_BRK_TIM9_IRQHandler                 0x08005a7f   Thumb Code     0  startup_stm32f40_41xxx.o(.text)
    TIM1_CC_IRQHandler                       0x08005a7f   Thumb Code     0  startup_stm32f40_41xxx.o(.text)
    TIM1_TRG_COM_TIM11_IRQHandler            0x08005a7f   Thumb Code     0  startup_stm32f40_41xxx.o(.text)
    TIM1_UP_TIM10_IRQHandler                 0x08005a7f   Thumb Code     0  startup_stm32f40_41xxx.o(.text)
    TIM3_IRQHandler                          0x08005a7f   Thumb Code     0  startup_stm32f40_41xxx.o(.text)
    TIM4_IRQHandler                          0x08005a7f   Thumb Code     0  startup_stm32f40_41xxx.o(.text)
    TIM5_IRQHandler                          0x08005a7f   Thumb Code     0  startup_stm32f40_41xxx.o(.text)
    TIM6_DAC_IRQHandler                      0x08005a7f   Thumb Code     0  startup_stm32f40_41xxx.o(.text)
    TIM7_IRQHandler                          0x08005a7f   Thumb Code     0  startup_stm32f40_41xxx.o(.text)
    TIM8_BRK_TIM12_IRQHandler                0x08005a7f   Thumb Code     0  startup_stm32f40_41xxx.o(.text)
    TIM8_CC_IRQHandler                       0x08005a7f   Thumb Code     0  startup_stm32f40_41xxx.o(.text)
    TIM8_TRG_COM_TIM14_IRQHandler            0x08005a7f   Thumb Code     0  startup_stm32f40_41xxx.o(.text)
    TIM8_UP_TIM13_IRQHandler                 0x08005a7f   Thumb Code     0  startup_stm32f40_41xxx.o(.text)
    UART4_IRQHandler                         0x08005a7f   Thumb Code     0  startup_stm32f40_41xxx.o(.text)
    UART5_IRQHandler                         0x08005a7f   Thumb Code     0  startup_stm32f40_41xxx.o(.text)
    USART3_IRQHandler                        0x08005a7f   Thumb Code     0  startup_stm32f40_41xxx.o(.text)
    USART6_IRQHandler                        0x08005a7f   Thumb Code     0  startup_stm32f40_41xxx.o(.text)
    WWDG_IRQHandler                          0x08005a7f   Thumb Code     0  startup_stm32f40_41xxx.o(.text)
    delay_init                               0x08005a89   Thumb Code    32  delay.o(.text)
    delay_us                                 0x08005aa9   Thumb Code    50  delay.o(.text)
    delay_ms                                 0x08005adb   Thumb Code     8  delay.o(.text)
    USART_Send_Data                          0x08005ae9   Thumb Code    24  usart.o(.text)
    USART_Send_String                        0x08005b01   Thumb Code    42  usart.o(.text)
    U2printf                                 0x08005b2b   Thumb Code    30  usart.o(.text)
    _ttywrch                                 0x08005b49   Thumb Code     2  usart.o(.text)
    _sys_exit                                0x08005b4b   Thumb Code     2  usart.o(.text)
    _sys_command_string                      0x08005b4d   Thumb Code     4  usart.o(.text)
    fputc                                    0x08005b51   Thumb Code    14  usart.o(.text)
    fgetc                                    0x08005b5f   Thumb Code    36  usart.o(.text)
    usart1_init                              0x08005b83   Thumb Code   138  usart.o(.text)
    usart2_init                              0x08005c0d   Thumb Code   112  usart.o(.text)
    USART1_IRQHandler                        0x08005c7d   Thumb Code    92  usart.o(.text)
    SendTo429                                0x08005cd9   Thumb Code    30  usart.o(.text)
    USART2_IRQHandler                        0x08005cf7   Thumb Code   150  usart.o(.text)
    NVIC_PriorityGroupConfig                 0x08005dc1   Thumb Code    10  misc.o(.text)
    NVIC_Init                                0x08005dcb   Thumb Code    98  misc.o(.text)
    NVIC_SetVectorTable                      0x08005e2d   Thumb Code    14  misc.o(.text)
    NVIC_SystemLPConfig                      0x08005e3b   Thumb Code    24  misc.o(.text)
    SysTick_CLKSourceConfig                  0x08005e53   Thumb Code    28  misc.o(.text)
    ADC_DeInit                               0x08005e7d   Thumb Code    24  stm32f4xx_adc.o(.text)
    ADC_Init                                 0x08005e95   Thumb Code    66  stm32f4xx_adc.o(.text)
    ADC_StructInit                           0x08005ed7   Thumb Code    20  stm32f4xx_adc.o(.text)
    ADC_CommonInit                           0x08005eeb   Thumb Code    30  stm32f4xx_adc.o(.text)
    ADC_CommonStructInit                     0x08005f09   Thumb Code    12  stm32f4xx_adc.o(.text)
    ADC_Cmd                                  0x08005f15   Thumb Code    24  stm32f4xx_adc.o(.text)
    ADC_AnalogWatchdogCmd                    0x08005f2d   Thumb Code    12  stm32f4xx_adc.o(.text)
    ADC_AnalogWatchdogThresholdsConfig       0x08005f39   Thumb Code     6  stm32f4xx_adc.o(.text)
    ADC_AnalogWatchdogSingleChannelConfig    0x08005f3f   Thumb Code    12  stm32f4xx_adc.o(.text)
    ADC_TempSensorVrefintCmd                 0x08005f4b   Thumb Code    34  stm32f4xx_adc.o(.text)
    ADC_VBATCmd                              0x08005f6d   Thumb Code    34  stm32f4xx_adc.o(.text)
    ADC_RegularChannelConfig                 0x08005f8f   Thumb Code   116  stm32f4xx_adc.o(.text)
    ADC_SoftwareStartConv                    0x08006003   Thumb Code    10  stm32f4xx_adc.o(.text)
    ADC_GetSoftwareStartConvStatus           0x0800600d   Thumb Code    14  stm32f4xx_adc.o(.text)
    ADC_EOCOnEachRegularChannelCmd           0x0800601b   Thumb Code    24  stm32f4xx_adc.o(.text)
    ADC_ContinuousModeCmd                    0x08006033   Thumb Code    24  stm32f4xx_adc.o(.text)
    ADC_DiscModeChannelCountConfig           0x0800604b   Thumb Code    16  stm32f4xx_adc.o(.text)
    ADC_DiscModeCmd                          0x0800605b   Thumb Code    24  stm32f4xx_adc.o(.text)
    ADC_GetConversionValue                   0x08006073   Thumb Code     6  stm32f4xx_adc.o(.text)
    ADC_GetMultiModeConversionValue          0x08006079   Thumb Code     8  stm32f4xx_adc.o(.text)
    ADC_DMACmd                               0x08006081   Thumb Code    24  stm32f4xx_adc.o(.text)
    ADC_DMARequestAfterLastTransferCmd       0x08006099   Thumb Code    24  stm32f4xx_adc.o(.text)
    ADC_MultiModeDMARequestAfterLastTransferCmd 0x080060b1   Thumb Code    34  stm32f4xx_adc.o(.text)
    ADC_InjectedChannelConfig                0x080060d3   Thumb Code    74  stm32f4xx_adc.o(.text)
    ADC_InjectedSequencerLengthConfig        0x0800611d   Thumb Code    16  stm32f4xx_adc.o(.text)
    ADC_SetInjectedOffset                    0x0800612d   Thumb Code    16  stm32f4xx_adc.o(.text)
    ADC_ExternalTrigInjectedConvConfig       0x0800613d   Thumb Code    12  stm32f4xx_adc.o(.text)
    ADC_ExternalTrigInjectedConvEdgeConfig   0x08006149   Thumb Code    12  stm32f4xx_adc.o(.text)
    ADC_SoftwareStartInjectedConv            0x08006155   Thumb Code    10  stm32f4xx_adc.o(.text)
    ADC_GetSoftwareStartInjectedConvCmdStatus 0x0800615f   Thumb Code    14  stm32f4xx_adc.o(.text)
    ADC_AutoInjectedConvCmd                  0x0800616d   Thumb Code    24  stm32f4xx_adc.o(.text)
    ADC_InjectedDiscModeCmd                  0x08006185   Thumb Code    24  stm32f4xx_adc.o(.text)
    ADC_GetInjectedConversionValue           0x0800619d   Thumb Code    20  stm32f4xx_adc.o(.text)
    ADC_ITConfig                             0x080061b1   Thumb Code    24  stm32f4xx_adc.o(.text)
    ADC_GetFlagStatus                        0x080061c9   Thumb Code    14  stm32f4xx_adc.o(.text)
    ADC_ClearFlag                            0x080061d7   Thumb Code     6  stm32f4xx_adc.o(.text)
    ADC_GetITStatus                          0x080061dd   Thumb Code    30  stm32f4xx_adc.o(.text)
    ADC_ClearITPendingBit                    0x080061fb   Thumb Code     8  stm32f4xx_adc.o(.text)
    EXTI_DeInit                              0x0800621d   Thumb Code    28  stm32f4xx_exti.o(.text)
    EXTI_Init                                0x08006239   Thumb Code   110  stm32f4xx_exti.o(.text)
    EXTI_StructInit                          0x080062a7   Thumb Code    14  stm32f4xx_exti.o(.text)
    EXTI_GenerateSWInterrupt                 0x080062b5   Thumb Code    12  stm32f4xx_exti.o(.text)
    EXTI_GetFlagStatus                       0x080062c1   Thumb Code    18  stm32f4xx_exti.o(.text)
    EXTI_ClearFlag                           0x080062d3   Thumb Code     8  stm32f4xx_exti.o(.text)
    EXTI_GetITStatus                         0x080062db   Thumb Code    18  stm32f4xx_exti.o(.text)
    EXTI_ClearITPendingBit                   0x080062ed   Thumb Code     8  stm32f4xx_exti.o(.text)
    GPIO_DeInit                              0x080062fd   Thumb Code   296  stm32f4xx_gpio.o(.text)
    GPIO_Init                                0x08006425   Thumb Code   124  stm32f4xx_gpio.o(.text)
    GPIO_StructInit                          0x080064a1   Thumb Code    18  stm32f4xx_gpio.o(.text)
    GPIO_PinLockConfig                       0x080064b3   Thumb Code    26  stm32f4xx_gpio.o(.text)
    GPIO_ReadInputDataBit                    0x080064cd   Thumb Code    14  stm32f4xx_gpio.o(.text)
    GPIO_ReadInputData                       0x080064db   Thumb Code     6  stm32f4xx_gpio.o(.text)
    GPIO_ReadOutputDataBit                   0x080064e1   Thumb Code    14  stm32f4xx_gpio.o(.text)
    GPIO_ReadOutputData                      0x080064ef   Thumb Code     6  stm32f4xx_gpio.o(.text)
    GPIO_SetBits                             0x080064f5   Thumb Code     4  stm32f4xx_gpio.o(.text)
    GPIO_ResetBits                           0x080064f9   Thumb Code     4  stm32f4xx_gpio.o(.text)
    GPIO_WriteBit                            0x080064fd   Thumb Code    12  stm32f4xx_gpio.o(.text)
    GPIO_Write                               0x08006509   Thumb Code     4  stm32f4xx_gpio.o(.text)
    GPIO_ToggleBits                          0x0800650d   Thumb Code     8  stm32f4xx_gpio.o(.text)
    GPIO_PinAFConfig                         0x08006515   Thumb Code    32  stm32f4xx_gpio.o(.text)
    RCC_DeInit                               0x08006561   Thumb Code    68  stm32f4xx_rcc.o(.text)
    RCC_HSEConfig                            0x080065a5   Thumb Code    12  stm32f4xx_rcc.o(.text)
    RCC_GetFlagStatus                        0x080065b1   Thumb Code    50  stm32f4xx_rcc.o(.text)
    RCC_WaitForHSEStartUp                    0x080065e3   Thumb Code    48  stm32f4xx_rcc.o(.text)
    RCC_AdjustHSICalibrationValue            0x08006613   Thumb Code    16  stm32f4xx_rcc.o(.text)
    RCC_HSICmd                               0x08006623   Thumb Code     6  stm32f4xx_rcc.o(.text)
    RCC_LSEConfig                            0x08006629   Thumb Code    30  stm32f4xx_rcc.o(.text)
    RCC_LSICmd                               0x08006647   Thumb Code     6  stm32f4xx_rcc.o(.text)
    RCC_PLLConfig                            0x0800664d   Thumb Code    34  stm32f4xx_rcc.o(.text)
    RCC_PLLCmd                               0x0800666f   Thumb Code     6  stm32f4xx_rcc.o(.text)
    RCC_PLLI2SConfig                         0x08006675   Thumb Code    14  stm32f4xx_rcc.o(.text)
    RCC_PLLI2SCmd                            0x08006683   Thumb Code     6  stm32f4xx_rcc.o(.text)
    RCC_PLLSAIConfig                         0x08006689   Thumb Code    18  stm32f4xx_rcc.o(.text)
    RCC_PLLSAICmd                            0x0800669b   Thumb Code     6  stm32f4xx_rcc.o(.text)
    RCC_ClockSecuritySystemCmd               0x080066a1   Thumb Code     6  stm32f4xx_rcc.o(.text)
    RCC_MCO1Config                           0x080066a7   Thumb Code    18  stm32f4xx_rcc.o(.text)
    RCC_MCO2Config                           0x080066b9   Thumb Code    18  stm32f4xx_rcc.o(.text)
    RCC_SYSCLKConfig                         0x080066cb   Thumb Code    16  stm32f4xx_rcc.o(.text)
    RCC_GetSYSCLKSource                      0x080066db   Thumb Code    12  stm32f4xx_rcc.o(.text)
    RCC_HCLKConfig                           0x080066e7   Thumb Code    16  stm32f4xx_rcc.o(.text)
    RCC_PCLK1Config                          0x080066f7   Thumb Code    16  stm32f4xx_rcc.o(.text)
    RCC_PCLK2Config                          0x08006707   Thumb Code    18  stm32f4xx_rcc.o(.text)
    RCC_GetClocksFreq                        0x08006719   Thumb Code   150  stm32f4xx_rcc.o(.text)
    RCC_RTCCLKConfig                         0x080067af   Thumb Code    42  stm32f4xx_rcc.o(.text)
    RCC_RTCCLKCmd                            0x080067d9   Thumb Code     8  stm32f4xx_rcc.o(.text)
    RCC_BackupResetCmd                       0x080067e1   Thumb Code     8  stm32f4xx_rcc.o(.text)
    RCC_I2SCLKConfig                         0x080067e9   Thumb Code     6  stm32f4xx_rcc.o(.text)
    RCC_SAIPLLI2SClkDivConfig                0x080067ef   Thumb Code    18  stm32f4xx_rcc.o(.text)
    RCC_SAIPLLSAIClkDivConfig                0x08006801   Thumb Code    20  stm32f4xx_rcc.o(.text)
    RCC_SAIBlockACLKConfig                   0x08006815   Thumb Code    16  stm32f4xx_rcc.o(.text)
    RCC_SAIBlockBCLKConfig                   0x08006825   Thumb Code    16  stm32f4xx_rcc.o(.text)
    RCC_LTDCCLKDivConfig                     0x08006835   Thumb Code    16  stm32f4xx_rcc.o(.text)
    RCC_TIMCLKPresConfig                     0x08006845   Thumb Code     6  stm32f4xx_rcc.o(.text)
    RCC_AHB1PeriphClockCmd                   0x0800684b   Thumb Code    24  stm32f4xx_rcc.o(.text)
    RCC_AHB2PeriphClockCmd                   0x08006863   Thumb Code    24  stm32f4xx_rcc.o(.text)
    RCC_AHB3PeriphClockCmd                   0x0800687b   Thumb Code    24  stm32f4xx_rcc.o(.text)
    RCC_APB1PeriphClockCmd                   0x08006893   Thumb Code    24  stm32f4xx_rcc.o(.text)
    RCC_APB2PeriphClockCmd                   0x080068ab   Thumb Code    24  stm32f4xx_rcc.o(.text)
    RCC_AHB1PeriphResetCmd                   0x080068c3   Thumb Code    24  stm32f4xx_rcc.o(.text)
    RCC_AHB2PeriphResetCmd                   0x080068db   Thumb Code    24  stm32f4xx_rcc.o(.text)
    RCC_AHB3PeriphResetCmd                   0x080068f3   Thumb Code    24  stm32f4xx_rcc.o(.text)
    RCC_APB1PeriphResetCmd                   0x0800690b   Thumb Code    24  stm32f4xx_rcc.o(.text)
    RCC_APB2PeriphResetCmd                   0x08006923   Thumb Code    24  stm32f4xx_rcc.o(.text)
    RCC_AHB1PeriphClockLPModeCmd             0x0800693b   Thumb Code    70  stm32f4xx_rcc.o(.text)
    RCC_AHB2PeriphClockLPModeCmd             0x08006981   Thumb Code    22  stm32f4xx_rcc.o(.text)
    RCC_AHB3PeriphClockLPModeCmd             0x08006997   Thumb Code    24  stm32f4xx_rcc.o(.text)
    RCC_APB1PeriphClockLPModeCmd             0x080069af   Thumb Code    24  stm32f4xx_rcc.o(.text)
    RCC_APB2PeriphClockLPModeCmd             0x080069c7   Thumb Code    24  stm32f4xx_rcc.o(.text)
    RCC_LSEModeConfig                        0x080069df   Thumb Code    28  stm32f4xx_rcc.o(.text)
    RCC_ITConfig                             0x080069fb   Thumb Code    24  stm32f4xx_rcc.o(.text)
    RCC_ClearFlag                            0x08006a13   Thumb Code    14  stm32f4xx_rcc.o(.text)
    RCC_GetITStatus                          0x08006a21   Thumb Code    18  stm32f4xx_rcc.o(.text)
    RCC_ClearITPendingBit                    0x08006a33   Thumb Code     8  stm32f4xx_rcc.o(.text)
    SYSCFG_DeInit                            0x08006a41   Thumb Code    24  stm32f4xx_syscfg.o(.text)
    SYSCFG_MemoryRemapConfig                 0x08006a59   Thumb Code     6  stm32f4xx_syscfg.o(.text)
    SYSCFG_MemorySwappingBank                0x08006a5f   Thumb Code     6  stm32f4xx_syscfg.o(.text)
    SYSCFG_EXTILineConfig                    0x08006a65   Thumb Code    38  stm32f4xx_syscfg.o(.text)
    SYSCFG_ETH_MediaInterfaceConfig          0x08006a8b   Thumb Code     8  stm32f4xx_syscfg.o(.text)
    SYSCFG_CompensationCellCmd               0x08006a93   Thumb Code     6  stm32f4xx_syscfg.o(.text)
    SYSCFG_GetCompensationCellStatus         0x08006a99   Thumb Code    16  stm32f4xx_syscfg.o(.text)
    TIM_DeInit                               0x08006ab9   Thumb Code   376  stm32f4xx_tim.o(.text)
    TIM_TimeBaseInit                         0x08006c31   Thumb Code    96  stm32f4xx_tim.o(.text)
    TIM_TimeBaseStructInit                   0x08006c91   Thumb Code    18  stm32f4xx_tim.o(.text)
    TIM_PrescalerConfig                      0x08006ca3   Thumb Code     6  stm32f4xx_tim.o(.text)
    TIM_CounterModeConfig                    0x08006ca9   Thumb Code    12  stm32f4xx_tim.o(.text)
    TIM_SetCounter                           0x08006cb5   Thumb Code     4  stm32f4xx_tim.o(.text)
    TIM_SetAutoreload                        0x08006cb9   Thumb Code     4  stm32f4xx_tim.o(.text)
    TIM_GetCounter                           0x08006cbd   Thumb Code     4  stm32f4xx_tim.o(.text)
    TIM_GetPrescaler                         0x08006cc1   Thumb Code     4  stm32f4xx_tim.o(.text)
    TIM_UpdateDisableConfig                  0x08006cc5   Thumb Code    24  stm32f4xx_tim.o(.text)
    TIM_UpdateRequestConfig                  0x08006cdd   Thumb Code    24  stm32f4xx_tim.o(.text)
    TIM_ARRPreloadConfig                     0x08006cf5   Thumb Code    24  stm32f4xx_tim.o(.text)
    TIM_SelectOnePulseMode                   0x08006d0d   Thumb Code    16  stm32f4xx_tim.o(.text)
    TIM_SetClockDivision                     0x08006d1d   Thumb Code    16  stm32f4xx_tim.o(.text)
    TIM_Cmd                                  0x08006d2d   Thumb Code    24  stm32f4xx_tim.o(.text)
    TIM_OC1Init                              0x08006d45   Thumb Code    96  stm32f4xx_tim.o(.text)
    TIM_OC2Init                              0x08006da5   Thumb Code   128  stm32f4xx_tim.o(.text)
    TIM_OC3Init                              0x08006e25   Thumb Code   176  stm32f4xx_tim.o(.text)
    TIM_OC4Init                              0x08006ed5   Thumb Code    92  stm32f4xx_tim.o(.text)
    TIM_OCStructInit                         0x08006f31   Thumb Code    20  stm32f4xx_tim.o(.text)
    TIM_SelectOCxM                           0x08006f45   Thumb Code    80  stm32f4xx_tim.o(.text)
    TIM_SetCompare1                          0x08006f95   Thumb Code     4  stm32f4xx_tim.o(.text)
    TIM_SetCompare2                          0x08006f99   Thumb Code     4  stm32f4xx_tim.o(.text)
    TIM_SetCompare3                          0x08006f9d   Thumb Code     4  stm32f4xx_tim.o(.text)
    TIM_SetCompare4                          0x08006fa1   Thumb Code     4  stm32f4xx_tim.o(.text)
    TIM_ForcedOC1Config                      0x08006fa5   Thumb Code    12  stm32f4xx_tim.o(.text)
    TIM_ForcedOC2Config                      0x08006fb1   Thumb Code    20  stm32f4xx_tim.o(.text)
    TIM_ForcedOC3Config                      0x08006fc5   Thumb Code    12  stm32f4xx_tim.o(.text)
    TIM_ForcedOC4Config                      0x08006fd1   Thumb Code    20  stm32f4xx_tim.o(.text)
    TIM_OC1PreloadConfig                     0x08006fe5   Thumb Code    12  stm32f4xx_tim.o(.text)
    TIM_OC2PreloadConfig                     0x08006ff1   Thumb Code    20  stm32f4xx_tim.o(.text)
    TIM_OC3PreloadConfig                     0x08007005   Thumb Code    12  stm32f4xx_tim.o(.text)
    TIM_OC4PreloadConfig                     0x08007011   Thumb Code    20  stm32f4xx_tim.o(.text)
    TIM_OC1FastConfig                        0x08007025   Thumb Code    12  stm32f4xx_tim.o(.text)
    TIM_OC2FastConfig                        0x08007031   Thumb Code    20  stm32f4xx_tim.o(.text)
    TIM_OC3FastConfig                        0x08007045   Thumb Code    12  stm32f4xx_tim.o(.text)
    TIM_OC4FastConfig                        0x08007051   Thumb Code    20  stm32f4xx_tim.o(.text)
    TIM_ClearOC1Ref                          0x08007065   Thumb Code    12  stm32f4xx_tim.o(.text)
    TIM_ClearOC2Ref                          0x08007071   Thumb Code    20  stm32f4xx_tim.o(.text)
    TIM_ClearOC3Ref                          0x08007085   Thumb Code    12  stm32f4xx_tim.o(.text)
    TIM_ClearOC4Ref                          0x08007091   Thumb Code    20  stm32f4xx_tim.o(.text)
    TIM_OC1PolarityConfig                    0x080070a5   Thumb Code    12  stm32f4xx_tim.o(.text)
    TIM_OC1NPolarityConfig                   0x080070b1   Thumb Code    12  stm32f4xx_tim.o(.text)
    TIM_OC2PolarityConfig                    0x080070bd   Thumb Code    20  stm32f4xx_tim.o(.text)
    TIM_OC2NPolarityConfig                   0x080070d1   Thumb Code    20  stm32f4xx_tim.o(.text)
    TIM_OC3PolarityConfig                    0x080070e5   Thumb Code    20  stm32f4xx_tim.o(.text)
    TIM_OC3NPolarityConfig                   0x080070f9   Thumb Code    20  stm32f4xx_tim.o(.text)
    TIM_OC4PolarityConfig                    0x0800710d   Thumb Code    20  stm32f4xx_tim.o(.text)
    TIM_CCxCmd                               0x08007121   Thumb Code    22  stm32f4xx_tim.o(.text)
    TIM_CCxNCmd                              0x08007137   Thumb Code    22  stm32f4xx_tim.o(.text)
    TIM_SetIC4Prescaler                      0x0800714d   Thumb Code    24  stm32f4xx_tim.o(.text)
    TIM_SetIC3Prescaler                      0x0800719b   Thumb Code    16  stm32f4xx_tim.o(.text)
    TIM_SetIC2Prescaler                      0x080071dd   Thumb Code    24  stm32f4xx_tim.o(.text)
    TIM_SetIC1Prescaler                      0x0800722b   Thumb Code    16  stm32f4xx_tim.o(.text)
    TIM_ICInit                               0x08007269   Thumb Code    90  stm32f4xx_tim.o(.text)
    TIM_ICStructInit                         0x080072c3   Thumb Code    16  stm32f4xx_tim.o(.text)
    TIM_PWMIConfig                           0x080072d3   Thumb Code   116  stm32f4xx_tim.o(.text)
    TIM_GetCapture1                          0x08007347   Thumb Code     4  stm32f4xx_tim.o(.text)
    TIM_GetCapture2                          0x0800734b   Thumb Code     4  stm32f4xx_tim.o(.text)
    TIM_GetCapture3                          0x0800734f   Thumb Code     4  stm32f4xx_tim.o(.text)
    TIM_GetCapture4                          0x08007353   Thumb Code     4  stm32f4xx_tim.o(.text)
    TIM_BDTRConfig                           0x08007357   Thumb Code    34  stm32f4xx_tim.o(.text)
    TIM_BDTRStructInit                       0x08007379   Thumb Code    18  stm32f4xx_tim.o(.text)
    TIM_CtrlPWMOutputs                       0x0800738b   Thumb Code    28  stm32f4xx_tim.o(.text)
    TIM_SelectCOM                            0x080073a7   Thumb Code    24  stm32f4xx_tim.o(.text)
    TIM_CCPreloadControl                     0x080073bf   Thumb Code    24  stm32f4xx_tim.o(.text)
    TIM_ITConfig                             0x080073d7   Thumb Code    20  stm32f4xx_tim.o(.text)
    TIM_GenerateEvent                        0x080073eb   Thumb Code     4  stm32f4xx_tim.o(.text)
    TIM_GetFlagStatus                        0x080073ef   Thumb Code    14  stm32f4xx_tim.o(.text)
    TIM_ClearFlag                            0x080073fd   Thumb Code     6  stm32f4xx_tim.o(.text)
    TIM_GetITStatus                          0x08007403   Thumb Code    24  stm32f4xx_tim.o(.text)
    TIM_ClearITPendingBit                    0x0800741b   Thumb Code     6  stm32f4xx_tim.o(.text)
    TIM_DMAConfig                            0x08007421   Thumb Code     8  stm32f4xx_tim.o(.text)
    TIM_DMACmd                               0x08007429   Thumb Code    20  stm32f4xx_tim.o(.text)
    TIM_SelectCCDMA                          0x0800743d   Thumb Code    24  stm32f4xx_tim.o(.text)
    TIM_InternalClockConfig                  0x08007455   Thumb Code    10  stm32f4xx_tim.o(.text)
    TIM_SelectInputTrigger                   0x0800745f   Thumb Code    12  stm32f4xx_tim.o(.text)
    TIM_ITRxExternalClockConfig              0x0800746b   Thumb Code    20  stm32f4xx_tim.o(.text)
    TIM_TIxExternalClockConfig               0x0800747f   Thumb Code    48  stm32f4xx_tim.o(.text)
    TIM_ETRConfig                            0x080074af   Thumb Code    24  stm32f4xx_tim.o(.text)
    TIM_ETRClockMode1Config                  0x080074c7   Thumb Code    32  stm32f4xx_tim.o(.text)
    TIM_ETRClockMode2Config                  0x080074e7   Thumb Code    20  stm32f4xx_tim.o(.text)
    TIM_SelectOutputTrigger                  0x080074fb   Thumb Code    16  stm32f4xx_tim.o(.text)
    TIM_SelectSlaveMode                      0x0800750b   Thumb Code    16  stm32f4xx_tim.o(.text)
    TIM_SelectMasterSlaveMode                0x0800751b   Thumb Code    16  stm32f4xx_tim.o(.text)
    TIM_EncoderInterfaceConfig               0x0800752b   Thumb Code    50  stm32f4xx_tim.o(.text)
    TIM_SelectHallSensor                     0x0800755d   Thumb Code    24  stm32f4xx_tim.o(.text)
    TIM_RemapConfig                          0x08007575   Thumb Code     6  stm32f4xx_tim.o(.text)
    USART_DeInit                             0x0800757d   Thumb Code   224  stm32f4xx_usart.o(.text)
    USART_Init                               0x0800765d   Thumb Code   180  stm32f4xx_usart.o(.text)
    USART_StructInit                         0x08007711   Thumb Code    22  stm32f4xx_usart.o(.text)
    USART_ClockInit                          0x08007727   Thumb Code    28  stm32f4xx_usart.o(.text)
    USART_ClockStructInit                    0x08007743   Thumb Code    12  stm32f4xx_usart.o(.text)
    USART_Cmd                                0x0800774f   Thumb Code    24  stm32f4xx_usart.o(.text)
    USART_SetPrescaler                       0x08007767   Thumb Code    16  stm32f4xx_usart.o(.text)
    USART_OverSampling8Cmd                   0x08007777   Thumb Code    24  stm32f4xx_usart.o(.text)
    USART_OneBitMethodCmd                    0x0800778f   Thumb Code    24  stm32f4xx_usart.o(.text)
    USART_SendData                           0x080077a7   Thumb Code     8  stm32f4xx_usart.o(.text)
    USART_ReceiveData                        0x080077af   Thumb Code     8  stm32f4xx_usart.o(.text)
    USART_SetAddress                         0x080077b7   Thumb Code    16  stm32f4xx_usart.o(.text)
    USART_ReceiverWakeUpCmd                  0x080077c7   Thumb Code    24  stm32f4xx_usart.o(.text)
    USART_WakeUpConfig                       0x080077df   Thumb Code    16  stm32f4xx_usart.o(.text)
    USART_LINBreakDetectLengthConfig         0x080077ef   Thumb Code    16  stm32f4xx_usart.o(.text)
    USART_LINCmd                             0x080077ff   Thumb Code    24  stm32f4xx_usart.o(.text)
    USART_SendBreak                          0x08007817   Thumb Code    10  stm32f4xx_usart.o(.text)
    USART_HalfDuplexCmd                      0x08007821   Thumb Code    24  stm32f4xx_usart.o(.text)
    USART_SetGuardTime                       0x08007839   Thumb Code    16  stm32f4xx_usart.o(.text)
    USART_SmartCardCmd                       0x08007849   Thumb Code    24  stm32f4xx_usart.o(.text)
    USART_SmartCardNACKCmd                   0x08007861   Thumb Code    24  stm32f4xx_usart.o(.text)
    USART_IrDAConfig                         0x08007879   Thumb Code    16  stm32f4xx_usart.o(.text)
    USART_IrDACmd                            0x08007889   Thumb Code    24  stm32f4xx_usart.o(.text)
    USART_DMACmd                             0x080078a1   Thumb Code    20  stm32f4xx_usart.o(.text)
    USART_ITConfig                           0x080078b5   Thumb Code    54  stm32f4xx_usart.o(.text)
    USART_GetFlagStatus                      0x080078eb   Thumb Code    14  stm32f4xx_usart.o(.text)
    USART_ClearFlag                          0x080078f9   Thumb Code     8  stm32f4xx_usart.o(.text)
    USART_GetITStatus                        0x08007901   Thumb Code    64  stm32f4xx_usart.o(.text)
    USART_ClearITPendingBit                  0x08007941   Thumb Code    16  stm32f4xx_usart.o(.text)
    __aeabi_ldivmod                          0x08007971   Thumb Code    98  ldiv.o(.text)
    __aeabi_memset                           0x080079d3   Thumb Code    14  memseta.o(.text)
    __aeabi_memset4                          0x080079d3   Thumb Code     0  memseta.o(.text)
    __aeabi_memset8                          0x080079d3   Thumb Code     0  memseta.o(.text)
    __aeabi_memclr                           0x080079e1   Thumb Code     4  memseta.o(.text)
    __aeabi_memclr4                          0x080079e1   Thumb Code     0  memseta.o(.text)
    __aeabi_memclr8                          0x080079e1   Thumb Code     0  memseta.o(.text)
    _memset$wrapper                          0x080079e5   Thumb Code    18  memseta.o(.text)
    strlen                                   0x080079f7   Thumb Code    14  strlen.o(.text)
    strcmp                                   0x08007a05   Thumb Code    28  strcmp.o(.text)
    memcmp                                   0x08007a21   Thumb Code    26  memcmp.o(.text)
    __aeabi_dadd                             0x08007a3b   Thumb Code   322  dadd.o(.text)
    __aeabi_dsub                             0x08007b7d   Thumb Code     6  dadd.o(.text)
    __aeabi_drsub                            0x08007b83   Thumb Code     6  dadd.o(.text)
    __aeabi_dmul                             0x08007b89   Thumb Code   228  dmul.o(.text)
    __aeabi_ddiv                             0x08007c6d   Thumb Code   222  ddiv.o(.text)
    __aeabi_i2d                              0x08007d4b   Thumb Code    34  dflti.o(.text)
    __aeabi_ui2d                             0x08007d6d   Thumb Code    26  dfltui.o(.text)
    __aeabi_d2iz                             0x08007d87   Thumb Code    62  dfixi.o(.text)
    __aeabi_d2uiz                            0x08007dc5   Thumb Code    50  dfixui.o(.text)
    __aeabi_f2d                              0x08007df7   Thumb Code    38  f2d.o(.text)
    __aeabi_cdcmpeq                          0x08007e1d   Thumb Code     0  cdcmple.o(.text)
    __aeabi_cdcmple                          0x08007e1d   Thumb Code    48  cdcmple.o(.text)
    __aeabi_cdrcmple                         0x08007e4d   Thumb Code    48  cdrcmple.o(.text)
    __aeabi_d2f                              0x08007e7d   Thumb Code    56  d2f.o(.text)
    __aeabi_uidiv                            0x08007eb5   Thumb Code     0  uidiv.o(.text)
    __aeabi_uidivmod                         0x08007eb5   Thumb Code    44  uidiv.o(.text)
    __aeabi_uldivmod                         0x08007ee1   Thumb Code    98  uldiv.o(.text)
    __aeabi_llsl                             0x08007f43   Thumb Code    30  llshl.o(.text)
    _ll_shift_l                              0x08007f43   Thumb Code     0  llshl.o(.text)
    __aeabi_llsr                             0x08007f61   Thumb Code    32  llushr.o(.text)
    _ll_ushift_r                             0x08007f61   Thumb Code     0  llushr.o(.text)
    __aeabi_lasr                             0x08007f81   Thumb Code    36  llsshr.o(.text)
    _ll_sshift_r                             0x08007f81   Thumb Code     0  llsshr.o(.text)
    __I$use$fp                               0x08007fa5   Thumb Code     0  iusefp.o(.text)
    _float_round                             0x08007fa5   Thumb Code    18  fepilogue.o(.text)
    _float_epilogue                          0x08007fb7   Thumb Code    92  fepilogue.o(.text)
    _double_round                            0x08008013   Thumb Code    30  depilogue.o(.text)
    _double_epilogue                         0x08008031   Thumb Code   156  depilogue.o(.text)
    _drnd                                    0x080080cd   Thumb Code   132  drnd.o(.text)
    __aeabi_d2ulz                            0x08008155   Thumb Code    48  dfixul.o(.text)
    __scatterload                            0x08008185   Thumb Code    28  init.o(.text)
    __scatterload_rt2                        0x08008185   Thumb Code     0  init.o(.text)
    _dsqrt                                   0x080081a9   Thumb Code   162  dsqrt.o(.text)
    __decompress                             0x0800824b   Thumb Code     0  __dczerorl2.o(.text)
    __decompress1                            0x0800824b   Thumb Code    86  __dczerorl2.o(.text)
    T3Motor_CmdCombination                   0x080082a1   Thumb Code   244  control.o(i.T3Motor_CmdCombination)
    T5Motor_CmdCombination                   0x08008399   Thumb Code   742  control.o(i.T5Motor_CmdCombination)
    __0printf                                0x08008685   Thumb Code    22  printfa.o(i.__0printf)
    __1printf                                0x08008685   Thumb Code     0  printfa.o(i.__0printf)
    __2printf                                0x08008685   Thumb Code     0  printfa.o(i.__0printf)
    __c89printf                              0x08008685   Thumb Code     0  printfa.o(i.__0printf)
    printf                                   0x08008685   Thumb Code     0  printfa.o(i.__0printf)
    __0vsprintf                              0x080086a5   Thumb Code    30  printfa.o(i.__0vsprintf)
    __1vsprintf                              0x080086a5   Thumb Code     0  printfa.o(i.__0vsprintf)
    __2vsprintf                              0x080086a5   Thumb Code     0  printfa.o(i.__0vsprintf)
    __c89vsprintf                            0x080086a5   Thumb Code     0  printfa.o(i.__0vsprintf)
    vsprintf                                 0x080086a5   Thumb Code     0  printfa.o(i.__0vsprintf)
    __ARM_fpclassify                         0x080086c9   Thumb Code    48  fpclassify.o(i.__ARM_fpclassify)
    __ARM_fpclassifyf                        0x080086f9   Thumb Code    38  fpclassifyf.o(i.__ARM_fpclassifyf)
    __hardfp_asin                            0x08008721   Thumb Code   770  asin.o(i.__hardfp_asin)
    __hardfp_asinf                           0x08008a81   Thumb Code   258  asinf.o(i.__hardfp_asinf)
    __hardfp_atan                            0x08008bb1   Thumb Code   622  atan.o(i.__hardfp_atan)
    __hardfp_atan2                           0x08008e89   Thumb Code   448  atan2.o(i.__hardfp_atan2)
    __hardfp_atanf                           0x08009089   Thumb Code   296  atanf.o(i.__hardfp_atanf)
    __hardfp_cosf                            0x080091e9   Thumb Code   280  cosf.o(i.__hardfp_cosf)
    __hardfp_round                           0x08009339   Thumb Code   194  round.o(i.__hardfp_round)
    __hardfp_sinf                            0x08009419   Thumb Code   344  sinf.o(i.__hardfp_sinf)
    __hardfp_sqrtf                           0x080095a9   Thumb Code    58  sqrtf.o(i.__hardfp_sqrtf)
    __hardfp_tanf                            0x080095e5   Thumb Code   322  tanf.o(i.__hardfp_tanf)
    __kernel_poly                            0x08009761   Thumb Code   248  poly.o(i.__kernel_poly)
    __mathlib_dbl_infnan                     0x08009859   Thumb Code    20  dunder.o(i.__mathlib_dbl_infnan)
    __mathlib_dbl_infnan2                    0x0800986d   Thumb Code    20  dunder.o(i.__mathlib_dbl_infnan2)
    __mathlib_dbl_invalid                    0x08009881   Thumb Code    24  dunder.o(i.__mathlib_dbl_invalid)
    __mathlib_dbl_underflow                  0x080098a1   Thumb Code    24  dunder.o(i.__mathlib_dbl_underflow)
    __mathlib_flt_infnan                     0x080098c1   Thumb Code     6  funder.o(i.__mathlib_flt_infnan)
    __mathlib_flt_invalid                    0x080098c9   Thumb Code    10  funder.o(i.__mathlib_flt_invalid)
    __mathlib_flt_underflow                  0x080098d9   Thumb Code    10  funder.o(i.__mathlib_flt_underflow)
    __mathlib_rredf2                         0x080098e9   Thumb Code   316  rredf.o(i.__mathlib_rredf2)
    __scatterload_copy                       0x08009a3d   Thumb Code    14  handlers.o(i.__scatterload_copy)
    __scatterload_null                       0x08009a4b   Thumb Code     2  handlers.o(i.__scatterload_null)
    __scatterload_zeroinit                   0x08009a4d   Thumb Code    14  handlers.o(i.__scatterload_zeroinit)
    __set_errno                              0x08009a5d   Thumb Code     6  errno.o(i.__set_errno)
    atan                                     0x0800a2fd   Thumb Code    16  atan.o(i.atan)
    fabs                                     0x0800a30d   Thumb Code    24  fabs.o(i.fabs)
    sqrt                                     0x0800a325   Thumb Code   110  sqrt.o(i.sqrt)
    sqrtf                                    0x0800a393   Thumb Code    62  sqrtf.o(i.sqrtf)
    reg                                      0x0800a3d0   Data          27  inv_mpu.o(.constdata)
    hw                                       0x0800a3ec   Data          12  inv_mpu.o(.constdata)
    test                                     0x0800a3f8   Data          40  inv_mpu.o(.constdata)
    OLED_F8x16                               0x0800b016   Data        1520  oled_data.o(.constdata)
    OLED_F6x8                                0x0800b606   Data         570  oled_data.o(.constdata)
    OLED_CF16x16                             0x0800b840   Data         385  oled_data.o(.constdata)
    __mathlib_zero                           0x0800bab0   Data           8  qnan.o(.constdata)
    Region$$Table$$Base                      0x0800bb70   Number         0  anon$$obj.o(Region$$Table)
    Region$$Table$$Limit                     0x0800bb90   Number         0  anon$$obj.o(Region$$Table)
    mode                                     0x20000000   Data           1  main.o(.data)
    pitch                                    0x20000004   Data           4  main.o(.data)
    roll                                     0x20000008   Data           4  main.o(.data)
    def                                      0x2000000c   Data           4  main.o(.data)
    yaw                                      0x20000010   Data           4  main.o(.data)
    dis                                      0x20000014   Data           4  main.o(.data)
    polar                                    0x20000018   Data           4  main.o(.data)
    Opolar                                   0x2000001c   Data           4  main.o(.data)
    absroll                                  0x20000020   Data           4  main.o(.data)
    abspitch                                 0x20000024   Data           4  main.o(.data)
    SystemCoreClock                          0x20000028   Data           4  system_stm32f4xx.o(.data)
    AHBPrescTable                            0x2000002c   Data          16  system_stm32f4xx.o(.data)
    Target_dis                               0x20000040   Data           4  control_task.o(.data)
    Target_angle                             0x20000044   Data           4  control_task.o(.data)
    target_angle                             0x20000090   Data           4  control_task.o(.data)
    de                                       0x20000094   Data          28  control_task.o(.data)
    Stop_flag                                0x200001f4   Data           1  usart.o(.data)
    USART_RX_STA                             0x200001f6   Data           2  usart.o(.data)
    __stdout                                 0x200001fc   Data           4  usart.o(.data)
    OLED_DisplayBuf                          0x20000224   Data        1024  oled.o(.bss)
    USART_RX_BUF                             0x20000624   Data         200  usart.o(.bss)
    __initial_sp                             0x20000af0   Data           0  startup_stm32f40_41xxx.o(STACK)



==============================================================================

Memory Map of the image

  Image Entry point : 0x08000189

  Load Region LR_IROM1 (Base: 0x08000000, Size: 0x0000bda4, Max: 0x00100000, ABSOLUTE, COMPRESSED[0x0000bc1c])

    Execution Region ER_IROM1 (Exec base: 0x08000000, Load base: 0x08000000, Size: 0x0000bb90, Max: 0x00100000, ABSOLUTE)

    Exec Addr    Load Addr    Size         Type   Attr      Idx    E Section Name        Object

    0x08000000   0x08000000   0x00000188   Data   RO          670    RESET               startup_stm32f40_41xxx.o
    0x08000188   0x08000188   0x00000000   Code   RO         1741  * .ARM.Collect$$$$00000000  mc_w.l(entry.o)
    0x08000188   0x08000188   0x00000004   Code   RO         2111    .ARM.Collect$$$$00000001  mc_w.l(entry2.o)
    0x0800018c   0x0800018c   0x00000004   Code   RO         2114    .ARM.Collect$$$$00000004  mc_w.l(entry5.o)
    0x08000190   0x08000190   0x00000000   Code   RO         2116    .ARM.Collect$$$$00000008  mc_w.l(entry7b.o)
    0x08000190   0x08000190   0x00000000   Code   RO         2118    .ARM.Collect$$$$0000000A  mc_w.l(entry8b.o)
    0x08000190   0x08000190   0x00000008   Code   RO         2119    .ARM.Collect$$$$0000000B  mc_w.l(entry9a.o)
    0x08000198   0x08000198   0x00000004   Code   RO         2126    .ARM.Collect$$$$0000000E  mc_w.l(entry12b.o)
    0x0800019c   0x0800019c   0x00000000   Code   RO         2121    .ARM.Collect$$$$0000000F  mc_w.l(entry10a.o)
    0x0800019c   0x0800019c   0x00000000   Code   RO         2123    .ARM.Collect$$$$00000011  mc_w.l(entry11a.o)
    0x0800019c   0x0800019c   0x00000004   Code   RO         2112    .ARM.Collect$$$$00002712  mc_w.l(entry2.o)
    0x080001a0   0x080001a0   0x000000b8   Code   RO            4    .text               main.o
    0x08000258   0x08000258   0x0000000c   Code   RO          189    .text               stm32f4xx_it.o
    0x08000264   0x08000264   0x00000190   Code   RO          308    .text               system_stm32f4xx.o
    0x080003f4   0x080003f4   0x00000414   Code   RO          338    .text               bsp.o
    0x08000808   0x08000808   0x00000bb0   Code   RO          364    .text               control_task.o
    0x080013b8   0x080013b8   0x00000534   Code   RO          396    .text               control.o
    0x080018ec   0x080018ec   0x0000008c   Code   RO          444    .text               nvic.o
    0x08001978   0x08001978   0x00000204   Code   RO          468    .text               myiic.o
    0x08001b7c   0x08001b7c   0x00000330   Code   RO          501    .text               mpu6050.o
    0x08001eac   0x08001eac   0x00001d90   Code   RO          532    .text               inv_mpu.o
    0x08003c3c   0x08003c3c   0x00000c24   Code   RO          579    .text               inv_mpu_dmp_motion_driver.o
    0x08004860   0x08004860   0x00001202   Code   RO          612    .text               oled.o
    0x08005a62   0x08005a62   0x00000002   PAD
    0x08005a64   0x08005a64   0x00000024   Code   RO          671    .text               startup_stm32f40_41xxx.o
    0x08005a88   0x08005a88   0x00000060   Code   RO          678    .text               delay.o
    0x08005ae8   0x08005ae8   0x000002d8   Code   RO          722    .text               usart.o
    0x08005dc0   0x08005dc0   0x000000bc   Code   RO          785    .text               misc.o
    0x08005e7c   0x08005e7c   0x000003a0   Code   RO          809    .text               stm32f4xx_adc.o
    0x0800621c   0x0800621c   0x000000e0   Code   RO         1100    .text               stm32f4xx_exti.o
    0x080062fc   0x080062fc   0x00000264   Code   RO         1202    .text               stm32f4xx_gpio.o
    0x08006560   0x08006560   0x000004e0   Code   RO         1397    .text               stm32f4xx_rcc.o
    0x08006a40   0x08006a40   0x00000078   Code   RO         1546    .text               stm32f4xx_syscfg.o
    0x08006ab8   0x08006ab8   0x00000ac2   Code   RO         1570    .text               stm32f4xx_tim.o
    0x0800757a   0x0800757a   0x00000002   PAD
    0x0800757c   0x0800757c   0x000003f4   Code   RO         1594    .text               stm32f4xx_usart.o
    0x08007970   0x08007970   0x00000062   Code   RO         1744    .text               mc_w.l(ldiv.o)
    0x080079d2   0x080079d2   0x00000024   Code   RO         1746    .text               mc_w.l(memseta.o)
    0x080079f6   0x080079f6   0x0000000e   Code   RO         1748    .text               mc_w.l(strlen.o)
    0x08007a04   0x08007a04   0x0000001c   Code   RO         1750    .text               mc_w.l(strcmp.o)
    0x08007a20   0x08007a20   0x0000001a   Code   RO         1752    .text               mc_w.l(memcmp.o)
    0x08007a3a   0x08007a3a   0x0000014e   Code   RO         2017    .text               mf_w.l(dadd.o)
    0x08007b88   0x08007b88   0x000000e4   Code   RO         2019    .text               mf_w.l(dmul.o)
    0x08007c6c   0x08007c6c   0x000000de   Code   RO         2021    .text               mf_w.l(ddiv.o)
    0x08007d4a   0x08007d4a   0x00000022   Code   RO         2025    .text               mf_w.l(dflti.o)
    0x08007d6c   0x08007d6c   0x0000001a   Code   RO         2027    .text               mf_w.l(dfltui.o)
    0x08007d86   0x08007d86   0x0000003e   Code   RO         2029    .text               mf_w.l(dfixi.o)
    0x08007dc4   0x08007dc4   0x00000032   Code   RO         2031    .text               mf_w.l(dfixui.o)
    0x08007df6   0x08007df6   0x00000026   Code   RO         2033    .text               mf_w.l(f2d.o)
    0x08007e1c   0x08007e1c   0x00000030   Code   RO         2035    .text               mf_w.l(cdcmple.o)
    0x08007e4c   0x08007e4c   0x00000030   Code   RO         2037    .text               mf_w.l(cdrcmple.o)
    0x08007e7c   0x08007e7c   0x00000038   Code   RO         2039    .text               mf_w.l(d2f.o)
    0x08007eb4   0x08007eb4   0x0000002c   Code   RO         2127    .text               mc_w.l(uidiv.o)
    0x08007ee0   0x08007ee0   0x00000062   Code   RO         2129    .text               mc_w.l(uldiv.o)
    0x08007f42   0x08007f42   0x0000001e   Code   RO         2131    .text               mc_w.l(llshl.o)
    0x08007f60   0x08007f60   0x00000020   Code   RO         2133    .text               mc_w.l(llushr.o)
    0x08007f80   0x08007f80   0x00000024   Code   RO         2135    .text               mc_w.l(llsshr.o)
    0x08007fa4   0x08007fa4   0x00000000   Code   RO         2144    .text               mc_w.l(iusefp.o)
    0x08007fa4   0x08007fa4   0x0000006e   Code   RO         2145    .text               mf_w.l(fepilogue.o)
    0x08008012   0x08008012   0x000000ba   Code   RO         2147    .text               mf_w.l(depilogue.o)
    0x080080cc   0x080080cc   0x00000088   Code   RO         2149    .text               mf_w.l(drnd.o)
    0x08008154   0x08008154   0x00000030   Code   RO         2151    .text               mf_w.l(dfixul.o)
    0x08008184   0x08008184   0x00000024   Code   RO         2153    .text               mc_w.l(init.o)
    0x080081a8   0x080081a8   0x000000a2   Code   RO         2155    .text               mf_w.l(dsqrt.o)
    0x0800824a   0x0800824a   0x00000056   Code   RO         2165    .text               mc_w.l(__dczerorl2.o)
    0x080082a0   0x080082a0   0x000000f8   Code   RO          419    i.T3Motor_CmdCombination  control.o
    0x08008398   0x08008398   0x000002ec   Code   RO          425    i.T5Motor_CmdCombination  control.o
    0x08008684   0x08008684   0x00000020   Code   RO         1989    i.__0printf         mc_w.l(printfa.o)
    0x080086a4   0x080086a4   0x00000024   Code   RO         1995    i.__0vsprintf       mc_w.l(printfa.o)
    0x080086c8   0x080086c8   0x00000030   Code   RO         2075    i.__ARM_fpclassify  m_wm.l(fpclassify.o)
    0x080086f8   0x080086f8   0x00000026   Code   RO         2077    i.__ARM_fpclassifyf  m_wm.l(fpclassifyf.o)
    0x0800871e   0x0800871e   0x00000002   PAD
    0x08008720   0x08008720   0x00000360   Code   RO         1639    i.__hardfp_asin     m_wm.l(asin.o)
    0x08008a80   0x08008a80   0x0000012c   Code   RO         1653    i.__hardfp_asinf    m_wm.l(asinf.o)
    0x08008bac   0x08008bac   0x00000004   PAD
    0x08008bb0   0x08008bb0   0x000002d8   Code   RO         2041    i.__hardfp_atan     m_wm.l(atan.o)
    0x08008e88   0x08008e88   0x00000200   Code   RO         1665    i.__hardfp_atan2    m_wm.l(atan2.o)
    0x08009088   0x08009088   0x00000160   Code   RO         1677    i.__hardfp_atanf    m_wm.l(atanf.o)
    0x080091e8   0x080091e8   0x00000150   Code   RO         1689    i.__hardfp_cosf     m_wm.l(cosf.o)
    0x08009338   0x08009338   0x000000e0   Code   RO         1701    i.__hardfp_round    m_wm.l(round.o)
    0x08009418   0x08009418   0x00000190   Code   RO         1705    i.__hardfp_sinf     m_wm.l(sinf.o)
    0x080095a8   0x080095a8   0x0000003a   Code   RO         1717    i.__hardfp_sqrtf    m_wm.l(sqrtf.o)
    0x080095e2   0x080095e2   0x00000002   PAD
    0x080095e4   0x080095e4   0x0000017c   Code   RO         1729    i.__hardfp_tanf     m_wm.l(tanf.o)
    0x08009760   0x08009760   0x000000f8   Code   RO         2093    i.__kernel_poly     m_wm.l(poly.o)
    0x08009858   0x08009858   0x00000014   Code   RO         2056    i.__mathlib_dbl_infnan  m_wm.l(dunder.o)
    0x0800986c   0x0800986c   0x00000014   Code   RO         2057    i.__mathlib_dbl_infnan2  m_wm.l(dunder.o)
    0x08009880   0x08009880   0x00000020   Code   RO         2058    i.__mathlib_dbl_invalid  m_wm.l(dunder.o)
    0x080098a0   0x080098a0   0x00000020   Code   RO         2061    i.__mathlib_dbl_underflow  m_wm.l(dunder.o)
    0x080098c0   0x080098c0   0x00000006   Code   RO         2080    i.__mathlib_flt_infnan  m_wm.l(funder.o)
    0x080098c6   0x080098c6   0x00000002   PAD
    0x080098c8   0x080098c8   0x00000010   Code   RO         2082    i.__mathlib_flt_invalid  m_wm.l(funder.o)
    0x080098d8   0x080098d8   0x00000010   Code   RO         2085    i.__mathlib_flt_underflow  m_wm.l(funder.o)
    0x080098e8   0x080098e8   0x00000154   Code   RO         2096    i.__mathlib_rredf2  m_wm.l(rredf.o)
    0x08009a3c   0x08009a3c   0x0000000e   Code   RO         2159    i.__scatterload_copy  mc_w.l(handlers.o)
    0x08009a4a   0x08009a4a   0x00000002   Code   RO         2160    i.__scatterload_null  mc_w.l(handlers.o)
    0x08009a4c   0x08009a4c   0x0000000e   Code   RO         2161    i.__scatterload_zeroinit  mc_w.l(handlers.o)
    0x08009a5a   0x08009a5a   0x00000002   PAD
    0x08009a5c   0x08009a5c   0x0000000c   Code   RO         2139    i.__set_errno       mc_w.l(errno.o)
    0x08009a68   0x08009a68   0x00000184   Code   RO         1996    i._fp_digits        mc_w.l(printfa.o)
    0x08009bec   0x08009bec   0x000006b4   Code   RO         1997    i._printf_core      mc_w.l(printfa.o)
    0x0800a2a0   0x0800a2a0   0x00000024   Code   RO         1998    i._printf_post_padding  mc_w.l(printfa.o)
    0x0800a2c4   0x0800a2c4   0x0000002e   Code   RO         1999    i._printf_pre_padding  mc_w.l(printfa.o)
    0x0800a2f2   0x0800a2f2   0x0000000a   Code   RO         2001    i._sputc            mc_w.l(printfa.o)
    0x0800a2fc   0x0800a2fc   0x00000010   Code   RO         2043    i.atan              m_wm.l(atan.o)
    0x0800a30c   0x0800a30c   0x00000018   Code   RO         2071    i.fabs              m_wm.l(fabs.o)
    0x0800a324   0x0800a324   0x0000006e   Code   RO         2101    i.sqrt              m_wm.l(sqrt.o)
    0x0800a392   0x0800a392   0x0000003e   Code   RO         1719    i.sqrtf             m_wm.l(sqrtf.o)
    0x0800a3d0   0x0800a3d0   0x0000001b   Data   RO          533    .constdata          inv_mpu.o
    0x0800a3eb   0x0800a3eb   0x00000001   PAD
    0x0800a3ec   0x0800a3ec   0x0000000c   Data   RO          534    .constdata          inv_mpu.o
    0x0800a3f8   0x0800a3f8   0x00000028   Data   RO          535    .constdata          inv_mpu.o
    0x0800a420   0x0800a420   0x00000bf6   Data   RO          581    .constdata          inv_mpu_dmp_motion_driver.o
    0x0800b016   0x0800b016   0x000005f0   Data   RO          653    .constdata          oled_data.o
    0x0800b606   0x0800b606   0x0000023a   Data   RO          654    .constdata          oled_data.o
    0x0800b840   0x0800b840   0x00000181   Data   RO          655    .constdata          oled_data.o
    0x0800b9c1   0x0800b9c1   0x00000007   PAD
    0x0800b9c8   0x0800b9c8   0x00000050   Data   RO         1642    .constdata          m_wm.l(asin.o)
    0x0800ba18   0x0800ba18   0x00000098   Data   RO         2044    .constdata          m_wm.l(atan.o)
    0x0800bab0   0x0800bab0   0x00000008   Data   RO         2095    .constdata          m_wm.l(qnan.o)
    0x0800bab8   0x0800bab8   0x00000020   Data   RO         2097    .constdata          m_wm.l(rredf.o)
    0x0800bad8   0x0800bad8   0x00000047   Data   RO          339    .conststring        bsp.o
    0x0800bb1f   0x0800bb1f   0x00000001   PAD
    0x0800bb20   0x0800bb20   0x0000004d   Data   RO          536    .conststring        inv_mpu.o
    0x0800bb6d   0x0800bb6d   0x00000003   PAD
    0x0800bb70   0x0800bb70   0x00000020   Data   RO         2157    Region$$Table       anon$$obj.o


    Execution Region RW_IRAM1 (Exec base: 0x20000000, Load base: 0x0800bb90, Size: 0x00000af0, Max: 0x00020000, ABSOLUTE, COMPRESSED[0x0000008c])

    Exec Addr    Load Addr    Size         Type   Attr      Idx    E Section Name        Object

    0x20000000   COMPRESSED   0x00000001   Data   RW            5    .data               main.o
    0x20000001   COMPRESSED   0x00000003   PAD
    0x20000004   COMPRESSED   0x0000000c   Data   RW            6    .data               main.o
    0x20000010   COMPRESSED   0x00000004   Data   RW            7    .data               main.o
    0x20000014   COMPRESSED   0x00000004   Data   RW            8    .data               main.o
    0x20000018   COMPRESSED   0x00000004   Data   RW            9    .data               main.o
    0x2000001c   COMPRESSED   0x00000004   Data   RW           10    .data               main.o
    0x20000020   COMPRESSED   0x00000004   Data   RW           11    .data               main.o
    0x20000024   COMPRESSED   0x00000004   Data   RW           12    .data               main.o
    0x20000028   COMPRESSED   0x00000014   Data   RW          309    .data               system_stm32f4xx.o
    0x2000003c   COMPRESSED   0x00000002   Data   RW          340    .data               bsp.o
    0x2000003e   COMPRESSED   0x00000002   PAD
    0x20000040   COMPRESSED   0x00000140   Data   RW          365    .data               control_task.o
    0x20000180   COMPRESSED   0x00000038   Data   RW          398    .data               control.o
    0x200001b8   COMPRESSED   0x00000035   Data   RW          537    .data               inv_mpu.o
    0x200001ed   COMPRESSED   0x00000003   PAD
    0x200001f0   COMPRESSED   0x00000004   Data   RW          679    .data               delay.o
    0x200001f4   COMPRESSED   0x00000001   Data   RW          724    .data               usart.o
    0x200001f5   COMPRESSED   0x00000001   PAD
    0x200001f6   COMPRESSED   0x00000004   Data   RW          725    .data               usart.o
    0x200001fa   COMPRESSED   0x00000002   PAD
    0x200001fc   COMPRESSED   0x00000004   Data   RW          726    .data               usart.o
    0x20000200   COMPRESSED   0x00000010   Data   RW         1398    .data               stm32f4xx_rcc.o
    0x20000210   COMPRESSED   0x00000004   Data   RW         2140    .data               mc_w.l(errno.o)
    0x20000214        -       0x00000010   Zero   RW          580    .bss                inv_mpu_dmp_motion_driver.o
    0x20000224        -       0x00000400   Zero   RW          613    .bss                oled.o
    0x20000624        -       0x000000c8   Zero   RW          723    .bss                usart.o
    0x200006ec   COMPRESSED   0x00000004   PAD
    0x200006f0        -       0x00000400   Zero   RW          668    STACK               startup_stm32f40_41xxx.o


==============================================================================

Image component sizes


      Code (inc. data)   RO Data    RW Data    ZI Data      Debug   Object Name

      1044        360         71          2          0       2769   bsp.o
      2328        178          0         56          0       6032   control.o
      2992        292          0        320          0       5644   control_task.o
        96          6          0          4          0       1167   delay.o
      7568        200        156         53          0      27049   inv_mpu.o
      3108        136       3062          0         16      15847   inv_mpu_dmp_motion_driver.o
       184         80          0         37          0     284480   main.o
       188         14          0          0          0       2061   misc.o
       816         40          0          0          0       4451   mpu6050.o
       516         14          0          0          0       2024   myiic.o
       140          0          0          0          0        637   nvic.o
      4610         64          0          0       1024      17016   oled.o
         0          0       2475          0          0       1154   oled_data.o
        36          8        392          0       1024        828   startup_stm32f40_41xxx.o
       928         26          0          0          0      11458   stm32f4xx_adc.o
       224          8          0          0          0       2495   stm32f4xx_exti.o
       612         44          0          0          0       4817   stm32f4xx_gpio.o
        12          0          0          0          0     294355   stm32f4xx_it.o
      1248         52          0         16          0      13796   stm32f4xx_rcc.o
       120         16          0          0          0       1913   stm32f4xx_syscfg.o
      2754         60          0          0          0      25020   stm32f4xx_tim.o
      1012         32          0          0          0       8856   stm32f4xx_usart.o
       400         36          0         20          0       1947   system_stm32f4xx.o
       728         52          0          9        200       5609   usart.o

    ----------------------------------------------------------------------
     31668       1718       6200        528       2268     741425   Object Totals
         0          0         32          0          0          0   (incl. Generated)
         4          0         12         11          4          0   (incl. Padding)

    ----------------------------------------------------------------------

      Code (inc. data)   RO Data    RW Data    ZI Data      Debug   Library Member Name

       864         94         80          0          0        280   asin.o
       300         42          0          0          0        176   asinf.o
       744        106        152          0          0        352   atan.o
       512         64          0          0          0        208   atan2.o
       352         56          0          0          0        172   atanf.o
       336         56          0          0          0        136   cosf.o
       104         16          0          0          0        496   dunder.o
        24          0          0          0          0        124   fabs.o
        48          0          0          0          0        124   fpclassify.o
        38          0          0          0          0        116   fpclassifyf.o
        38         12          0          0          0        348   funder.o
       248          0          0          0          0        152   poly.o
         0          0          8          0          0          0   qnan.o
       224         30          0          0          0        172   round.o
       340         24         32          0          0        160   rredf.o
       400         56          0          0          0        212   sinf.o
       110          0          0          0          0        148   sqrt.o
       120          0          0          0          0        272   sqrtf.o
       380         58          0          0          0        200   tanf.o
        86          0          0          0          0          0   __dczerorl2.o
         0          0          0          0          0          0   entry.o
         0          0          0          0          0          0   entry10a.o
         0          0          0          0          0          0   entry11a.o
         4          0          0          0          0          0   entry12b.o
         8          4          0          0          0          0   entry2.o
         4          0          0          0          0          0   entry5.o
         0          0          0          0          0          0   entry7b.o
         0          0          0          0          0          0   entry8b.o
         8          4          0          0          0          0   entry9a.o
        12          6          0          4          0         68   errno.o
        30          0          0          0          0          0   handlers.o
        36          8          0          0          0         68   init.o
         0          0          0          0          0          0   iusefp.o
        98          0          0          0          0         84   ldiv.o
        30          0          0          0          0         68   llshl.o
        36          0          0          0          0         68   llsshr.o
        32          0          0          0          0         68   llushr.o
        26          0          0          0          0         80   memcmp.o
        36          0          0          0          0        108   memseta.o
      2264         96          0          0          0        612   printfa.o
        28          0          0          0          0         76   strcmp.o
        14          0          0          0          0         68   strlen.o
        44          0          0          0          0         80   uidiv.o
        98          0          0          0          0         92   uldiv.o
        48          0          0          0          0         68   cdcmple.o
        48          0          0          0          0         68   cdrcmple.o
        56          0          0          0          0         88   d2f.o
       334          0          0          0          0        148   dadd.o
       222          0          0          0          0        100   ddiv.o
       186          0          0          0          0        176   depilogue.o
        62          0          0          0          0         80   dfixi.o
        50          0          0          0          0         76   dfixui.o
        48          0          0          0          0         68   dfixul.o
        34          0          0          0          0         76   dflti.o
        26          0          0          0          0         76   dfltui.o
       228          0          0          0          0         96   dmul.o
       136          4          0          0          0         92   drnd.o
       162          0          0          0          0        100   dsqrt.o
        38          0          0          0          0         68   f2d.o
       110          0          0          0          0        168   fepilogue.o

    ----------------------------------------------------------------------
      9876        740        272          4          0       6936   Library Totals
        12          4          0          0          0          0   (incl. Padding)

    ----------------------------------------------------------------------

      Code (inc. data)   RO Data    RW Data    ZI Data      Debug   Library Name

      5182        614        272          0          0       3848   m_wm.l
      2894        118          0          4          0       1540   mc_w.l
      1788          4          0          0          0       1548   mf_w.l

    ----------------------------------------------------------------------
      9876        740        272          4          0       6936   Library Totals

    ----------------------------------------------------------------------

==============================================================================


      Code (inc. data)   RO Data    RW Data    ZI Data      Debug   

     41544       2458       6472        532       2268     738881   Grand Totals
     41544       2458       6472        140       2268     738881   ELF Image Totals (compressed)
     41544       2458       6472        140          0          0   ROM Totals

==============================================================================

    Total RO  Size (Code + RO Data)                48016 (  46.89kB)
    Total RW  Size (RW Data + ZI Data)              2800 (   2.73kB)
    Total ROM Size (Code + RO Data + RW Data)      48156 (  47.03kB)

==============================================================================

