Component: ARM Compiler 5.06 update 7 (build 960) Tool: armlink [4d3601]

==============================================================================

Section Cross References

    main.o(.text) refers to bsp.o(.text) for BSP_Init
    main.o(.text) refers to printfa.o(i.__0printf) for __2printf
    main.o(.text) refers to f2d.o(.text) for __aeabi_f2d
    main.o(.text) refers to oled.o(.text) for OLED_Printf
    main.o(.text) refers to main.o(.data) for .data
    system_stm32f4xx.o(.text) refers to system_stm32f4xx.o(.data) for .data
    bsp.o(.text) refers to stm32f4xx_rcc.o(.text) for RCC_AHB1PeriphClockCmd
    bsp.o(.text) refers to stm32f4xx_syscfg.o(.text) for SYSCFG_EXTILineConfig
    bsp.o(.text) refers to stm32f4xx_gpio.o(.text) for GPIO_Init
    bsp.o(.text) refers to stm32f4xx_exti.o(.text) for EXTI_Init
    bsp.o(.text) refers to usart.o(.text) for usart1_init
    bsp.o(.text) refers to printfa.o(i.__0printf) for __2printf
    bsp.o(.text) refers to delay.o(.text) for delay_init
    bsp.o(.text) refers to nvic.o(.text) for BSP_NVIC_IT_Config
    bsp.o(.text) refers to control.o(.text) for Motor_PWM_TIM8_Init
    bsp.o(.text) refers to oled.o(.text) for OLED_Init
    bsp.o(.text) refers to mpu6050.o(.text) for MPU_Init
    bsp.o(.text) refers to inv_mpu.o(.text) for mpu_dmp_init
    bsp.o(.text) refers to stm32f4xx_tim.o(.text) for TIM_TimeBaseInit
    bsp.o(.text) refers to stm32f4xx_adc.o(.text) for ADC_Init
    bsp.o(.text) refers to misc.o(.text) for NVIC_Init
    bsp.o(.text) refers to dfltui.o(.text) for __aeabi_ui2d
    bsp.o(.text) refers to ddiv.o(.text) for __aeabi_ddiv
    bsp.o(.text) refers to dmul.o(.text) for __aeabi_dmul
    bsp.o(.text) refers to dfixui.o(.text) for __aeabi_d2uiz
    bsp.o(.text) refers to bsp.o(.conststring) for .conststring
    bsp.o(.text) refers to bsp.o(.data) for .data
    control_task.o(.text) refers to f2d.o(.text) for __aeabi_f2d
    control_task.o(.text) refers to ddiv.o(.text) for __aeabi_ddiv
    control_task.o(.text) refers to d2f.o(.text) for __aeabi_d2f
    control_task.o(.text) refers to atanf.o(i.__hardfp_atanf) for __hardfp_atanf
    control_task.o(.text) refers to dmul.o(.text) for __aeabi_dmul
    control_task.o(.text) refers to sinf.o(i.__hardfp_sinf) for __hardfp_sinf
    control_task.o(.text) refers to printfa.o(i.__0printf) for __2printf
    control_task.o(.text) refers to control.o(.text) for PidControl_LineMove
    control_task.o(.text) refers to dadd.o(.text) for __aeabi_dadd
    control_task.o(.text) refers to stm32f4xx_exti.o(.text) for EXTI_GetITStatus
    control_task.o(.text) refers to inv_mpu.o(.text) for mpu_dmp_get_data
    control_task.o(.text) refers to control_task.o(.data) for .data
    control_task.o(.text) refers to main.o(.data) for roll
    control_task.o(.text) refers to main.o(.data) for yaw
    control_task.o(.text) refers to main.o(.data) for dis
    control.o(.text) refers to f2d.o(.text) for __aeabi_f2d
    control.o(.text) refers to dmul.o(.text) for __aeabi_dmul
    control.o(.text) refers to d2f.o(.text) for __aeabi_d2f
    control.o(.text) refers to tanf.o(i.__hardfp_tanf) for __hardfp_tanf
    control.o(.text) refers to sqrtf.o(i.__hardfp_sqrtf) for __hardfp_sqrtf
    control.o(.text) refers to atanf.o(i.__hardfp_atanf) for __hardfp_atanf
    control.o(.text) refers to ddiv.o(.text) for __aeabi_ddiv
    control.o(.text) refers to stm32f4xx_rcc.o(.text) for RCC_APB2PeriphClockCmd
    control.o(.text) refers to bsp.o(.text) for GPIO_Config
    control.o(.text) refers to stm32f4xx_gpio.o(.text) for GPIO_PinAFConfig
    control.o(.text) refers to stm32f4xx_tim.o(.text) for TIM_TimeBaseInit
    control.o(.text) refers to printfa.o(i.__0printf) for __2printf
    control.o(.text) refers to main.o(.data) for def
    control.o(.text) refers to main.o(.data) for dis
    control.o(.text) refers to control.o(.data) for .data
    control.o(.text) refers to main.o(.data) for polar
    control.o(.text) refers to control_task.o(.data) for T4SKp
    control.o(.text) refers to control_task.o(.data) for T4SKi
    control.o(.text) refers to control_task.o(.data) for T4SKd
    control.o(.text) refers to control_task.o(.data) for T1LKp
    control.o(.text) refers to control_task.o(.data) for T1LKi
    control.o(.text) refers to control_task.o(.data) for T1LKd
    control.o(.text) refers to cosf.o(i.__hardfp_cosf) for __hardfp_cosf
    control.o(.text) refers to sinf.o(i.__hardfp_sinf) for __hardfp_sinf
    control.o(.text) refers to usart.o(.data) for Stop_flag
    nvic.o(.text) refers to misc.o(.text) for NVIC_PriorityGroupConfig
    myiic.o(.text) refers to stm32f4xx_rcc.o(.text) for RCC_AHB1PeriphClockCmd
    myiic.o(.text) refers to stm32f4xx_gpio.o(.text) for GPIO_Init
    myiic.o(.text) refers to delay.o(.text) for delay_us
    mpu6050.o(.text) refers to myiic.o(.text) for IIC_Start
    mpu6050.o(.text) refers to delay.o(.text) for delay_ms
    mpu6050.o(.text) refers to printfa.o(i.__0printf) for __2printf
[...]
    T4Serror                                 0x20000068   Data           4  control.o(.data)
    T4SlastError                             0x2000006c   Data           4  control.o(.data)
    T4Sintegral                              0x20000070   Data           4  control.o(.data)
    T4Sderivative                            0x20000074   Data           4  control.o(.data)
    T4SintegralMin                           0x20000078   Data           4  control.o(.data)
    T4SintegralMax                           0x2000007c   Data           4  control.o(.data)
    output                                   0x20000080   Data           4  control.o(.data)
    T1Lerror                                 0x20000084   Data           4  control.o(.data)
    T1LlastError                             0x20000088   Data           4  control.o(.data)
    T1Lintegral                              0x2000008c   Data           4  control.o(.data)
    T1Lderivative                            0x20000090   Data           4  control.o(.data)
    T1LintegralMin                           0x20000094   Data           4  control.o(.data)
    T1LintegralMax                           0x20000098   Data           4  control.o(.data)
    output                                   0x2000009c   Data           4  control.o(.data)
    .data                                    0x200000a4   Section       53  inv_mpu.o(.data)
    st                                       0x200000a4   Data          44  inv_mpu.o(.data)
    gyro_orientation                         0x200000d0   Data           9  inv_mpu.o(.data)
    .data                                    0x200000dc   Section        4  delay.o(.data)
    g_fac_us                                 0x200000dc   Data           4  delay.o(.data)
    .data                                    0x200000e0   Section        1  usart.o(.data)
    .data                                    0x200000e2   Section        4  usart.o(.data)
    Res                                      0x200000e4   Data           2  usart.o(.data)
    .data                                    0x200000e8   Section        4  usart.o(.data)
    .data                                    0x200000ec   Section       16  stm32f4xx_rcc.o(.data)
    APBAHBPrescTable                         0x200000ec   Data          16  stm32f4xx_rcc.o(.data)
    .data                                    0x200000fc   Section        4  errno.o(.data)
    _errno                                   0x200000fc   Data           4  errno.o(.data)
    .bss                                     0x20000100   Section       16  inv_mpu_dmp_motion_driver.o(.bss)
    dmp                                      0x20000100   Data          16  inv_mpu_dmp_motion_driver.o(.bss)
    .bss                                     0x20000110   Section     1024  oled.o(.bss)
    .bss                                     0x20000510   Section      200  usart.o(.bss)
    STACK                                    0x200005d8   Section     1024  startup_stm32f40_41xxx.o(STACK)

    Global Symbols

    Symbol Name                              Value     Ov Type        Size  Object(Section)

    BuildAttributes$$THM_ISAv4$E$P$D$K$B$S$7EM$VFPi3$EXTD16$VFPS$VFMA$PE$A:L22UL41UL21$X:L11$S22US41US21$IEEE1$IW$USESV6$~STKCKD$USESV7$~SHL$OTIME$ROPI$IEEEX$EBA8$MICROLIB$REQ8$PRES8$EABIv2 0x00000000   Number         0  anon$$obj.o ABSOLUTE
    __ARM_use_no_argv                        0x00000000   Number         0  main.o ABSOLUTE
    __use_no_errno                           0x00000000   Number         0  useno.o ABSOLUTE
    __use_no_exception_handling              0x00000000   Number         0  useno.o ABSOLUTE
    __use_no_fp                              0x00000000   Number         0  useno.o ABSOLUTE
    __use_no_heap                            0x00000000   Number         0  useno.o ABSOLUTE
    __use_no_heap_region                     0x00000000   Number         0  useno.o ABSOLUTE
    __use_no_semihosting                     0x00000000   Number         0  useno.o ABSOLUTE
    __use_no_semihosting_swi                 0x00000000   Number         0  useno.o ABSOLUTE
    __use_no_signal_handling                 0x00000000   Number         0  useno.o ABSOLUTE
    _printf_a                                0x00000000   Number         0  stubs.o ABSOLUTE
    _printf_c                                0x00000000   Number         0  stubs.o ABSOLUTE
    _printf_charcount                        0x00000000   Number         0  stubs.o ABSOLUTE
    _printf_d                                0x00000000   Number         0  stubs.o ABSOLUTE
    _printf_e                                0x00000000   Number         0  stubs.o ABSOLUTE
    _printf_f                                0x00000000   Number         0  stubs.o ABSOLUTE
    _printf_flags                            0x00000000   Number         0  stubs.o ABSOLUTE
    _printf_fp_dec                           0x00000000   Number         0  stubs.o ABSOLUTE
    _printf_fp_hex                           0x00000000   Number         0  stubs.o ABSOLUTE
    _printf_g                                0x00000000   Number         0  stubs.o ABSOLUTE
    _printf_i                                0x00000000   Number         0  stubs.o ABSOLUTE
    _printf_int_dec                          0x00000000   Number         0  stubs.o ABSOLUTE
    _printf_l                                0x00000000   Number         0  stubs.o ABSOLUTE
    _printf_lc                               0x00000000   Number         0  stubs.o ABSOLUTE
    _printf_ll                               0x00000000   Number         0  stubs.o ABSOLUTE
    _printf_lld                              0x00000000   Number         0  stubs.o ABSOLUTE
    _printf_lli                              0x00000000   Number         0  stubs.o ABSOLUTE
    _printf_llo                              0x00000000   Number         0  stubs.o ABSOLUTE
    _printf_llu                              0x00000000   Number         0  stubs.o ABSOLUTE
    _printf_llx                              0x00000000   Number         0  stubs.o ABSOLUTE
    _printf_longlong_dec                     0x00000000   Number         0  stubs.o ABSOLUTE
    _printf_longlong_hex                     0x00000000   Number         0  stubs.o ABSOLUTE
    _printf_longlong_oct                     0x00000000   Number         0  stubs.o ABSOLUTE
    _printf_ls                               0x00000000   Number         0  stubs.o ABSOLUTE
    _printf_mbtowc                           0x00000000   Number         0  stubs.o ABSOLUTE
    _printf_n                                0x00000000   Number         0  stubs.o ABSOLUTE
    _printf_o                                0x00000000   Number         0  stubs.o ABSOLUTE
    _printf_p                                0x00000000   Number         0  stubs.o ABSOLUTE
    _printf_percent                          0x00000000   Number         0  stubs.o ABSOLUTE
    _printf_pre_padding                      0x00000000   Number         0  stubs.o ABSOLUTE
    _printf_return_value                     0x00000000   Number         0  stubs.o ABSOLUTE
    _printf_s                                0x00000000   Number         0  stubs.o ABSOLUTE
    _printf_sizespec                         0x00000000   Number         0  stubs.o ABSOLUTE
    _printf_str                              0x00000000   Number         0  stubs.o ABSOLUTE
    _printf_truncate_signed                  0x00000000   Number         0  stubs.o ABSOLUTE
    _printf_truncate_unsigned                0x00000000   Number         0  stubs.o ABSOLUTE
    _printf_u                                0x00000000   Number         0  stubs.o ABSOLUTE
    _printf_wc                               0x00000000   Number         0  stubs.o ABSOLUTE
    _printf_wctomb                           0x00000000   Number         0  stubs.o ABSOLUTE
    _printf_widthprec                        0x00000000   Number         0  stubs.o ABSOLUTE
    _printf_x                                0x00000000   Number         0  stubs.o ABSOLUTE
    __arm_fini_                               - Undefined Weak Reference
    __cpp_initialize__aeabi_                  - Undefined Weak Reference
    __cxa_finalize                            - Undefined Weak Reference
    __decompress                              - Undefined Weak Reference
    _clock_init                               - Undefined Weak Reference
    _microlib_exit                            - Undefined Weak Reference
    __Vectors_Size                           0x00000188   Number         0  startup_stm32f40_41xxx.o ABSOLUTE
    __Vectors                                0x08000000   Data           4  startup_stm32f40_41xxx.o(RESET)
    __Vectors_End                            0x08000188   Data           0  startup_stm32f40_41xxx.o(RESET)
    __main                                   0x08000189   Thumb Code     0  entry.o(.ARM.Collect$$$$00000000)
    _main_stk                                0x08000189   Thumb Code     0  entry2.o(.ARM.Collect$$$$00000001)
    _main_scatterload                        0x0800018d   Thumb Code     0  entry5.o(.ARM.Collect$$$$00000004)
    __main_after_scatterload                 0x08000191   Thumb Code     0  entry5.o(.ARM.Collect$$$$00000004)
    _main_clock                              0x08000191   Thumb Code     0  entry7b.o(.ARM.Collect$$$$00000008)
    _main_cpp_init                           0x08000191   Thumb Code     0  entry8b.o(.ARM.Collect$$$$0000000A)
    _main_init                               0x08000191   Thumb Code     0  entry9a.o(.ARM.Collect$$$$0000000B)
    __rt_lib_shutdown_fini                   0x08000199   Thumb Code     0  entry12b.o(.ARM.Collect$$$$0000000E)
    __rt_final_cpp                           0x0800019d   Thumb Code     0  entry10a.o(.ARM.Collect$$$$0000000F)
    __rt_final_exit                          0x0800019d   Thumb Code     0  entry11a.o(.ARM.Collect$$$$00000011)
    main                                     0x080001a1   Thumb Code    96  main.o(.text)
    NMI_Handler                              0x08000251   Thumb Code     2  stm32f4xx_it.o(.text)
    HardFault_Handler                        0x08000253   Thumb Code     2  stm32f4xx_it.o(.text)
    MemManage_Handler                        0x08000255   Thumb Code     2  stm32f4xx_it.o(.text)
    BusFault_Handler                         0x08000257   Thumb Code     2  stm32f4xx_it.o(.text)
    UsageFault_Handler                       0x08000259   Thumb Code     2  stm32f4xx_it.o(.text)
    DebugMon_Handler                         0x0800025b   Thumb Code     2  stm32f4xx_it.o(.text)
    SystemInit                               0x08000305   Thumb Code    74  system_stm32f4xx.o(.text)
    SystemCoreClockUpdate                    0x0800034f   Thumb Code   122  system_stm32f4xx.o(.text)
    EXIT15_Init                              0x080003ed   Thumb Code    82  bsp.o(.text)
    GPIO_Config                              0x0800043f   Thumb Code    32  bsp.o(.text)
    LED_Init                                 0x0800045f   Thumb Code    42  bsp.o(.text)
    BSP_Init                                 0x08000489   Thumb Code   164  bsp.o(.text)
    TIM2_Init                                0x0800052d   Thumb Code    78  bsp.o(.text)
    ADC_Config                               0x0800057b   Thumb Code   156  bsp.o(.text)
    ADCvalue_convert                         0x08000617   Thumb Code    38  bsp.o(.text)
    ADC_IRQHandler                           0x0800063d   Thumb Code    64  bsp.o(.text)
    Task1_LineMove                           0x080007c1   Thumb Code   336  control_task.o(.text)
    EXTI15_10_IRQHandler                     0x08000911   Thumb Code    62  control_task.o(.text)
    Task4_StopFast                           0x0800094f   Thumb Code    30  control_task.o(.text)
    Task3_AngleMove                          0x0800096d   Thumb Code     2  control_task.o(.text)
    GetPolar                                 0x080009c5   Thumb Code   478  control.o(.text)
    PidControl_Stop                          0x08000ba3   Thumb Code   134  control.o(.text)
    PidControl_LineMove                      0x08000c29   Thumb Code   134  control.o(.text)
    Motor_PWM_TIM8_Init                      0x08000caf   Thumb Code   244  control.o(.text)
    Motor_Cmd                                0x08000da3   Thumb Code   310  control.o(.text)
    StopAllMotor                             0x08000ed9   Thumb Code    30  control.o(.text)
    MotorState                               0x08000ef7   Thumb Code   250  control.o(.text)
    PWM_Allocation                           0x08000ff1   Thumb Code   486  control.o(.text)
    BSP_NVIC_IT_Config                       0x080011ed   Thumb Code   140  nvic.o(.text)
    IIC_Init                                 0x08001279   Thumb Code    52  myiic.o(.text)
    IIC_Start                                0x080012ad   Thumb Code    48  myiic.o(.text)
    IIC_Stop                                 0x080012dd   Thumb Code    50  myiic.o(.text)
    IIC_Wait_Ack                             0x0800130f   Thumb Code    74  myiic.o(.text)
    IIC_Ack                                  0x08001359   Thumb Code    48  myiic.o(.text)
    IIC_NAck                                 0x08001389   Thumb Code    48  myiic.o(.text)
    IIC_Send_Byte                            0x080013b9   Thumb Code    86  myiic.o(.text)
    IIC_Read_Byte                            0x0800140f   Thumb Code    96  myiic.o(.text)
    MPU_Write_Byte                           0x0800147d   Thumb Code    68  mpu6050.o(.text)
    MPU_Set_LPF                              0x080014c1   Thumb Code    46  mpu6050.o(.text)
    MPU_Set_Rate                             0x080014ef   Thumb Code    42  mpu6050.o(.text)
    MPU_Read_Byte                            0x08001519   Thumb Code    58  mpu6050.o(.text)
    MPU_Set_Accel_Fsr                        0x08001553   Thumb Code     8  mpu6050.o(.text)
    MPU_Set_Gyro_Fsr                         0x0800155b   Thumb Code     8  mpu6050.o(.text)
    MPU_Init                                 0x08001563   Thumb Code   126  mpu6050.o(.text)
    MPU_Read_Len                             0x080015e1   Thumb Code   112  mpu6050.o(.text)
    MPU_Get_Temperature                      0x08001651   Thumb Code    84  mpu6050.o(.text)
    MPU_Get_Gyroscope                        0x080016a5   Thumb Code    68  mpu6050.o(.text)
    MPU_Get_Accelerometer                    0x080016e9   Thumb Code    68  mpu6050.o(.text)
    MPU_Write_Len                            0x0800172d   Thumb Code    88  mpu6050.o(.text)
    mpu_reg_dump                             0x0800181d   Thumb Code    70  inv_mpu.o(.text)
    mpu_read_reg                             0x08001863   Thumb Code    56  inv_mpu.o(.text)
    mpu_set_int_latched                      0x0800189b   Thumb Code    92  inv_mpu.o(.text)
    mpu_set_sensors                          0x080018f7   Thumb Code   172  inv_mpu.o(.text)
    mpu_set_bypass                           0x080019a3   Thumb Code   276  inv_mpu.o(.text)
    mpu_reset_fifo                           0x08001ab7   Thumb Code   378  inv_mpu.o(.text)
    mpu_configure_fifo                       0x08001c31   Thumb Code    92  inv_mpu.o(.text)
    mpu_set_lpf                              0x08001c8d   Thumb Code   120  inv_mpu.o(.text)
    mpu_lp_accel_mode                        0x08001d05   Thumb Code   206  inv_mpu.o(.text)
    mpu_set_sample_rate                      0x08001dd3   Thumb Code   128  inv_mpu.o(.text)
    mpu_set_accel_fsr                        0x08001e53   Thumb Code   112  inv_mpu.o(.text)
    mpu_set_gyro_fsr                         0x08001ec3   Thumb Code   118  inv_mpu.o(.text)
    mpu_init                                 0x08001f39   Thumb Code   388  inv_mpu.o(.text)
    mget_ms                                  0x080020bd   Thumb Code     2  inv_mpu.o(.text)
    mpu_get_gyro_reg                         0x080020bf   Thumb Code   100  inv_mpu.o(.text)
    mpu_get_accel_reg                        0x08002123   Thumb Code    98  inv_mpu.o(.text)
    mpu_get_temperature                      0x08002185   Thumb Code   134  inv_mpu.o(.text)
    mpu_set_accel_bias                       0x0800220b   Thumb Code   302  inv_mpu.o(.text)
    mpu_get_gyro_fsr                         0x08002339   Thumb Code    58  inv_mpu.o(.text)
    mpu_get_accel_fsr                        0x08002373   Thumb Code    62  inv_mpu.o(.text)
    mpu_get_lpf                              0x080023b1   Thumb Code    64  inv_mpu.o(.text)
    mpu_get_sample_rate                      0x080023f1   Thumb Code    24  inv_mpu.o(.text)
    mpu_get_compass_sample_rate              0x08002409   Thumb Code     8  inv_mpu.o(.text)
    mpu_set_compass_sample_rate              0x08002411   Thumb Code     6  inv_mpu.o(.text)
    mpu_get_gyro_sens                        0x08002417   Thumb Code   124  inv_mpu.o(.text)
    mpu_get_accel_sens                       0x08002493   Thumb Code    70  inv_mpu.o(.text)
    mpu_get_fifo_config                      0x080024d9   Thumb Code    10  inv_mpu.o(.text)
    mpu_get_power_state                      0x080024e3   Thumb Code    22  inv_mpu.o(.text)
    mpu_get_int_status                       0x080024f9   Thumb Code    60  inv_mpu.o(.text)
    mpu_read_fifo                            0x08002535   Thumb Code   416  inv_mpu.o(.text)
    mpu_read_fifo_stream                     0x080026d5   Thumb Code   166  inv_mpu.o(.text)
    mpu_set_int_level                        0x0800277b   Thumb Code    10  inv_mpu.o(.text)
    mpu_set_dmp_state                        0x08002d7f   Thumb Code   118  inv_mpu.o(.text)
    mpu_run_self_test                        0x08002df5   Thumb Code   244  inv_mpu.o(.text)
    mpu_write_mem                            0x08002ee9   Thumb Code   104  inv_mpu.o(.text)
    mpu_read_mem                             0x08002f51   Thumb Code   104  inv_mpu.o(.text)
    mpu_load_firmware                        0x08002fb9   Thumb Code   174  inv_mpu.o(.text)
    mpu_get_dmp_state                        0x08003067   Thumb Code    12  inv_mpu.o(.text)
    setup_compass                            0x08003073   Thumb Code     6  inv_mpu.o(.text)
    mpu_get_compass_reg                      0x08003079   Thumb Code     6  inv_mpu.o(.text)
    mpu_get_compass_fsr                      0x0800307f   Thumb Code     6  inv_mpu.o(.text)
    mpu_lp_motion_interrupt                  0x08003085   Thumb Code   450  inv_mpu.o(.text)
    run_self_test                            0x08003247   Thumb Code   136  inv_mpu.o(.text)
    inv_row_2_scale                          0x080032cf   Thumb Code    72  inv_mpu.o(.text)
    inv_orientation_matrix_to_scalar         0x08003317   Thumb Code    36  inv_mpu.o(.text)
    mpu_dmp_init                             0x0800333b   Thumb Code   154  inv_mpu.o(.text)
    mpu_dmp_get_data                         0x080033d5   Thumb Code   344  inv_mpu.o(.text)
    dmp_load_motion_driver_firmware          0x0800353d   Thumb Code    16  inv_mpu_dmp_motion_driver.o(.text)
    dmp_set_orientation                      0x0800354d   Thumb Code   260  inv_mpu_dmp_motion_driver.o(.text)
    dmp_set_gyro_bias                        0x08003651   Thumb Code   256  inv_mpu_dmp_motion_driver.o(.text)
    dmp_set_accel_bias                       0x08003751   Thumb Code   260  inv_mpu_dmp_motion_driver.o(.text)
    dmp_set_fifo_rate                        0x08003855   Thumb Code    96  inv_mpu_dmp_motion_driver.o(.text)
    dmp_get_fifo_rate                        0x080038b5   Thumb Code    10  inv_mpu_dmp_motion_driver.o(.text)
    dmp_set_tap_thresh                       0x080038bf   Thumb Code   428  inv_mpu_dmp_motion_driver.o(.text)
    dmp_set_tap_axes                         0x08003a6b   Thumb Code    56  inv_mpu_dmp_motion_driver.o(.text)
    dmp_set_tap_count                        0x08003aa3   Thumb Code    34  inv_mpu_dmp_motion_driver.o(.text)
    dmp_set_tap_time                         0x08003ac5   Thumb Code    32  inv_mpu_dmp_motion_driver.o(.text)
    dmp_set_tap_time_multi                   0x08003ae5   Thumb Code    32  inv_mpu_dmp_motion_driver.o(.text)
    dmp_set_shake_reject_thresh              0x08003b05   Thumb Code    48  inv_mpu_dmp_motion_driver.o(.text)
    dmp_set_shake_reject_time                0x08003b35   Thumb Code    32  inv_mpu_dmp_motion_driver.o(.text)
    dmp_set_shake_reject_timeout             0x08003b55   Thumb Code    32  inv_mpu_dmp_motion_driver.o(.text)
    dmp_get_pedometer_step_count             0x08003b75   Thumb Code    68  inv_mpu_dmp_motion_driver.o(.text)
    dmp_set_pedometer_step_count             0x08003bb9   Thumb Code    38  inv_mpu_dmp_motion_driver.o(.text)
    dmp_get_pedometer_walk_time              0x08003bdf   Thumb Code    74  inv_mpu_dmp_motion_driver.o(.text)
    dmp_set_pedometer_walk_time              0x08003c29   Thumb Code    44  inv_mpu_dmp_motion_driver.o(.text)
    dmp_enable_6x_lp_quat                    0x08003c55   Thumb Code    60  inv_mpu_dmp_motion_driver.o(.text)
    dmp_enable_lp_quat                       0x08003c91   Thumb Code    60  inv_mpu_dmp_motion_driver.o(.text)
    dmp_enable_gyro_cal                      0x08003ccd   Thumb Code    62  inv_mpu_dmp_motion_driver.o(.text)
    dmp_enable_feature                       0x08003d0b   Thumb Code   534  inv_mpu_dmp_motion_driver.o(.text)
    dmp_get_enabled_features                 0x08003f21   Thumb Code    10  inv_mpu_dmp_motion_driver.o(.text)
    dmp_set_interrupt_mode                   0x08003f63   Thumb Code    76  inv_mpu_dmp_motion_driver.o(.text)
    dmp_read_fifo                            0x08003faf   Thumb Code   384  inv_mpu_dmp_motion_driver.o(.text)
    dmp_register_tap_cb                      0x0800412f   Thumb Code     8  inv_mpu_dmp_motion_driver.o(.text)
    dmp_register_android_orient_cb           0x08004137   Thumb Code     8  inv_mpu_dmp_motion_driver.o(.text)
    OLED_W_D0                                0x08004161   Thumb Code    10  oled.o(.text)
    OLED_W_D1                                0x0800416b   Thumb Code    10  oled.o(.text)
    OLED_W_RES                               0x08004175   Thumb Code    10  oled.o(.text)
    OLED_W_DC                                0x0800417f   Thumb Code    10  oled.o(.text)
    OLED_W_CS                                0x08004189   Thumb Code    10  oled.o(.text)
    OLED_GPIO_Init                           0x08004193   Thumb Code   146  oled.o(.text)
    OLED_SPI_SendByte                        0x08004225   Thumb Code    44  oled.o(.text)
    OLED_WriteCommand                        0x08004251   Thumb Code    30  oled.o(.text)
    OLED_WriteData                           0x0800426f   Thumb Code    44  oled.o(.text)
    OLED_SetCursor                           0x0800429b   Thumb Code    32  oled.o(.text)
    OLED_Update                              0x080042bb   Thumb Code    34  oled.o(.text)
    OLED_Clear                               0x080042dd   Thumb Code    34  oled.o(.text)
    OLED_Init                                0x080042ff   Thumb Code   154  oled.o(.text)
    OLED_Pow                                 0x08004399   Thumb Code    16  oled.o(.text)
    OLED_pnpoly                              0x080043a9   Thumb Code   112  oled.o(.text)
    OLED_IsInAngle                           0x08004419   Thumb Code   112  oled.o(.text)
    OLED_UpdateArea                          0x08004489   Thumb Code    98  oled.o(.text)
    OLED_ClearArea                           0x080044eb   Thumb Code   110  oled.o(.text)
    OLED_Reverse                             0x08004559   Thumb Code    36  oled.o(.text)
    OLED_ReverseArea                         0x0800457d   Thumb Code    86  oled.o(.text)
    OLED_ShowImage                           0x080045d3   Thumb Code   176  oled.o(.text)
    OLED_ShowChar                            0x08004683   Thumb Code    52  oled.o(.text)
    OLED_ShowString                          0x080046b7   Thumb Code    42  oled.o(.text)
    OLED_ShowNum                             0x080046e1   Thumb Code    72  oled.o(.text)
    OLED_ShowSignedNum                       0x08004729   Thumb Code   102  oled.o(.text)
    OLED_ShowHexNum                          0x0800478f   Thumb Code    90  oled.o(.text)
    OLED_ShowBinNum                          0x080047e9   Thumb Code    66  oled.o(.text)
    OLED_ShowFloatNum                        0x0800482b   Thumb Code   222  oled.o(.text)
    OLED_ShowChinese                         0x08004909   Thumb Code   166  oled.o(.text)
    OLED_Printf                              0x080049af   Thumb Code    42  oled.o(.text)
    OLED_DrawPoint                           0x080049d9   Thumb Code    46  oled.o(.text)
    OLED_GetPoint                            0x08004a07   Thumb Code    52  oled.o(.text)
    OLED_DrawLine                            0x08004a3b   Thumb Code   330  oled.o(.text)
    OLED_DrawRectangle                       0x08004b85   Thumb Code   122  oled.o(.text)
    OLED_DrawTriangle                        0x08004bff   Thumb Code   194  oled.o(.text)
    OLED_DrawCircle                          0x08004cc1   Thumb Code   336  oled.o(.text)
    OLED_DrawEllipse                         0x08004e11   Thumb Code   758  oled.o(.text)
    OLED_DrawArc                             0x08005107   Thumb Code   604  oled.o(.text)
    Reset_Handler                            0x08005365   Thumb Code     8  startup_stm32f40_41xxx.o(.text)
    SVC_Handler                              0x08005377   Thumb Code     2  startup_stm32f40_41xxx.o(.text)
    PendSV_Handler                           0x0800537b   Thumb Code     2  startup_stm32f40_41xxx.o(.text)
    SysTick_Handler                          0x0800537d   Thumb Code     2  startup_stm32f40_41xxx.o(.text)
    CAN1_RX0_IRQHandler                      0x0800537f   Thumb Code     0  startup_stm32f40_41xxx.o(.text)
    CAN1_RX1_IRQHandler                      0x0800537f   Thumb Code     0  startup_stm32f40_41xxx.o(.text)
    CAN1_SCE_IRQHandler                      0x0800537f   Thumb Code     0  startup_stm32f40_41xxx.o(.text)
    CAN1_TX_IRQHandler                       0x0800537f   Thumb Code     0  startup_stm32f40_41xxx.o(.text)
    CAN2_RX0_IRQHandler                      0x0800537f   Thumb Code     0  startup_stm32f40_41xxx.o(.text)
    CAN2_RX1_IRQHandler                      0x0800537f   Thumb Code     0  startup_stm32f40_41xxx.o(.text)
    CAN2_SCE_IRQHandler                      0x0800537f   Thumb Code     0  startup_stm32f40_41xxx.o(.text)
    CAN2_TX_IRQHandler                       0x0800537f   Thumb Code     0  startup_stm32f40_41xxx.o(.text)
    CRYP_IRQHandler                          0x0800537f   Thumb Code     0  startup_stm32f40_41xxx.o(.text)
    DCMI_IRQHandler                          0x0800537f   Thumb Code     0  startup_stm32f40_41xxx.o(.text)
    DMA1_Stream0_IRQHandler                  0x0800537f   Thumb Code     0  startup_stm32f40_41xxx.o(.text)
    DMA1_Stream1_IRQHandler                  0x0800537f   Thumb Code     0  startup_stm32f40_41xxx.o(.text)
    DMA1_Stream2_IRQHandler                  0x0800537f   Thumb Code     0  startup_stm32f40_41xxx.o(.text)
    DMA1_Stream3_IRQHandler                  0x0800537f   Thumb Code     0  startup_stm32f40_41xxx.o(.text)
    DMA1_Stream4_IRQHandler                  0x0800537f   Thumb Code     0  startup_stm32f40_41xxx.o(.text)
    DMA1_Stream5_IRQHandler                  0x0800537f   Thumb Code     0  startup_stm32f40_41xxx.o(.text)
    DMA1_Stream6_IRQHandler                  0x0800537f   Thumb Code     0  startup_stm32f40_41xxx.o(.text)
    DMA1_Stream7_IRQHandler                  0x0800537f   Thumb Code     0  startup_stm32f40_41xxx.o(.text)
    DMA2_Stream0_IRQHandler                  0x0800537f   Thumb Code     0  startup_stm32f40_41xxx.o(.text)
    DMA2_Stream1_IRQHandler                  0x0800537f   Thumb Code     0  startup_stm32f40_41xxx.o(.text)
    DMA2_Stream2_IRQHandler                  0x0800537f   Thumb Code     0  startup_stm32f40_41xxx.o(.text)
    DMA2_Stream3_IRQHandler                  0x0800537f   Thumb Code     0  startup_stm32f40_41xxx.o(.text)
    DMA2_Stream4_IRQHandler                  0x0800537f   Thumb Code     0  startup_stm32f40_41xxx.o(.text)
    DMA2_Stream5_IRQHandler                  0x0800537f   Thumb Code     0  startup_stm32f40_41xxx.o(.text)
    DMA2_Stream6_IRQHandler                  0x0800537f   Thumb Code     0  startup_stm32f40_41xxx.o(.text)
    DMA2_Stream7_IRQHandler                  0x0800537f   Thumb Code     0  startup_stm32f40_41xxx.o(.text)
    ETH_IRQHandler                           0x0800537f   Thumb Code     0  startup_stm32f40_41xxx.o(.text)
    ETH_WKUP_IRQHandler                      0x0800537f   Thumb Code     0  startup_stm32f40_41xxx.o(.text)
    EXTI0_IRQHandler                         0x0800537f   Thumb Code     0  startup_stm32f40_41xxx.o(.text)
    EXTI1_IRQHandler                         0x0800537f   Thumb Code     0  startup_stm32f40_41xxx.o(.text)
    EXTI2_IRQHandler                         0x0800537f   Thumb Code     0  startup_stm32f40_41xxx.o(.text)
    EXTI3_IRQHandler                         0x0800537f   Thumb Code     0  startup_stm32f40_41xxx.o(.text)
    EXTI4_IRQHandler                         0x0800537f   Thumb Code     0  startup_stm32f40_41xxx.o(.text)
    EXTI9_5_IRQHandler                       0x0800537f   Thumb Code     0  startup_stm32f40_41xxx.o(.text)
    FLASH_IRQHandler                         0x0800537f   Thumb Code     0  startup_stm32f40_41xxx.o(.text)
    FPU_IRQHandler                           0x0800537f   Thumb Code     0  startup_stm32f40_41xxx.o(.text)
    FSMC_IRQHandler                          0x0800537f   Thumb Code     0  startup_stm32f40_41xxx.o(.text)
    HASH_RNG_IRQHandler                      0x0800537f   Thumb Code     0  startup_stm32f40_41xxx.o(.text)
    I2C1_ER_IRQHandler                       0x0800537f   Thumb Code     0  startup_stm32f40_41xxx.o(.text)
    I2C1_EV_IRQHandler                       0x0800537f   Thumb Code     0  startup_stm32f40_41xxx.o(.text)
    I2C2_ER_IRQHandler                       0x0800537f   Thumb Code     0  startup_stm32f40_41xxx.o(.text)
    I2C2_EV_IRQHandler                       0x0800537f   Thumb Code     0  startup_stm32f40_41xxx.o(.text)
    I2C3_ER_IRQHandler                       0x0800537f   Thumb Code     0  startup_stm32f40_41xxx.o(.text)
    I2C3_EV_IRQHandler                       0x0800537f   Thumb Code     0  startup_stm32f40_41xxx.o(.text)
    OTG_FS_IRQHandler                        0x0800537f   Thumb Code     0  startup_stm32f40_41xxx.o(.text)
    OTG_FS_WKUP_IRQHandler                   0x0800537f   Thumb Code     0  startup_stm32f40_41xxx.o(.text)
    OTG_HS_EP1_IN_IRQHandler                 0x0800537f   Thumb Code     0  startup_stm32f40_41xxx.o(.text)
    OTG_HS_EP1_OUT_IRQHandler                0x0800537f   Thumb Code     0  startup_stm32f40_41xxx.o(.text)
    OTG_HS_IRQHandler                        0x0800537f   Thumb Code     0  startup_stm32f40_41xxx.o(.text)
    OTG_HS_WKUP_IRQHandler                   0x0800537f   Thumb Code     0  startup_stm32f40_41xxx.o(.text)
    PVD_IRQHandler                           0x0800537f   Thumb Code     0  startup_stm32f40_41xxx.o(.text)
    RCC_IRQHandler                           0x0800537f   Thumb Code     0  startup_stm32f40_41xxx.o(.text)
    RTC_Alarm_IRQHandler                     0x0800537f   Thumb Code     0  startup_stm32f40_41xxx.o(.text)
    RTC_WKUP_IRQHandler                      0x0800537f   Thumb Code     0  startup_stm32f40_41xxx.o(.text)
    SDIO_IRQHandler                          0x0800537f   Thumb Code     0  startup_stm32f40_41xxx.o(.text)
    SPI1_IRQHandler                          0x0800537f   Thumb Code     0  startup_stm32f40_41xxx.o(.text)
    SPI2_IRQHandler                          0x0800537f   Thumb Code     0  startup_stm32f40_41xxx.o(.text)
    SPI3_IRQHandler                          0x0800537f   Thumb Code     0  startup_stm32f40_41xxx.o(.text)
    TAMP_STAMP_IRQHandler                    0x0800537f   Thumb Code     0  startup_stm32f40_41xxx.o(.text)
    TIM1_BRK_TIM9_IRQHandler                 0x0800537f   Thumb Code     0  startup_stm32f40_41xxx.o(.text)
    TIM1_CC_IRQHandler                       0x0800537f   Thumb Code     0  startup_stm32f40_41xxx.o(.text)
    TIM1_TRG_COM_TIM11_IRQHandler            0x0800537f   Thumb Code     0  startup_stm32f40_41xxx.o(.text)
    TIM1_UP_TIM10_IRQHandler                 0x0800537f   Thumb Code     0  startup_stm32f40_41xxx.o(.text)
    TIM2_IRQHandler                          0x0800537f   Thumb Code     0  startup_stm32f40_41xxx.o(.text)
    TIM3_IRQHandler                          0x0800537f   Thumb Code     0  startup_stm32f40_41xxx.o(.text)
    TIM4_IRQHandler                          0x0800537f   Thumb Code     0  startup_stm32f40_41xxx.o(.text)
    TIM5_IRQHandler                          0x0800537f   Thumb Code     0  startup_stm32f40_41xxx.o(.text)
    TIM6_DAC_IRQHandler                      0x0800537f   Thumb Code     0  startup_stm32f40_41xxx.o(.text)
    TIM7_IRQHandler                          0x0800537f   Thumb Code     0  startup_stm32f40_41xxx.o(.text)
    TIM8_BRK_TIM12_IRQHandler                0x0800537f   Thumb Code     0  startup_stm32f40_41xxx.o(.text)
    TIM8_CC_IRQHandler                       0x0800537f   Thumb Code     0  startup_stm32f40_41xxx.o(.text)
    TIM8_TRG_COM_TIM14_IRQHandler            0x0800537f   Thumb Code     0  startup_stm32f40_41xxx.o(.text)
    TIM8_UP_TIM13_IRQHandler                 0x0800537f   Thumb Code     0  startup_stm32f40_41xxx.o(.text)
    UART4_IRQHandler                         0x0800537f   Thumb Code     0  startup_stm32f40_41xxx.o(.text)
    UART5_IRQHandler                         0x0800537f   Thumb Code     0  startup_stm32f40_41xxx.o(.text)
    USART3_IRQHandler                        0x0800537f   Thumb Code     0  startup_stm32f40_41xxx.o(.text)
    USART6_IRQHandler                        0x0800537f   Thumb Code     0  startup_stm32f40_41xxx.o(.text)
    WWDG_IRQHandler                          0x0800537f   Thumb Code     0  startup_stm32f40_41xxx.o(.text)
    delay_init                               0x08005389   Thumb Code    32  delay.o(.text)
    delay_us                                 0x080053a9   Thumb Code    50  delay.o(.text)
    delay_ms                                 0x080053db   Thumb Code     8  delay.o(.text)
    USART_Send_Data                          0x080053e9   Thumb Code    24  usart.o(.text)
    USART_Send_String                        0x08005401   Thumb Code    42  usart.o(.text)
    U2printf                                 0x0800542b   Thumb Code    30  usart.o(.text)
    _ttywrch                                 0x08005449   Thumb Code     2  usart.o(.text)
    _sys_exit                                0x0800544b   Thumb Code     2  usart.o(.text)
    _sys_command_string                      0x0800544d   Thumb Code     4  usart.o(.text)
    fputc                                    0x08005451   Thumb Code    14  usart.o(.text)
    fgetc                                    0x0800545f   Thumb Code    36  usart.o(.text)
    usart1_init                              0x08005483   Thumb Code   138  usart.o(.text)
    usart2_init                              0x0800550d   Thumb Code   112  usart.o(.text)
    USART1_IRQHandler                        0x0800557d   Thumb Code    92  usart.o(.text)
    USART2_IRQHandler                        0x080055d9   Thumb Code   150  usart.o(.text)
    NVIC_PriorityGroupConfig                 0x080056a5   Thumb Code    10  misc.o(.text)
    NVIC_Init                                0x080056af   Thumb Code    98  misc.o(.text)
    NVIC_SetVectorTable                      0x08005711   Thumb Code    14  misc.o(.text)
    NVIC_SystemLPConfig                      0x0800571f   Thumb Code    24  misc.o(.text)
    SysTick_CLKSourceConfig                  0x08005737   Thumb Code    28  misc.o(.text)
    ADC_DeInit                               0x08005761   Thumb Code    24  stm32f4xx_adc.o(.text)
    ADC_Init                                 0x08005779   Thumb Code    66  stm32f4xx_adc.o(.text)
    ADC_StructInit                           0x080057bb   Thumb Code    20  stm32f4xx_adc.o(.text)
    ADC_CommonInit                           0x080057cf   Thumb Code    30  stm32f4xx_adc.o(.text)
    ADC_CommonStructInit                     0x080057ed   Thumb Code    12  stm32f4xx_adc.o(.text)
    ADC_Cmd                                  0x080057f9   Thumb Code    24  stm32f4xx_adc.o(.text)
    ADC_AnalogWatchdogCmd                    0x08005811   Thumb Code    12  stm32f4xx_adc.o(.text)
    ADC_AnalogWatchdogThresholdsConfig       0x0800581d   Thumb Code     6  stm32f4xx_adc.o(.text)
    ADC_AnalogWatchdogSingleChannelConfig    0x08005823   Thumb Code    12  stm32f4xx_adc.o(.text)
    ADC_TempSensorVrefintCmd                 0x0800582f   Thumb Code    34  stm32f4xx_adc.o(.text)
    ADC_VBATCmd                              0x08005851   Thumb Code    34  stm32f4xx_adc.o(.text)
    ADC_RegularChannelConfig                 0x08005873   Thumb Code   116  stm32f4xx_adc.o(.text)
    ADC_SoftwareStartConv                    0x080058e7   Thumb Code    10  stm32f4xx_adc.o(.text)
    ADC_GetSoftwareStartConvStatus           0x080058f1   Thumb Code    14  stm32f4xx_adc.o(.text)
    ADC_EOCOnEachRegularChannelCmd           0x080058ff   Thumb Code    24  stm32f4xx_adc.o(.text)
    ADC_ContinuousModeCmd                    0x08005917   Thumb Code    24  stm32f4xx_adc.o(.text)
    ADC_DiscModeChannelCountConfig           0x0800592f   Thumb Code    16  stm32f4xx_adc.o(.text)
    ADC_DiscModeCmd                          0x0800593f   Thumb Code    24  stm32f4xx_adc.o(.text)
    ADC_GetConversionValue                   0x08005957   Thumb Code     6  stm32f4xx_adc.o(.text)
    ADC_GetMultiModeConversionValue          0x0800595d   Thumb Code     8  stm32f4xx_adc.o(.text)
    ADC_DMACmd                               0x08005965   Thumb Code    24  stm32f4xx_adc.o(.text)
    ADC_DMARequestAfterLastTransferCmd       0x0800597d   Thumb Code    24  stm32f4xx_adc.o(.text)
    ADC_MultiModeDMARequestAfterLastTransferCmd 0x08005995   Thumb Code    34  stm32f4xx_adc.o(.text)
    ADC_InjectedChannelConfig                0x080059b7   Thumb Code    74  stm32f4xx_adc.o(.text)
    ADC_InjectedSequencerLengthConfig        0x08005a01   Thumb Code    16  stm32f4xx_adc.o(.text)
    ADC_SetInjectedOffset                    0x08005a11   Thumb Code    16  stm32f4xx_adc.o(.text)
    ADC_ExternalTrigInjectedConvConfig       0x08005a21   Thumb Code    12  stm32f4xx_adc.o(.text)
    ADC_ExternalTrigInjectedConvEdgeConfig   0x08005a2d   Thumb Code    12  stm32f4xx_adc.o(.text)
    ADC_SoftwareStartInjectedConv            0x08005a39   Thumb Code    10  stm32f4xx_adc.o(.text)
    ADC_GetSoftwareStartInjectedConvCmdStatus 0x08005a43   Thumb Code    14  stm32f4xx_adc.o(.text)
    ADC_AutoInjectedConvCmd                  0x08005a51   Thumb Code    24  stm32f4xx_adc.o(.text)
    ADC_InjectedDiscModeCmd                  0x08005a69   Thumb Code    24  stm32f4xx_adc.o(.text)
    ADC_GetInjectedConversionValue           0x08005a81   Thumb Code    20  stm32f4xx_adc.o(.text)
    ADC_ITConfig                             0x08005a95   Thumb Code    24  stm32f4xx_adc.o(.text)
    ADC_GetFlagStatus                        0x08005aad   Thumb Code    14  stm32f4xx_adc.o(.text)
    ADC_ClearFlag                            0x08005abb   Thumb Code     6  stm32f4xx_adc.o(.text)
    ADC_GetITStatus                          0x08005ac1   Thumb Code    30  stm32f4xx_adc.o(.text)
    ADC_ClearITPendingBit                    0x08005adf   Thumb Code     8  stm32f4xx_adc.o(.text)
    EXTI_DeInit                              0x08005b01   Thumb Code    28  stm32f4xx_exti.o(.text)
    EXTI_Init                                0x08005b1d   Thumb Code   110  stm32f4xx_exti.o(.text)
    EXTI_StructInit                          0x08005b8b   Thumb Code    14  stm32f4xx_exti.o(.text)
    EXTI_GenerateSWInterrupt                 0x08005b99   Thumb Code    12  stm32f4xx_exti.o(.text)
    EXTI_GetFlagStatus                       0x08005ba5   Thumb Code    18  stm32f4xx_exti.o(.text)
    EXTI_ClearFlag                           0x08005bb7   Thumb Code     8  stm32f4xx_exti.o(.text)
    EXTI_GetITStatus                         0x08005bbf   Thumb Code    18  stm32f4xx_exti.o(.text)
    EXTI_ClearITPendingBit                   0x08005bd1   Thumb Code     8  stm32f4xx_exti.o(.text)
    GPIO_DeInit                              0x08005be1   Thumb Code   296  stm32f4xx_gpio.o(.text)
    GPIO_Init                                0x08005d09   Thumb Code   124  stm32f4xx_gpio.o(.text)
    GPIO_StructInit                          0x08005d85   Thumb Code    18  stm32f4xx_gpio.o(.text)
    GPIO_PinLockConfig                       0x08005d97   Thumb Code    26  stm32f4xx_gpio.o(.text)
    GPIO_ReadInputDataBit                    0x08005db1   Thumb Code    14  stm32f4xx_gpio.o(.text)
    GPIO_ReadInputData                       0x08005dbf   Thumb Code     6  stm32f4xx_gpio.o(.text)
    GPIO_ReadOutputDataBit                   0x08005dc5   Thumb Code    14  stm32f4xx_gpio.o(.text)
    GPIO_ReadOutputData                      0x08005dd3   Thumb Code     6  stm32f4xx_gpio.o(.text)
    GPIO_SetBits                             0x08005dd9   Thumb Code     4  stm32f4xx_gpio.o(.text)
    GPIO_ResetBits                           0x08005ddd   Thumb Code     4  stm32f4xx_gpio.o(.text)
    GPIO_WriteBit                            0x08005de1   Thumb Code    12  stm32f4xx_gpio.o(.text)
    GPIO_Write                               0x08005ded   Thumb Code     4  stm32f4xx_gpio.o(.text)
    GPIO_ToggleBits                          0x08005df1   Thumb Code     8  stm32f4xx_gpio.o(.text)
    GPIO_PinAFConfig                         0x08005df9   Thumb Code    32  stm32f4xx_gpio.o(.text)
    RCC_DeInit                               0x08005e45   Thumb Code    68  stm32f4xx_rcc.o(.text)
    RCC_HSEConfig                            0x08005e89   Thumb Code    12  stm32f4xx_rcc.o(.text)
    RCC_GetFlagStatus                        0x08005e95   Thumb Code    50  stm32f4xx_rcc.o(.text)
    RCC_WaitForHSEStartUp                    0x08005ec7   Thumb Code    48  stm32f4xx_rcc.o(.text)
    RCC_AdjustHSICalibrationValue            0x08005ef7   Thumb Code    16  stm32f4xx_rcc.o(.text)
    RCC_HSICmd                               0x08005f07   Thumb Code     6  stm32f4xx_rcc.o(.text)
    RCC_LSEConfig                            0x08005f0d   Thumb Code    30  stm32f4xx_rcc.o(.text)
    RCC_LSICmd                               0x08005f2b   Thumb Code     6  stm32f4xx_rcc.o(.text)
    RCC_PLLConfig                            0x08005f31   Thumb Code    34  stm32f4xx_rcc.o(.text)
    RCC_PLLCmd                               0x08005f53   Thumb Code     6  stm32f4xx_rcc.o(.text)
    RCC_PLLI2SConfig                         0x08005f59   Thumb Code    14  stm32f4xx_rcc.o(.text)
    RCC_PLLI2SCmd                            0x08005f67   Thumb Code     6  stm32f4xx_rcc.o(.text)
    RCC_PLLSAIConfig                         0x08005f6d   Thumb Code    18  stm32f4xx_rcc.o(.text)
    RCC_PLLSAICmd                            0x08005f7f   Thumb Code     6  stm32f4xx_rcc.o(.text)
    RCC_ClockSecuritySystemCmd               0x08005f85   Thumb Code     6  stm32f4xx_rcc.o(.text)
    RCC_MCO1Config                           0x08005f8b   Thumb Code    18  stm32f4xx_rcc.o(.text)
    RCC_MCO2Config                           0x08005f9d   Thumb Code    18  stm32f4xx_rcc.o(.text)
    RCC_SYSCLKConfig                         0x08005faf   Thumb Code    16  stm32f4xx_rcc.o(.text)
    RCC_GetSYSCLKSource                      0x08005fbf   Thumb Code    12  stm32f4xx_rcc.o(.text)
    RCC_HCLKConfig                           0x08005fcb   Thumb Code    16  stm32f4xx_rcc.o(.text)
    RCC_PCLK1Config                          0x08005fdb   Thumb Code    16  stm32f4xx_rcc.o(.text)
    RCC_PCLK2Config                          0x08005feb   Thumb Code    18  stm32f4xx_rcc.o(.text)
    RCC_GetClocksFreq                        0x08005ffd   Thumb Code   150  stm32f4xx_rcc.o(.text)
    RCC_RTCCLKConfig                         0x08006093   Thumb Code    42  stm32f4xx_rcc.o(.text)
    RCC_RTCCLKCmd                            0x080060bd   Thumb Code     8  stm32f4xx_rcc.o(.text)
    RCC_BackupResetCmd                       0x080060c5   Thumb Code     8  stm32f4xx_rcc.o(.text)
    RCC_I2SCLKConfig                         0x080060cd   Thumb Code     6  stm32f4xx_rcc.o(.text)
    RCC_SAIPLLI2SClkDivConfig                0x080060d3   Thumb Code    18  stm32f4xx_rcc.o(.text)
    RCC_SAIPLLSAIClkDivConfig                0x080060e5   Thumb Code    20  stm32f4xx_rcc.o(.text)
    RCC_SAIBlockACLKConfig                   0x080060f9   Thumb Code    16  stm32f4xx_rcc.o(.text)
    RCC_SAIBlockBCLKConfig                   0x08006109   Thumb Code    16  stm32f4xx_rcc.o(.text)
    RCC_LTDCCLKDivConfig                     0x08006119   Thumb Code    16  stm32f4xx_rcc.o(.text)
    RCC_TIMCLKPresConfig                     0x08006129   Thumb Code     6  stm32f4xx_rcc.o(.text)
    RCC_AHB1PeriphClockCmd                   0x0800612f   Thumb Code    24  stm32f4xx_rcc.o(.text)
    RCC_AHB2PeriphClockCmd                   0x08006147   Thumb Code    24  stm32f4xx_rcc.o(.text)
    RCC_AHB3PeriphClockCmd                   0x0800615f   Thumb Code    24  stm32f4xx_rcc.o(.text)
    RCC_APB1PeriphClockCmd                   0x08006177   Thumb Code    24  stm32f4xx_rcc.o(.text)
    RCC_APB2PeriphClockCmd                   0x0800618f   Thumb Code    24  stm32f4xx_rcc.o(.text)
    RCC_AHB1PeriphResetCmd                   0x080061a7   Thumb Code    24  stm32f4xx_rcc.o(.text)
    RCC_AHB2PeriphResetCmd                   0x080061bf   Thumb Code    24  stm32f4xx_rcc.o(.text)
    RCC_AHB3PeriphResetCmd                   0x080061d7   Thumb Code    24  stm32f4xx_rcc.o(.text)
    RCC_APB1PeriphResetCmd                   0x080061ef   Thumb Code    24  stm32f4xx_rcc.o(.text)
    RCC_APB2PeriphResetCmd                   0x08006207   Thumb Code    24  stm32f4xx_rcc.o(.text)
    RCC_AHB1PeriphClockLPModeCmd             0x0800621f   Thumb Code    70  stm32f4xx_rcc.o(.text)
    RCC_AHB2PeriphClockLPModeCmd             0x08006265   Thumb Code    22  stm32f4xx_rcc.o(.text)
    RCC_AHB3PeriphClockLPModeCmd             0x0800627b   Thumb Code    24  stm32f4xx_rcc.o(.text)
    RCC_APB1PeriphClockLPModeCmd             0x08006293   Thumb Code    24  stm32f4xx_rcc.o(.text)
    RCC_APB2PeriphClockLPModeCmd             0x080062ab   Thumb Code    24  stm32f4xx_rcc.o(.text)
    RCC_LSEModeConfig                        0x080062c3   Thumb Code    28  stm32f4xx_rcc.o(.text)
    RCC_ITConfig                             0x080062df   Thumb Code    24  stm32f4xx_rcc.o(.text)
    RCC_ClearFlag                            0x080062f7   Thumb Code    14  stm32f4xx_rcc.o(.text)
    RCC_GetITStatus                          0x08006305   Thumb Code    18  stm32f4xx_rcc.o(.text)
    RCC_ClearITPendingBit                    0x08006317   Thumb Code     8  stm32f4xx_rcc.o(.text)
    SYSCFG_DeInit                            0x08006325   Thumb Code    24  stm32f4xx_syscfg.o(.text)
    SYSCFG_MemoryRemapConfig                 0x0800633d   Thumb Code     6  stm32f4xx_syscfg.o(.text)
    SYSCFG_MemorySwappingBank                0x08006343   Thumb Code     6  stm32f4xx_syscfg.o(.text)
    SYSCFG_EXTILineConfig                    0x08006349   Thumb Code    38  stm32f4xx_syscfg.o(.text)
    SYSCFG_ETH_MediaInterfaceConfig          0x0800636f   Thumb Code     8  stm32f4xx_syscfg.o(.text)
    SYSCFG_CompensationCellCmd               0x08006377   Thumb Code     6  stm32f4xx_syscfg.o(.text)
    SYSCFG_GetCompensationCellStatus         0x0800637d   Thumb Code    16  stm32f4xx_syscfg.o(.text)
    TIM_DeInit                               0x0800639d   Thumb Code   376  stm32f4xx_tim.o(.text)
    TIM_TimeBaseInit                         0x08006515   Thumb Code    96  stm32f4xx_tim.o(.text)
    TIM_TimeBaseStructInit                   0x08006575   Thumb Code    18  stm32f4xx_tim.o(.text)
    TIM_PrescalerConfig                      0x08006587   Thumb Code     6  stm32f4xx_tim.o(.text)
    TIM_CounterModeConfig                    0x0800658d   Thumb Code    12  stm32f4xx_tim.o(.text)
    TIM_SetCounter                           0x08006599   Thumb Code     4  stm32f4xx_tim.o(.text)
    TIM_SetAutoreload                        0x0800659d   Thumb Code     4  stm32f4xx_tim.o(.text)
    TIM_GetCounter                           0x080065a1   Thumb Code     4  stm32f4xx_tim.o(.text)
    TIM_GetPrescaler                         0x080065a5   Thumb Code     4  stm32f4xx_tim.o(.text)
    TIM_UpdateDisableConfig                  0x080065a9   Thumb Code    24  stm32f4xx_tim.o(.text)
    TIM_UpdateRequestConfig                  0x080065c1   Thumb Code    24  stm32f4xx_tim.o(.text)
    TIM_ARRPreloadConfig                     0x080065d9   Thumb Code    24  stm32f4xx_tim.o(.text)
    TIM_SelectOnePulseMode                   0x080065f1   Thumb Code    16  stm32f4xx_tim.o(.text)
    TIM_SetClockDivision                     0x08006601   Thumb Code    16  stm32f4xx_tim.o(.text)
    TIM_Cmd                                  0x08006611   Thumb Code    24  stm32f4xx_tim.o(.text)
    TIM_OC1Init                              0x08006629   Thumb Code    96  stm32f4xx_tim.o(.text)
    TIM_OC2Init                              0x08006689   Thumb Code   128  stm32f4xx_tim.o(.text)
    TIM_OC3Init                              0x08006709   Thumb Code   176  stm32f4xx_tim.o(.text)
    TIM_OC4Init                              0x080067b9   Thumb Code    92  stm32f4xx_tim.o(.text)
    TIM_OCStructInit                         0x08006815   Thumb Code    20  stm32f4xx_tim.o(.text)
    TIM_SelectOCxM                           0x08006829   Thumb Code    80  stm32f4xx_tim.o(.text)
    TIM_SetCompare1                          0x08006879   Thumb Code     4  stm32f4xx_tim.o(.text)
    TIM_SetCompare2                          0x0800687d   Thumb Code     4  stm32f4xx_tim.o(.text)
    TIM_SetCompare3                          0x08006881   Thumb Code     4  stm32f4xx_tim.o(.text)
    TIM_SetCompare4                          0x08006885   Thumb Code     4  stm32f4xx_tim.o(.text)
    TIM_ForcedOC1Config                      0x08006889   Thumb Code    12  stm32f4xx_tim.o(.text)
    TIM_ForcedOC2Config                      0x08006895   Thumb Code    20  stm32f4xx_tim.o(.text)
    TIM_ForcedOC3Config                      0x080068a9   Thumb Code    12  stm32f4xx_tim.o(.text)
    TIM_ForcedOC4Config                      0x080068b5   Thumb Code    20  stm32f4xx_tim.o(.text)
    TIM_OC1PreloadConfig                     0x080068c9   Thumb Code    12  stm32f4xx_tim.o(.text)
    TIM_OC2PreloadConfig                     0x080068d5   Thumb Code    20  stm32f4xx_tim.o(.text)
    TIM_OC3PreloadConfig                     0x080068e9   Thumb Code    12  stm32f4xx_tim.o(.text)
    TIM_OC4PreloadConfig                     0x080068f5   Thumb Code    20  stm32f4xx_tim.o(.text)
    TIM_OC1FastConfig                        0x08006909   Thumb Code    12  stm32f4xx_tim.o(.text)
    TIM_OC2FastConfig                        0x08006915   Thumb Code    20  stm32f4xx_tim.o(.text)
    TIM_OC3FastConfig                        0x08006929   Thumb Code    12  stm32f4xx_tim.o(.text)
    TIM_OC4FastConfig                        0x08006935   Thumb Code    20  stm32f4xx_tim.o(.text)
    TIM_ClearOC1Ref                          0x08006949   Thumb Code    12  stm32f4xx_tim.o(.text)
    TIM_ClearOC2Ref                          0x08006955   Thumb Code    20  stm32f4xx_tim.o(.text)
    TIM_ClearOC3Ref                          0x08006969   Thumb Code    12  stm32f4xx_tim.o(.text)
    TIM_ClearOC4Ref                          0x08006975   Thumb Code    20  stm32f4xx_tim.o(.text)
    TIM_OC1PolarityConfig                    0x08006989   Thumb Code    12  stm32f4xx_tim.o(.text)
    TIM_OC1NPolarityConfig                   0x08006995   Thumb Code    12  stm32f4xx_tim.o(.text)
    TIM_OC2PolarityConfig                    0x080069a1   Thumb Code    20  stm32f4xx_tim.o(.text)
    TIM_OC2NPolarityConfig                   0x080069b5   Thumb Code    20  stm32f4xx_tim.o(.text)
    TIM_OC3PolarityConfig                    0x080069c9   Thumb Code    20  stm32f4xx_tim.o(.text)
    TIM_OC3NPolarityConfig                   0x080069dd   Thumb Code    20  stm32f4xx_tim.o(.text)
    TIM_OC4PolarityConfig                    0x080069f1   Thumb Code    20  stm32f4xx_tim.o(.text)
    TIM_CCxCmd                               0x08006a05   Thumb Code    22  stm32f4xx_tim.o(.text)
    TIM_CCxNCmd                              0x08006a1b   Thumb Code    22  stm32f4xx_tim.o(.text)
    TIM_SetIC4Prescaler                      0x08006a31   Thumb Code    24  stm32f4xx_tim.o(.text)
    TIM_SetIC3Prescaler                      0x08006a7f   Thumb Code    16  stm32f4xx_tim.o(.text)
    TIM_SetIC2Prescaler                      0x08006ac1   Thumb Code    24  stm32f4xx_tim.o(.text)
    TIM_SetIC1Prescaler                      0x08006b0f   Thumb Code    16  stm32f4xx_tim.o(.text)
    TIM_ICInit                               0x08006b4d   Thumb Code    90  stm32f4xx_tim.o(.text)
    TIM_ICStructInit                         0x08006ba7   Thumb Code    16  stm32f4xx_tim.o(.text)
    TIM_PWMIConfig                           0x08006bb7   Thumb Code   116  stm32f4xx_tim.o(.text)
    TIM_GetCapture1                          0x08006c2b   Thumb Code     4  stm32f4xx_tim.o(.text)
    TIM_GetCapture2                          0x08006c2f   Thumb Code     4  stm32f4xx_tim.o(.text)
    TIM_GetCapture3                          0x08006c33   Thumb Code     4  stm32f4xx_tim.o(.text)
    TIM_GetCapture4                          0x08006c37   Thumb Code     4  stm32f4xx_tim.o(.text)
    TIM_BDTRConfig                           0x08006c3b   Thumb Code    34  stm32f4xx_tim.o(.text)
    TIM_BDTRStructInit                       0x08006c5d   Thumb Code    18  stm32f4xx_tim.o(.text)
    TIM_CtrlPWMOutputs                       0x08006c6f   Thumb Code    28  stm32f4xx_tim.o(.text)
    TIM_SelectCOM                            0x08006c8b   Thumb Code    24  stm32f4xx_tim.o(.text)
    TIM_CCPreloadControl                     0x08006ca3   Thumb Code    24  stm32f4xx_tim.o(.text)
    TIM_ITConfig                             0x08006cbb   Thumb Code    20  stm32f4xx_tim.o(.text)
    TIM_GenerateEvent                        0x08006ccf   Thumb Code     4  stm32f4xx_tim.o(.text)
    TIM_GetFlagStatus                        0x08006cd3   Thumb Code    14  stm32f4xx_tim.o(.text)
    TIM_ClearFlag                            0x08006ce1   Thumb Code     6  stm32f4xx_tim.o(.text)
    TIM_GetITStatus                          0x08006ce7   Thumb Code    24  stm32f4xx_tim.o(.text)
    TIM_ClearITPendingBit                    0x08006cff   Thumb Code     6  stm32f4xx_tim.o(.text)
    TIM_DMAConfig                            0x08006d05   Thumb Code     8  stm32f4xx_tim.o(.text)
    TIM_DMACmd                               0x08006d0d   Thumb Code    20  stm32f4xx_tim.o(.text)
    TIM_SelectCCDMA                          0x08006d21   Thumb Code    24  stm32f4xx_tim.o(.text)
    TIM_InternalClockConfig                  0x08006d39   Thumb Code    10  stm32f4xx_tim.o(.text)
    TIM_SelectInputTrigger                   0x08006d43   Thumb Code    12  stm32f4xx_tim.o(.text)
    TIM_ITRxExternalClockConfig              0x08006d4f   Thumb Code    20  stm32f4xx_tim.o(.text)
    TIM_TIxExternalClockConfig               0x08006d63   Thumb Code    48  stm32f4xx_tim.o(.text)
    TIM_ETRConfig                            0x08006d93   Thumb Code    24  stm32f4xx_tim.o(.text)
    TIM_ETRClockMode1Config                  0x08006dab   Thumb Code    32  stm32f4xx_tim.o(.text)
    TIM_ETRClockMode2Config                  0x08006dcb   Thumb Code    20  stm32f4xx_tim.o(.text)
    TIM_SelectOutputTrigger                  0x08006ddf   Thumb Code    16  stm32f4xx_tim.o(.text)
    TIM_SelectSlaveMode                      0x08006def   Thumb Code    16  stm32f4xx_tim.o(.text)
    TIM_SelectMasterSlaveMode                0x08006dff   Thumb Code    16  stm32f4xx_tim.o(.text)
    TIM_EncoderInterfaceConfig               0x08006e0f   Thumb Code    50  stm32f4xx_tim.o(.text)
    TIM_SelectHallSensor                     0x08006e41   Thumb Code    24  stm32f4xx_tim.o(.text)
    TIM_RemapConfig                          0x08006e59   Thumb Code     6  stm32f4xx_tim.o(.text)
    USART_DeInit                             0x08006e61   Thumb Code   224  stm32f4xx_usart.o(.text)
    USART_Init                               0x08006f41   Thumb Code   180  stm32f4xx_usart.o(.text)
    USART_StructInit                         0x08006ff5   Thumb Code    22  stm32f4xx_usart.o(.text)
    USART_ClockInit                          0x0800700b   Thumb Code    28  stm32f4xx_usart.o(.text)
    USART_ClockStructInit                    0x08007027   Thumb Code    12  stm32f4xx_usart.o(.text)
    USART_Cmd                                0x08007033   Thumb Code    24  stm32f4xx_usart.o(.text)
    USART_SetPrescaler                       0x0800704b   Thumb Code    16  stm32f4xx_usart.o(.text)
    USART_OverSampling8Cmd                   0x0800705b   Thumb Code    24  stm32f4xx_usart.o(.text)
    USART_OneBitMethodCmd                    0x08007073   Thumb Code    24  stm32f4xx_usart.o(.text)
    USART_SendData                           0x0800708b   Thumb Code     8  stm32f4xx_usart.o(.text)
    USART_ReceiveData                        0x08007093   Thumb Code     8  stm32f4xx_usart.o(.text)
    USART_SetAddress                         0x0800709b   Thumb Code    16  stm32f4xx_usart.o(.text)
    USART_ReceiverWakeUpCmd                  0x080070ab   Thumb Code    24  stm32f4xx_usart.o(.text)
    USART_WakeUpConfig                       0x080070c3   Thumb Code    16  stm32f4xx_usart.o(.text)
    USART_LINBreakDetectLengthConfig         0x080070d3   Thumb Code    16  stm32f4xx_usart.o(.text)
    USART_LINCmd                             0x080070e3   Thumb Code    24  stm32f4xx_usart.o(.text)
    USART_SendBreak                          0x080070fb   Thumb Code    10  stm32f4xx_usart.o(.text)
    USART_HalfDuplexCmd                      0x08007105   Thumb Code    24  stm32f4xx_usart.o(.text)
    USART_SetGuardTime                       0x0800711d   Thumb Code    16  stm32f4xx_usart.o(.text)
    USART_SmartCardCmd                       0x0800712d   Thumb Code    24  stm32f4xx_usart.o(.text)
    USART_SmartCardNACKCmd                   0x08007145   Thumb Code    24  stm32f4xx_usart.o(.text)
    USART_IrDAConfig                         0x0800715d   Thumb Code    16  stm32f4xx_usart.o(.text)
    USART_IrDACmd                            0x0800716d   Thumb Code    24  stm32f4xx_usart.o(.text)
    USART_DMACmd                             0x08007185   Thumb Code    20  stm32f4xx_usart.o(.text)
    USART_ITConfig                           0x08007199   Thumb Code    54  stm32f4xx_usart.o(.text)
    USART_GetFlagStatus                      0x080071cf   Thumb Code    14  stm32f4xx_usart.o(.text)
    USART_ClearFlag                          0x080071dd   Thumb Code     8  stm32f4xx_usart.o(.text)
    USART_GetITStatus                        0x080071e5   Thumb Code    64  stm32f4xx_usart.o(.text)
    USART_ClearITPendingBit                  0x08007225   Thumb Code    16  stm32f4xx_usart.o(.text)
    __aeabi_ldivmod                          0x08007255   Thumb Code    98  ldiv.o(.text)
    __aeabi_memset                           0x080072b7   Thumb Code    14  memseta.o(.text)
    __aeabi_memset4                          0x080072b7   Thumb Code     0  memseta.o(.text)
    __aeabi_memset8                          0x080072b7   Thumb Code     0  memseta.o(.text)
    __aeabi_memclr                           0x080072c5   Thumb Code     4  memseta.o(.text)
    __aeabi_memclr4                          0x080072c5   Thumb Code     0  memseta.o(.text)
    __aeabi_memclr8                          0x080072c5   Thumb Code     0  memseta.o(.text)
    _memset$wrapper                          0x080072c9   Thumb Code    18  memseta.o(.text)
    strlen                                   0x080072db   Thumb Code    14  strlen.o(.text)
    strcmp                                   0x080072e9   Thumb Code    28  strcmp.o(.text)
    memcmp                                   0x08007305   Thumb Code    26  memcmp.o(.text)
    __aeabi_dadd                             0x0800731f   Thumb Code   322  dadd.o(.text)
    __aeabi_dsub                             0x08007461   Thumb Code     6  dadd.o(.text)
    __aeabi_drsub                            0x08007467   Thumb Code     6  dadd.o(.text)
    __aeabi_dmul                             0x0800746d   Thumb Code   228  dmul.o(.text)
    __aeabi_ddiv                             0x08007551   Thumb Code   222  ddiv.o(.text)
    __aeabi_i2d                              0x0800762f   Thumb Code    34  dflti.o(.text)
    __aeabi_ui2d                             0x08007651   Thumb Code    26  dfltui.o(.text)
    __aeabi_d2iz                             0x0800766b   Thumb Code    62  dfixi.o(.text)
    __aeabi_d2uiz                            0x080076a9   Thumb Code    50  dfixui.o(.text)
    __aeabi_f2d                              0x080076db   Thumb Code    38  f2d.o(.text)
    __aeabi_cdcmpeq                          0x08007701   Thumb Code     0  cdcmple.o(.text)
    __aeabi_cdcmple                          0x08007701   Thumb Code    48  cdcmple.o(.text)
    __aeabi_cdrcmple                         0x08007731   Thumb Code    48  cdrcmple.o(.text)
    __aeabi_d2f                              0x08007761   Thumb Code    56  d2f.o(.text)
    __aeabi_uidiv                            0x08007799   Thumb Code     0  uidiv.o(.text)
    __aeabi_uidivmod                         0x08007799   Thumb Code    44  uidiv.o(.text)
    __aeabi_uldivmod                         0x080077c5   Thumb Code    98  uldiv.o(.text)
    __aeabi_llsl                             0x08007827   Thumb Code    30  llshl.o(.text)
    _ll_shift_l                              0x08007827   Thumb Code     0  llshl.o(.text)
    __aeabi_llsr                             0x08007845   Thumb Code    32  llushr.o(.text)
    _ll_ushift_r                             0x08007845   Thumb Code     0  llushr.o(.text)
    __aeabi_lasr                             0x08007865   Thumb Code    36  llsshr.o(.text)
    _ll_sshift_r                             0x08007865   Thumb Code     0  llsshr.o(.text)
    __I$use$fp                               0x08007889   Thumb Code     0  iusefp.o(.text)
    _float_round                             0x08007889   Thumb Code    18  fepilogue.o(.text)
    _float_epilogue                          0x0800789b   Thumb Code    92  fepilogue.o(.text)
    _double_round                            0x080078f7   Thumb Code    30  depilogue.o(.text)
    _double_epilogue                         0x08007915   Thumb Code   156  depilogue.o(.text)
    _drnd                                    0x080079b1   Thumb Code   132  drnd.o(.text)
    __aeabi_d2ulz                            0x08007a39   Thumb Code    48  dfixul.o(.text)
    __scatterload                            0x08007a69   Thumb Code    28  init.o(.text)
    __scatterload_rt2                        0x08007a69   Thumb Code     0  init.o(.text)
    _dsqrt                                   0x08007a8d   Thumb Code   162  dsqrt.o(.text)
    __0printf                                0x08007b31   Thumb Code    22  printfa.o(i.__0printf)
    __1printf                                0x08007b31   Thumb Code     0  printfa.o(i.__0printf)
    __2printf                                0x08007b31   Thumb Code     0  printfa.o(i.__0printf)
    __c89printf                              0x08007b31   Thumb Code     0  printfa.o(i.__0printf)
    printf                                   0x08007b31   Thumb Code     0  printfa.o(i.__0printf)
    __0vsprintf                              0x08007b51   Thumb Code    30  printfa.o(i.__0vsprintf)
    __1vsprintf                              0x08007b51   Thumb Code     0  printfa.o(i.__0vsprintf)
    __2vsprintf                              0x08007b51   Thumb Code     0  printfa.o(i.__0vsprintf)
    __c89vsprintf                            0x08007b51   Thumb Code     0  printfa.o(i.__0vsprintf)
    vsprintf                                 0x08007b51   Thumb Code     0  printfa.o(i.__0vsprintf)
    __ARM_fpclassify                         0x08007b75   Thumb Code    48  fpclassify.o(i.__ARM_fpclassify)
    __ARM_fpclassifyf                        0x08007ba5   Thumb Code    38  fpclassifyf.o(i.__ARM_fpclassifyf)
    __hardfp_asin                            0x08007bd1   Thumb Code   770  asin.o(i.__hardfp_asin)
    __hardfp_atan                            0x08007f31   Thumb Code   622  atan.o(i.__hardfp_atan)
    __hardfp_atan2                           0x08008209   Thumb Code   448  atan2.o(i.__hardfp_atan2)
    __hardfp_atanf                           0x08008409   Thumb Code   296  atanf.o(i.__hardfp_atanf)
    __hardfp_cosf                            0x08008569   Thumb Code   280  cosf.o(i.__hardfp_cosf)
    __hardfp_round                           0x080086b9   Thumb Code   194  round.o(i.__hardfp_round)
    __hardfp_sinf                            0x08008799   Thumb Code   344  sinf.o(i.__hardfp_sinf)
    __hardfp_sqrtf                           0x08008929   Thumb Code    58  sqrtf.o(i.__hardfp_sqrtf)
    __hardfp_tanf                            0x08008965   Thumb Code   322  tanf.o(i.__hardfp_tanf)
    __kernel_poly                            0x08008ae1   Thumb Code   248  poly.o(i.__kernel_poly)
    __mathlib_dbl_infnan                     0x08008bd9   Thumb Code    20  dunder.o(i.__mathlib_dbl_infnan)
    __mathlib_dbl_infnan2                    0x08008bed   Thumb Code    20  dunder.o(i.__mathlib_dbl_infnan2)
    __mathlib_dbl_invalid                    0x08008c01   Thumb Code    24  dunder.o(i.__mathlib_dbl_invalid)
    __mathlib_dbl_underflow                  0x08008c21   Thumb Code    24  dunder.o(i.__mathlib_dbl_underflow)
    __mathlib_flt_infnan                     0x08008c41   Thumb Code     6  funder.o(i.__mathlib_flt_infnan)
    __mathlib_flt_invalid                    0x08008c49   Thumb Code    10  funder.o(i.__mathlib_flt_invalid)
    __mathlib_flt_underflow                  0x08008c59   Thumb Code    10  funder.o(i.__mathlib_flt_underflow)
    __mathlib_rredf2                         0x08008c69   Thumb Code   316  rredf.o(i.__mathlib_rredf2)
    __scatterload_copy                       0x08008dbd   Thumb Code    14  handlers.o(i.__scatterload_copy)
    __scatterload_null                       0x08008dcb   Thumb Code     2  handlers.o(i.__scatterload_null)
    __scatterload_zeroinit                   0x08008dcd   Thumb Code    14  handlers.o(i.__scatterload_zeroinit)
    __set_errno                              0x08008ddd   Thumb Code     6  errno.o(i.__set_errno)
    atan                                     0x0800967d   Thumb Code    16  atan.o(i.atan)
    fabs                                     0x0800968d   Thumb Code    24  fabs.o(i.fabs)
    sqrt                                     0x080096a5   Thumb Code   110  sqrt.o(i.sqrt)
    reg                                      0x08009712   Data          27  inv_mpu.o(.constdata)
    hw                                       0x0800972e   Data          12  inv_mpu.o(.constdata)
    test                                     0x0800973c   Data          40  inv_mpu.o(.constdata)
    OLED_F8x16                               0x0800a35a   Data        1520  oled_data.o(.constdata)
    OLED_F6x8                                0x0800a94a   Data         570  oled_data.o(.constdata)
    OLED_CF16x16                             0x0800ab84   Data         385  oled_data.o(.constdata)
    __mathlib_zero                           0x0800adf0   Data           8  qnan.o(.constdata)
    Region$$Table$$Base                      0x0800aeb0   Number         0  anon$$obj.o(Region$$Table)
    Region$$Table$$Limit                     0x0800aed0   Number         0  anon$$obj.o(Region$$Table)
    pitch                                    0x20000000   Data           4  main.o(.data)
    roll                                     0x20000004   Data           4  main.o(.data)
    def                                      0x20000008   Data           4  main.o(.data)
    yaw                                      0x2000000c   Data           4  main.o(.data)
    dis                                      0x20000010   Data           4  main.o(.data)
    polar                                    0x20000014   Data           4  main.o(.data)
    SystemCoreClock                          0x20000018   Data           4  system_stm32f4xx.o(.data)
    AHBPrescTable                            0x2000001c   Data          16  system_stm32f4xx.o(.data)
    T4SKp                                    0x20000030   Data           4  control_task.o(.data)
    T4SKi                                    0x20000034   Data           4  control_task.o(.data)
    T4SKd                                    0x20000038   Data           4  control_task.o(.data)
    T1LKp                                    0x2000003c   Data           4  control_task.o(.data)
    T1LKi                                    0x20000040   Data           4  control_task.o(.data)
    T1LKd                                    0x20000044   Data           4  control_task.o(.data)
    Target_dis                               0x20000048   Data           4  control_task.o(.data)
    target_angle                             0x20000060   Data           4  control_task.o(.data)
    MotorLocation                            0x20000064   Data           1  control.o(.data)
    Opolar                                   0x200000a0   Data           4  control.o(.data)
    Stop_flag                                0x200000e0   Data           1  usart.o(.data)
    USART_RX_STA                             0x200000e2   Data           2  usart.o(.data)
    __stdout                                 0x200000e8   Data           4  usart.o(.data)
    OLED_DisplayBuf                          0x20000110   Data        1024  oled.o(.bss)
    USART_RX_BUF                             0x20000510   Data         200  usart.o(.bss)
    __initial_sp                             0x200009d8   Data           0  startup_stm32f40_41xxx.o(STACK)



==============================================================================

Memory Map of the image

  Image Entry point : 0x08000189

  Load Region LR_IROM1 (Base: 0x08000000, Size: 0x0000afd0, Max: 0x00100000, ABSOLUTE)

    Execution Region ER_IROM1 (Exec base: 0x08000000, Load base: 0x08000000, Size: 0x0000aed0, Max: 0x00100000, ABSOLUTE)

    Exec Addr    Load Addr    Size         Type   Attr      Idx    E Section Name        Object

    0x08000000   0x08000000   0x00000188   Data   RO          536    RESET               startup_stm32f40_41xxx.o
    0x08000188   0x08000188   0x00000000   Code   RO         1595  * .ARM.Collect$$$$00000000  mc_w.l(entry.o)
    0x08000188   0x08000188   0x00000004   Code   RO         1965    .ARM.Collect$$$$00000001  mc_w.l(entry2.o)
    0x0800018c   0x0800018c   0x00000004   Code   RO         1968    .ARM.Collect$$$$00000004  mc_w.l(entry5.o)
    0x08000190   0x08000190   0x00000000   Code   RO         1970    .ARM.Collect$$$$00000008  mc_w.l(entry7b.o)
    0x08000190   0x08000190   0x00000000   Code   RO         1972    .ARM.Collect$$$$0000000A  mc_w.l(entry8b.o)
    0x08000190   0x08000190   0x00000008   Code   RO         1973    .ARM.Collect$$$$0000000B  mc_w.l(entry9a.o)
    0x08000198   0x08000198   0x00000004   Code   RO         1980    .ARM.Collect$$$$0000000E  mc_w.l(entry12b.o)
    0x0800019c   0x0800019c   0x00000000   Code   RO         1975    .ARM.Collect$$$$0000000F  mc_w.l(entry10a.o)
    0x0800019c   0x0800019c   0x00000000   Code   RO         1977    .ARM.Collect$$$$00000011  mc_w.l(entry11a.o)
    0x0800019c   0x0800019c   0x00000004   Code   RO         1966    .ARM.Collect$$$$00002712  mc_w.l(entry2.o)
    0x080001a0   0x080001a0   0x000000b0   Code   RO            4    .text               main.o
    0x08000250   0x08000250   0x0000000c   Code   RO          184    .text               stm32f4xx_it.o
    0x0800025c   0x0800025c   0x00000190   Code   RO          211    .text               system_stm32f4xx.o
    0x080003ec   0x080003ec   0x000003d4   Code   RO          241    .text               bsp.o
    0x080007c0   0x080007c0   0x00000204   Code   RO          267    .text               control_task.o
    0x080009c4   0x080009c4   0x00000828   Code   RO          305    .text               control.o
    0x080011ec   0x080011ec   0x0000008c   Code   RO          336    .text               nvic.o
    0x08001278   0x08001278   0x00000204   Code   RO          360    .text               myiic.o
    0x0800147c   0x0800147c   0x00000330   Code   RO          384    .text               mpu6050.o
    0x080017ac   0x080017ac   0x00001d90   Code   RO          408    .text               inv_mpu.o
    0x0800353c   0x0800353c   0x00000c24   Code   RO          452    .text               inv_mpu_dmp_motion_driver.o
    0x08004160   0x08004160   0x00001202   Code   RO          485    .text               oled.o
    0x08005362   0x08005362   0x00000002   PAD
    0x08005364   0x08005364   0x00000024   Code   RO          537    .text               startup_stm32f40_41xxx.o
    0x08005388   0x08005388   0x00000060   Code   RO          544    .text               delay.o
    0x080053e8   0x080053e8   0x000002bc   Code   RO          588    .text               usart.o
    0x080056a4   0x080056a4   0x000000bc   Code   RO          651    .text               misc.o
    0x08005760   0x08005760   0x000003a0   Code   RO          675    .text               stm32f4xx_adc.o
    0x08005b00   0x08005b00   0x000000e0   Code   RO          966    .text               stm32f4xx_exti.o
    0x08005be0   0x08005be0   0x00000264   Code   RO         1068    .text               stm32f4xx_gpio.o
    0x08005e44   0x08005e44   0x000004e0   Code   RO         1263    .text               stm32f4xx_rcc.o
    0x08006324   0x08006324   0x00000078   Code   RO         1412    .text               stm32f4xx_syscfg.o
    0x0800639c   0x0800639c   0x00000ac2   Code   RO         1436    .text               stm32f4xx_tim.o
    0x08006e5e   0x08006e5e   0x00000002   PAD
    0x08006e60   0x08006e60   0x000003f4   Code   RO         1460    .text               stm32f4xx_usart.o
    0x08007254   0x08007254   0x00000062   Code   RO         1598    .text               mc_w.l(ldiv.o)
    0x080072b6   0x080072b6   0x00000024   Code   RO         1600    .text               mc_w.l(memseta.o)
    0x080072da   0x080072da   0x0000000e   Code   RO         1602    .text               mc_w.l(strlen.o)
    0x080072e8   0x080072e8   0x0000001c   Code   RO         1604    .text               mc_w.l(strcmp.o)
    0x08007304   0x08007304   0x0000001a   Code   RO         1606    .text               mc_w.l(memcmp.o)
    0x0800731e   0x0800731e   0x0000014e   Code   RO         1871    .text               mf_w.l(dadd.o)
    0x0800746c   0x0800746c   0x000000e4   Code   RO         1873    .text               mf_w.l(dmul.o)
    0x08007550   0x08007550   0x000000de   Code   RO         1875    .text               mf_w.l(ddiv.o)
    0x0800762e   0x0800762e   0x00000022   Code   RO         1879    .text               mf_w.l(dflti.o)
    0x08007650   0x08007650   0x0000001a   Code   RO         1881    .text               mf_w.l(dfltui.o)
    0x0800766a   0x0800766a   0x0000003e   Code   RO         1883    .text               mf_w.l(dfixi.o)
    0x080076a8   0x080076a8   0x00000032   Code   RO         1885    .text               mf_w.l(dfixui.o)
    0x080076da   0x080076da   0x00000026   Code   RO         1887    .text               mf_w.l(f2d.o)
    0x08007700   0x08007700   0x00000030   Code   RO         1889    .text               mf_w.l(cdcmple.o)
    0x08007730   0x08007730   0x00000030   Code   RO         1891    .text               mf_w.l(cdrcmple.o)
    0x08007760   0x08007760   0x00000038   Code   RO         1893    .text               mf_w.l(d2f.o)
    0x08007798   0x08007798   0x0000002c   Code   RO         1981    .text               mc_w.l(uidiv.o)
    0x080077c4   0x080077c4   0x00000062   Code   RO         1983    .text               mc_w.l(uldiv.o)
    0x08007826   0x08007826   0x0000001e   Code   RO         1985    .text               mc_w.l(llshl.o)
    0x08007844   0x08007844   0x00000020   Code   RO         1987    .text               mc_w.l(llushr.o)
    0x08007864   0x08007864   0x00000024   Code   RO         1989    .text               mc_w.l(llsshr.o)
    0x08007888   0x08007888   0x00000000   Code   RO         1998    .text               mc_w.l(iusefp.o)
    0x08007888   0x08007888   0x0000006e   Code   RO         1999    .text               mf_w.l(fepilogue.o)
    0x080078f6   0x080078f6   0x000000ba   Code   RO         2001    .text               mf_w.l(depilogue.o)
    0x080079b0   0x080079b0   0x00000088   Code   RO         2003    .text               mf_w.l(drnd.o)
    0x08007a38   0x08007a38   0x00000030   Code   RO         2005    .text               mf_w.l(dfixul.o)
    0x08007a68   0x08007a68   0x00000024   Code   RO         2007    .text               mc_w.l(init.o)
    0x08007a8c   0x08007a8c   0x000000a2   Code   RO         2009    .text               mf_w.l(dsqrt.o)
    0x08007b2e   0x08007b2e   0x00000002   PAD
    0x08007b30   0x08007b30   0x00000020   Code   RO         1843    i.__0printf         mc_w.l(printfa.o)
    0x08007b50   0x08007b50   0x00000024   Code   RO         1849    i.__0vsprintf       mc_w.l(printfa.o)
    0x08007b74   0x08007b74   0x00000030   Code   RO         1929    i.__ARM_fpclassify  m_wm.l(fpclassify.o)
    0x08007ba4   0x08007ba4   0x00000026   Code   RO         1931    i.__ARM_fpclassifyf  m_wm.l(fpclassifyf.o)
    0x08007bca   0x08007bca   0x00000006   PAD
    0x08007bd0   0x08007bd0   0x00000360   Code   RO         1505    i.__hardfp_asin     m_wm.l(asin.o)
    0x08007f30   0x08007f30   0x000002d8   Code   RO         1895    i.__hardfp_atan     m_wm.l(atan.o)
    0x08008208   0x08008208   0x00000200   Code   RO         1519    i.__hardfp_atan2    m_wm.l(atan2.o)
    0x08008408   0x08008408   0x00000160   Code   RO         1531    i.__hardfp_atanf    m_wm.l(atanf.o)
    0x08008568   0x08008568   0x00000150   Code   RO         1543    i.__hardfp_cosf     m_wm.l(cosf.o)
    0x080086b8   0x080086b8   0x000000e0   Code   RO         1555    i.__hardfp_round    m_wm.l(round.o)
    0x08008798   0x08008798   0x00000190   Code   RO         1559    i.__hardfp_sinf     m_wm.l(sinf.o)
    0x08008928   0x08008928   0x0000003a   Code   RO         1571    i.__hardfp_sqrtf    m_wm.l(sqrtf.o)
    0x08008962   0x08008962   0x00000002   PAD
    0x08008964   0x08008964   0x0000017c   Code   RO         1583    i.__hardfp_tanf     m_wm.l(tanf.o)
    0x08008ae0   0x08008ae0   0x000000f8   Code   RO         1947    i.__kernel_poly     m_wm.l(poly.o)
    0x08008bd8   0x08008bd8   0x00000014   Code   RO         1910    i.__mathlib_dbl_infnan  m_wm.l(dunder.o)
    0x08008bec   0x08008bec   0x00000014   Code   RO         1911    i.__mathlib_dbl_infnan2  m_wm.l(dunder.o)
    0x08008c00   0x08008c00   0x00000020   Code   RO         1912    i.__mathlib_dbl_invalid  m_wm.l(dunder.o)
    0x08008c20   0x08008c20   0x00000020   Code   RO         1915    i.__mathlib_dbl_underflow  m_wm.l(dunder.o)
    0x08008c40   0x08008c40   0x00000006   Code   RO         1934    i.__mathlib_flt_infnan  m_wm.l(funder.o)
    0x08008c46   0x08008c46   0x00000002   PAD
    0x08008c48   0x08008c48   0x00000010   Code   RO         1936    i.__mathlib_flt_invalid  m_wm.l(funder.o)
    0x08008c58   0x08008c58   0x00000010   Code   RO         1939    i.__mathlib_flt_underflow  m_wm.l(funder.o)
    0x08008c68   0x08008c68   0x00000154   Code   RO         1950    i.__mathlib_rredf2  m_wm.l(rredf.o)
    0x08008dbc   0x08008dbc   0x0000000e   Code   RO         2013    i.__scatterload_copy  mc_w.l(handlers.o)
    0x08008dca   0x08008dca   0x00000002   Code   RO         2014    i.__scatterload_null  mc_w.l(handlers.o)
    0x08008dcc   0x08008dcc   0x0000000e   Code   RO         2015    i.__scatterload_zeroinit  mc_w.l(handlers.o)
    0x08008dda   0x08008dda   0x00000002   PAD
    0x08008ddc   0x08008ddc   0x0000000c   Code   RO         1993    i.__set_errno       mc_w.l(errno.o)
    0x08008de8   0x08008de8   0x00000184   Code   RO         1850    i._fp_digits        mc_w.l(printfa.o)
    0x08008f6c   0x08008f6c   0x000006b4   Code   RO         1851    i._printf_core      mc_w.l(printfa.o)
    0x08009620   0x08009620   0x00000024   Code   RO         1852    i._printf_post_padding  mc_w.l(printfa.o)
    0x08009644   0x08009644   0x0000002e   Code   RO         1853    i._printf_pre_padding  mc_w.l(printfa.o)
    0x08009672   0x08009672   0x0000000a   Code   RO         1855    i._sputc            mc_w.l(printfa.o)
    0x0800967c   0x0800967c   0x00000010   Code   RO         1897    i.atan              m_wm.l(atan.o)
    0x0800968c   0x0800968c   0x00000018   Code   RO         1925    i.fabs              m_wm.l(fabs.o)
    0x080096a4   0x080096a4   0x0000006e   Code   RO         1955    i.sqrt              m_wm.l(sqrt.o)
    0x08009712   0x08009712   0x0000001b   Data   RO          409    .constdata          inv_mpu.o
    0x0800972d   0x0800972d   0x00000001   PAD
    0x0800972e   0x0800972e   0x0000000c   Data   RO          410    .constdata          inv_mpu.o
    0x0800973a   0x0800973a   0x00000002   PAD
    0x0800973c   0x0800973c   0x00000028   Data   RO          411    .constdata          inv_mpu.o
    0x08009764   0x08009764   0x00000bf6   Data   RO          454    .constdata          inv_mpu_dmp_motion_driver.o
    0x0800a35a   0x0800a35a   0x000005f0   Data   RO          519    .constdata          oled_data.o
    0x0800a94a   0x0800a94a   0x0000023a   Data   RO          520    .constdata          oled_data.o
    0x0800ab84   0x0800ab84   0x00000181   Data   RO          521    .constdata          oled_data.o
    0x0800ad05   0x0800ad05   0x00000003   PAD
    0x0800ad08   0x0800ad08   0x00000050   Data   RO         1508    .constdata          m_wm.l(asin.o)
    0x0800ad58   0x0800ad58   0x00000098   Data   RO         1898    .constdata          m_wm.l(atan.o)
    0x0800adf0   0x0800adf0   0x00000008   Data   RO         1949    .constdata          m_wm.l(qnan.o)
    0x0800adf8   0x0800adf8   0x00000020   Data   RO         1951    .constdata          m_wm.l(rredf.o)
    0x0800ae18   0x0800ae18   0x00000047   Data   RO          242    .conststring        bsp.o
    0x0800ae5f   0x0800ae5f   0x00000001   PAD
    0x0800ae60   0x0800ae60   0x0000004d   Data   RO          412    .conststring        inv_mpu.o
    0x0800aead   0x0800aead   0x00000003   PAD
    0x0800aeb0   0x0800aeb0   0x00000020   Data   RO         2011    Region$$Table       anon$$obj.o


    Execution Region RW_IRAM1 (Exec base: 0x20000000, Load base: 0x0800aed0, Size: 0x000009d8, Max: 0x00020000, ABSOLUTE)

    Exec Addr    Load Addr    Size         Type   Attr      Idx    E Section Name        Object

    0x20000000   0x0800aed0   0x0000000c   Data   RW            5    .data               main.o
    0x2000000c   0x0800aedc   0x00000004   Data   RW            6    .data               main.o
    0x20000010   0x0800aee0   0x00000004   Data   RW            7    .data               main.o
    0x20000014   0x0800aee4   0x00000004   Data   RW            8    .data               main.o
    0x20000018   0x0800aee8   0x00000014   Data   RW          212    .data               system_stm32f4xx.o
    0x2000002c   0x0800aefc   0x00000002   Data   RW          243    .data               bsp.o
    0x2000002e   0x0800aefe   0x00000002   PAD
    0x20000030   0x0800af00   0x00000004   Data   RW          268    .data               control_task.o
    0x20000034   0x0800af04   0x00000004   Data   RW          269    .data               control_task.o
    0x20000038   0x0800af08   0x00000004   Data   RW          270    .data               control_task.o
    0x2000003c   0x0800af0c   0x00000004   Data   RW          271    .data               control_task.o
    0x20000040   0x0800af10   0x00000004   Data   RW          272    .data               control_task.o
    0x20000044   0x0800af14   0x00000004   Data   RW          273    .data               control_task.o
    0x20000048   0x0800af18   0x0000001c   Data   RW          274    .data               control_task.o
    0x20000064   0x0800af34   0x00000040   Data   RW          306    .data               control.o
    0x200000a4   0x0800af74   0x00000035   Data   RW          413    .data               inv_mpu.o
    0x200000d9   0x0800afa9   0x00000003   PAD
    0x200000dc   0x0800afac   0x00000004   Data   RW          545    .data               delay.o
    0x200000e0   0x0800afb0   0x00000001   Data   RW          590    .data               usart.o
    0x200000e1   0x0800afb1   0x00000001   PAD
    0x200000e2   0x0800afb2   0x00000004   Data   RW          591    .data               usart.o
    0x200000e6   0x0800afb6   0x00000002   PAD
    0x200000e8   0x0800afb8   0x00000004   Data   RW          592    .data               usart.o
    0x200000ec   0x0800afbc   0x00000010   Data   RW         1264    .data               stm32f4xx_rcc.o
    0x200000fc   0x0800afcc   0x00000004   Data   RW         1994    .data               mc_w.l(errno.o)
    0x20000100        -       0x00000010   Zero   RW          453    .bss                inv_mpu_dmp_motion_driver.o
    0x20000110        -       0x00000400   Zero   RW          486    .bss                oled.o
    0x20000510        -       0x000000c8   Zero   RW          589    .bss                usart.o
    0x200005d8        -       0x00000400   Zero   RW          534    STACK               startup_stm32f40_41xxx.o


==============================================================================

Image component sizes


      Code (inc. data)   RO Data    RW Data    ZI Data      Debug   Object Name

       980        324         71          2          0       3013   bsp.o
      2088        198          0         64          0       4263   control.o
       516         86          0         52          0       1751   control_task.o
        96          6          0          4          0       1167   delay.o
      7568        200        156         53          0      27049   inv_mpu.o
      3108        136       3062          0         16      15847   inv_mpu_dmp_motion_driver.o
       176         80          0         24          0     298822   main.o
       188         14          0          0          0       2061   misc.o
       816         40          0          0          0       4451   mpu6050.o
       516         14          0          0          0       2024   myiic.o
       140          0          0          0          0        637   nvic.o
      4610         64          0          0       1024      17016   oled.o
         0          0       2475          0          0       1154   oled_data.o
        36          8        392          0       1024        828   startup_stm32f40_41xxx.o
       928         26          0          0          0      11458   stm32f4xx_adc.o
       224          8          0          0          0       2495   stm32f4xx_exti.o
       612         44          0          0          0       4817   stm32f4xx_gpio.o
        12          0          0          0          0        947   stm32f4xx_it.o
      1248         52          0         16          0      13796   stm32f4xx_rcc.o
       120         16          0          0          0       1913   stm32f4xx_syscfg.o
      2754         60          0          0          0      25020   stm32f4xx_tim.o
      1012         32          0          0          0       8856   stm32f4xx_usart.o
       400         36          0         20          0       1947   system_stm32f4xx.o
       700         54          0          9        200       5455   usart.o

    ----------------------------------------------------------------------
     28852       1498       6198        252       2264     456787   Object Totals
         0          0         32          0          0          0   (incl. Generated)
         4          0         10          8          0          0   (incl. Padding)

    ----------------------------------------------------------------------

      Code (inc. data)   RO Data    RW Data    ZI Data      Debug   Library Member Name

       864         94         80          0          0        280   asin.o
       744        106        152          0          0        352   atan.o
       512         64          0          0          0        208   atan2.o
       352         56          0          0          0        172   atanf.o
       336         56          0          0          0        136   cosf.o
       104         16          0          0          0        496   dunder.o
        24          0          0          0          0        124   fabs.o
        48          0          0          0          0        124   fpclassify.o
        38          0          0          0          0        116   fpclassifyf.o
        38         12          0          0          0        348   funder.o
       248          0          0          0          0        152   poly.o
         0          0          8          0          0          0   qnan.o
       224         30          0          0          0        172   round.o
       340         24         32          0          0        160   rredf.o
       400         56          0          0          0        212   sinf.o
       110          0          0          0          0        148   sqrt.o
        58          0          0          0          0        136   sqrtf.o
       380         58          0          0          0        200   tanf.o
         0          0          0          0          0          0   entry.o
         0          0          0          0          0          0   entry10a.o
         0          0          0          0          0          0   entry11a.o
         4          0          0          0          0          0   entry12b.o
         8          4          0          0          0          0   entry2.o
         4          0          0          0          0          0   entry5.o
         0          0          0          0          0          0   entry7b.o
         0          0          0          0          0          0   entry8b.o
         8          4          0          0          0          0   entry9a.o
        12          6          0          4          0         68   errno.o
        30          0          0          0          0          0   handlers.o
        36          8          0          0          0         68   init.o
         0          0          0          0          0          0   iusefp.o
        98          0          0          0          0         84   ldiv.o
        30          0          0          0          0         68   llshl.o
        36          0          0          0          0         68   llsshr.o
        32          0          0          0          0         68   llushr.o
        26          0          0          0          0         80   memcmp.o
        36          0          0          0          0        108   memseta.o
      2264         96          0          0          0        612   printfa.o
        28          0          0          0          0         76   strcmp.o
        14          0          0          0          0         68   strlen.o
        44          0          0          0          0         80   uidiv.o
        98          0          0          0          0         92   uldiv.o
        48          0          0          0          0         68   cdcmple.o
        48          0          0          0          0         68   cdrcmple.o
        56          0          0          0          0         88   d2f.o
       334          0          0          0          0        148   dadd.o
       222          0          0          0          0        100   ddiv.o
       186          0          0          0          0        176   depilogue.o
        62          0          0          0          0         80   dfixi.o
        50          0          0          0          0         76   dfixui.o
        48          0          0          0          0         68   dfixul.o
        34          0          0          0          0         76   dflti.o
        26          0          0          0          0         76   dfltui.o
       228          0          0          0          0         96   dmul.o
       136          4          0          0          0         92   drnd.o
       162          0          0          0          0        100   dsqrt.o
        38          0          0          0          0         68   f2d.o
       110          0          0          0          0        168   fepilogue.o

    ----------------------------------------------------------------------
      9430        694        272          4          0       6624   Library Totals
        14          0          0          0          0          0   (incl. Padding)

    ----------------------------------------------------------------------

      Code (inc. data)   RO Data    RW Data    ZI Data      Debug   Library Name

      4820        572        272          0          0       3536   m_wm.l
      2808        118          0          4          0       1540   mc_w.l
      1788          4          0          0          0       1548   mf_w.l

    ----------------------------------------------------------------------
      9430        694        272          4          0       6624   Library Totals

    ----------------------------------------------------------------------

==============================================================================


      Code (inc. data)   RO Data    RW Data    ZI Data      Debug   

     38282       2192       6470        256       2264     454151   Grand Totals
     38282       2192       6470        256       2264     454151   ELF Image Totals
     38282       2192       6470        256          0          0   ROM Totals

==============================================================================

    Total RO  Size (Code + RO Data)                44752 (  43.70kB)
    Total RW  Size (RW Data + ZI Data)              2520 (   2.46kB)
    Total ROM Size (Code + RO Data + RW Data)      45008 (  43.95kB)

==============================================================================

