Component: ARM Compiler 5.06 update 7 (build 960) Tool: armlink [4d3601]

==============================================================================

Section Cross References

    main.o(.text) refers to bsp.o(.text) for BSP_Init
    main.o(.text) refers to printfa.o(i.__0printf) for __2printf
    main.o(.text) refers to f2d.o(.text) for __aeabi_f2d
    main.o(.text) refers to oled.o(.text) for OLED_Printf
    main.o(.text) refers to main.o(.data) for .data
    system_stm32f4xx.o(.text) refers to system_stm32f4xx.o(.data) for .data
    bsp.o(.text) refers to stm32f4xx_rcc.o(.text) for RCC_AHB1PeriphClockCmd
    bsp.o(.text) refers to stm32f4xx_syscfg.o(.text) for SYSCFG_EXTILineConfig
    bsp.o(.text) refers to stm32f4xx_gpio.o(.text) for GPIO_Init
    bsp.o(.text) refers to stm32f4xx_exti.o(.text) for EXTI_Init
    bsp.o(.text) refers to usart.o(.text) for usart1_init
    bsp.o(.text) refers to printfa.o(i.__0printf) for __2printf
    bsp.o(.text) refers to delay.o(.text) for delay_init
    bsp.o(.text) refers to nvic.o(.text) for BSP_NVIC_IT_Config
    bsp.o(.text) refers to control.o(.text) for Motor_PWM_TIM8_Init
    bsp.o(.text) refers to oled.o(.text) for OLED_Init
    bsp.o(.text) refers to mpu6050.o(.text) for MPU_Init
    bsp.o(.text) refers to inv_mpu.o(.text) for mpu_dmp_init
    bsp.o(.text) refers to stm32f4xx_tim.o(.text) for TIM_TimeBaseInit
    bsp.o(.text) refers to stm32f4xx_adc.o(.text) for ADC_Init
    bsp.o(.text) refers to misc.o(.text) for NVIC_Init
    bsp.o(.text) refers to dfltui.o(.text) for __aeabi_ui2d
    bsp.o(.text) refers to ddiv.o(.text) for __aeabi_ddiv
    bsp.o(.text) refers to dmul.o(.text) for __aeabi_dmul
    bsp.o(.text) refers to dfixui.o(.text) for __aeabi_d2uiz
    bsp.o(.text) refers to bsp.o(.conststring) for .conststring
    bsp.o(.text) refers to bsp.o(.data) for .data
    control_task.o(.text) refers to f2d.o(.text) for __aeabi_f2d
    control_task.o(.text) refers to ddiv.o(.text) for __aeabi_ddiv
    control_task.o(.text) refers to d2f.o(.text) for __aeabi_d2f
    control_task.o(.text) refers to atanf.o(i.__hardfp_atanf) for __hardfp_atanf
    control_task.o(.text) refers to dmul.o(.text) for __aeabi_dmul
    control_task.o(.text) refers to sinf.o(i.__hardfp_sinf) for __hardfp_sinf
    control_task.o(.text) refers to printfa.o(i.__0printf) for __2printf
    control_task.o(.text) refers to dadd.o(.text) for __aeabi_dadd
    control_task.o(.text) refers to control.o(.text) for Motor_Cmd
    control_task.o(.text) refers to stm32f4xx_exti.o(.text) for EXTI_GetITStatus
    control_task.o(.text) refers to inv_mpu.o(.text) for mpu_dmp_get_data
    control_task.o(.text) refers to cosf.o(i.__hardfp_cosf) for __hardfp_cosf
    control_task.o(.text) refers to asinf.o(i.__hardfp_asinf) for __hardfp_asinf
    control_task.o(.text) refers to control_task.o(.data) for .data
    control_task.o(.text) refers to main.o(.data) for pitch
    control_task.o(.text) refers to main.o(.data) for yaw
    control_task.o(.text) refers to main.o(.data) for dis
    control_task.o(.data) refers to control.o(.text) for PidControl_Stop
    control.o(.text) refers to f2d.o(.text) for __aeabi_f2d
    control.o(.text) refers to dmul.o(.text) for __aeabi_dmul
    control.o(.text) refers to d2f.o(.text) for __aeabi_d2f
    control.o(.text) refers to tanf.o(i.__hardfp_tanf) for __hardfp_tanf
    control.o(.text) refers to sqrtf.o(i.__hardfp_sqrtf) for __hardfp_sqrtf
    control.o(.text) refers to atanf.o(i.__hardfp_atanf) for __hardfp_atanf
    control.o(.text) refers to ddiv.o(.text) for __aeabi_ddiv
    control.o(.text) refers to stm32f4xx_rcc.o(.text) for RCC_APB2PeriphClockCmd
    control.o(.text) refers to bsp.o(.text) for GPIO_Config
    control.o(.text) refers to stm32f4xx_gpio.o(.text) for GPIO_PinAFConfig
    control.o(.text) refers to stm32f4xx_tim.o(.text) for TIM_TimeBaseInit
    control.o(.text) refers to printfa.o(i.__0printf) for __2printf
    control.o(.text) refers to main.o(.data) for def
    control.o(.text) refers to main.o(.data) for dis
    control.o(.text) refers to main.o(.data) for Opolar
    control.o(.text) refers to main.o(.data) for polar
    control.o(.text) refers to control.o(.data) for .data
    control.o(.text) refers to cosf.o(i.__hardfp_cosf) for __hardfp_cosf
    control.o(.text) refers to sinf.o(i.__hardfp_sinf) for __hardfp_sinf
    control.o(.text) refers to usart.o(.data) for Stop_flag
    nvic.o(.text) refers to misc.o(.text) for NVIC_PriorityGroupConfig
    myiic.o(.text) refers to stm32f4xx_rcc.o(.text) for RCC_AHB1PeriphClockCmd
    myiic.o(.text) refers to stm32f4xx_gpio.o(.text) for GPIO_Init
    myiic.o(.text) refers to delay.o(.text) for delay_us
    mpu6050.o(.text) refers to myiic.o(.text) for IIC_Start
    mpu6050.o(.text) refers to delay.o(.text) for delay_ms
    mpu6050.o(.text) refers to printfa.o(i.__0printf) for __2printf
    mpu6050.o(.text) refers to dflti.o(.text) for __aeabi_i2d
[...]
    .data                                    0x200000e4   Section       60  control.o(.data)
    T4Serror                                 0x200000e8   Data           4  control.o(.data)
    T4SlastError                             0x200000ec   Data           4  control.o(.data)
    T4Sintegral                              0x200000f0   Data           4  control.o(.data)
    T4Sderivative                            0x200000f4   Data           4  control.o(.data)
    T4SintegralMin                           0x200000f8   Data           4  control.o(.data)
    T4SintegralMax                           0x200000fc   Data           4  control.o(.data)
    output                                   0x20000100   Data           4  control.o(.data)
    T1Lerror                                 0x20000104   Data           4  control.o(.data)
    T1LlastError                             0x20000108   Data           4  control.o(.data)
    T1Lintegral                              0x2000010c   Data           4  control.o(.data)
    T1Lderivative                            0x20000110   Data           4  control.o(.data)
    T1LintegralMin                           0x20000114   Data           4  control.o(.data)
    T1LintegralMax                           0x20000118   Data           4  control.o(.data)
    output                                   0x2000011c   Data           4  control.o(.data)
    .data                                    0x20000120   Section       53  inv_mpu.o(.data)
    st                                       0x20000120   Data          44  inv_mpu.o(.data)
    gyro_orientation                         0x2000014c   Data           9  inv_mpu.o(.data)
    .data                                    0x20000158   Section        4  delay.o(.data)
    g_fac_us                                 0x20000158   Data           4  delay.o(.data)
    .data                                    0x2000015c   Section        1  usart.o(.data)
    .data                                    0x2000015e   Section        4  usart.o(.data)
    Res                                      0x20000160   Data           2  usart.o(.data)
    .data                                    0x20000164   Section        4  usart.o(.data)
    .data                                    0x20000168   Section       16  stm32f4xx_rcc.o(.data)
    APBAHBPrescTable                         0x20000168   Data          16  stm32f4xx_rcc.o(.data)
    .data                                    0x20000178   Section        4  errno.o(.data)
    _errno                                   0x20000178   Data           4  errno.o(.data)
    .bss                                     0x2000017c   Section       16  inv_mpu_dmp_motion_driver.o(.bss)
    dmp                                      0x2000017c   Data          16  inv_mpu_dmp_motion_driver.o(.bss)
    .bss                                     0x2000018c   Section     1024  oled.o(.bss)
    .bss                                     0x2000058c   Section      200  usart.o(.bss)
    STACK                                    0x20000658   Section     1024  startup_stm32f40_41xxx.o(STACK)

    Global Symbols

    Symbol Name                              Value     Ov Type        Size  Object(Section)

    BuildAttributes$$THM_ISAv4$E$P$D$K$B$S$7EM$VFPi3$EXTD16$VFPS$VFMA$PE$A:L22UL41UL21$X:L11$S22US41US21$IEEE1$IW$USESV6$~STKCKD$USESV7$~SHL$OTIME$ROPI$IEEEX$EBA8$MICROLIB$REQ8$PRES8$EABIv2 0x00000000   Number         0  anon$$obj.o ABSOLUTE
    __ARM_use_no_argv                        0x00000000   Number         0  main.o ABSOLUTE
    __use_no_errno                           0x00000000   Number         0  useno.o ABSOLUTE
    __use_no_exception_handling              0x00000000   Number         0  useno.o ABSOLUTE
    __use_no_fp                              0x00000000   Number         0  useno.o ABSOLUTE
    __use_no_heap                            0x00000000   Number         0  useno.o ABSOLUTE
    __use_no_heap_region                     0x00000000   Number         0  useno.o ABSOLUTE
    __use_no_semihosting                     0x00000000   Number         0  useno.o ABSOLUTE
    __use_no_semihosting_swi                 0x00000000   Number         0  useno.o ABSOLUTE
    __use_no_signal_handling                 0x00000000   Number         0  useno.o ABSOLUTE
    _printf_a                                0x00000000   Number         0  stubs.o ABSOLUTE
    _printf_c                                0x00000000   Number         0  stubs.o ABSOLUTE
    _printf_charcount                        0x00000000   Number         0  stubs.o ABSOLUTE
    _printf_d                                0x00000000   Number         0  stubs.o ABSOLUTE
    _printf_e                                0x00000000   Number         0  stubs.o ABSOLUTE
    _printf_f                                0x00000000   Number         0  stubs.o ABSOLUTE
    _printf_flags                            0x00000000   Number         0  stubs.o ABSOLUTE
    _printf_fp_dec                           0x00000000   Number         0  stubs.o ABSOLUTE
    _printf_fp_hex                           0x00000000   Number         0  stubs.o ABSOLUTE
    _printf_g                                0x00000000   Number         0  stubs.o ABSOLUTE
    _printf_i                                0x00000000   Number         0  stubs.o ABSOLUTE
    _printf_int_dec                          0x00000000   Number         0  stubs.o ABSOLUTE
    _printf_l                                0x00000000   Number         0  stubs.o ABSOLUTE
    _printf_lc                               0x00000000   Number         0  stubs.o ABSOLUTE
    _printf_ll                               0x00000000   Number         0  stubs.o ABSOLUTE
    _printf_lld                              0x00000000   Number         0  stubs.o ABSOLUTE
    _printf_lli                              0x00000000   Number         0  stubs.o ABSOLUTE
    _printf_llo                              0x00000000   Number         0  stubs.o ABSOLUTE
    _printf_llu                              0x00000000   Number         0  stubs.o ABSOLUTE
    _printf_llx                              0x00000000   Number         0  stubs.o ABSOLUTE
    _printf_longlong_dec                     0x00000000   Number         0  stubs.o ABSOLUTE
    _printf_longlong_hex                     0x00000000   Number         0  stubs.o ABSOLUTE
    _printf_longlong_oct                     0x00000000   Number         0  stubs.o ABSOLUTE
    _printf_ls                               0x00000000   Number         0  stubs.o ABSOLUTE
    _printf_mbtowc                           0x00000000   Number         0  stubs.o ABSOLUTE
    _printf_n                                0x00000000   Number         0  stubs.o ABSOLUTE
    _printf_o                                0x00000000   Number         0  stubs.o ABSOLUTE
    _printf_p                                0x00000000   Number         0  stubs.o ABSOLUTE
    _printf_percent                          0x00000000   Number         0  stubs.o ABSOLUTE
    _printf_pre_padding                      0x00000000   Number         0  stubs.o ABSOLUTE
    _printf_return_value                     0x00000000   Number         0  stubs.o ABSOLUTE
    _printf_s                                0x00000000   Number         0  stubs.o ABSOLUTE
    _printf_sizespec                         0x00000000   Number         0  stubs.o ABSOLUTE
    _printf_str                              0x00000000   Number         0  stubs.o ABSOLUTE
    _printf_truncate_signed                  0x00000000   Number         0  stubs.o ABSOLUTE
    _printf_truncate_unsigned                0x00000000   Number         0  stubs.o ABSOLUTE
    _printf_u                                0x00000000   Number         0  stubs.o ABSOLUTE
    _printf_wc                               0x00000000   Number         0  stubs.o ABSOLUTE
    _printf_wctomb                           0x00000000   Number         0  stubs.o ABSOLUTE
    _printf_widthprec                        0x00000000   Number         0  stubs.o ABSOLUTE
    _printf_x                                0x00000000   Number         0  stubs.o ABSOLUTE
    __arm_fini_                               - Undefined Weak Reference
    __cpp_initialize__aeabi_                  - Undefined Weak Reference
    __cxa_finalize                            - Undefined Weak Reference
    _clock_init                               - Undefined Weak Reference
    _microlib_exit                            - Undefined Weak Reference
    __Vectors_Size                           0x00000188   Number         0  startup_stm32f40_41xxx.o ABSOLUTE
    __Vectors                                0x08000000   Data           4  startup_stm32f40_41xxx.o(RESET)
    __Vectors_End                            0x08000188   Data           0  startup_stm32f40_41xxx.o(RESET)
    __main                                   0x08000189   Thumb Code     0  entry.o(.ARM.Collect$$$$00000000)
    _main_stk                                0x08000189   Thumb Code     0  entry2.o(.ARM.Collect$$$$00000001)
    _main_scatterload                        0x0800018d   Thumb Code     0  entry5.o(.ARM.Collect$$$$00000004)
    __main_after_scatterload                 0x08000191   Thumb Code     0  entry5.o(.ARM.Collect$$$$00000004)
    _main_clock                              0x08000191   Thumb Code     0  entry7b.o(.ARM.Collect$$$$00000008)
    _main_cpp_init                           0x08000191   Thumb Code     0  entry8b.o(.ARM.Collect$$$$0000000A)
    _main_init                               0x08000191   Thumb Code     0  entry9a.o(.ARM.Collect$$$$0000000B)
    __rt_lib_shutdown_fini                   0x08000199   Thumb Code     0  entry12b.o(.ARM.Collect$$$$0000000E)
    __rt_final_cpp                           0x0800019d   Thumb Code     0  entry10a.o(.ARM.Collect$$$$0000000F)
    __rt_final_exit                          0x0800019d   Thumb Code     0  entry11a.o(.ARM.Collect$$$$00000011)
    main                                     0x080001a1   Thumb Code    96  main.o(.text)
    NMI_Handler                              0x08000251   Thumb Code     2  stm32f4xx_it.o(.text)
    HardFault_Handler                        0x08000253   Thumb Code     2  stm32f4xx_it.o(.text)
    MemManage_Handler                        0x08000255   Thumb Code     2  stm32f4xx_it.o(.text)
    BusFault_Handler                         0x08000257   Thumb Code     2  stm32f4xx_it.o(.text)
    UsageFault_Handler                       0x08000259   Thumb Code     2  stm32f4xx_it.o(.text)
    DebugMon_Handler                         0x0800025b   Thumb Code     2  stm32f4xx_it.o(.text)
    SystemInit                               0x08000305   Thumb Code    74  system_stm32f4xx.o(.text)
    SystemCoreClockUpdate                    0x0800034f   Thumb Code   122  system_stm32f4xx.o(.text)
    EXIT15_Init                              0x080003ed   Thumb Code    82  bsp.o(.text)
    GPIO_Config                              0x0800043f   Thumb Code    32  bsp.o(.text)
    LED_Init                                 0x0800045f   Thumb Code    42  bsp.o(.text)
    BSP_Init                                 0x08000489   Thumb Code   164  bsp.o(.text)
    TIM2_Init                                0x0800052d   Thumb Code    78  bsp.o(.text)
    ADC_Config                               0x0800057b   Thumb Code   156  bsp.o(.text)
    ADCvalue_convert                         0x08000617   Thumb Code    38  bsp.o(.text)
    ADC_IRQHandler                           0x0800063d   Thumb Code    64  bsp.o(.text)
    Task1_LineMove                           0x080007c1   Thumb Code   344  control_task.o(.text)
    EXTI15_10_IRQHandler                     0x08000919   Thumb Code    62  control_task.o(.text)
    Task4_StopFast                           0x08000957   Thumb Code    34  control_task.o(.text)
    Task3_AngleMove                          0x08000979   Thumb Code   780  control_task.o(.text)
    Task5_CircleMove                         0x08000c85   Thumb Code   562  control_task.o(.text)
    GetPolar                                 0x08000ee1   Thumb Code   470  control.o(.text)
    PidControl_Stop                          0x080010b7   Thumb Code   128  control.o(.text)
    PidControl_LineMove                      0x08001137   Thumb Code   128  control.o(.text)
    Motor_PWM_TIM8_Init                      0x080011b7   Thumb Code   244  control.o(.text)
    Motor_Cmd                                0x080012ab   Thumb Code   286  control.o(.text)
    StopAllMotor                             0x080013c9   Thumb Code    30  control.o(.text)
    MotorState                               0x080013e7   Thumb Code   250  control.o(.text)
    PWM_Allocation                           0x080014e1   Thumb Code   486  control.o(.text)
    BSP_NVIC_IT_Config                       0x080016e1   Thumb Code   140  nvic.o(.text)
    IIC_Init                                 0x0800176d   Thumb Code    52  myiic.o(.text)
    IIC_Start                                0x080017a1   Thumb Code    48  myiic.o(.text)
    IIC_Stop                                 0x080017d1   Thumb Code    50  myiic.o(.text)
    IIC_Wait_Ack                             0x08001803   Thumb Code    74  myiic.o(.text)
    IIC_Ack                                  0x0800184d   Thumb Code    48  myiic.o(.text)
    IIC_NAck                                 0x0800187d   Thumb Code    48  myiic.o(.text)
    IIC_Send_Byte                            0x080018ad   Thumb Code    86  myiic.o(.text)
    IIC_Read_Byte                            0x08001903   Thumb Code    96  myiic.o(.text)
    MPU_Write_Byte                           0x08001971   Thumb Code    68  mpu6050.o(.text)
    MPU_Set_LPF                              0x080019b5   Thumb Code    46  mpu6050.o(.text)
    MPU_Set_Rate                             0x080019e3   Thumb Code    42  mpu6050.o(.text)
    MPU_Read_Byte                            0x08001a0d   Thumb Code    58  mpu6050.o(.text)
    MPU_Set_Accel_Fsr                        0x08001a47   Thumb Code     8  mpu6050.o(.text)
    MPU_Set_Gyro_Fsr                         0x08001a4f   Thumb Code     8  mpu6050.o(.text)
    MPU_Init                                 0x08001a57   Thumb Code   126  mpu6050.o(.text)
    MPU_Read_Len                             0x08001ad5   Thumb Code   112  mpu6050.o(.text)
    MPU_Get_Temperature                      0x08001b45   Thumb Code    84  mpu6050.o(.text)
    MPU_Get_Gyroscope                        0x08001b99   Thumb Code    68  mpu6050.o(.text)
    MPU_Get_Accelerometer                    0x08001bdd   Thumb Code    68  mpu6050.o(.text)
    MPU_Write_Len                            0x08001c21   Thumb Code    88  mpu6050.o(.text)
    mpu_reg_dump                             0x08001d11   Thumb Code    70  inv_mpu.o(.text)
    mpu_read_reg                             0x08001d57   Thumb Code    56  inv_mpu.o(.text)
    mpu_set_int_latched                      0x08001d8f   Thumb Code    92  inv_mpu.o(.text)
    mpu_set_sensors                          0x08001deb   Thumb Code   172  inv_mpu.o(.text)
    mpu_set_bypass                           0x08001e97   Thumb Code   276  inv_mpu.o(.text)
    mpu_reset_fifo                           0x08001fab   Thumb Code   378  inv_mpu.o(.text)
    mpu_configure_fifo                       0x08002125   Thumb Code    92  inv_mpu.o(.text)
    mpu_set_lpf                              0x08002181   Thumb Code   120  inv_mpu.o(.text)
    mpu_lp_accel_mode                        0x080021f9   Thumb Code   206  inv_mpu.o(.text)
    mpu_set_sample_rate                      0x080022c7   Thumb Code   128  inv_mpu.o(.text)
    mpu_set_accel_fsr                        0x08002347   Thumb Code   112  inv_mpu.o(.text)
    mpu_set_gyro_fsr                         0x080023b7   Thumb Code   118  inv_mpu.o(.text)
    mpu_init                                 0x0800242d   Thumb Code   388  inv_mpu.o(.text)
    mget_ms                                  0x080025b1   Thumb Code     2  inv_mpu.o(.text)
    mpu_get_gyro_reg                         0x080025b3   Thumb Code   100  inv_mpu.o(.text)
    mpu_get_accel_reg                        0x08002617   Thumb Code    98  inv_mpu.o(.text)
    mpu_get_temperature                      0x08002679   Thumb Code   134  inv_mpu.o(.text)
    mpu_set_accel_bias                       0x080026ff   Thumb Code   302  inv_mpu.o(.text)
    mpu_get_gyro_fsr                         0x0800282d   Thumb Code    58  inv_mpu.o(.text)
    mpu_get_accel_fsr                        0x08002867   Thumb Code    62  inv_mpu.o(.text)
    mpu_get_lpf                              0x080028a5   Thumb Code    64  inv_mpu.o(.text)
    mpu_get_sample_rate                      0x080028e5   Thumb Code    24  inv_mpu.o(.text)
    mpu_get_compass_sample_rate              0x080028fd   Thumb Code     8  inv_mpu.o(.text)
    mpu_set_compass_sample_rate              0x08002905   Thumb Code     6  inv_mpu.o(.text)
    mpu_get_gyro_sens                        0x0800290b   Thumb Code   124  inv_mpu.o(.text)
    mpu_get_accel_sens                       0x08002987   Thumb Code    70  inv_mpu.o(.text)
    mpu_get_fifo_config                      0x080029cd   Thumb Code    10  inv_mpu.o(.text)
    mpu_get_power_state                      0x080029d7   Thumb Code    22  inv_mpu.o(.text)
    mpu_get_int_status                       0x080029ed   Thumb Code    60  inv_mpu.o(.text)
    mpu_read_fifo                            0x08002a29   Thumb Code   416  inv_mpu.o(.text)
    mpu_read_fifo_stream                     0x08002bc9   Thumb Code   166  inv_mpu.o(.text)
    mpu_set_int_level                        0x08002c6f   Thumb Code    10  inv_mpu.o(.text)
    mpu_set_dmp_state                        0x08003273   Thumb Code   118  inv_mpu.o(.text)
    mpu_run_self_test                        0x080032e9   Thumb Code   244  inv_mpu.o(.text)
    mpu_write_mem                            0x080033dd   Thumb Code   104  inv_mpu.o(.text)
    mpu_read_mem                             0x08003445   Thumb Code   104  inv_mpu.o(.text)
    mpu_load_firmware                        0x080034ad   Thumb Code   174  inv_mpu.o(.text)
    mpu_get_dmp_state                        0x0800355b   Thumb Code    12  inv_mpu.o(.text)
    setup_compass                            0x08003567   Thumb Code     6  inv_mpu.o(.text)
    mpu_get_compass_reg                      0x0800356d   Thumb Code     6  inv_mpu.o(.text)
    mpu_get_compass_fsr                      0x08003573   Thumb Code     6  inv_mpu.o(.text)
    mpu_lp_motion_interrupt                  0x08003579   Thumb Code   450  inv_mpu.o(.text)
    run_self_test                            0x0800373b   Thumb Code   136  inv_mpu.o(.text)
    inv_row_2_scale                          0x080037c3   Thumb Code    72  inv_mpu.o(.text)
    inv_orientation_matrix_to_scalar         0x0800380b   Thumb Code    36  inv_mpu.o(.text)
    mpu_dmp_init                             0x0800382f   Thumb Code   154  inv_mpu.o(.text)
    mpu_dmp_get_data                         0x080038c9   Thumb Code   344  inv_mpu.o(.text)
    dmp_load_motion_driver_firmware          0x08003a31   Thumb Code    16  inv_mpu_dmp_motion_driver.o(.text)
    dmp_set_orientation                      0x08003a41   Thumb Code   260  inv_mpu_dmp_motion_driver.o(.text)
    dmp_set_gyro_bias                        0x08003b45   Thumb Code   256  inv_mpu_dmp_motion_driver.o(.text)
    dmp_set_accel_bias                       0x08003c45   Thumb Code   260  inv_mpu_dmp_motion_driver.o(.text)
    dmp_set_fifo_rate                        0x08003d49   Thumb Code    96  inv_mpu_dmp_motion_driver.o(.text)
    dmp_get_fifo_rate                        0x08003da9   Thumb Code    10  inv_mpu_dmp_motion_driver.o(.text)
    dmp_set_tap_thresh                       0x08003db3   Thumb Code   428  inv_mpu_dmp_motion_driver.o(.text)
    dmp_set_tap_axes                         0x08003f5f   Thumb Code    56  inv_mpu_dmp_motion_driver.o(.text)
    dmp_set_tap_count                        0x08003f97   Thumb Code    34  inv_mpu_dmp_motion_driver.o(.text)
    dmp_set_tap_time                         0x08003fb9   Thumb Code    32  inv_mpu_dmp_motion_driver.o(.text)
    dmp_set_tap_time_multi                   0x08003fd9   Thumb Code    32  inv_mpu_dmp_motion_driver.o(.text)
    dmp_set_shake_reject_thresh              0x08003ff9   Thumb Code    48  inv_mpu_dmp_motion_driver.o(.text)
    dmp_set_shake_reject_time                0x08004029   Thumb Code    32  inv_mpu_dmp_motion_driver.o(.text)
    dmp_set_shake_reject_timeout             0x08004049   Thumb Code    32  inv_mpu_dmp_motion_driver.o(.text)
    dmp_get_pedometer_step_count             0x08004069   Thumb Code    68  inv_mpu_dmp_motion_driver.o(.text)
    dmp_set_pedometer_step_count             0x080040ad   Thumb Code    38  inv_mpu_dmp_motion_driver.o(.text)
    dmp_get_pedometer_walk_time              0x080040d3   Thumb Code    74  inv_mpu_dmp_motion_driver.o(.text)
    dmp_set_pedometer_walk_time              0x0800411d   Thumb Code    44  inv_mpu_dmp_motion_driver.o(.text)
    dmp_enable_6x_lp_quat                    0x08004149   Thumb Code    60  inv_mpu_dmp_motion_driver.o(.text)
    dmp_enable_lp_quat                       0x08004185   Thumb Code    60  inv_mpu_dmp_motion_driver.o(.text)
    dmp_enable_gyro_cal                      0x080041c1   Thumb Code    62  inv_mpu_dmp_motion_driver.o(.text)
    dmp_enable_feature                       0x080041ff   Thumb Code   534  inv_mpu_dmp_motion_driver.o(.text)
    dmp_get_enabled_features                 0x08004415   Thumb Code    10  inv_mpu_dmp_motion_driver.o(.text)
    dmp_set_interrupt_mode                   0x08004457   Thumb Code    76  inv_mpu_dmp_motion_driver.o(.text)
    dmp_read_fifo                            0x080044a3   Thumb Code   384  inv_mpu_dmp_motion_driver.o(.text)
    dmp_register_tap_cb                      0x08004623   Thumb Code     8  inv_mpu_dmp_motion_driver.o(.text)
    dmp_register_android_orient_cb           0x0800462b   Thumb Code     8  inv_mpu_dmp_motion_driver.o(.text)
    OLED_W_D0                                0x08004655   Thumb Code    10  oled.o(.text)
    OLED_W_D1                                0x0800465f   Thumb Code    10  oled.o(.text)
    OLED_W_RES                               0x08004669   Thumb Code    10  oled.o(.text)
    OLED_W_DC                                0x08004673   Thumb Code    10  oled.o(.text)
    OLED_W_CS                                0x0800467d   Thumb Code    10  oled.o(.text)
    OLED_GPIO_Init                           0x08004687   Thumb Code   146  oled.o(.text)
    OLED_SPI_SendByte                        0x08004719   Thumb Code    44  oled.o(.text)
    OLED_WriteCommand                        0x08004745   Thumb Code    30  oled.o(.text)
    OLED_WriteData                           0x08004763   Thumb Code    44  oled.o(.text)
    OLED_SetCursor                           0x0800478f   Thumb Code    32  oled.o(.text)
    OLED_Update                              0x080047af   Thumb Code    34  oled.o(.text)
    OLED_Clear                               0x080047d1   Thumb Code    34  oled.o(.text)
    OLED_Init                                0x080047f3   Thumb Code   154  oled.o(.text)
    OLED_Pow                                 0x0800488d   Thumb Code    16  oled.o(.text)
    OLED_pnpoly                              0x0800489d   Thumb Code   112  oled.o(.text)
    OLED_IsInAngle                           0x0800490d   Thumb Code   112  oled.o(.text)
    OLED_UpdateArea                          0x0800497d   Thumb Code    98  oled.o(.text)
    OLED_ClearArea                           0x080049df   Thumb Code   110  oled.o(.text)
    OLED_Reverse                             0x08004a4d   Thumb Code    36  oled.o(.text)
    OLED_ReverseArea                         0x08004a71   Thumb Code    86  oled.o(.text)
    OLED_ShowImage                           0x08004ac7   Thumb Code   176  oled.o(.text)
    OLED_ShowChar                            0x08004b77   Thumb Code    52  oled.o(.text)
    OLED_ShowString                          0x08004bab   Thumb Code    42  oled.o(.text)
    OLED_ShowNum                             0x08004bd5   Thumb Code    72  oled.o(.text)
    OLED_ShowSignedNum                       0x08004c1d   Thumb Code   102  oled.o(.text)
    OLED_ShowHexNum                          0x08004c83   Thumb Code    90  oled.o(.text)
    OLED_ShowBinNum                          0x08004cdd   Thumb Code    66  oled.o(.text)
    OLED_ShowFloatNum                        0x08004d1f   Thumb Code   222  oled.o(.text)
    OLED_ShowChinese                         0x08004dfd   Thumb Code   166  oled.o(.text)
    OLED_Printf                              0x08004ea3   Thumb Code    42  oled.o(.text)
    OLED_DrawPoint                           0x08004ecd   Thumb Code    46  oled.o(.text)
    OLED_GetPoint                            0x08004efb   Thumb Code    52  oled.o(.text)
    OLED_DrawLine                            0x08004f2f   Thumb Code   330  oled.o(.text)
    OLED_DrawRectangle                       0x08005079   Thumb Code   122  oled.o(.text)
    OLED_DrawTriangle                        0x080050f3   Thumb Code   194  oled.o(.text)
    OLED_DrawCircle                          0x080051b5   Thumb Code   336  oled.o(.text)
    OLED_DrawEllipse                         0x08005305   Thumb Code   758  oled.o(.text)
    OLED_DrawArc                             0x080055fb   Thumb Code   604  oled.o(.text)
    Reset_Handler                            0x08005859   Thumb Code     8  startup_stm32f40_41xxx.o(.text)
    SVC_Handler                              0x0800586b   Thumb Code     2  startup_stm32f40_41xxx.o(.text)
    PendSV_Handler                           0x0800586f   Thumb Code     2  startup_stm32f40_41xxx.o(.text)
    SysTick_Handler                          0x08005871   Thumb Code     2  startup_stm32f40_41xxx.o(.text)
    CAN1_RX0_IRQHandler                      0x08005873   Thumb Code     0  startup_stm32f40_41xxx.o(.text)
    CAN1_RX1_IRQHandler                      0x08005873   Thumb Code     0  startup_stm32f40_41xxx.o(.text)
    CAN1_SCE_IRQHandler                      0x08005873   Thumb Code     0  startup_stm32f40_41xxx.o(.text)
    CAN1_TX_IRQHandler                       0x08005873   Thumb Code     0  startup_stm32f40_41xxx.o(.text)
    CAN2_RX0_IRQHandler                      0x08005873   Thumb Code     0  startup_stm32f40_41xxx.o(.text)
    CAN2_RX1_IRQHandler                      0x08005873   Thumb Code     0  startup_stm32f40_41xxx.o(.text)
    CAN2_SCE_IRQHandler                      0x08005873   Thumb Code     0  startup_stm32f40_41xxx.o(.text)
    CAN2_TX_IRQHandler                       0x08005873   Thumb Code     0  startup_stm32f40_41xxx.o(.text)
    CRYP_IRQHandler                          0x08005873   Thumb Code     0  startup_stm32f40_41xxx.o(.text)
    DCMI_IRQHandler                          0x08005873   Thumb Code     0  startup_stm32f40_41xxx.o(.text)
    DMA1_Stream0_IRQHandler                  0x08005873   Thumb Code     0  startup_stm32f40_41xxx.o(.text)
    DMA1_Stream1_IRQHandler                  0x08005873   Thumb Code     0  startup_stm32f40_41xxx.o(.text)
    DMA1_Stream2_IRQHandler                  0x08005873   Thumb Code     0  startup_stm32f40_41xxx.o(.text)
    DMA1_Stream3_IRQHandler                  0x08005873   Thumb Code     0  startup_stm32f40_41xxx.o(.text)
    DMA1_Stream4_IRQHandler                  0x08005873   Thumb Code     0  startup_stm32f40_41xxx.o(.text)
    DMA1_Stream5_IRQHandler                  0x08005873   Thumb Code     0  startup_stm32f40_41xxx.o(.text)
    DMA1_Stream6_IRQHandler                  0x08005873   Thumb Code     0  startup_stm32f40_41xxx.o(.text)
    DMA1_Stream7_IRQHandler                  0x08005873   Thumb Code     0  startup_stm32f40_41xxx.o(.text)
    DMA2_Stream0_IRQHandler                  0x08005873   Thumb Code     0  startup_stm32f40_41xxx.o(.text)
    DMA2_Stream1_IRQHandler                  0x08005873   Thumb Code     0  startup_stm32f40_41xxx.o(.text)
    DMA2_Stream2_IRQHandler                  0x08005873   Thumb Code     0  startup_stm32f40_41xxx.o(.text)
    DMA2_Stream3_IRQHandler                  0x08005873   Thumb Code     0  startup_stm32f40_41xxx.o(.text)
    DMA2_Stream4_IRQHandler                  0x08005873   Thumb Code     0  startup_stm32f40_41xxx.o(.text)
    DMA2_Stream5_IRQHandler                  0x08005873   Thumb Code     0  startup_stm32f40_41xxx.o(.text)
    DMA2_Stream6_IRQHandler                  0x08005873   Thumb Code     0  startup_stm32f40_41xxx.o(.text)
    DMA2_Stream7_IRQHandler                  0x08005873   Thumb Code     0  startup_stm32f40_41xxx.o(.text)
    ETH_IRQHandler                           0x08005873   Thumb Code     0  startup_stm32f40_41xxx.o(.text)
    ETH_WKUP_IRQHandler                      0x08005873   Thumb Code     0  startup_stm32f40_41xxx.o(.text)
    EXTI0_IRQHandler                         0x08005873   Thumb Code     0  startup_stm32f40_41xxx.o(.text)
    EXTI1_IRQHandler                         0x08005873   Thumb Code     0  startup_stm32f40_41xxx.o(.text)
    EXTI2_IRQHandler                         0x08005873   Thumb Code     0  startup_stm32f40_41xxx.o(.text)
    EXTI3_IRQHandler                         0x08005873   Thumb Code     0  startup_stm32f40_41xxx.o(.text)
    EXTI4_IRQHandler                         0x08005873   Thumb Code     0  startup_stm32f40_41xxx.o(.text)
    EXTI9_5_IRQHandler                       0x08005873   Thumb Code     0  startup_stm32f40_41xxx.o(.text)
    FLASH_IRQHandler                         0x08005873   Thumb Code     0  startup_stm32f40_41xxx.o(.text)
    FPU_IRQHandler                           0x08005873   Thumb Code     0  startup_stm32f40_41xxx.o(.text)
    FSMC_IRQHandler                          0x08005873   Thumb Code     0  startup_stm32f40_41xxx.o(.text)
    HASH_RNG_IRQHandler                      0x08005873   Thumb Code     0  startup_stm32f40_41xxx.o(.text)
    I2C1_ER_IRQHandler                       0x08005873   Thumb Code     0  startup_stm32f40_41xxx.o(.text)
    I2C1_EV_IRQHandler                       0x08005873   Thumb Code     0  startup_stm32f40_41xxx.o(.text)
    I2C2_ER_IRQHandler                       0x08005873   Thumb Code     0  startup_stm32f40_41xxx.o(.text)
    I2C2_EV_IRQHandler                       0x08005873   Thumb Code     0  startup_stm32f40_41xxx.o(.text)
    I2C3_ER_IRQHandler                       0x08005873   Thumb Code     0  startup_stm32f40_41xxx.o(.text)
    I2C3_EV_IRQHandler                       0x08005873   Thumb Code     0  startup_stm32f40_41xxx.o(.text)
    OTG_FS_IRQHandler                        0x08005873   Thumb Code     0  startup_stm32f40_41xxx.o(.text)
    OTG_FS_WKUP_IRQHandler                   0x08005873   Thumb Code     0  startup_stm32f40_41xxx.o(.text)
    OTG_HS_EP1_IN_IRQHandler                 0x08005873   Thumb Code     0  startup_stm32f40_41xxx.o(.text)
    OTG_HS_EP1_OUT_IRQHandler                0x08005873   Thumb Code     0  startup_stm32f40_41xxx.o(.text)
    OTG_HS_IRQHandler                        0x08005873   Thumb Code     0  startup_stm32f40_41xxx.o(.text)
    OTG_HS_WKUP_IRQHandler                   0x08005873   Thumb Code     0  startup_stm32f40_41xxx.o(.text)
    PVD_IRQHandler                           0x08005873   Thumb Code     0  startup_stm32f40_41xxx.o(.text)
    RCC_IRQHandler                           0x08005873   Thumb Code     0  startup_stm32f40_41xxx.o(.text)
    RTC_Alarm_IRQHandler                     0x08005873   Thumb Code     0  startup_stm32f40_41xxx.o(.text)
    RTC_WKUP_IRQHandler                      0x08005873   Thumb Code     0  startup_stm32f40_41xxx.o(.text)
    SDIO_IRQHandler                          0x08005873   Thumb Code     0  startup_stm32f40_41xxx.o(.text)
    SPI1_IRQHandler                          0x08005873   Thumb Code     0  startup_stm32f40_41xxx.o(.text)
    SPI2_IRQHandler                          0x08005873   Thumb Code     0  startup_stm32f40_41xxx.o(.text)
    SPI3_IRQHandler                          0x08005873   Thumb Code     0  startup_stm32f40_41xxx.o(.text)
    TAMP_STAMP_IRQHandler                    0x08005873   Thumb Code     0  startup_stm32f40_41xxx.o(.text)
    TIM1_BRK_TIM9_IRQHandler                 0x08005873   Thumb Code     0  startup_stm32f40_41xxx.o(.text)
    TIM1_CC_IRQHandler                       0x08005873   Thumb Code     0  startup_stm32f40_41xxx.o(.text)
    TIM1_TRG_COM_TIM11_IRQHandler            0x08005873   Thumb Code     0  startup_stm32f40_41xxx.o(.text)
    TIM1_UP_TIM10_IRQHandler                 0x08005873   Thumb Code     0  startup_stm32f40_41xxx.o(.text)
    TIM2_IRQHandler                          0x08005873   Thumb Code     0  startup_stm32f40_41xxx.o(.text)
    TIM3_IRQHandler                          0x08005873   Thumb Code     0  startup_stm32f40_41xxx.o(.text)
    TIM4_IRQHandler                          0x08005873   Thumb Code     0  startup_stm32f40_41xxx.o(.text)
    TIM5_IRQHandler                          0x08005873   Thumb Code     0  startup_stm32f40_41xxx.o(.text)
    TIM6_DAC_IRQHandler                      0x08005873   Thumb Code     0  startup_stm32f40_41xxx.o(.text)
    TIM7_IRQHandler                          0x08005873   Thumb Code     0  startup_stm32f40_41xxx.o(.text)
    TIM8_BRK_TIM12_IRQHandler                0x08005873   Thumb Code     0  startup_stm32f40_41xxx.o(.text)
    TIM8_CC_IRQHandler                       0x08005873   Thumb Code     0  startup_stm32f40_41xxx.o(.text)
    TIM8_TRG_COM_TIM14_IRQHandler            0x08005873   Thumb Code     0  startup_stm32f40_41xxx.o(.text)
    TIM8_UP_TIM13_IRQHandler                 0x08005873   Thumb Code     0  startup_stm32f40_41xxx.o(.text)
    UART4_IRQHandler                         0x08005873   Thumb Code     0  startup_stm32f40_41xxx.o(.text)
    UART5_IRQHandler                         0x08005873   Thumb Code     0  startup_stm32f40_41xxx.o(.text)
    USART3_IRQHandler                        0x08005873   Thumb Code     0  startup_stm32f40_41xxx.o(.text)
    USART6_IRQHandler                        0x08005873   Thumb Code     0  startup_stm32f40_41xxx.o(.text)
    WWDG_IRQHandler                          0x08005873   Thumb Code     0  startup_stm32f40_41xxx.o(.text)
    delay_init                               0x0800587d   Thumb Code    32  delay.o(.text)
    delay_us                                 0x0800589d   Thumb Code    50  delay.o(.text)
    delay_ms                                 0x080058cf   Thumb Code     8  delay.o(.text)
    USART_Send_Data                          0x080058dd   Thumb Code    24  usart.o(.text)
    USART_Send_String                        0x080058f5   Thumb Code    42  usart.o(.text)
    U2printf                                 0x0800591f   Thumb Code    30  usart.o(.text)
    _ttywrch                                 0x0800593d   Thumb Code     2  usart.o(.text)
    _sys_exit                                0x0800593f   Thumb Code     2  usart.o(.text)
    _sys_command_string                      0x08005941   Thumb Code     4  usart.o(.text)
    fputc                                    0x08005945   Thumb Code    14  usart.o(.text)
    fgetc                                    0x08005953   Thumb Code    36  usart.o(.text)
    usart1_init                              0x08005977   Thumb Code   138  usart.o(.text)
    usart2_init                              0x08005a01   Thumb Code   112  usart.o(.text)
    USART1_IRQHandler                        0x08005a71   Thumb Code    92  usart.o(.text)
    SendTo429                                0x08005acd   Thumb Code    30  usart.o(.text)
    USART2_IRQHandler                        0x08005aeb   Thumb Code   150  usart.o(.text)
    NVIC_PriorityGroupConfig                 0x08005bb5   Thumb Code    10  misc.o(.text)
    NVIC_Init                                0x08005bbf   Thumb Code    98  misc.o(.text)
    NVIC_SetVectorTable                      0x08005c21   Thumb Code    14  misc.o(.text)
    NVIC_SystemLPConfig                      0x08005c2f   Thumb Code    24  misc.o(.text)
    SysTick_CLKSourceConfig                  0x08005c47   Thumb Code    28  misc.o(.text)
    ADC_DeInit                               0x08005c71   Thumb Code    24  stm32f4xx_adc.o(.text)
    ADC_Init                                 0x08005c89   Thumb Code    66  stm32f4xx_adc.o(.text)
    ADC_StructInit                           0x08005ccb   Thumb Code    20  stm32f4xx_adc.o(.text)
    ADC_CommonInit                           0x08005cdf   Thumb Code    30  stm32f4xx_adc.o(.text)
    ADC_CommonStructInit                     0x08005cfd   Thumb Code    12  stm32f4xx_adc.o(.text)
    ADC_Cmd                                  0x08005d09   Thumb Code    24  stm32f4xx_adc.o(.text)
    ADC_AnalogWatchdogCmd                    0x08005d21   Thumb Code    12  stm32f4xx_adc.o(.text)
    ADC_AnalogWatchdogThresholdsConfig       0x08005d2d   Thumb Code     6  stm32f4xx_adc.o(.text)
    ADC_AnalogWatchdogSingleChannelConfig    0x08005d33   Thumb Code    12  stm32f4xx_adc.o(.text)
    ADC_TempSensorVrefintCmd                 0x08005d3f   Thumb Code    34  stm32f4xx_adc.o(.text)
    ADC_VBATCmd                              0x08005d61   Thumb Code    34  stm32f4xx_adc.o(.text)
    ADC_RegularChannelConfig                 0x08005d83   Thumb Code   116  stm32f4xx_adc.o(.text)
    ADC_SoftwareStartConv                    0x08005df7   Thumb Code    10  stm32f4xx_adc.o(.text)
    ADC_GetSoftwareStartConvStatus           0x08005e01   Thumb Code    14  stm32f4xx_adc.o(.text)
    ADC_EOCOnEachRegularChannelCmd           0x08005e0f   Thumb Code    24  stm32f4xx_adc.o(.text)
    ADC_ContinuousModeCmd                    0x08005e27   Thumb Code    24  stm32f4xx_adc.o(.text)
    ADC_DiscModeChannelCountConfig           0x08005e3f   Thumb Code    16  stm32f4xx_adc.o(.text)
    ADC_DiscModeCmd                          0x08005e4f   Thumb Code    24  stm32f4xx_adc.o(.text)
    ADC_GetConversionValue                   0x08005e67   Thumb Code     6  stm32f4xx_adc.o(.text)
    ADC_GetMultiModeConversionValue          0x08005e6d   Thumb Code     8  stm32f4xx_adc.o(.text)
    ADC_DMACmd                               0x08005e75   Thumb Code    24  stm32f4xx_adc.o(.text)
    ADC_DMARequestAfterLastTransferCmd       0x08005e8d   Thumb Code    24  stm32f4xx_adc.o(.text)
    ADC_MultiModeDMARequestAfterLastTransferCmd 0x08005ea5   Thumb Code    34  stm32f4xx_adc.o(.text)
    ADC_InjectedChannelConfig                0x08005ec7   Thumb Code    74  stm32f4xx_adc.o(.text)
    ADC_InjectedSequencerLengthConfig        0x08005f11   Thumb Code    16  stm32f4xx_adc.o(.text)
    ADC_SetInjectedOffset                    0x08005f21   Thumb Code    16  stm32f4xx_adc.o(.text)
    ADC_ExternalTrigInjectedConvConfig       0x08005f31   Thumb Code    12  stm32f4xx_adc.o(.text)
    ADC_ExternalTrigInjectedConvEdgeConfig   0x08005f3d   Thumb Code    12  stm32f4xx_adc.o(.text)
    ADC_SoftwareStartInjectedConv            0x08005f49   Thumb Code    10  stm32f4xx_adc.o(.text)
    ADC_GetSoftwareStartInjectedConvCmdStatus 0x08005f53   Thumb Code    14  stm32f4xx_adc.o(.text)
    ADC_AutoInjectedConvCmd                  0x08005f61   Thumb Code    24  stm32f4xx_adc.o(.text)
    ADC_InjectedDiscModeCmd                  0x08005f79   Thumb Code    24  stm32f4xx_adc.o(.text)
    ADC_GetInjectedConversionValue           0x08005f91   Thumb Code    20  stm32f4xx_adc.o(.text)
    ADC_ITConfig                             0x08005fa5   Thumb Code    24  stm32f4xx_adc.o(.text)
    ADC_GetFlagStatus                        0x08005fbd   Thumb Code    14  stm32f4xx_adc.o(.text)
    ADC_ClearFlag                            0x08005fcb   Thumb Code     6  stm32f4xx_adc.o(.text)
    ADC_GetITStatus                          0x08005fd1   Thumb Code    30  stm32f4xx_adc.o(.text)
    ADC_ClearITPendingBit                    0x08005fef   Thumb Code     8  stm32f4xx_adc.o(.text)
    EXTI_DeInit                              0x08006011   Thumb Code    28  stm32f4xx_exti.o(.text)
    EXTI_Init                                0x0800602d   Thumb Code   110  stm32f4xx_exti.o(.text)
    EXTI_StructInit                          0x0800609b   Thumb Code    14  stm32f4xx_exti.o(.text)
    EXTI_GenerateSWInterrupt                 0x080060a9   Thumb Code    12  stm32f4xx_exti.o(.text)
    EXTI_GetFlagStatus                       0x080060b5   Thumb Code    18  stm32f4xx_exti.o(.text)
    EXTI_ClearFlag                           0x080060c7   Thumb Code     8  stm32f4xx_exti.o(.text)
    EXTI_GetITStatus                         0x080060cf   Thumb Code    18  stm32f4xx_exti.o(.text)
    EXTI_ClearITPendingBit                   0x080060e1   Thumb Code     8  stm32f4xx_exti.o(.text)
    GPIO_DeInit                              0x080060f1   Thumb Code   296  stm32f4xx_gpio.o(.text)
    GPIO_Init                                0x08006219   Thumb Code   124  stm32f4xx_gpio.o(.text)
    GPIO_StructInit                          0x08006295   Thumb Code    18  stm32f4xx_gpio.o(.text)
    GPIO_PinLockConfig                       0x080062a7   Thumb Code    26  stm32f4xx_gpio.o(.text)
    GPIO_ReadInputDataBit                    0x080062c1   Thumb Code    14  stm32f4xx_gpio.o(.text)
    GPIO_ReadInputData                       0x080062cf   Thumb Code     6  stm32f4xx_gpio.o(.text)
    GPIO_ReadOutputDataBit                   0x080062d5   Thumb Code    14  stm32f4xx_gpio.o(.text)
    GPIO_ReadOutputData                      0x080062e3   Thumb Code     6  stm32f4xx_gpio.o(.text)
    GPIO_SetBits                             0x080062e9   Thumb Code     4  stm32f4xx_gpio.o(.text)
    GPIO_ResetBits                           0x080062ed   Thumb Code     4  stm32f4xx_gpio.o(.text)
    GPIO_WriteBit                            0x080062f1   Thumb Code    12  stm32f4xx_gpio.o(.text)
    GPIO_Write                               0x080062fd   Thumb Code     4  stm32f4xx_gpio.o(.text)
    GPIO_ToggleBits                          0x08006301   Thumb Code     8  stm32f4xx_gpio.o(.text)
    GPIO_PinAFConfig                         0x08006309   Thumb Code    32  stm32f4xx_gpio.o(.text)
    RCC_DeInit                               0x08006355   Thumb Code    68  stm32f4xx_rcc.o(.text)
    RCC_HSEConfig                            0x08006399   Thumb Code    12  stm32f4xx_rcc.o(.text)
    RCC_GetFlagStatus                        0x080063a5   Thumb Code    50  stm32f4xx_rcc.o(.text)
    RCC_WaitForHSEStartUp                    0x080063d7   Thumb Code    48  stm32f4xx_rcc.o(.text)
    RCC_AdjustHSICalibrationValue            0x08006407   Thumb Code    16  stm32f4xx_rcc.o(.text)
    RCC_HSICmd                               0x08006417   Thumb Code     6  stm32f4xx_rcc.o(.text)
    RCC_LSEConfig                            0x0800641d   Thumb Code    30  stm32f4xx_rcc.o(.text)
    RCC_LSICmd                               0x0800643b   Thumb Code     6  stm32f4xx_rcc.o(.text)
    RCC_PLLConfig                            0x08006441   Thumb Code    34  stm32f4xx_rcc.o(.text)
    RCC_PLLCmd                               0x08006463   Thumb Code     6  stm32f4xx_rcc.o(.text)
    RCC_PLLI2SConfig                         0x08006469   Thumb Code    14  stm32f4xx_rcc.o(.text)
    RCC_PLLI2SCmd                            0x08006477   Thumb Code     6  stm32f4xx_rcc.o(.text)
    RCC_PLLSAIConfig                         0x0800647d   Thumb Code    18  stm32f4xx_rcc.o(.text)
    RCC_PLLSAICmd                            0x0800648f   Thumb Code     6  stm32f4xx_rcc.o(.text)
    RCC_ClockSecuritySystemCmd               0x08006495   Thumb Code     6  stm32f4xx_rcc.o(.text)
    RCC_MCO1Config                           0x0800649b   Thumb Code    18  stm32f4xx_rcc.o(.text)
    RCC_MCO2Config                           0x080064ad   Thumb Code    18  stm32f4xx_rcc.o(.text)
    RCC_SYSCLKConfig                         0x080064bf   Thumb Code    16  stm32f4xx_rcc.o(.text)
    RCC_GetSYSCLKSource                      0x080064cf   Thumb Code    12  stm32f4xx_rcc.o(.text)
    RCC_HCLKConfig                           0x080064db   Thumb Code    16  stm32f4xx_rcc.o(.text)
    RCC_PCLK1Config                          0x080064eb   Thumb Code    16  stm32f4xx_rcc.o(.text)
    RCC_PCLK2Config                          0x080064fb   Thumb Code    18  stm32f4xx_rcc.o(.text)
    RCC_GetClocksFreq                        0x0800650d   Thumb Code   150  stm32f4xx_rcc.o(.text)
    RCC_RTCCLKConfig                         0x080065a3   Thumb Code    42  stm32f4xx_rcc.o(.text)
    RCC_RTCCLKCmd                            0x080065cd   Thumb Code     8  stm32f4xx_rcc.o(.text)
    RCC_BackupResetCmd                       0x080065d5   Thumb Code     8  stm32f4xx_rcc.o(.text)
    RCC_I2SCLKConfig                         0x080065dd   Thumb Code     6  stm32f4xx_rcc.o(.text)
    RCC_SAIPLLI2SClkDivConfig                0x080065e3   Thumb Code    18  stm32f4xx_rcc.o(.text)
    RCC_SAIPLLSAIClkDivConfig                0x080065f5   Thumb Code    20  stm32f4xx_rcc.o(.text)
    RCC_SAIBlockACLKConfig                   0x08006609   Thumb Code    16  stm32f4xx_rcc.o(.text)
    RCC_SAIBlockBCLKConfig                   0x08006619   Thumb Code    16  stm32f4xx_rcc.o(.text)
    RCC_LTDCCLKDivConfig                     0x08006629   Thumb Code    16  stm32f4xx_rcc.o(.text)
    RCC_TIMCLKPresConfig                     0x08006639   Thumb Code     6  stm32f4xx_rcc.o(.text)
    RCC_AHB1PeriphClockCmd                   0x0800663f   Thumb Code    24  stm32f4xx_rcc.o(.text)
    RCC_AHB2PeriphClockCmd                   0x08006657   Thumb Code    24  stm32f4xx_rcc.o(.text)
    RCC_AHB3PeriphClockCmd                   0x0800666f   Thumb Code    24  stm32f4xx_rcc.o(.text)
    RCC_APB1PeriphClockCmd                   0x08006687   Thumb Code    24  stm32f4xx_rcc.o(.text)
    RCC_APB2PeriphClockCmd                   0x0800669f   Thumb Code    24  stm32f4xx_rcc.o(.text)
    RCC_AHB1PeriphResetCmd                   0x080066b7   Thumb Code    24  stm32f4xx_rcc.o(.text)
    RCC_AHB2PeriphResetCmd                   0x080066cf   Thumb Code    24  stm32f4xx_rcc.o(.text)
    RCC_AHB3PeriphResetCmd                   0x080066e7   Thumb Code    24  stm32f4xx_rcc.o(.text)
    RCC_APB1PeriphResetCmd                   0x080066ff   Thumb Code    24  stm32f4xx_rcc.o(.text)
    RCC_APB2PeriphResetCmd                   0x08006717   Thumb Code    24  stm32f4xx_rcc.o(.text)
    RCC_AHB1PeriphClockLPModeCmd             0x0800672f   Thumb Code    70  stm32f4xx_rcc.o(.text)
    RCC_AHB2PeriphClockLPModeCmd             0x08006775   Thumb Code    22  stm32f4xx_rcc.o(.text)
    RCC_AHB3PeriphClockLPModeCmd             0x0800678b   Thumb Code    24  stm32f4xx_rcc.o(.text)
    RCC_APB1PeriphClockLPModeCmd             0x080067a3   Thumb Code    24  stm32f4xx_rcc.o(.text)
    RCC_APB2PeriphClockLPModeCmd             0x080067bb   Thumb Code    24  stm32f4xx_rcc.o(.text)
    RCC_LSEModeConfig                        0x080067d3   Thumb Code    28  stm32f4xx_rcc.o(.text)
    RCC_ITConfig                             0x080067ef   Thumb Code    24  stm32f4xx_rcc.o(.text)
    RCC_ClearFlag                            0x08006807   Thumb Code    14  stm32f4xx_rcc.o(.text)
    RCC_GetITStatus                          0x08006815   Thumb Code    18  stm32f4xx_rcc.o(.text)
    RCC_ClearITPendingBit                    0x08006827   Thumb Code     8  stm32f4xx_rcc.o(.text)
    SYSCFG_DeInit                            0x08006835   Thumb Code    24  stm32f4xx_syscfg.o(.text)
    SYSCFG_MemoryRemapConfig                 0x0800684d   Thumb Code     6  stm32f4xx_syscfg.o(.text)
    SYSCFG_MemorySwappingBank                0x08006853   Thumb Code     6  stm32f4xx_syscfg.o(.text)
    SYSCFG_EXTILineConfig                    0x08006859   Thumb Code    38  stm32f4xx_syscfg.o(.text)
    SYSCFG_ETH_MediaInterfaceConfig          0x0800687f   Thumb Code     8  stm32f4xx_syscfg.o(.text)
    SYSCFG_CompensationCellCmd               0x08006887   Thumb Code     6  stm32f4xx_syscfg.o(.text)
    SYSCFG_GetCompensationCellStatus         0x0800688d   Thumb Code    16  stm32f4xx_syscfg.o(.text)
    TIM_DeInit                               0x080068ad   Thumb Code   376  stm32f4xx_tim.o(.text)
    TIM_TimeBaseInit                         0x08006a25   Thumb Code    96  stm32f4xx_tim.o(.text)
    TIM_TimeBaseStructInit                   0x08006a85   Thumb Code    18  stm32f4xx_tim.o(.text)
    TIM_PrescalerConfig                      0x08006a97   Thumb Code     6  stm32f4xx_tim.o(.text)
    TIM_CounterModeConfig                    0x08006a9d   Thumb Code    12  stm32f4xx_tim.o(.text)
    TIM_SetCounter                           0x08006aa9   Thumb Code     4  stm32f4xx_tim.o(.text)
    TIM_SetAutoreload                        0x08006aad   Thumb Code     4  stm32f4xx_tim.o(.text)
    TIM_GetCounter                           0x08006ab1   Thumb Code     4  stm32f4xx_tim.o(.text)
    TIM_GetPrescaler                         0x08006ab5   Thumb Code     4  stm32f4xx_tim.o(.text)
    TIM_UpdateDisableConfig                  0x08006ab9   Thumb Code    24  stm32f4xx_tim.o(.text)
    TIM_UpdateRequestConfig                  0x08006ad1   Thumb Code    24  stm32f4xx_tim.o(.text)
    TIM_ARRPreloadConfig                     0x08006ae9   Thumb Code    24  stm32f4xx_tim.o(.text)
    TIM_SelectOnePulseMode                   0x08006b01   Thumb Code    16  stm32f4xx_tim.o(.text)
    TIM_SetClockDivision                     0x08006b11   Thumb Code    16  stm32f4xx_tim.o(.text)
    TIM_Cmd                                  0x08006b21   Thumb Code    24  stm32f4xx_tim.o(.text)
    TIM_OC1Init                              0x08006b39   Thumb Code    96  stm32f4xx_tim.o(.text)
    TIM_OC2Init                              0x08006b99   Thumb Code   128  stm32f4xx_tim.o(.text)
    TIM_OC3Init                              0x08006c19   Thumb Code   176  stm32f4xx_tim.o(.text)
    TIM_OC4Init                              0x08006cc9   Thumb Code    92  stm32f4xx_tim.o(.text)
    TIM_OCStructInit                         0x08006d25   Thumb Code    20  stm32f4xx_tim.o(.text)
    TIM_SelectOCxM                           0x08006d39   Thumb Code    80  stm32f4xx_tim.o(.text)
    TIM_SetCompare1                          0x08006d89   Thumb Code     4  stm32f4xx_tim.o(.text)
    TIM_SetCompare2                          0x08006d8d   Thumb Code     4  stm32f4xx_tim.o(.text)
    TIM_SetCompare3                          0x08006d91   Thumb Code     4  stm32f4xx_tim.o(.text)
    TIM_SetCompare4                          0x08006d95   Thumb Code     4  stm32f4xx_tim.o(.text)
    TIM_ForcedOC1Config                      0x08006d99   Thumb Code    12  stm32f4xx_tim.o(.text)
    TIM_ForcedOC2Config                      0x08006da5   Thumb Code    20  stm32f4xx_tim.o(.text)
    TIM_ForcedOC3Config                      0x08006db9   Thumb Code    12  stm32f4xx_tim.o(.text)
    TIM_ForcedOC4Config                      0x08006dc5   Thumb Code    20  stm32f4xx_tim.o(.text)
    TIM_OC1PreloadConfig                     0x08006dd9   Thumb Code    12  stm32f4xx_tim.o(.text)
    TIM_OC2PreloadConfig                     0x08006de5   Thumb Code    20  stm32f4xx_tim.o(.text)
    TIM_OC3PreloadConfig                     0x08006df9   Thumb Code    12  stm32f4xx_tim.o(.text)
    TIM_OC4PreloadConfig                     0x08006e05   Thumb Code    20  stm32f4xx_tim.o(.text)
    TIM_OC1FastConfig                        0x08006e19   Thumb Code    12  stm32f4xx_tim.o(.text)
    TIM_OC2FastConfig                        0x08006e25   Thumb Code    20  stm32f4xx_tim.o(.text)
    TIM_OC3FastConfig                        0x08006e39   Thumb Code    12  stm32f4xx_tim.o(.text)
    TIM_OC4FastConfig                        0x08006e45   Thumb Code    20  stm32f4xx_tim.o(.text)
    TIM_ClearOC1Ref                          0x08006e59   Thumb Code    12  stm32f4xx_tim.o(.text)
    TIM_ClearOC2Ref                          0x08006e65   Thumb Code    20  stm32f4xx_tim.o(.text)
    TIM_ClearOC3Ref                          0x08006e79   Thumb Code    12  stm32f4xx_tim.o(.text)
    TIM_ClearOC4Ref                          0x08006e85   Thumb Code    20  stm32f4xx_tim.o(.text)
    TIM_OC1PolarityConfig                    0x08006e99   Thumb Code    12  stm32f4xx_tim.o(.text)
    TIM_OC1NPolarityConfig                   0x08006ea5   Thumb Code    12  stm32f4xx_tim.o(.text)
    TIM_OC2PolarityConfig                    0x08006eb1   Thumb Code    20  stm32f4xx_tim.o(.text)
    TIM_OC2NPolarityConfig                   0x08006ec5   Thumb Code    20  stm32f4xx_tim.o(.text)
    TIM_OC3PolarityConfig                    0x08006ed9   Thumb Code    20  stm32f4xx_tim.o(.text)
    TIM_OC3NPolarityConfig                   0x08006eed   Thumb Code    20  stm32f4xx_tim.o(.text)
    TIM_OC4PolarityConfig                    0x08006f01   Thumb Code    20  stm32f4xx_tim.o(.text)
    TIM_CCxCmd                               0x08006f15   Thumb Code    22  stm32f4xx_tim.o(.text)
    TIM_CCxNCmd                              0x08006f2b   Thumb Code    22  stm32f4xx_tim.o(.text)
    TIM_SetIC4Prescaler                      0x08006f41   Thumb Code    24  stm32f4xx_tim.o(.text)
    TIM_SetIC3Prescaler                      0x08006f8f   Thumb Code    16  stm32f4xx_tim.o(.text)
    TIM_SetIC2Prescaler                      0x08006fd1   Thumb Code    24  stm32f4xx_tim.o(.text)
    TIM_SetIC1Prescaler                      0x0800701f   Thumb Code    16  stm32f4xx_tim.o(.text)
    TIM_ICInit                               0x0800705d   Thumb Code    90  stm32f4xx_tim.o(.text)
    TIM_ICStructInit                         0x080070b7   Thumb Code    16  stm32f4xx_tim.o(.text)
    TIM_PWMIConfig                           0x080070c7   Thumb Code   116  stm32f4xx_tim.o(.text)
    TIM_GetCapture1                          0x0800713b   Thumb Code     4  stm32f4xx_tim.o(.text)
    TIM_GetCapture2                          0x0800713f   Thumb Code     4  stm32f4xx_tim.o(.text)
    TIM_GetCapture3                          0x08007143   Thumb Code     4  stm32f4xx_tim.o(.text)
    TIM_GetCapture4                          0x08007147   Thumb Code     4  stm32f4xx_tim.o(.text)
    TIM_BDTRConfig                           0x0800714b   Thumb Code    34  stm32f4xx_tim.o(.text)
    TIM_BDTRStructInit                       0x0800716d   Thumb Code    18  stm32f4xx_tim.o(.text)
    TIM_CtrlPWMOutputs                       0x0800717f   Thumb Code    28  stm32f4xx_tim.o(.text)
    TIM_SelectCOM                            0x0800719b   Thumb Code    24  stm32f4xx_tim.o(.text)
    TIM_CCPreloadControl                     0x080071b3   Thumb Code    24  stm32f4xx_tim.o(.text)
    TIM_ITConfig                             0x080071cb   Thumb Code    20  stm32f4xx_tim.o(.text)
    TIM_GenerateEvent                        0x080071df   Thumb Code     4  stm32f4xx_tim.o(.text)
    TIM_GetFlagStatus                        0x080071e3   Thumb Code    14  stm32f4xx_tim.o(.text)
    TIM_ClearFlag                            0x080071f1   Thumb Code     6  stm32f4xx_tim.o(.text)
    TIM_GetITStatus                          0x080071f7   Thumb Code    24  stm32f4xx_tim.o(.text)
    TIM_ClearITPendingBit                    0x0800720f   Thumb Code     6  stm32f4xx_tim.o(.text)
    TIM_DMAConfig                            0x08007215   Thumb Code     8  stm32f4xx_tim.o(.text)
    TIM_DMACmd                               0x0800721d   Thumb Code    20  stm32f4xx_tim.o(.text)
    TIM_SelectCCDMA                          0x08007231   Thumb Code    24  stm32f4xx_tim.o(.text)
    TIM_InternalClockConfig                  0x08007249   Thumb Code    10  stm32f4xx_tim.o(.text)
    TIM_SelectInputTrigger                   0x08007253   Thumb Code    12  stm32f4xx_tim.o(.text)
    TIM_ITRxExternalClockConfig              0x0800725f   Thumb Code    20  stm32f4xx_tim.o(.text)
    TIM_TIxExternalClockConfig               0x08007273   Thumb Code    48  stm32f4xx_tim.o(.text)
    TIM_ETRConfig                            0x080072a3   Thumb Code    24  stm32f4xx_tim.o(.text)
    TIM_ETRClockMode1Config                  0x080072bb   Thumb Code    32  stm32f4xx_tim.o(.text)
    TIM_ETRClockMode2Config                  0x080072db   Thumb Code    20  stm32f4xx_tim.o(.text)
    TIM_SelectOutputTrigger                  0x080072ef   Thumb Code    16  stm32f4xx_tim.o(.text)
    TIM_SelectSlaveMode                      0x080072ff   Thumb Code    16  stm32f4xx_tim.o(.text)
    TIM_SelectMasterSlaveMode                0x0800730f   Thumb Code    16  stm32f4xx_tim.o(.text)
    TIM_EncoderInterfaceConfig               0x0800731f   Thumb Code    50  stm32f4xx_tim.o(.text)
    TIM_SelectHallSensor                     0x08007351   Thumb Code    24  stm32f4xx_tim.o(.text)
    TIM_RemapConfig                          0x08007369   Thumb Code     6  stm32f4xx_tim.o(.text)
    USART_DeInit                             0x08007371   Thumb Code   224  stm32f4xx_usart.o(.text)
    USART_Init                               0x08007451   Thumb Code   180  stm32f4xx_usart.o(.text)
    USART_StructInit                         0x08007505   Thumb Code    22  stm32f4xx_usart.o(.text)
    USART_ClockInit                          0x0800751b   Thumb Code    28  stm32f4xx_usart.o(.text)
    USART_ClockStructInit                    0x08007537   Thumb Code    12  stm32f4xx_usart.o(.text)
    USART_Cmd                                0x08007543   Thumb Code    24  stm32f4xx_usart.o(.text)
    USART_SetPrescaler                       0x0800755b   Thumb Code    16  stm32f4xx_usart.o(.text)
    USART_OverSampling8Cmd                   0x0800756b   Thumb Code    24  stm32f4xx_usart.o(.text)
    USART_OneBitMethodCmd                    0x08007583   Thumb Code    24  stm32f4xx_usart.o(.text)
    USART_SendData                           0x0800759b   Thumb Code     8  stm32f4xx_usart.o(.text)
    USART_ReceiveData                        0x080075a3   Thumb Code     8  stm32f4xx_usart.o(.text)
    USART_SetAddress                         0x080075ab   Thumb Code    16  stm32f4xx_usart.o(.text)
    USART_ReceiverWakeUpCmd                  0x080075bb   Thumb Code    24  stm32f4xx_usart.o(.text)
    USART_WakeUpConfig                       0x080075d3   Thumb Code    16  stm32f4xx_usart.o(.text)
    USART_LINBreakDetectLengthConfig         0x080075e3   Thumb Code    16  stm32f4xx_usart.o(.text)
    USART_LINCmd                             0x080075f3   Thumb Code    24  stm32f4xx_usart.o(.text)
    USART_SendBreak                          0x0800760b   Thumb Code    10  stm32f4xx_usart.o(.text)
    USART_HalfDuplexCmd                      0x08007615   Thumb Code    24  stm32f4xx_usart.o(.text)
    USART_SetGuardTime                       0x0800762d   Thumb Code    16  stm32f4xx_usart.o(.text)
    USART_SmartCardCmd                       0x0800763d   Thumb Code    24  stm32f4xx_usart.o(.text)
    USART_SmartCardNACKCmd                   0x08007655   Thumb Code    24  stm32f4xx_usart.o(.text)
    USART_IrDAConfig                         0x0800766d   Thumb Code    16  stm32f4xx_usart.o(.text)
    USART_IrDACmd                            0x0800767d   Thumb Code    24  stm32f4xx_usart.o(.text)
    USART_DMACmd                             0x08007695   Thumb Code    20  stm32f4xx_usart.o(.text)
    USART_ITConfig                           0x080076a9   Thumb Code    54  stm32f4xx_usart.o(.text)
    USART_GetFlagStatus                      0x080076df   Thumb Code    14  stm32f4xx_usart.o(.text)
    USART_ClearFlag                          0x080076ed   Thumb Code     8  stm32f4xx_usart.o(.text)
    USART_GetITStatus                        0x080076f5   Thumb Code    64  stm32f4xx_usart.o(.text)
    USART_ClearITPendingBit                  0x08007735   Thumb Code    16  stm32f4xx_usart.o(.text)
    __aeabi_ldivmod                          0x08007765   Thumb Code    98  ldiv.o(.text)
    __aeabi_memset                           0x080077c7   Thumb Code    14  memseta.o(.text)
    __aeabi_memset4                          0x080077c7   Thumb Code     0  memseta.o(.text)
    __aeabi_memset8                          0x080077c7   Thumb Code     0  memseta.o(.text)
    __aeabi_memclr                           0x080077d5   Thumb Code     4  memseta.o(.text)
    __aeabi_memclr4                          0x080077d5   Thumb Code     0  memseta.o(.text)
    __aeabi_memclr8                          0x080077d5   Thumb Code     0  memseta.o(.text)
    _memset$wrapper                          0x080077d9   Thumb Code    18  memseta.o(.text)
    strlen                                   0x080077eb   Thumb Code    14  strlen.o(.text)
    strcmp                                   0x080077f9   Thumb Code    28  strcmp.o(.text)
    memcmp                                   0x08007815   Thumb Code    26  memcmp.o(.text)
    __aeabi_dadd                             0x0800782f   Thumb Code   322  dadd.o(.text)
    __aeabi_dsub                             0x08007971   Thumb Code     6  dadd.o(.text)
    __aeabi_drsub                            0x08007977   Thumb Code     6  dadd.o(.text)
    __aeabi_dmul                             0x0800797d   Thumb Code   228  dmul.o(.text)
    __aeabi_ddiv                             0x08007a61   Thumb Code   222  ddiv.o(.text)
    __aeabi_i2d                              0x08007b3f   Thumb Code    34  dflti.o(.text)
    __aeabi_ui2d                             0x08007b61   Thumb Code    26  dfltui.o(.text)
    __aeabi_d2iz                             0x08007b7b   Thumb Code    62  dfixi.o(.text)
    __aeabi_d2uiz                            0x08007bb9   Thumb Code    50  dfixui.o(.text)
    __aeabi_f2d                              0x08007beb   Thumb Code    38  f2d.o(.text)
    __aeabi_cdcmpeq                          0x08007c11   Thumb Code     0  cdcmple.o(.text)
    __aeabi_cdcmple                          0x08007c11   Thumb Code    48  cdcmple.o(.text)
    __aeabi_cdrcmple                         0x08007c41   Thumb Code    48  cdrcmple.o(.text)
    __aeabi_d2f                              0x08007c71   Thumb Code    56  d2f.o(.text)
    __aeabi_uidiv                            0x08007ca9   Thumb Code     0  uidiv.o(.text)
    __aeabi_uidivmod                         0x08007ca9   Thumb Code    44  uidiv.o(.text)
    __aeabi_uldivmod                         0x08007cd5   Thumb Code    98  uldiv.o(.text)
    __aeabi_llsl                             0x08007d37   Thumb Code    30  llshl.o(.text)
    _ll_shift_l                              0x08007d37   Thumb Code     0  llshl.o(.text)
    __aeabi_llsr                             0x08007d55   Thumb Code    32  llushr.o(.text)
    _ll_ushift_r                             0x08007d55   Thumb Code     0  llushr.o(.text)
    __aeabi_lasr                             0x08007d75   Thumb Code    36  llsshr.o(.text)
    _ll_sshift_r                             0x08007d75   Thumb Code     0  llsshr.o(.text)
    __I$use$fp                               0x08007d99   Thumb Code     0  iusefp.o(.text)
    _float_round                             0x08007d99   Thumb Code    18  fepilogue.o(.text)
    _float_epilogue                          0x08007dab   Thumb Code    92  fepilogue.o(.text)
    _double_round                            0x08007e07   Thumb Code    30  depilogue.o(.text)
    _double_epilogue                         0x08007e25   Thumb Code   156  depilogue.o(.text)
    _drnd                                    0x08007ec1   Thumb Code   132  drnd.o(.text)
    __aeabi_d2ulz                            0x08007f49   Thumb Code    48  dfixul.o(.text)
    __scatterload                            0x08007f79   Thumb Code    28  init.o(.text)
    __scatterload_rt2                        0x08007f79   Thumb Code     0  init.o(.text)
    _dsqrt                                   0x08007f9d   Thumb Code   162  dsqrt.o(.text)
    __decompress                             0x0800803f   Thumb Code     0  __dczerorl2.o(.text)
    __decompress1                            0x0800803f   Thumb Code    86  __dczerorl2.o(.text)
    __0printf                                0x08008095   Thumb Code    22  printfa.o(i.__0printf)
    __1printf                                0x08008095   Thumb Code     0  printfa.o(i.__0printf)
    __2printf                                0x08008095   Thumb Code     0  printfa.o(i.__0printf)
    __c89printf                              0x08008095   Thumb Code     0  printfa.o(i.__0printf)
    printf                                   0x08008095   Thumb Code     0  printfa.o(i.__0printf)
    __0vsprintf                              0x080080b5   Thumb Code    30  printfa.o(i.__0vsprintf)
    __1vsprintf                              0x080080b5   Thumb Code     0  printfa.o(i.__0vsprintf)
    __2vsprintf                              0x080080b5   Thumb Code     0  printfa.o(i.__0vsprintf)
    __c89vsprintf                            0x080080b5   Thumb Code     0  printfa.o(i.__0vsprintf)
    vsprintf                                 0x080080b5   Thumb Code     0  printfa.o(i.__0vsprintf)
    __ARM_fpclassify                         0x080080d9   Thumb Code    48  fpclassify.o(i.__ARM_fpclassify)
    __ARM_fpclassifyf                        0x08008109   Thumb Code    38  fpclassifyf.o(i.__ARM_fpclassifyf)
    __hardfp_asin                            0x08008131   Thumb Code   770  asin.o(i.__hardfp_asin)
    __hardfp_asinf                           0x08008491   Thumb Code   258  asinf.o(i.__hardfp_asinf)
    __hardfp_atan                            0x080085c1   Thumb Code   622  atan.o(i.__hardfp_atan)
    __hardfp_atan2                           0x08008899   Thumb Code   448  atan2.o(i.__hardfp_atan2)
    __hardfp_atanf                           0x08008a99   Thumb Code   296  atanf.o(i.__hardfp_atanf)
    __hardfp_cosf                            0x08008bf9   Thumb Code   280  cosf.o(i.__hardfp_cosf)
    __hardfp_round                           0x08008d49   Thumb Code   194  round.o(i.__hardfp_round)
    __hardfp_sinf                            0x08008e29   Thumb Code   344  sinf.o(i.__hardfp_sinf)
    __hardfp_sqrtf                           0x08008fb9   Thumb Code    58  sqrtf.o(i.__hardfp_sqrtf)
    __hardfp_tanf                            0x08008ff5   Thumb Code   322  tanf.o(i.__hardfp_tanf)
    __kernel_poly                            0x08009171   Thumb Code   248  poly.o(i.__kernel_poly)
    __mathlib_dbl_infnan                     0x08009269   Thumb Code    20  dunder.o(i.__mathlib_dbl_infnan)
    __mathlib_dbl_infnan2                    0x0800927d   Thumb Code    20  dunder.o(i.__mathlib_dbl_infnan2)
    __mathlib_dbl_invalid                    0x08009291   Thumb Code    24  dunder.o(i.__mathlib_dbl_invalid)
    __mathlib_dbl_underflow                  0x080092b1   Thumb Code    24  dunder.o(i.__mathlib_dbl_underflow)
    __mathlib_flt_infnan                     0x080092d1   Thumb Code     6  funder.o(i.__mathlib_flt_infnan)
    __mathlib_flt_invalid                    0x080092d9   Thumb Code    10  funder.o(i.__mathlib_flt_invalid)
    __mathlib_flt_underflow                  0x080092e9   Thumb Code    10  funder.o(i.__mathlib_flt_underflow)
    __mathlib_rredf2                         0x080092f9   Thumb Code   316  rredf.o(i.__mathlib_rredf2)
    __scatterload_copy                       0x0800944d   Thumb Code    14  handlers.o(i.__scatterload_copy)
    __scatterload_null                       0x0800945b   Thumb Code     2  handlers.o(i.__scatterload_null)
    __scatterload_zeroinit                   0x0800945d   Thumb Code    14  handlers.o(i.__scatterload_zeroinit)
    __set_errno                              0x0800946d   Thumb Code     6  errno.o(i.__set_errno)
    atan                                     0x08009d0d   Thumb Code    16  atan.o(i.atan)
    fabs                                     0x08009d1d   Thumb Code    24  fabs.o(i.fabs)
    sqrt                                     0x08009d35   Thumb Code   110  sqrt.o(i.sqrt)
    sqrtf                                    0x08009da3   Thumb Code    62  sqrtf.o(i.sqrtf)
    reg                                      0x08009de0   Data          27  inv_mpu.o(.constdata)
    hw                                       0x08009dfc   Data          12  inv_mpu.o(.constdata)
    test                                     0x08009e08   Data          40  inv_mpu.o(.constdata)
    OLED_F8x16                               0x0800aa26   Data        1520  oled_data.o(.constdata)
    OLED_F6x8                                0x0800b016   Data         570  oled_data.o(.constdata)
    OLED_CF16x16                             0x0800b250   Data         385  oled_data.o(.constdata)
    __mathlib_zero                           0x0800b4c0   Data           8  qnan.o(.constdata)
    Region$$Table$$Base                      0x0800b580   Number         0  anon$$obj.o(Region$$Table)
    Region$$Table$$Limit                     0x0800b5a0   Number         0  anon$$obj.o(Region$$Table)
    pitch                                    0x20000000   Data           4  main.o(.data)
    roll                                     0x20000004   Data           4  main.o(.data)
    def                                      0x20000008   Data           4  main.o(.data)
    yaw                                      0x2000000c   Data           4  main.o(.data)
    dis                                      0x20000010   Data           4  main.o(.data)
    polar                                    0x20000014   Data           4  main.o(.data)
    Opolar                                   0x20000018   Data           4  main.o(.data)
    SystemCoreClock                          0x2000001c   Data           4  system_stm32f4xx.o(.data)
    AHBPrescTable                            0x20000020   Data          16  system_stm32f4xx.o(.data)
    Target_dis                               0x20000034   Data           4  control_task.o(.data)
    target_angle                             0x20000080   Data           4  control_task.o(.data)
    MotorLocation                            0x200000e4   Data           1  control.o(.data)
    Stop_flag                                0x2000015c   Data           1  usart.o(.data)
    USART_RX_STA                             0x2000015e   Data           2  usart.o(.data)
    __stdout                                 0x20000164   Data           4  usart.o(.data)
    OLED_DisplayBuf                          0x2000018c   Data        1024  oled.o(.bss)
    USART_RX_BUF                             0x2000058c   Data         200  usart.o(.bss)
    __initial_sp                             0x20000a58   Data           0  startup_stm32f40_41xxx.o(STACK)



==============================================================================

Memory Map of the image

  Image Entry point : 0x08000189

  Load Region LR_IROM1 (Base: 0x08000000, Size: 0x0000b71c, Max: 0x00100000, ABSOLUTE, COMPRESSED[0x0000b600])

    Execution Region ER_IROM1 (Exec base: 0x08000000, Load base: 0x08000000, Size: 0x0000b5a0, Max: 0x00100000, ABSOLUTE)

    Exec Addr    Load Addr    Size         Type   Attr      Idx    E Section Name        Object

    0x08000000   0x08000000   0x00000188   Data   RO          655    RESET               startup_stm32f40_41xxx.o
    0x08000188   0x08000188   0x00000000   Code   RO         1726  * .ARM.Collect$$$$00000000  mc_w.l(entry.o)
    0x08000188   0x08000188   0x00000004   Code   RO         2096    .ARM.Collect$$$$00000001  mc_w.l(entry2.o)
    0x0800018c   0x0800018c   0x00000004   Code   RO         2099    .ARM.Collect$$$$00000004  mc_w.l(entry5.o)
    0x08000190   0x08000190   0x00000000   Code   RO         2101    .ARM.Collect$$$$00000008  mc_w.l(entry7b.o)
    0x08000190   0x08000190   0x00000000   Code   RO         2103    .ARM.Collect$$$$0000000A  mc_w.l(entry8b.o)
    0x08000190   0x08000190   0x00000008   Code   RO         2104    .ARM.Collect$$$$0000000B  mc_w.l(entry9a.o)
    0x08000198   0x08000198   0x00000004   Code   RO         2111    .ARM.Collect$$$$0000000E  mc_w.l(entry12b.o)
    0x0800019c   0x0800019c   0x00000000   Code   RO         2106    .ARM.Collect$$$$0000000F  mc_w.l(entry10a.o)
    0x0800019c   0x0800019c   0x00000000   Code   RO         2108    .ARM.Collect$$$$00000011  mc_w.l(entry11a.o)
    0x0800019c   0x0800019c   0x00000004   Code   RO         2097    .ARM.Collect$$$$00002712  mc_w.l(entry2.o)
    0x080001a0   0x080001a0   0x000000b0   Code   RO            4    .text               main.o
    0x08000250   0x08000250   0x0000000c   Code   RO          185    .text               stm32f4xx_it.o
    0x0800025c   0x0800025c   0x00000190   Code   RO          304    .text               system_stm32f4xx.o
    0x080003ec   0x080003ec   0x000003d4   Code   RO          334    .text               bsp.o
    0x080007c0   0x080007c0   0x00000720   Code   RO          392    .text               control_task.o
    0x08000ee0   0x08000ee0   0x00000800   Code   RO          424    .text               control.o
    0x080016e0   0x080016e0   0x0000008c   Code   RO          455    .text               nvic.o
    0x0800176c   0x0800176c   0x00000204   Code   RO          479    .text               myiic.o
    0x08001970   0x08001970   0x00000330   Code   RO          503    .text               mpu6050.o
    0x08001ca0   0x08001ca0   0x00001d90   Code   RO          527    .text               inv_mpu.o
    0x08003a30   0x08003a30   0x00000c24   Code   RO          571    .text               inv_mpu_dmp_motion_driver.o
    0x08004654   0x08004654   0x00001202   Code   RO          604    .text               oled.o
    0x08005856   0x08005856   0x00000002   PAD
    0x08005858   0x08005858   0x00000024   Code   RO          656    .text               startup_stm32f40_41xxx.o
    0x0800587c   0x0800587c   0x00000060   Code   RO          663    .text               delay.o
    0x080058dc   0x080058dc   0x000002d8   Code   RO          707    .text               usart.o
    0x08005bb4   0x08005bb4   0x000000bc   Code   RO          770    .text               misc.o
    0x08005c70   0x08005c70   0x000003a0   Code   RO          794    .text               stm32f4xx_adc.o
    0x08006010   0x08006010   0x000000e0   Code   RO         1085    .text               stm32f4xx_exti.o
    0x080060f0   0x080060f0   0x00000264   Code   RO         1187    .text               stm32f4xx_gpio.o
    0x08006354   0x08006354   0x000004e0   Code   RO         1382    .text               stm32f4xx_rcc.o
    0x08006834   0x08006834   0x00000078   Code   RO         1531    .text               stm32f4xx_syscfg.o
    0x080068ac   0x080068ac   0x00000ac2   Code   RO         1555    .text               stm32f4xx_tim.o
    0x0800736e   0x0800736e   0x00000002   PAD
    0x08007370   0x08007370   0x000003f4   Code   RO         1579    .text               stm32f4xx_usart.o
    0x08007764   0x08007764   0x00000062   Code   RO         1729    .text               mc_w.l(ldiv.o)
    0x080077c6   0x080077c6   0x00000024   Code   RO         1731    .text               mc_w.l(memseta.o)
    0x080077ea   0x080077ea   0x0000000e   Code   RO         1733    .text               mc_w.l(strlen.o)
    0x080077f8   0x080077f8   0x0000001c   Code   RO         1735    .text               mc_w.l(strcmp.o)
    0x08007814   0x08007814   0x0000001a   Code   RO         1737    .text               mc_w.l(memcmp.o)
    0x0800782e   0x0800782e   0x0000014e   Code   RO         2002    .text               mf_w.l(dadd.o)
    0x0800797c   0x0800797c   0x000000e4   Code   RO         2004    .text               mf_w.l(dmul.o)
    0x08007a60   0x08007a60   0x000000de   Code   RO         2006    .text               mf_w.l(ddiv.o)
    0x08007b3e   0x08007b3e   0x00000022   Code   RO         2010    .text               mf_w.l(dflti.o)
    0x08007b60   0x08007b60   0x0000001a   Code   RO         2012    .text               mf_w.l(dfltui.o)
    0x08007b7a   0x08007b7a   0x0000003e   Code   RO         2014    .text               mf_w.l(dfixi.o)
    0x08007bb8   0x08007bb8   0x00000032   Code   RO         2016    .text               mf_w.l(dfixui.o)
    0x08007bea   0x08007bea   0x00000026   Code   RO         2018    .text               mf_w.l(f2d.o)
    0x08007c10   0x08007c10   0x00000030   Code   RO         2020    .text               mf_w.l(cdcmple.o)
    0x08007c40   0x08007c40   0x00000030   Code   RO         2022    .text               mf_w.l(cdrcmple.o)
    0x08007c70   0x08007c70   0x00000038   Code   RO         2024    .text               mf_w.l(d2f.o)
    0x08007ca8   0x08007ca8   0x0000002c   Code   RO         2112    .text               mc_w.l(uidiv.o)
    0x08007cd4   0x08007cd4   0x00000062   Code   RO         2114    .text               mc_w.l(uldiv.o)
    0x08007d36   0x08007d36   0x0000001e   Code   RO         2116    .text               mc_w.l(llshl.o)
    0x08007d54   0x08007d54   0x00000020   Code   RO         2118    .text               mc_w.l(llushr.o)
    0x08007d74   0x08007d74   0x00000024   Code   RO         2120    .text               mc_w.l(llsshr.o)
    0x08007d98   0x08007d98   0x00000000   Code   RO         2129    .text               mc_w.l(iusefp.o)
    0x08007d98   0x08007d98   0x0000006e   Code   RO         2130    .text               mf_w.l(fepilogue.o)
    0x08007e06   0x08007e06   0x000000ba   Code   RO         2132    .text               mf_w.l(depilogue.o)
    0x08007ec0   0x08007ec0   0x00000088   Code   RO         2134    .text               mf_w.l(drnd.o)
    0x08007f48   0x08007f48   0x00000030   Code   RO         2136    .text               mf_w.l(dfixul.o)
    0x08007f78   0x08007f78   0x00000024   Code   RO         2138    .text               mc_w.l(init.o)
    0x08007f9c   0x08007f9c   0x000000a2   Code   RO         2140    .text               mf_w.l(dsqrt.o)
    0x0800803e   0x0800803e   0x00000056   Code   RO         2150    .text               mc_w.l(__dczerorl2.o)
    0x08008094   0x08008094   0x00000020   Code   RO         1974    i.__0printf         mc_w.l(printfa.o)
    0x080080b4   0x080080b4   0x00000024   Code   RO         1980    i.__0vsprintf       mc_w.l(printfa.o)
    0x080080d8   0x080080d8   0x00000030   Code   RO         2060    i.__ARM_fpclassify  m_wm.l(fpclassify.o)
    0x08008108   0x08008108   0x00000026   Code   RO         2062    i.__ARM_fpclassifyf  m_wm.l(fpclassifyf.o)
    0x0800812e   0x0800812e   0x00000002   PAD
    0x08008130   0x08008130   0x00000360   Code   RO         1624    i.__hardfp_asin     m_wm.l(asin.o)
    0x08008490   0x08008490   0x0000012c   Code   RO         1638    i.__hardfp_asinf    m_wm.l(asinf.o)
    0x080085bc   0x080085bc   0x00000004   PAD
    0x080085c0   0x080085c0   0x000002d8   Code   RO         2026    i.__hardfp_atan     m_wm.l(atan.o)
    0x08008898   0x08008898   0x00000200   Code   RO         1650    i.__hardfp_atan2    m_wm.l(atan2.o)
    0x08008a98   0x08008a98   0x00000160   Code   RO         1662    i.__hardfp_atanf    m_wm.l(atanf.o)
    0x08008bf8   0x08008bf8   0x00000150   Code   RO         1674    i.__hardfp_cosf     m_wm.l(cosf.o)
    0x08008d48   0x08008d48   0x000000e0   Code   RO         1686    i.__hardfp_round    m_wm.l(round.o)
    0x08008e28   0x08008e28   0x00000190   Code   RO         1690    i.__hardfp_sinf     m_wm.l(sinf.o)
    0x08008fb8   0x08008fb8   0x0000003a   Code   RO         1702    i.__hardfp_sqrtf    m_wm.l(sqrtf.o)
    0x08008ff2   0x08008ff2   0x00000002   PAD
    0x08008ff4   0x08008ff4   0x0000017c   Code   RO         1714    i.__hardfp_tanf     m_wm.l(tanf.o)
    0x08009170   0x08009170   0x000000f8   Code   RO         2078    i.__kernel_poly     m_wm.l(poly.o)
    0x08009268   0x08009268   0x00000014   Code   RO         2041    i.__mathlib_dbl_infnan  m_wm.l(dunder.o)
    0x0800927c   0x0800927c   0x00000014   Code   RO         2042    i.__mathlib_dbl_infnan2  m_wm.l(dunder.o)
    0x08009290   0x08009290   0x00000020   Code   RO         2043    i.__mathlib_dbl_invalid  m_wm.l(dunder.o)
    0x080092b0   0x080092b0   0x00000020   Code   RO         2046    i.__mathlib_dbl_underflow  m_wm.l(dunder.o)
    0x080092d0   0x080092d0   0x00000006   Code   RO         2065    i.__mathlib_flt_infnan  m_wm.l(funder.o)
    0x080092d6   0x080092d6   0x00000002   PAD
    0x080092d8   0x080092d8   0x00000010   Code   RO         2067    i.__mathlib_flt_invalid  m_wm.l(funder.o)
    0x080092e8   0x080092e8   0x00000010   Code   RO         2070    i.__mathlib_flt_underflow  m_wm.l(funder.o)
    0x080092f8   0x080092f8   0x00000154   Code   RO         2081    i.__mathlib_rredf2  m_wm.l(rredf.o)
    0x0800944c   0x0800944c   0x0000000e   Code   RO         2144    i.__scatterload_copy  mc_w.l(handlers.o)
    0x0800945a   0x0800945a   0x00000002   Code   RO         2145    i.__scatterload_null  mc_w.l(handlers.o)
    0x0800945c   0x0800945c   0x0000000e   Code   RO         2146    i.__scatterload_zeroinit  mc_w.l(handlers.o)
    0x0800946a   0x0800946a   0x00000002   PAD
    0x0800946c   0x0800946c   0x0000000c   Code   RO         2124    i.__set_errno       mc_w.l(errno.o)
    0x08009478   0x08009478   0x00000184   Code   RO         1981    i._fp_digits        mc_w.l(printfa.o)
    0x080095fc   0x080095fc   0x000006b4   Code   RO         1982    i._printf_core      mc_w.l(printfa.o)
    0x08009cb0   0x08009cb0   0x00000024   Code   RO         1983    i._printf_post_padding  mc_w.l(printfa.o)
    0x08009cd4   0x08009cd4   0x0000002e   Code   RO         1984    i._printf_pre_padding  mc_w.l(printfa.o)
    0x08009d02   0x08009d02   0x0000000a   Code   RO         1986    i._sputc            mc_w.l(printfa.o)
    0x08009d0c   0x08009d0c   0x00000010   Code   RO         2028    i.atan              m_wm.l(atan.o)
    0x08009d1c   0x08009d1c   0x00000018   Code   RO         2056    i.fabs              m_wm.l(fabs.o)
    0x08009d34   0x08009d34   0x0000006e   Code   RO         2086    i.sqrt              m_wm.l(sqrt.o)
    0x08009da2   0x08009da2   0x0000003e   Code   RO         1704    i.sqrtf             m_wm.l(sqrtf.o)
    0x08009de0   0x08009de0   0x0000001b   Data   RO          528    .constdata          inv_mpu.o
    0x08009dfb   0x08009dfb   0x00000001   PAD
    0x08009dfc   0x08009dfc   0x0000000c   Data   RO          529    .constdata          inv_mpu.o
    0x08009e08   0x08009e08   0x00000028   Data   RO          530    .constdata          inv_mpu.o
    0x08009e30   0x08009e30   0x00000bf6   Data   RO          573    .constdata          inv_mpu_dmp_motion_driver.o
    0x0800aa26   0x0800aa26   0x000005f0   Data   RO          638    .constdata          oled_data.o
    0x0800b016   0x0800b016   0x0000023a   Data   RO          639    .constdata          oled_data.o
    0x0800b250   0x0800b250   0x00000181   Data   RO          640    .constdata          oled_data.o
    0x0800b3d1   0x0800b3d1   0x00000007   PAD
    0x0800b3d8   0x0800b3d8   0x00000050   Data   RO         1627    .constdata          m_wm.l(asin.o)
    0x0800b428   0x0800b428   0x00000098   Data   RO         2029    .constdata          m_wm.l(atan.o)
    0x0800b4c0   0x0800b4c0   0x00000008   Data   RO         2080    .constdata          m_wm.l(qnan.o)
    0x0800b4c8   0x0800b4c8   0x00000020   Data   RO         2082    .constdata          m_wm.l(rredf.o)
    0x0800b4e8   0x0800b4e8   0x00000047   Data   RO          335    .conststring        bsp.o
    0x0800b52f   0x0800b52f   0x00000001   PAD
    0x0800b530   0x0800b530   0x0000004d   Data   RO          531    .conststring        inv_mpu.o
    0x0800b57d   0x0800b57d   0x00000003   PAD
    0x0800b580   0x0800b580   0x00000020   Data   RO         2142    Region$$Table       anon$$obj.o


    Execution Region RW_IRAM1 (Exec base: 0x20000000, Load base: 0x0800b5a0, Size: 0x00000a58, Max: 0x00020000, ABSOLUTE, COMPRESSED[0x00000060])

    Exec Addr    Load Addr    Size         Type   Attr      Idx    E Section Name        Object

    0x20000000   COMPRESSED   0x0000000c   Data   RW            5    .data               main.o
    0x2000000c   COMPRESSED   0x00000004   Data   RW            6    .data               main.o
    0x20000010   COMPRESSED   0x00000004   Data   RW            7    .data               main.o
    0x20000014   COMPRESSED   0x00000004   Data   RW            8    .data               main.o
    0x20000018   COMPRESSED   0x00000004   Data   RW            9    .data               main.o
    0x2000001c   COMPRESSED   0x00000014   Data   RW          305    .data               system_stm32f4xx.o
    0x20000030   COMPRESSED   0x00000002   Data   RW          336    .data               bsp.o
    0x20000032   COMPRESSED   0x00000002   PAD
    0x20000034   COMPRESSED   0x000000b0   Data   RW          393    .data               control_task.o
    0x200000e4   COMPRESSED   0x0000003c   Data   RW          425    .data               control.o
    0x20000120   COMPRESSED   0x00000035   Data   RW          532    .data               inv_mpu.o
    0x20000155   COMPRESSED   0x00000003   PAD
    0x20000158   COMPRESSED   0x00000004   Data   RW          664    .data               delay.o
    0x2000015c   COMPRESSED   0x00000001   Data   RW          709    .data               usart.o
    0x2000015d   COMPRESSED   0x00000001   PAD
    0x2000015e   COMPRESSED   0x00000004   Data   RW          710    .data               usart.o
    0x20000162   COMPRESSED   0x00000002   PAD
    0x20000164   COMPRESSED   0x00000004   Data   RW          711    .data               usart.o
    0x20000168   COMPRESSED   0x00000010   Data   RW         1383    .data               stm32f4xx_rcc.o
    0x20000178   COMPRESSED   0x00000004   Data   RW         2125    .data               mc_w.l(errno.o)
    0x2000017c        -       0x00000010   Zero   RW          572    .bss                inv_mpu_dmp_motion_driver.o
    0x2000018c        -       0x00000400   Zero   RW          605    .bss                oled.o
    0x2000058c        -       0x000000c8   Zero   RW          708    .bss                usart.o
    0x20000654   COMPRESSED   0x00000004   PAD
    0x20000658        -       0x00000400   Zero   RW          653    STACK               startup_stm32f40_41xxx.o


==============================================================================

Image component sizes


      Code (inc. data)   RO Data    RW Data    ZI Data      Debug   Object Name

       980        324         71          2          0       3013   bsp.o
      2048        178          0         60          0       4280   control.o
      1824        144          0        176          0       2748   control_task.o
        96          6          0          4          0       1167   delay.o
      7568        200        156         53          0      27049   inv_mpu.o
      3108        136       3062          0         16      15847   inv_mpu_dmp_motion_driver.o
       176         80          0         28          0     253529   main.o
       188         14          0          0          0       2061   misc.o
       816         40          0          0          0       4451   mpu6050.o
       516         14          0          0          0       2024   myiic.o
       140          0          0          0          0        637   nvic.o
      4610         64          0          0       1024      17016   oled.o
         0          0       2475          0          0       1154   oled_data.o
        36          8        392          0       1024        828   startup_stm32f40_41xxx.o
       928         26          0          0          0      11458   stm32f4xx_adc.o
       224          8          0          0          0       2495   stm32f4xx_exti.o
       612         44          0          0          0       4817   stm32f4xx_gpio.o
        12          0          0          0          0     294355   stm32f4xx_it.o
      1248         52          0         16          0      13796   stm32f4xx_rcc.o
       120         16          0          0          0       1913   stm32f4xx_syscfg.o
      2754         60          0          0          0      25020   stm32f4xx_tim.o
      1012         32          0          0          0       8856   stm32f4xx_usart.o
       400         36          0         20          0       1947   system_stm32f4xx.o
       728         52          0          9        200       5609   usart.o

    ----------------------------------------------------------------------
     30148       1534       6200        376       2268     706070   Object Totals
         0          0         32          0          0          0   (incl. Generated)
         4          0         12          8          4          0   (incl. Padding)

    ----------------------------------------------------------------------

      Code (inc. data)   RO Data    RW Data    ZI Data      Debug   Library Member Name

       864         94         80          0          0        280   asin.o
       300         42          0          0          0        176   asinf.o
       744        106        152          0          0        352   atan.o
       512         64          0          0          0        208   atan2.o
       352         56          0          0          0        172   atanf.o
       336         56          0          0          0        136   cosf.o
       104         16          0          0          0        496   dunder.o
        24          0          0          0          0        124   fabs.o
        48          0          0          0          0        124   fpclassify.o
        38          0          0          0          0        116   fpclassifyf.o
        38         12          0          0          0        348   funder.o
       248          0          0          0          0        152   poly.o
         0          0          8          0          0          0   qnan.o
       224         30          0          0          0        172   round.o
       340         24         32          0          0        160   rredf.o
       400         56          0          0          0        212   sinf.o
       110          0          0          0          0        148   sqrt.o
       120          0          0          0          0        272   sqrtf.o
       380         58          0          0          0        200   tanf.o
        86          0          0          0          0          0   __dczerorl2.o
         0          0          0          0          0          0   entry.o
         0          0          0          0          0          0   entry10a.o
         0          0          0          0          0          0   entry11a.o
         4          0          0          0          0          0   entry12b.o
         8          4          0          0          0          0   entry2.o
         4          0          0          0          0          0   entry5.o
         0          0          0          0          0          0   entry7b.o
         0          0          0          0          0          0   entry8b.o
         8          4          0          0          0          0   entry9a.o
        12          6          0          4          0         68   errno.o
        30          0          0          0          0          0   handlers.o
        36          8          0          0          0         68   init.o
         0          0          0          0          0          0   iusefp.o
        98          0          0          0          0         84   ldiv.o
        30          0          0          0          0         68   llshl.o
        36          0          0          0          0         68   llsshr.o
        32          0          0          0          0         68   llushr.o
        26          0          0          0          0         80   memcmp.o
        36          0          0          0          0        108   memseta.o
      2264         96          0          0          0        612   printfa.o
        28          0          0          0          0         76   strcmp.o
        14          0          0          0          0         68   strlen.o
        44          0          0          0          0         80   uidiv.o
        98          0          0          0          0         92   uldiv.o
        48          0          0          0          0         68   cdcmple.o
        48          0          0          0          0         68   cdrcmple.o
        56          0          0          0          0         88   d2f.o
       334          0          0          0          0        148   dadd.o
       222          0          0          0          0        100   ddiv.o
       186          0          0          0          0        176   depilogue.o
        62          0          0          0          0         80   dfixi.o
        50          0          0          0          0         76   dfixui.o
        48          0          0          0          0         68   dfixul.o
        34          0          0          0          0         76   dflti.o
        26          0          0          0          0         76   dfltui.o
       228          0          0          0          0         96   dmul.o
       136          4          0          0          0         92   drnd.o
       162          0          0          0          0        100   dsqrt.o
        38          0          0          0          0         68   f2d.o
       110          0          0          0          0        168   fepilogue.o

    ----------------------------------------------------------------------
      9876        740        272          4          0       6936   Library Totals
        12          4          0          0          0          0   (incl. Padding)

    ----------------------------------------------------------------------

      Code (inc. data)   RO Data    RW Data    ZI Data      Debug   Library Name

      5182        614        272          0          0       3848   m_wm.l
      2894        118          0          4          0       1540   mc_w.l
      1788          4          0          0          0       1548   mf_w.l

    ----------------------------------------------------------------------
      9876        740        272          4          0       6936   Library Totals

    ----------------------------------------------------------------------

==============================================================================


      Code (inc. data)   RO Data    RW Data    ZI Data      Debug   

     40024       2274       6472        380       2268     703726   Grand Totals
     40024       2274       6472         96       2268     703726   ELF Image Totals (compressed)
     40024       2274       6472         96          0          0   ROM Totals

==============================================================================

    Total RO  Size (Code + RO Data)                46496 (  45.41kB)
    Total RW  Size (RW Data + ZI Data)              2648 (   2.59kB)
    Total ROM Size (Code + RO Data + RW Data)      46592 (  45.50kB)

==============================================================================

